2026-09-18T05:06:41.677Z: MongoServerSelectionError: getaddrinfo ENOTFOUND ac-c9tq81e-shard-00-00.pjtpr4i.mongodb.net
    at Topology.selectServer (C:\steel-project(2)\steel-project\steel-project\backend\node_modules\mongodb\lib\sdam\topology.js:327:38)
    at runNextTicks (node:internal/process/task_queues:65:5)
    at listOnTimeout (node:internal/timers:567:9)
    at process.processTimers (node:internal/timers:541:7)
    at async tryOperation (C:\steel-project(2)\steel-project\steel-project\backend\node_modules\mongodb\lib\operations\execute_operation.js:148:18)
    at async executeOperation (C:\steel-project(2)\steel-project\steel-project\backend\node_modules\mongodb\lib\operations\execute_operation.js:78:16)
    at async FindCursor._initialize (C:\steel-project(2)\steel-project\steel-project\backend\node_modules\mongodb\lib\cursor\find_cursor.js:62:26)
    at async FindCursor.cursorInit (C:\steel-project(2)\steel-project\steel-project\backend\node_modules\mongodb\lib\cursor\abstract_cursor.js:632:27)
    at async FindCursor.fetchBatch (C:\steel-project(2)\steel-project\steel-project\backend\node_modules\mongodb\lib\cursor\abstract_cursor.js:666:13)
    at async FindCursor.next (C:\steel-project(2)\steel-project\steel-project\backend\node_modules\mongodb\lib\cursor\abstract_cursor.js:342:17)
    at async Collection.findOne (C:\steel-project(2)\steel-project\steel-project\backend\node_modules\mongodb\lib\collection.js:313:24)
    at async model.Query._findOne (C:\steel-project(2)\steel-project\steel-project\backend\node_modules\mongoose\lib\query.js:2710:15)
    at async model.Query.exec (C:\steel-project(2)\steel-project\steel-project\backend\node_modules\mongoose\lib\query.js:4627:63)
    at async verifyToken (C:\steel-project(2)\steel-project\steel-project\backend\src\middleware\auth.js:60:27)
2026-09-18T05:06:41.688Z: MongoServerSelectionError: getaddrinfo ENOTFOUND ac-c9tq81e-shard-00-00.pjtpr4i.mongodb.net
    at Topology.selectServer (C:\steel-project(2)\steel-project\steel-project\backend\node_modules\mongodb\lib\sdam\topology.js:327:38)
    at runNextTicks (node:internal/process/task_queues:65:5)
    at listOnTimeout (node:internal/timers:567:9)
    at process.processTimers (node:internal/timers:541:7)
    at async tryOperation (C:\steel-project(2)\steel-project\steel-project\backend\node_modules\mongodb\lib\operations\execute_operation.js:148:18)
    at async executeOperation (C:\steel-project(2)\steel-project\steel-project\backend\node_modules\mongodb\lib\operations\execute_operation.js:78:16)
    at async FindCursor._initialize (C:\steel-project(2)\steel-project\steel-project\backend\node_modules\mongodb\lib\cursor\find_cursor.js:62:26)
    at async FindCursor.cursorInit (C:\steel-project(2)\steel-project\steel-project\backend\node_modules\mongodb\lib\cursor\abstract_cursor.js:632:27)
    at async FindCursor.fetchBatch (C:\steel-project(2)\steel-project\steel-project\backend\node_modules\mongodb\lib\cursor\abstract_cursor.js:666:13)
    at async FindCursor.next (C:\steel-project(2)\steel-project\steel-project\backend\node_modules\mongodb\lib\cursor\abstract_cursor.js:342:17)
    at async Collection.findOne (C:\steel-project(2)\steel-project\steel-project\backend\node_modules\mongodb\lib\collection.js:313:24)
    at async model.Query._findOne (C:\steel-project(2)\steel-project\steel-project\backend\node_modules\mongoose\lib\query.js:2710:15)
    at async model.Query.exec (C:\steel-project(2)\steel-project\steel-project\backend\node_modules\mongoose\lib\query.js:4627:63)
    at async verifyToken (C:\steel-project(2)\steel-project\steel-project\backend\src\middleware\auth.js:60:27)
2026-09-22T11:27:59.096Z: ReferenceError: mongoose is not defined
    at getDrawingLog (C:\steel-project(2)\steel-project\steel-project\backend\src\services\transmittalService.js:665:25)
    at process.processTicksAndRejections (node:internal/process/task_queues:104:5)
    at async exports.downloadDrawingLogExcel (C:\steel-project(2)\steel-project\steel-project\backend\src\controllers\transmittalController.js:263:17)
2026-09-22T11:28:08.279Z: ReferenceError: mongoose is not defined
    at getDrawingLog (C:\steel-project(2)\steel-project\steel-project\backend\src\services\transmittalService.js:665:25)
    at process.processTicksAndRejections (node:internal/process/task_queues:104:5)
    at async exports.downloadDrawingLogExcel (C:\steel-project(2)\steel-project\steel-project\backend\src\controllers\transmittalController.js:263:17)
2026-09-22T11:38:36.016Z: ReferenceError: mongoose is not defined
    at getDrawingLog (C:\steel-project(2)\steel-project\steel-project\backend\src\services\transmittalService.js:665:25)
    at process.processTicksAndRejections (node:internal/process/task_queues:104:5)
    at async exports.downloadDrawingLogExcel (C:\steel-project(2)\steel-project\steel-project\backend\src\controllers\transmittalController.js:263:17)
2026-09-22T11:38:40.088Z: ReferenceError: mongoose is not defined
    at getDrawingLog (C:\steel-project(2)\steel-project\steel-project\backend\src\services\transmittalService.js:665:25)
    at process.processTicksAndRejections (node:internal/process/task_queues:104:5)
    at async exports.downloadDrawingLogExcel (C:\steel-project(2)\steel-project\steel-project\backend\src\controllers\transmittalController.js:263:17)
2026-09-23T05:18:38.933Z: ReferenceError: matchedSub is not defined
    at C:\steel-project(2)\steel-project\steel-project\backend\src\services\transmittalExcelService.js:225:9
    at Array.forEach (<anonymous>)
    at generateTransmittalExcel (C:\steel-project(2)\steel-project\steel-project\backend\src\services\transmittalExcelService.js:167:34)
    at process.processTicksAndRejections (node:internal/process/task_queues:104:5)
    at async exports.downloadExcel (C:\steel-project(2)\steel-project\steel-project\backend\src\controllers\extractionController.js:448:24)
2026-09-23T05:18:45.358Z: ReferenceError: matchedSub is not defined
    at C:\steel-project(2)\steel-project\steel-project\backend\src\services\transmittalExcelService.js:225:9
    at Array.forEach (<anonymous>)
    at generateTransmittalExcel (C:\steel-project(2)\steel-project\steel-project\backend\src\services\transmittalExcelService.js:167:34)
    at process.processTicksAndRejections (node:internal/process/task_queues:104:5)
    at async exports.downloadExcel (C:\steel-project(2)\steel-project\steel-project\backend\src\controllers\extractionController.js:448:24)
2026-09-23T05:58:12.830Z: MongoBulkWriteError: you are over your space quota, using 512 MB of 512 MB. Writes are blocked on your cluster. Free up storage by deleting unnecessary data or add storage by updating cluster tier. Add a payment method and scale cluster tier in Atlas: https://cloud.mongodb.com/v2/69cd001f57e3ebb0374a1c9e#/clusters/upgradeTemplates/steel-DMS?limit=storage
    at executeCommands (C:\steel-project(2)\steel-project\steel-project\backend\node_modules\mongodb\lib\bulk\common.js:341:23)
    at process.processTicksAndRejections (node:internal/process/task_queues:104:5)
    at async C:\steel-project(2)\steel-project\steel-project\backend\node_modules\mongodb\lib\bulk\common.js:790:24
    at async MongoClient.withSession (C:\steel-project(2)\steel-project\steel-project\backend\node_modules\mongodb\lib\mongo_client.js:477:20)
    at async OrderedBulkOperation.execute (C:\steel-project(2)\steel-project\steel-project\backend\node_modules\mongodb\lib\bulk\common.js:789:20)
    at async Collection.bulkWrite (C:\steel-project(2)\steel-project\steel-project\backend\node_modules\mongodb\lib\collection.js:224:16)
    at async Collection.insertMany (C:\steel-project(2)\steel-project\steel-project\backend\node_modules\mongodb\lib\collection.js:171:25)
2026-09-23T05:58:13.041Z: MongoBulkWriteError: you are over your space quota, using 512 MB of 512 MB. Writes are blocked on your cluster. Free up storage by deleting unnecessary data or add storage by updating cluster tier. Add a payment method and scale cluster tier in Atlas: https://cloud.mongodb.com/v2/69cd001f57e3ebb0374a1c9e#/clusters/upgradeTemplates/steel-DMS?limit=storage
    at executeCommands (C:\steel-project(2)\steel-project\steel-project\backend\node_modules\mongodb\lib\bulk\common.js:341:23)
    at process.processTicksAndRejections (node:internal/process/task_queues:104:5)
    at async C:\steel-project(2)\steel-project\steel-project\backend\node_modules\mongodb\lib\bulk\common.js:790:24
    at async MongoClient.withSession (C:\steel-project(2)\steel-project\steel-project\backend\node_modules\mongodb\lib\mongo_client.js:477:20)
    at async OrderedBulkOperation.execute (C:\steel-project(2)\steel-project\steel-project\backend\node_modules\mongodb\lib\bulk\common.js:789:20)
    at async Collection.bulkWrite (C:\steel-project(2)\steel-project\steel-project\backend\node_modules\mongodb\lib\collection.js:224:16)
    at async Collection.insertMany (C:\steel-project(2)\steel-project\steel-project\backend\node_modules\mongodb\lib\collection.js:171:25)
2026-09-23T05:58:13.241Z: MongoBulkWriteError: you are over your space quota, using 512 MB of 512 MB. Writes are blocked on your cluster. Free up storage by deleting unnecessary data or add storage by updating cluster tier. Add a payment method and scale cluster tier in Atlas: https://cloud.mongodb.com/v2/69cd001f57e3ebb0374a1c9e#/clusters/upgradeTemplates/steel-DMS?limit=storage
    at executeCommands (C:\steel-project(2)\steel-project\steel-project\backend\node_modules\mongodb\lib\bulk\common.js:341:23)
    at process.processTicksAndRejections (node:internal/process/task_queues:104:5)
    at async C:\steel-project(2)\steel-project\steel-project\backend\node_modules\mongodb\lib\bulk\common.js:790:24
    at async MongoClient.withSession (C:\steel-project(2)\steel-project\steel-project\backend\node_modules\mongodb\lib\mongo_client.js:477:20)
    at async OrderedBulkOperation.execute (C:\steel-project(2)\steel-project\steel-project\backend\node_modules\mongodb\lib\bulk\common.js:789:20)
    at async Collection.bulkWrite (C:\steel-project(2)\steel-project\steel-project\backend\node_modules\mongodb\lib\collection.js:224:16)
    at async Collection.insertMany (C:\steel-project(2)\steel-project\steel-project\backend\node_modules\mongodb\lib\collection.js:171:25)
2026-09-23T05:58:13.467Z: MongoBulkWriteError: you are over your space quota, using 512 MB of 512 MB. Writes are blocked on your cluster. Free up storage by deleting unnecessary data or add storage by updating cluster tier. Add a payment method and scale cluster tier in Atlas: https://cloud.mongodb.com/v2/69cd001f57e3ebb0374a1c9e#/clusters/upgradeTemplates/steel-DMS?limit=storage
    at executeCommands (C:\steel-project(2)\steel-project\steel-project\backend\node_modules\mongodb\lib\bulk\common.js:341:23)
    at process.processTicksAndRejections (node:internal/process/task_queues:104:5)
    at async C:\steel-project(2)\steel-project\steel-project\backend\node_modules\mongodb\lib\bulk\common.js:790:24
    at async MongoClient.withSession (C:\steel-project(2)\steel-project\steel-project\backend\node_modules\mongodb\lib\mongo_client.js:477:20)
    at async OrderedBulkOperation.execute (C:\steel-project(2)\steel-project\steel-project\backend\node_modules\mongodb\lib\bulk\common.js:789:20)
    at async Collection.bulkWrite (C:\steel-project(2)\steel-project\steel-project\backend\node_modules\mongodb\lib\collection.js:224:16)
    at async Collection.insertMany (C:\steel-project(2)\steel-project\steel-project\backend\node_modules\mongodb\lib\collection.js:171:25)
2026-09-23T05:58:13.998Z: MongoBulkWriteError: you are over your space quota, using 512 MB of 512 MB. Writes are blocked on your cluster. Free up storage by deleting unnecessary data or add storage by updating cluster tier. Add a payment method and scale cluster tier in Atlas: https://cloud.mongodb.com/v2/69cd001f57e3ebb0374a1c9e#/clusters/upgradeTemplates/steel-DMS?limit=storage
    at executeCommands (C:\steel-project(2)\steel-project\steel-project\backend\node_modules\mongodb\lib\bulk\common.js:341:23)
    at process.processTicksAndRejections (node:internal/process/task_queues:104:5)
    at async C:\steel-project(2)\steel-project\steel-project\backend\node_modules\mongodb\lib\bulk\common.js:790:24
    at async MongoClient.withSession (C:\steel-project(2)\steel-project\steel-project\backend\node_modules\mongodb\lib\mongo_client.js:477:20)
    at async OrderedBulkOperation.execute (C:\steel-project(2)\steel-project\steel-project\backend\node_modules\mongodb\lib\bulk\common.js:789:20)
    at async Collection.bulkWrite (C:\steel-project(2)\steel-project\steel-project\backend\node_modules\mongodb\lib\collection.js:224:16)
    at async Collection.insertMany (C:\steel-project(2)\steel-project\steel-project\backend\node_modules\mongodb\lib\collection.js:171:25)
2026-09-23T05:58:14.199Z: MongoBulkWriteError: you are over your space quota, using 512 MB of 512 MB. Writes are blocked on your cluster. Free up storage by deleting unnecessary data or add storage by updating cluster tier. Add a payment method and scale cluster tier in Atlas: https://cloud.mongodb.com/v2/69cd001f57e3ebb0374a1c9e#/clusters/upgradeTemplates/steel-DMS?limit=storage
    at executeCommands (C:\steel-project(2)\steel-project\steel-project\backend\node_modules\mongodb\lib\bulk\common.js:341:23)
    at process.processTicksAndRejections (node:internal/process/task_queues:104:5)
    at async C:\steel-project(2)\steel-project\steel-project\backend\node_modules\mongodb\lib\bulk\common.js:790:24
    at async MongoClient.withSession (C:\steel-project(2)\steel-project\steel-project\backend\node_modules\mongodb\lib\mongo_client.js:477:20)
    at async OrderedBulkOperation.execute (C:\steel-project(2)\steel-project\steel-project\backend\node_modules\mongodb\lib\bulk\common.js:789:20)
    at async Collection.bulkWrite (C:\steel-project(2)\steel-project\steel-project\backend\node_modules\mongodb\lib\collection.js:224:16)
    at async Collection.insertMany (C:\steel-project(2)\steel-project\steel-project\backend\node_modules\mongodb\lib\collection.js:171:25)
2026-09-23T05:58:14.473Z: MongoBulkWriteError: you are over your space quota, using 512 MB of 512 MB. Writes are blocked on your cluster. Free up storage by deleting unnecessary data or add storage by updating cluster tier. Add a payment method and scale cluster tier in Atlas: https://cloud.mongodb.com/v2/69cd001f57e3ebb0374a1c9e#/clusters/upgradeTemplates/steel-DMS?limit=storage
    at executeCommands (C:\steel-project(2)\steel-project\steel-project\backend\node_modules\mongodb\lib\bulk\common.js:341:23)
    at process.processTicksAndRejections (node:internal/process/task_queues:104:5)
    at async C:\steel-project(2)\steel-project\steel-project\backend\node_modules\mongodb\lib\bulk\common.js:790:24
    at async MongoClient.withSession (C:\steel-project(2)\steel-project\steel-project\backend\node_modules\mongodb\lib\mongo_client.js:477:20)
    at async OrderedBulkOperation.execute (C:\steel-project(2)\steel-project\steel-project\backend\node_modules\mongodb\lib\bulk\common.js:789:20)
    at async Collection.bulkWrite (C:\steel-project(2)\steel-project\steel-project\backend\node_modules\mongodb\lib\collection.js:224:16)
    at async Collection.insertMany (C:\steel-project(2)\steel-project\steel-project\backend\node_modules\mongodb\lib\collection.js:171:25)
2026-09-23T05:58:14.669Z: MongoBulkWriteError: you are over your space quota, using 512 MB of 512 MB. Writes are blocked on your cluster. Free up storage by deleting unnecessary data or add storage by updating cluster tier. Add a payment method and scale cluster tier in Atlas: https://cloud.mongodb.com/v2/69cd001f57e3ebb0374a1c9e#/clusters/upgradeTemplates/steel-DMS?limit=storage
    at executeCommands (C:\steel-project(2)\steel-project\steel-project\backend\node_modules\mongodb\lib\bulk\common.js:341:23)
    at process.processTicksAndRejections (node:internal/process/task_queues:104:5)
    at async C:\steel-project(2)\steel-project\steel-project\backend\node_modules\mongodb\lib\bulk\common.js:790:24
    at async MongoClient.withSession (C:\steel-project(2)\steel-project\steel-project\backend\node_modules\mongodb\lib\mongo_client.js:477:20)
    at async OrderedBulkOperation.execute (C:\steel-project(2)\steel-project\steel-project\backend\node_modules\mongodb\lib\bulk\common.js:789:20)
    at async Collection.bulkWrite (C:\steel-project(2)\steel-project\steel-project\backend\node_modules\mongodb\lib\collection.js:224:16)
    at async Collection.insertMany (C:\steel-project(2)\steel-project\steel-project\backend\node_modules\mongodb\lib\collection.js:171:25)
2026-09-23T05:58:14.890Z: MongoBulkWriteError: you are over your space quota, using 512 MB of 512 MB. Writes are blocked on your cluster. Free up storage by deleting unnecessary data or add storage by updating cluster tier. Add a payment method and scale cluster tier in Atlas: https://cloud.mongodb.com/v2/69cd001f57e3ebb0374a1c9e#/clusters/upgradeTemplates/steel-DMS?limit=storage
    at executeCommands (C:\steel-project(2)\steel-project\steel-project\backend\node_modules\mongodb\lib\bulk\common.js:341:23)
    at process.processTicksAndRejections (node:internal/process/task_queues:104:5)
    at async C:\steel-project(2)\steel-project\steel-project\backend\node_modules\mongodb\lib\bulk\common.js:790:24
    at async MongoClient.withSession (C:\steel-project(2)\steel-project\steel-project\backend\node_modules\mongodb\lib\mongo_client.js:477:20)
    at async OrderedBulkOperation.execute (C:\steel-project(2)\steel-project\steel-project\backend\node_modules\mongodb\lib\bulk\common.js:789:20)
    at async Collection.bulkWrite (C:\steel-project(2)\steel-project\steel-project\backend\node_modules\mongodb\lib\collection.js:224:16)
    at async Collection.insertMany (C:\steel-project(2)\steel-project\steel-project\backend\node_modules\mongodb\lib\collection.js:171:25)
2026-09-23T05:58:15.694Z: MongoBulkWriteError: you are over your space quota, using 512 MB of 512 MB. Writes are blocked on your cluster. Free up storage by deleting unnecessary data or add storage by updating cluster tier. Add a payment method and scale cluster tier in Atlas: https://cloud.mongodb.com/v2/69cd001f57e3ebb0374a1c9e#/clusters/upgradeTemplates/steel-DMS?limit=storage
    at executeCommands (C:\steel-project(2)\steel-project\steel-project\backend\node_modules\mongodb\lib\bulk\common.js:341:23)
    at process.processTicksAndRejections (node:internal/process/task_queues:104:5)
    at async C:\steel-project(2)\steel-project\steel-project\backend\node_modules\mongodb\lib\bulk\common.js:790:24
    at async MongoClient.withSession (C:\steel-project(2)\steel-project\steel-project\backend\node_modules\mongodb\lib\mongo_client.js:477:20)
    at async OrderedBulkOperation.execute (C:\steel-project(2)\steel-project\steel-project\backend\node_modules\mongodb\lib\bulk\common.js:789:20)
    at async Collection.bulkWrite (C:\steel-project(2)\steel-project\steel-project\backend\node_modules\mongodb\lib\collection.js:224:16)
    at async Collection.insertMany (C:\steel-project(2)\steel-project\steel-project\backend\node_modules\mongodb\lib\collection.js:171:25)
2026-09-23T05:58:15.914Z: MongoBulkWriteError: you are over your space quota, using 512 MB of 512 MB. Writes are blocked on your cluster. Free up storage by deleting unnecessary data or add storage by updating cluster tier. Add a payment method and scale cluster tier in Atlas: https://cloud.mongodb.com/v2/69cd001f57e3ebb0374a1c9e#/clusters/upgradeTemplates/steel-DMS?limit=storage
    at executeCommands (C:\steel-project(2)\steel-project\steel-project\backend\node_modules\mongodb\lib\bulk\common.js:341:23)
    at process.processTicksAndRejections (node:internal/process/task_queues:104:5)
    at async C:\steel-project(2)\steel-project\steel-project\backend\node_modules\mongodb\lib\bulk\common.js:790:24
    at async MongoClient.withSession (C:\steel-project(2)\steel-project\steel-project\backend\node_modules\mongodb\lib\mongo_client.js:477:20)
    at async OrderedBulkOperation.execute (C:\steel-project(2)\steel-project\steel-project\backend\node_modules\mongodb\lib\bulk\common.js:789:20)
    at async Collection.bulkWrite (C:\steel-project(2)\steel-project\steel-project\backend\node_modules\mongodb\lib\collection.js:224:16)
    at async Collection.insertMany (C:\steel-project(2)\steel-project\steel-project\backend\node_modules\mongodb\lib\collection.js:171:25)
2026-09-23T05:58:16.131Z: MongoBulkWriteError: you are over your space quota, using 512 MB of 512 MB. Writes are blocked on your cluster. Free up storage by deleting unnecessary data or add storage by updating cluster tier. Add a payment method and scale cluster tier in Atlas: https://cloud.mongodb.com/v2/69cd001f57e3ebb0374a1c9e#/clusters/upgradeTemplates/steel-DMS?limit=storage
    at executeCommands (C:\steel-project(2)\steel-project\steel-project\backend\node_modules\mongodb\lib\bulk\common.js:341:23)
    at process.processTicksAndRejections (node:internal/process/task_queues:104:5)
    at async C:\steel-project(2)\steel-project\steel-project\backend\node_modules\mongodb\lib\bulk\common.js:790:24
    at async MongoClient.withSession (C:\steel-project(2)\steel-project\steel-project\backend\node_modules\mongodb\lib\mongo_client.js:477:20)
    at async OrderedBulkOperation.execute (C:\steel-project(2)\steel-project\steel-project\backend\node_modules\mongodb\lib\bulk\common.js:789:20)
    at async Collection.bulkWrite (C:\steel-project(2)\steel-project\steel-project\backend\node_modules\mongodb\lib\collection.js:224:16)
    at async Collection.insertMany (C:\steel-project(2)\steel-project\steel-project\backend\node_modules\mongodb\lib\collection.js:171:25)
2026-09-23T05:58:16.323Z: MongoBulkWriteError: you are over your space quota, using 512 MB of 512 MB. Writes are blocked on your cluster. Free up storage by deleting unnecessary data or add storage by updating cluster tier. Add a payment method and scale cluster tier in Atlas: https://cloud.mongodb.com/v2/69cd001f57e3ebb0374a1c9e#/clusters/upgradeTemplates/steel-DMS?limit=storage
    at executeCommands (C:\steel-project(2)\steel-project\steel-project\backend\node_modules\mongodb\lib\bulk\common.js:341:23)
    at process.processTicksAndRejections (node:internal/process/task_queues:104:5)
    at async C:\steel-project(2)\steel-project\steel-project\backend\node_modules\mongodb\lib\bulk\common.js:790:24
    at async MongoClient.withSession (C:\steel-project(2)\steel-project\steel-project\backend\node_modules\mongodb\lib\mongo_client.js:477:20)
    at async OrderedBulkOperation.execute (C:\steel-project(2)\steel-project\steel-project\backend\node_modules\mongodb\lib\bulk\common.js:789:20)
    at async Collection.bulkWrite (C:\steel-project(2)\steel-project\steel-project\backend\node_modules\mongodb\lib\collection.js:224:16)
    at async Collection.insertMany (C:\steel-project(2)\steel-project\steel-project\backend\node_modules\mongodb\lib\collection.js:171:25)
2026-09-23T05:58:17.655Z: MongoBulkWriteError: you are over your space quota, using 512 MB of 512 MB. Writes are blocked on your cluster. Free up storage by deleting unnecessary data or add storage by updating cluster tier. Add a payment method and scale cluster tier in Atlas: https://cloud.mongodb.com/v2/69cd001f57e3ebb0374a1c9e#/clusters/upgradeTemplates/steel-DMS?limit=storage
    at executeCommands (C:\steel-project(2)\steel-project\steel-project\backend\node_modules\mongodb\lib\bulk\common.js:341:23)
    at process.processTicksAndRejections (node:internal/process/task_queues:104:5)
    at async C:\steel-project(2)\steel-project\steel-project\backend\node_modules\mongodb\lib\bulk\common.js:790:24
    at async MongoClient.withSession (C:\steel-project(2)\steel-project\steel-project\backend\node_modules\mongodb\lib\mongo_client.js:477:20)
    at async OrderedBulkOperation.execute (C:\steel-project(2)\steel-project\steel-project\backend\node_modules\mongodb\lib\bulk\common.js:789:20)
    at async Collection.bulkWrite (C:\steel-project(2)\steel-project\steel-project\backend\node_modules\mongodb\lib\collection.js:224:16)
    at async Collection.insertMany (C:\steel-project(2)\steel-project\steel-project\backend\node_modules\mongodb\lib\collection.js:171:25)
2026-09-23T05:58:17.965Z: MongoBulkWriteError: you are over your space quota, using 512 MB of 512 MB. Writes are blocked on your cluster. Free up storage by deleting unnecessary data or add storage by updating cluster tier. Add a payment method and scale cluster tier in Atlas: https://cloud.mongodb.com/v2/69cd001f57e3ebb0374a1c9e#/clusters/upgradeTemplates/steel-DMS?limit=storage
    at executeCommands (C:\steel-project(2)\steel-project\steel-project\backend\node_modules\mongodb\lib\bulk\common.js:341:23)
    at process.processTicksAndRejections (node:internal/process/task_queues:104:5)
    at async C:\steel-project(2)\steel-project\steel-project\backend\node_modules\mongodb\lib\bulk\common.js:790:24
    at async MongoClient.withSession (C:\steel-project(2)\steel-project\steel-project\backend\node_modules\mongodb\lib\mongo_client.js:477:20)
    at async OrderedBulkOperation.execute (C:\steel-project(2)\steel-project\steel-project\backend\node_modules\mongodb\lib\bulk\common.js:789:20)
    at async Collection.bulkWrite (C:\steel-project(2)\steel-project\steel-project\backend\node_modules\mongodb\lib\collection.js:224:16)
    at async Collection.insertMany (C:\steel-project(2)\steel-project\steel-project\backend\node_modules\mongodb\lib\collection.js:171:25)
2026-09-23T05:58:18.244Z: MongoBulkWriteError: you are over your space quota, using 512 MB of 512 MB. Writes are blocked on your cluster. Free up storage by deleting unnecessary data or add storage by updating cluster tier. Add a payment method and scale cluster tier in Atlas: https://cloud.mongodb.com/v2/69cd001f57e3ebb0374a1c9e#/clusters/upgradeTemplates/steel-DMS?limit=storage
    at executeCommands (C:\steel-project(2)\steel-project\steel-project\backend\node_modules\mongodb\lib\bulk\common.js:341:23)
    at process.processTicksAndRejections (node:internal/process/task_queues:104:5)
    at async C:\steel-project(2)\steel-project\steel-project\backend\node_modules\mongodb\lib\bulk\common.js:790:24
    at async MongoClient.withSession (C:\steel-project(2)\steel-project\steel-project\backend\node_modules\mongodb\lib\mongo_client.js:477:20)
    at async OrderedBulkOperation.execute (C:\steel-project(2)\steel-project\steel-project\backend\node_modules\mongodb\lib\bulk\common.js:789:20)
    at async Collection.bulkWrite (C:\steel-project(2)\steel-project\steel-project\backend\node_modules\mongodb\lib\collection.js:224:16)
    at async Collection.insertMany (C:\steel-project(2)\steel-project\steel-project\backend\node_modules\mongodb\lib\collection.js:171:25)
2026-09-23T05:58:18.543Z: MongoBulkWriteError: you are over your space quota, using 512 MB of 512 MB. Writes are blocked on your cluster. Free up storage by deleting unnecessary data or add storage by updating cluster tier. Add a payment method and scale cluster tier in Atlas: https://cloud.mongodb.com/v2/69cd001f57e3ebb0374a1c9e#/clusters/upgradeTemplates/steel-DMS?limit=storage
    at executeCommands (C:\steel-project(2)\steel-project\steel-project\backend\node_modules\mongodb\lib\bulk\common.js:341:23)
    at process.processTicksAndRejections (node:internal/process/task_queues:104:5)
    at async C:\steel-project(2)\steel-project\steel-project\backend\node_modules\mongodb\lib\bulk\common.js:790:24
    at async MongoClient.withSession (C:\steel-project(2)\steel-project\steel-project\backend\node_modules\mongodb\lib\mongo_client.js:477:20)
    at async OrderedBulkOperation.execute (C:\steel-project(2)\steel-project\steel-project\backend\node_modules\mongodb\lib\bulk\common.js:789:20)
    at async Collection.bulkWrite (C:\steel-project(2)\steel-project\steel-project\backend\node_modules\mongodb\lib\collection.js:224:16)
    at async Collection.insertMany (C:\steel-project(2)\steel-project\steel-project\backend\node_modules\mongodb\lib\collection.js:171:25)
2026-09-23T05:58:18.823Z: MongoBulkWriteError: you are over your space quota, using 512 MB of 512 MB. Writes are blocked on your cluster. Free up storage by deleting unnecessary data or add storage by updating cluster tier. Add a payment method and scale cluster tier in Atlas: https://cloud.mongodb.com/v2/69cd001f57e3ebb0374a1c9e#/clusters/upgradeTemplates/steel-DMS?limit=storage
    at executeCommands (C:\steel-project(2)\steel-project\steel-project\backend\node_modules\mongodb\lib\bulk\common.js:341:23)
    at process.processTicksAndRejections (node:internal/process/task_queues:104:5)
    at async C:\steel-project(2)\steel-project\steel-project\backend\node_modules\mongodb\lib\bulk\common.js:790:24
    at async MongoClient.withSession (C:\steel-project(2)\steel-project\steel-project\backend\node_modules\mongodb\lib\mongo_client.js:477:20)
    at async OrderedBulkOperation.execute (C:\steel-project(2)\steel-project\steel-project\backend\node_modules\mongodb\lib\bulk\common.js:789:20)
    at async Collection.bulkWrite (C:\steel-project(2)\steel-project\steel-project\backend\node_modules\mongodb\lib\collection.js:224:16)
    at async Collection.insertMany (C:\steel-project(2)\steel-project\steel-project\backend\node_modules\mongodb\lib\collection.js:171:25)
2026-09-23T05:58:19.078Z: MongoBulkWriteError: you are over your space quota, using 512 MB of 512 MB. Writes are blocked on your cluster. Free up storage by deleting unnecessary data or add storage by updating cluster tier. Add a payment method and scale cluster tier in Atlas: https://cloud.mongodb.com/v2/69cd001f57e3ebb0374a1c9e#/clusters/upgradeTemplates/steel-DMS?limit=storage
    at executeCommands (C:\steel-project(2)\steel-project\steel-project\backend\node_modules\mongodb\lib\bulk\common.js:341:23)
    at process.processTicksAndRejections (node:internal/process/task_queues:104:5)
    at async C:\steel-project(2)\steel-project\steel-project\backend\node_modules\mongodb\lib\bulk\common.js:790:24
    at async MongoClient.withSession (C:\steel-project(2)\steel-project\steel-project\backend\node_modules\mongodb\lib\mongo_client.js:477:20)
    at async OrderedBulkOperation.execute (C:\steel-project(2)\steel-project\steel-project\backend\node_modules\mongodb\lib\bulk\common.js:789:20)
    at async Collection.bulkWrite (C:\steel-project(2)\steel-project\steel-project\backend\node_modules\mongodb\lib\collection.js:224:16)
    at async Collection.insertMany (C:\steel-project(2)\steel-project\steel-project\backend\node_modules\mongodb\lib\collection.js:171:25)
2026-09-23T05:58:19.284Z: MongoBulkWriteError: you are over your space quota, using 512 MB of 512 MB. Writes are blocked on your cluster. Free up storage by deleting unnecessary data or add storage by updating cluster tier. Add a payment method and scale cluster tier in Atlas: https://cloud.mongodb.com/v2/69cd001f57e3ebb0374a1c9e#/clusters/upgradeTemplates/steel-DMS?limit=storage
    at executeCommands (C:\steel-project(2)\steel-project\steel-project\backend\node_modules\mongodb\lib\bulk\common.js:341:23)
    at process.processTicksAndRejections (node:internal/process/task_queues:104:5)
    at async C:\steel-project(2)\steel-project\steel-project\backend\node_modules\mongodb\lib\bulk\common.js:790:24
    at async MongoClient.withSession (C:\steel-project(2)\steel-project\steel-project\backend\node_modules\mongodb\lib\mongo_client.js:477:20)
    at async OrderedBulkOperation.execute (C:\steel-project(2)\steel-project\steel-project\backend\node_modules\mongodb\lib\bulk\common.js:789:20)
    at async Collection.bulkWrite (C:\steel-project(2)\steel-project\steel-project\backend\node_modules\mongodb\lib\collection.js:224:16)
    at async Collection.insertMany (C:\steel-project(2)\steel-project\steel-project\backend\node_modules\mongodb\lib\collection.js:171:25)
2026-09-23T05:58:19.505Z: MongoBulkWriteError: you are over your space quota, using 512 MB of 512 MB. Writes are blocked on your cluster. Free up storage by deleting unnecessary data or add storage by updating cluster tier. Add a payment method and scale cluster tier in Atlas: https://cloud.mongodb.com/v2/69cd001f57e3ebb0374a1c9e#/clusters/upgradeTemplates/steel-DMS?limit=storage
    at executeCommands (C:\steel-project(2)\steel-project\steel-project\backend\node_modules\mongodb\lib\bulk\common.js:341:23)
    at process.processTicksAndRejections (node:internal/process/task_queues:104:5)
    at async C:\steel-project(2)\steel-project\steel-project\backend\node_modules\mongodb\lib\bulk\common.js:790:24
    at async MongoClient.withSession (C:\steel-project(2)\steel-project\steel-project\backend\node_modules\mongodb\lib\mongo_client.js:477:20)
    at async OrderedBulkOperation.execute (C:\steel-project(2)\steel-project\steel-project\backend\node_modules\mongodb\lib\bulk\common.js:789:20)
    at async Collection.bulkWrite (C:\steel-project(2)\steel-project\steel-project\backend\node_modules\mongodb\lib\collection.js:224:16)
    at async Collection.insertMany (C:\steel-project(2)\steel-project\steel-project\backend\node_modules\mongodb\lib\collection.js:171:25)
2026-09-23T05:58:20.447Z: MongoBulkWriteError: you are over your space quota, using 512 MB of 512 MB. Writes are blocked on your cluster. Free up storage by deleting unnecessary data or add storage by updating cluster tier. Add a payment method and scale cluster tier in Atlas: https://cloud.mongodb.com/v2/69cd001f57e3ebb0374a1c9e#/clusters/upgradeTemplates/steel-DMS?limit=storage
    at executeCommands (C:\steel-project(2)\steel-project\steel-project\backend\node_modules\mongodb\lib\bulk\common.js:341:23)
    at process.processTicksAndRejections (node:internal/process/task_queues:104:5)
    at async C:\steel-project(2)\steel-project\steel-project\backend\node_modules\mongodb\lib\bulk\common.js:790:24
    at async MongoClient.withSession (C:\steel-project(2)\steel-project\steel-project\backend\node_modules\mongodb\lib\mongo_client.js:477:20)
    at async OrderedBulkOperation.execute (C:\steel-project(2)\steel-project\steel-project\backend\node_modules\mongodb\lib\bulk\common.js:789:20)
    at async Collection.bulkWrite (C:\steel-project(2)\steel-project\steel-project\backend\node_modules\mongodb\lib\collection.js:224:16)
    at async Collection.insertMany (C:\steel-project(2)\steel-project\steel-project\backend\node_modules\mongodb\lib\collection.js:171:25)
2026-09-24T09:16:10.516Z: MongoServerError: you are over your space quota, using 514 MB of 512 MB. Writes are blocked on your cluster. Free up storage by deleting unnecessary data or add storage by updating cluster tier. Add a payment method and scale cluster tier in Atlas: https://cloud.mongodb.com/v2/69c250977259485142d5ad73#/clusters/upgradeTemplates/SteelDMS?limit=storage
    at Connection.sendCommand (C:\steel-project(2)\steel-project\steel-project\backend\node_modules\mongodb\lib\cmap\connection.js:306:27)
    at process.processTicksAndRejections (node:internal/process/task_queues:104:5)
    at async Connection.command (C:\steel-project(2)\steel-project\steel-project\backend\node_modules\mongodb\lib\cmap\connection.js:334:26)
    at async Server.command (C:\steel-project(2)\steel-project\steel-project\backend\node_modules\mongodb\lib\sdam\server.js:194:29)
    at async tryOperation (C:\steel-project(2)\steel-project\steel-project\backend\node_modules\mongodb\lib\operations\execute_operation.js:213:32)
    at async executeOperation (C:\steel-project(2)\steel-project\steel-project\backend\node_modules\mongodb\lib\operations\execute_operation.js:78:16)
    at async Collection.findOneAndUpdate (C:\steel-project(2)\steel-project\steel-project\backend\node_modules\mongodb\lib\collection.js:544:16)
    at async model.Query._findOneAndUpdate (C:\steel-project(2)\steel-project\steel-project\backend\node_modules\mongoose\lib\query.js:3536:13)
    at async model.Query.exec (C:\steel-project(2)\steel-project\steel-project\backend\node_modules\mongoose\lib\query.js:4627:63)
    at async reserveTransmittalNumber (C:\steel-project(2)\steel-project\steel-project\backend\src\controllers\adminProjectsController.js:629:21)
2026-09-24T09:16:10.819Z: MongoBulkWriteError: you are over your space quota, using 514 MB of 512 MB. Writes are blocked on your cluster. Free up storage by deleting unnecessary data or add storage by updating cluster tier. Add a payment method and scale cluster tier in Atlas: https://cloud.mongodb.com/v2/69c250977259485142d5ad73#/clusters/upgradeTemplates/SteelDMS?limit=storage
    at executeCommands (C:\steel-project(2)\steel-project\steel-project\backend\node_modules\mongodb\lib\bulk\common.js:341:23)
    at process.processTicksAndRejections (node:internal/process/task_queues:104:5)
    at async C:\steel-project(2)\steel-project\steel-project\backend\node_modules\mongodb\lib\bulk\common.js:790:24
    at async MongoClient.withSession (C:\steel-project(2)\steel-project\steel-project\backend\node_modules\mongodb\lib\mongo_client.js:477:20)
    at async OrderedBulkOperation.execute (C:\steel-project(2)\steel-project\steel-project\backend\node_modules\mongodb\lib\bulk\common.js:789:20)
    at async Collection.bulkWrite (C:\steel-project(2)\steel-project\steel-project\backend\node_modules\mongodb\lib\collection.js:224:16)
    at async Collection.insertMany (C:\steel-project(2)\steel-project\steel-project\backend\node_modules\mongodb\lib\collection.js:171:25)
2026-09-24T09:16:10.986Z: MongoBulkWriteError: you are over your space quota, using 514 MB of 512 MB. Writes are blocked on your cluster. Free up storage by deleting unnecessary data or add storage by updating cluster tier. Add a payment method and scale cluster tier in Atlas: https://cloud.mongodb.com/v2/69c250977259485142d5ad73#/clusters/upgradeTemplates/SteelDMS?limit=storage
    at executeCommands (C:\steel-project(2)\steel-project\steel-project\backend\node_modules\mongodb\lib\bulk\common.js:341:23)
    at process.processTicksAndRejections (node:internal/process/task_queues:104:5)
    at async C:\steel-project(2)\steel-project\steel-project\backend\node_modules\mongodb\lib\bulk\common.js:790:24
    at async MongoClient.withSession (C:\steel-project(2)\steel-project\steel-project\backend\node_modules\mongodb\lib\mongo_client.js:477:20)
    at async OrderedBulkOperation.execute (C:\steel-project(2)\steel-project\steel-project\backend\node_modules\mongodb\lib\bulk\common.js:789:20)
    at async Collection.bulkWrite (C:\steel-project(2)\steel-project\steel-project\backend\node_modules\mongodb\lib\collection.js:224:16)
    at async Collection.insertMany (C:\steel-project(2)\steel-project\steel-project\backend\node_modules\mongodb\lib\collection.js:171:25)
2026-09-24T09:16:11.140Z: MongoBulkWriteError: you are over your space quota, using 514 MB of 512 MB. Writes are blocked on your cluster. Free up storage by deleting unnecessary data or add storage by updating cluster tier. Add a payment method and scale cluster tier in Atlas: https://cloud.mongodb.com/v2/69c250977259485142d5ad73#/clusters/upgradeTemplates/SteelDMS?limit=storage
    at executeCommands (C:\steel-project(2)\steel-project\steel-project\backend\node_modules\mongodb\lib\bulk\common.js:341:23)
    at process.processTicksAndRejections (node:internal/process/task_queues:104:5)
    at async C:\steel-project(2)\steel-project\steel-project\backend\node_modules\mongodb\lib\bulk\common.js:790:24
    at async MongoClient.withSession (C:\steel-project(2)\steel-project\steel-project\backend\node_modules\mongodb\lib\mongo_client.js:477:20)
    at async OrderedBulkOperation.execute (C:\steel-project(2)\steel-project\steel-project\backend\node_modules\mongodb\lib\bulk\common.js:789:20)
    at async Collection.bulkWrite (C:\steel-project(2)\steel-project\steel-project\backend\node_modules\mongodb\lib\collection.js:224:16)
    at async Collection.insertMany (C:\steel-project(2)\steel-project\steel-project\backend\node_modules\mongodb\lib\collection.js:171:25)
2026-09-24T09:16:11.290Z: MongoBulkWriteError: you are over your space quota, using 514 MB of 512 MB. Writes are blocked on your cluster. Free up storage by deleting unnecessary data or add storage by updating cluster tier. Add a payment method and scale cluster tier in Atlas: https://cloud.mongodb.com/v2/69c250977259485142d5ad73#/clusters/upgradeTemplates/SteelDMS?limit=storage
    at executeCommands (C:\steel-project(2)\steel-project\steel-project\backend\node_modules\mongodb\lib\bulk\common.js:341:23)
    at process.processTicksAndRejections (node:internal/process/task_queues:104:5)
    at async C:\steel-project(2)\steel-project\steel-project\backend\node_modules\mongodb\lib\bulk\common.js:790:24
    at async MongoClient.withSession (C:\steel-project(2)\steel-project\steel-project\backend\node_modules\mongodb\lib\mongo_client.js:477:20)
    at async OrderedBulkOperation.execute (C:\steel-project(2)\steel-project\steel-project\backend\node_modules\mongodb\lib\bulk\common.js:789:20)
    at async Collection.bulkWrite (C:\steel-project(2)\steel-project\steel-project\backend\node_modules\mongodb\lib\collection.js:224:16)
    at async Collection.insertMany (C:\steel-project(2)\steel-project\steel-project\backend\node_modules\mongodb\lib\collection.js:171:25)
2026-09-24T09:16:11.456Z: MongoBulkWriteError: you are over your space quota, using 514 MB of 512 MB. Writes are blocked on your cluster. Free up storage by deleting unnecessary data or add storage by updating cluster tier. Add a payment method and scale cluster tier in Atlas: https://cloud.mongodb.com/v2/69c250977259485142d5ad73#/clusters/upgradeTemplates/SteelDMS?limit=storage
    at executeCommands (C:\steel-project(2)\steel-project\steel-project\backend\node_modules\mongodb\lib\bulk\common.js:341:23)
    at process.processTicksAndRejections (node:internal/process/task_queues:104:5)
    at async C:\steel-project(2)\steel-project\steel-project\backend\node_modules\mongodb\lib\bulk\common.js:790:24
    at async MongoClient.withSession (C:\steel-project(2)\steel-project\steel-project\backend\node_modules\mongodb\lib\mongo_client.js:477:20)
    at async OrderedBulkOperation.execute (C:\steel-project(2)\steel-project\steel-project\backend\node_modules\mongodb\lib\bulk\common.js:789:20)
    at async Collection.bulkWrite (C:\steel-project(2)\steel-project\steel-project\backend\node_modules\mongodb\lib\collection.js:224:16)
    at async Collection.insertMany (C:\steel-project(2)\steel-project\steel-project\backend\node_modules\mongodb\lib\collection.js:171:25)
2026-09-24T09:16:11.590Z: MongoBulkWriteError: you are over your space quota, using 514 MB of 512 MB. Writes are blocked on your cluster. Free up storage by deleting unnecessary data or add storage by updating cluster tier. Add a payment method and scale cluster tier in Atlas: https://cloud.mongodb.com/v2/69c250977259485142d5ad73#/clusters/upgradeTemplates/SteelDMS?limit=storage
    at executeCommands (C:\steel-project(2)\steel-project\steel-project\backend\node_modules\mongodb\lib\bulk\common.js:341:23)
    at process.processTicksAndRejections (node:internal/process/task_queues:104:5)
    at async C:\steel-project(2)\steel-project\steel-project\backend\node_modules\mongodb\lib\bulk\common.js:790:24
    at async MongoClient.withSession (C:\steel-project(2)\steel-project\steel-project\backend\node_modules\mongodb\lib\mongo_client.js:477:20)
    at async OrderedBulkOperation.execute (C:\steel-project(2)\steel-project\steel-project\backend\node_modules\mongodb\lib\bulk\common.js:789:20)
    at async Collection.bulkWrite (C:\steel-project(2)\steel-project\steel-project\backend\node_modules\mongodb\lib\collection.js:224:16)
    at async Collection.insertMany (C:\steel-project(2)\steel-project\steel-project\backend\node_modules\mongodb\lib\collection.js:171:25)
2026-09-24T09:16:11.744Z: MongoBulkWriteError: you are over your space quota, using 514 MB of 512 MB. Writes are blocked on your cluster. Free up storage by deleting unnecessary data or add storage by updating cluster tier. Add a payment method and scale cluster tier in Atlas: https://cloud.mongodb.com/v2/69c250977259485142d5ad73#/clusters/upgradeTemplates/SteelDMS?limit=storage
    at executeCommands (C:\steel-project(2)\steel-project\steel-project\backend\node_modules\mongodb\lib\bulk\common.js:341:23)
    at process.processTicksAndRejections (node:internal/process/task_queues:104:5)
    at async C:\steel-project(2)\steel-project\steel-project\backend\node_modules\mongodb\lib\bulk\common.js:790:24
    at async MongoClient.withSession (C:\steel-project(2)\steel-project\steel-project\backend\node_modules\mongodb\lib\mongo_client.js:477:20)
    at async OrderedBulkOperation.execute (C:\steel-project(2)\steel-project\steel-project\backend\node_modules\mongodb\lib\bulk\common.js:789:20)
    at async Collection.bulkWrite (C:\steel-project(2)\steel-project\steel-project\backend\node_modules\mongodb\lib\collection.js:224:16)
    at async Collection.insertMany (C:\steel-project(2)\steel-project\steel-project\backend\node_modules\mongodb\lib\collection.js:171:25)
2026-09-24T09:16:11.891Z: MongoBulkWriteError: you are over your space quota, using 514 MB of 512 MB. Writes are blocked on your cluster. Free up storage by deleting unnecessary data or add storage by updating cluster tier. Add a payment method and scale cluster tier in Atlas: https://cloud.mongodb.com/v2/69c250977259485142d5ad73#/clusters/upgradeTemplates/SteelDMS?limit=storage
    at executeCommands (C:\steel-project(2)\steel-project\steel-project\backend\node_modules\mongodb\lib\bulk\common.js:341:23)
    at process.processTicksAndRejections (node:internal/process/task_queues:104:5)
    at async C:\steel-project(2)\steel-project\steel-project\backend\node_modules\mongodb\lib\bulk\common.js:790:24
    at async MongoClient.withSession (C:\steel-project(2)\steel-project\steel-project\backend\node_modules\mongodb\lib\mongo_client.js:477:20)
    at async OrderedBulkOperation.execute (C:\steel-project(2)\steel-project\steel-project\backend\node_modules\mongodb\lib\bulk\common.js:789:20)
    at async Collection.bulkWrite (C:\steel-project(2)\steel-project\steel-project\backend\node_modules\mongodb\lib\collection.js:224:16)
    at async Collection.insertMany (C:\steel-project(2)\steel-project\steel-project\backend\node_modules\mongodb\lib\collection.js:171:25)
2026-09-24T09:16:12.501Z: MongoBulkWriteError: you are over your space quota, using 514 MB of 512 MB. Writes are blocked on your cluster. Free up storage by deleting unnecessary data or add storage by updating cluster tier. Add a payment method and scale cluster tier in Atlas: https://cloud.mongodb.com/v2/69c250977259485142d5ad73#/clusters/upgradeTemplates/SteelDMS?limit=storage
    at executeCommands (C:\steel-project(2)\steel-project\steel-project\backend\node_modules\mongodb\lib\bulk\common.js:341:23)
    at process.processTicksAndRejections (node:internal/process/task_queues:104:5)
    at async C:\steel-project(2)\steel-project\steel-project\backend\node_modules\mongodb\lib\bulk\common.js:790:24
    at async MongoClient.withSession (C:\steel-project(2)\steel-project\steel-project\backend\node_modules\mongodb\lib\mongo_client.js:477:20)
    at async OrderedBulkOperation.execute (C:\steel-project(2)\steel-project\steel-project\backend\node_modules\mongodb\lib\bulk\common.js:789:20)
    at async Collection.bulkWrite (C:\steel-project(2)\steel-project\steel-project\backend\node_modules\mongodb\lib\collection.js:224:16)
    at async Collection.insertMany (C:\steel-project(2)\steel-project\steel-project\backend\node_modules\mongodb\lib\collection.js:171:25)
2026-09-24T09:16:12.641Z: MongoBulkWriteError: you are over your space quota, using 514 MB of 512 MB. Writes are blocked on your cluster. Free up storage by deleting unnecessary data or add storage by updating cluster tier. Add a payment method and scale cluster tier in Atlas: https://cloud.mongodb.com/v2/69c250977259485142d5ad73#/clusters/upgradeTemplates/SteelDMS?limit=storage
    at executeCommands (C:\steel-project(2)\steel-project\steel-project\backend\node_modules\mongodb\lib\bulk\common.js:341:23)
    at process.processTicksAndRejections (node:internal/process/task_queues:104:5)
    at async C:\steel-project(2)\steel-project\steel-project\backend\node_modules\mongodb\lib\bulk\common.js:790:24
    at async MongoClient.withSession (C:\steel-project(2)\steel-project\steel-project\backend\node_modules\mongodb\lib\mongo_client.js:477:20)
    at async OrderedBulkOperation.execute (C:\steel-project(2)\steel-project\steel-project\backend\node_modules\mongodb\lib\bulk\common.js:789:20)
    at async Collection.bulkWrite (C:\steel-project(2)\steel-project\steel-project\backend\node_modules\mongodb\lib\collection.js:224:16)
    at async Collection.insertMany (C:\steel-project(2)\steel-project\steel-project\backend\node_modules\mongodb\lib\collection.js:171:25)
2026-09-24T09:16:12.812Z: MongoBulkWriteError: you are over your space quota, using 514 MB of 512 MB. Writes are blocked on your cluster. Free up storage by deleting unnecessary data or add storage by updating cluster tier. Add a payment method and scale cluster tier in Atlas: https://cloud.mongodb.com/v2/69c250977259485142d5ad73#/clusters/upgradeTemplates/SteelDMS?limit=storage
    at executeCommands (C:\steel-project(2)\steel-project\steel-project\backend\node_modules\mongodb\lib\bulk\common.js:341:23)
    at process.processTicksAndRejections (node:internal/process/task_queues:104:5)
    at async C:\steel-project(2)\steel-project\steel-project\backend\node_modules\mongodb\lib\bulk\common.js:790:24
    at async MongoClient.withSession (C:\steel-project(2)\steel-project\steel-project\backend\node_modules\mongodb\lib\mongo_client.js:477:20)
    at async OrderedBulkOperation.execute (C:\steel-project(2)\steel-project\steel-project\backend\node_modules\mongodb\lib\bulk\common.js:789:20)
    at async Collection.bulkWrite (C:\steel-project(2)\steel-project\steel-project\backend\node_modules\mongodb\lib\collection.js:224:16)
    at async Collection.insertMany (C:\steel-project(2)\steel-project\steel-project\backend\node_modules\mongodb\lib\collection.js:171:25)
2026-09-24T09:16:12.947Z: MongoBulkWriteError: you are over your space quota, using 514 MB of 512 MB. Writes are blocked on your cluster. Free up storage by deleting unnecessary data or add storage by updating cluster tier. Add a payment method and scale cluster tier in Atlas: https://cloud.mongodb.com/v2/69c250977259485142d5ad73#/clusters/upgradeTemplates/SteelDMS?limit=storage
    at executeCommands (C:\steel-project(2)\steel-project\steel-project\backend\node_modules\mongodb\lib\bulk\common.js:341:23)
    at process.processTicksAndRejections (node:internal/process/task_queues:104:5)
    at async C:\steel-project(2)\steel-project\steel-project\backend\node_modules\mongodb\lib\bulk\common.js:790:24
    at async MongoClient.withSession (C:\steel-project(2)\steel-project\steel-project\backend\node_modules\mongodb\lib\mongo_client.js:477:20)
    at async OrderedBulkOperation.execute (C:\steel-project(2)\steel-project\steel-project\backend\node_modules\mongodb\lib\bulk\common.js:789:20)
    at async Collection.bulkWrite (C:\steel-project(2)\steel-project\steel-project\backend\node_modules\mongodb\lib\collection.js:224:16)
    at async Collection.insertMany (C:\steel-project(2)\steel-project\steel-project\backend\node_modules\mongodb\lib\collection.js:171:25)
2026-09-24T09:16:13.390Z: MongoBulkWriteError: you are over your space quota, using 514 MB of 512 MB. Writes are blocked on your cluster. Free up storage by deleting unnecessary data or add storage by updating cluster tier. Add a payment method and scale cluster tier in Atlas: https://cloud.mongodb.com/v2/69c250977259485142d5ad73#/clusters/upgradeTemplates/SteelDMS?limit=storage
    at executeCommands (C:\steel-project(2)\steel-project\steel-project\backend\node_modules\mongodb\lib\bulk\common.js:341:23)
    at process.processTicksAndRejections (node:internal/process/task_queues:104:5)
    at async C:\steel-project(2)\steel-project\steel-project\backend\node_modules\mongodb\lib\bulk\common.js:790:24
    at async MongoClient.withSession (C:\steel-project(2)\steel-project\steel-project\backend\node_modules\mongodb\lib\mongo_client.js:477:20)
    at async OrderedBulkOperation.execute (C:\steel-project(2)\steel-project\steel-project\backend\node_modules\mongodb\lib\bulk\common.js:789:20)
    at async Collection.bulkWrite (C:\steel-project(2)\steel-project\steel-project\backend\node_modules\mongodb\lib\collection.js:224:16)
    at async Collection.insertMany (C:\steel-project(2)\steel-project\steel-project\backend\node_modules\mongodb\lib\collection.js:171:25)
2026-09-24T09:16:13.536Z: MongoBulkWriteError: you are over your space quota, using 514 MB of 512 MB. Writes are blocked on your cluster. Free up storage by deleting unnecessary data or add storage by updating cluster tier. Add a payment method and scale cluster tier in Atlas: https://cloud.mongodb.com/v2/69c250977259485142d5ad73#/clusters/upgradeTemplates/SteelDMS?limit=storage
    at executeCommands (C:\steel-project(2)\steel-project\steel-project\backend\node_modules\mongodb\lib\bulk\common.js:341:23)
    at process.processTicksAndRejections (node:internal/process/task_queues:104:5)
    at async C:\steel-project(2)\steel-project\steel-project\backend\node_modules\mongodb\lib\bulk\common.js:790:24
    at async MongoClient.withSession (C:\steel-project(2)\steel-project\steel-project\backend\node_modules\mongodb\lib\mongo_client.js:477:20)
    at async OrderedBulkOperation.execute (C:\steel-project(2)\steel-project\steel-project\backend\node_modules\mongodb\lib\bulk\common.js:789:20)
    at async Collection.bulkWrite (C:\steel-project(2)\steel-project\steel-project\backend\node_modules\mongodb\lib\collection.js:224:16)
    at async Collection.insertMany (C:\steel-project(2)\steel-project\steel-project\backend\node_modules\mongodb\lib\collection.js:171:25)
2026-09-24T09:16:13.896Z: MongoBulkWriteError: you are over your space quota, using 514 MB of 512 MB. Writes are blocked on your cluster. Free up storage by deleting unnecessary data or add storage by updating cluster tier. Add a payment method and scale cluster tier in Atlas: https://cloud.mongodb.com/v2/69c250977259485142d5ad73#/clusters/upgradeTemplates/SteelDMS?limit=storage
    at executeCommands (C:\steel-project(2)\steel-project\steel-project\backend\node_modules\mongodb\lib\bulk\common.js:341:23)
    at process.processTicksAndRejections (node:internal/process/task_queues:104:5)
    at async C:\steel-project(2)\steel-project\steel-project\backend\node_modules\mongodb\lib\bulk\common.js:790:24
    at async MongoClient.withSession (C:\steel-project(2)\steel-project\steel-project\backend\node_modules\mongodb\lib\mongo_client.js:477:20)
    at async OrderedBulkOperation.execute (C:\steel-project(2)\steel-project\steel-project\backend\node_modules\mongodb\lib\bulk\common.js:789:20)
    at async Collection.bulkWrite (C:\steel-project(2)\steel-project\steel-project\backend\node_modules\mongodb\lib\collection.js:224:16)
    at async Collection.insertMany (C:\steel-project(2)\steel-project\steel-project\backend\node_modules\mongodb\lib\collection.js:171:25)
2026-09-24T09:16:14.048Z: MongoBulkWriteError: you are over your space quota, using 514 MB of 512 MB. Writes are blocked on your cluster. Free up storage by deleting unnecessary data or add storage by updating cluster tier. Add a payment method and scale cluster tier in Atlas: https://cloud.mongodb.com/v2/69c250977259485142d5ad73#/clusters/upgradeTemplates/SteelDMS?limit=storage
    at executeCommands (C:\steel-project(2)\steel-project\steel-project\backend\node_modules\mongodb\lib\bulk\common.js:341:23)
    at process.processTicksAndRejections (node:internal/process/task_queues:104:5)
    at async C:\steel-project(2)\steel-project\steel-project\backend\node_modules\mongodb\lib\bulk\common.js:790:24
    at async MongoClient.withSession (C:\steel-project(2)\steel-project\steel-project\backend\node_modules\mongodb\lib\mongo_client.js:477:20)
    at async OrderedBulkOperation.execute (C:\steel-project(2)\steel-project\steel-project\backend\node_modules\mongodb\lib\bulk\common.js:789:20)
    at async Collection.bulkWrite (C:\steel-project(2)\steel-project\steel-project\backend\node_modules\mongodb\lib\collection.js:224:16)
    at async Collection.insertMany (C:\steel-project(2)\steel-project\steel-project\backend\node_modules\mongodb\lib\collection.js:171:25)
2026-09-24T09:16:14.203Z: MongoBulkWriteError: you are over your space quota, using 514 MB of 512 MB. Writes are blocked on your cluster. Free up storage by deleting unnecessary data or add storage by updating cluster tier. Add a payment method and scale cluster tier in Atlas: https://cloud.mongodb.com/v2/69c250977259485142d5ad73#/clusters/upgradeTemplates/SteelDMS?limit=storage
    at executeCommands (C:\steel-project(2)\steel-project\steel-project\backend\node_modules\mongodb\lib\bulk\common.js:341:23)
    at process.processTicksAndRejections (node:internal/process/task_queues:104:5)
    at async C:\steel-project(2)\steel-project\steel-project\backend\node_modules\mongodb\lib\bulk\common.js:790:24
    at async MongoClient.withSession (C:\steel-project(2)\steel-project\steel-project\backend\node_modules\mongodb\lib\mongo_client.js:477:20)
    at async OrderedBulkOperation.execute (C:\steel-project(2)\steel-project\steel-project\backend\node_modules\mongodb\lib\bulk\common.js:789:20)
    at async Collection.bulkWrite (C:\steel-project(2)\steel-project\steel-project\backend\node_modules\mongodb\lib\collection.js:224:16)
    at async Collection.insertMany (C:\steel-project(2)\steel-project\steel-project\backend\node_modules\mongodb\lib\collection.js:171:25)
2026-09-24T09:16:14.353Z: MongoBulkWriteError: you are over your space quota, using 514 MB of 512 MB. Writes are blocked on your cluster. Free up storage by deleting unnecessary data or add storage by updating cluster tier. Add a payment method and scale cluster tier in Atlas: https://cloud.mongodb.com/v2/69c250977259485142d5ad73#/clusters/upgradeTemplates/SteelDMS?limit=storage
    at executeCommands (C:\steel-project(2)\steel-project\steel-project\backend\node_modules\mongodb\lib\bulk\common.js:341:23)
    at process.processTicksAndRejections (node:internal/process/task_queues:104:5)
    at async C:\steel-project(2)\steel-project\steel-project\backend\node_modules\mongodb\lib\bulk\common.js:790:24
    at async MongoClient.withSession (C:\steel-project(2)\steel-project\steel-project\backend\node_modules\mongodb\lib\mongo_client.js:477:20)
    at async OrderedBulkOperation.execute (C:\steel-project(2)\steel-project\steel-project\backend\node_modules\mongodb\lib\bulk\common.js:789:20)
    at async Collection.bulkWrite (C:\steel-project(2)\steel-project\steel-project\backend\node_modules\mongodb\lib\collection.js:224:16)
    at async Collection.insertMany (C:\steel-project(2)\steel-project\steel-project\backend\node_modules\mongodb\lib\collection.js:171:25)
2026-09-24T09:16:14.484Z: MongoBulkWriteError: you are over your space quota, using 514 MB of 512 MB. Writes are blocked on your cluster. Free up storage by deleting unnecessary data or add storage by updating cluster tier. Add a payment method and scale cluster tier in Atlas: https://cloud.mongodb.com/v2/69c250977259485142d5ad73#/clusters/upgradeTemplates/SteelDMS?limit=storage
    at executeCommands (C:\steel-project(2)\steel-project\steel-project\backend\node_modules\mongodb\lib\bulk\common.js:341:23)
    at process.processTicksAndRejections (node:internal/process/task_queues:104:5)
    at async C:\steel-project(2)\steel-project\steel-project\backend\node_modules\mongodb\lib\bulk\common.js:790:24
    at async MongoClient.withSession (C:\steel-project(2)\steel-project\steel-project\backend\node_modules\mongodb\lib\mongo_client.js:477:20)
    at async OrderedBulkOperation.execute (C:\steel-project(2)\steel-project\steel-project\backend\node_modules\mongodb\lib\bulk\common.js:789:20)
    at async Collection.bulkWrite (C:\steel-project(2)\steel-project\steel-project\backend\node_modules\mongodb\lib\collection.js:224:16)
    at async Collection.insertMany (C:\steel-project(2)\steel-project\steel-project\backend\node_modules\mongodb\lib\collection.js:171:25)
2026-09-24T09:16:14.632Z: MongoBulkWriteError: you are over your space quota, using 514 MB of 512 MB. Writes are blocked on your cluster. Free up storage by deleting unnecessary data or add storage by updating cluster tier. Add a payment method and scale cluster tier in Atlas: https://cloud.mongodb.com/v2/69c250977259485142d5ad73#/clusters/upgradeTemplates/SteelDMS?limit=storage
    at executeCommands (C:\steel-project(2)\steel-project\steel-project\backend\node_modules\mongodb\lib\bulk\common.js:341:23)
    at process.processTicksAndRejections (node:internal/process/task_queues:104:5)
    at async C:\steel-project(2)\steel-project\steel-project\backend\node_modules\mongodb\lib\bulk\common.js:790:24
    at async MongoClient.withSession (C:\steel-project(2)\steel-project\steel-project\backend\node_modules\mongodb\lib\mongo_client.js:477:20)
    at async OrderedBulkOperation.execute (C:\steel-project(2)\steel-project\steel-project\backend\node_modules\mongodb\lib\bulk\common.js:789:20)
    at async Collection.bulkWrite (C:\steel-project(2)\steel-project\steel-project\backend\node_modules\mongodb\lib\collection.js:224:16)
    at async Collection.insertMany (C:\steel-project(2)\steel-project\steel-project\backend\node_modules\mongodb\lib\collection.js:171:25)
2026-09-24T09:16:14.787Z: MongoBulkWriteError: you are over your space quota, using 514 MB of 512 MB. Writes are blocked on your cluster. Free up storage by deleting unnecessary data or add storage by updating cluster tier. Add a payment method and scale cluster tier in Atlas: https://cloud.mongodb.com/v2/69c250977259485142d5ad73#/clusters/upgradeTemplates/SteelDMS?limit=storage
    at executeCommands (C:\steel-project(2)\steel-project\steel-project\backend\node_modules\mongodb\lib\bulk\common.js:341:23)
    at process.processTicksAndRejections (node:internal/process/task_queues:104:5)
    at async C:\steel-project(2)\steel-project\steel-project\backend\node_modules\mongodb\lib\bulk\common.js:790:24
    at async MongoClient.withSession (C:\steel-project(2)\steel-project\steel-project\backend\node_modules\mongodb\lib\mongo_client.js:477:20)
    at async OrderedBulkOperation.execute (C:\steel-project(2)\steel-project\steel-project\backend\node_modules\mongodb\lib\bulk\common.js:789:20)
    at async Collection.bulkWrite (C:\steel-project(2)\steel-project\steel-project\backend\node_modules\mongodb\lib\collection.js:224:16)
    at async Collection.insertMany (C:\steel-project(2)\steel-project\steel-project\backend\node_modules\mongodb\lib\collection.js:171:25)
2026-09-24T09:16:14.928Z: MongoBulkWriteError: you are over your space quota, using 514 MB of 512 MB. Writes are blocked on your cluster. Free up storage by deleting unnecessary data or add storage by updating cluster tier. Add a payment method and scale cluster tier in Atlas: https://cloud.mongodb.com/v2/69c250977259485142d5ad73#/clusters/upgradeTemplates/SteelDMS?limit=storage
    at executeCommands (C:\steel-project(2)\steel-project\steel-project\backend\node_modules\mongodb\lib\bulk\common.js:341:23)
    at process.processTicksAndRejections (node:internal/process/task_queues:104:5)
    at async C:\steel-project(2)\steel-project\steel-project\backend\node_modules\mongodb\lib\bulk\common.js:790:24
    at async MongoClient.withSession (C:\steel-project(2)\steel-project\steel-project\backend\node_modules\mongodb\lib\mongo_client.js:477:20)
    at async OrderedBulkOperation.execute (C:\steel-project(2)\steel-project\steel-project\backend\node_modules\mongodb\lib\bulk\common.js:789:20)
    at async Collection.bulkWrite (C:\steel-project(2)\steel-project\steel-project\backend\node_modules\mongodb\lib\collection.js:224:16)
    at async Collection.insertMany (C:\steel-project(2)\steel-project\steel-project\backend\node_modules\mongodb\lib\collection.js:171:25)
2026-09-24T09:16:15.314Z: MongoBulkWriteError: you are over your space quota, using 514 MB of 512 MB. Writes are blocked on your cluster. Free up storage by deleting unnecessary data or add storage by updating cluster tier. Add a payment method and scale cluster tier in Atlas: https://cloud.mongodb.com/v2/69c250977259485142d5ad73#/clusters/upgradeTemplates/SteelDMS?limit=storage
    at executeCommands (C:\steel-project(2)\steel-project\steel-project\backend\node_modules\mongodb\lib\bulk\common.js:341:23)
    at process.processTicksAndRejections (node:internal/process/task_queues:104:5)
    at async C:\steel-project(2)\steel-project\steel-project\backend\node_modules\mongodb\lib\bulk\common.js:790:24
    at async MongoClient.withSession (C:\steel-project(2)\steel-project\steel-project\backend\node_modules\mongodb\lib\mongo_client.js:477:20)
    at async OrderedBulkOperation.execute (C:\steel-project(2)\steel-project\steel-project\backend\node_modules\mongodb\lib\bulk\common.js:789:20)
    at async Collection.bulkWrite (C:\steel-project(2)\steel-project\steel-project\backend\node_modules\mongodb\lib\collection.js:224:16)
    at async Collection.insertMany (C:\steel-project(2)\steel-project\steel-project\backend\node_modules\mongodb\lib\collection.js:171:25)
2026-09-24T09:16:15.450Z: MongoBulkWriteError: you are over your space quota, using 514 MB of 512 MB. Writes are blocked on your cluster. Free up storage by deleting unnecessary data or add storage by updating cluster tier. Add a payment method and scale cluster tier in Atlas: https://cloud.mongodb.com/v2/69c250977259485142d5ad73#/clusters/upgradeTemplates/SteelDMS?limit=storage
    at executeCommands (C:\steel-project(2)\steel-project\steel-project\backend\node_modules\mongodb\lib\bulk\common.js:341:23)
    at process.processTicksAndRejections (node:internal/process/task_queues:104:5)
    at async C:\steel-project(2)\steel-project\steel-project\backend\node_modules\mongodb\lib\bulk\common.js:790:24
    at async MongoClient.withSession (C:\steel-project(2)\steel-project\steel-project\backend\node_modules\mongodb\lib\mongo_client.js:477:20)
    at async OrderedBulkOperation.execute (C:\steel-project(2)\steel-project\steel-project\backend\node_modules\mongodb\lib\bulk\common.js:789:20)
    at async Collection.bulkWrite (C:\steel-project(2)\steel-project\steel-project\backend\node_modules\mongodb\lib\collection.js:224:16)
    at async Collection.insertMany (C:\steel-project(2)\steel-project\steel-project\backend\node_modules\mongodb\lib\collection.js:171:25)
2026-09-24T09:16:16.210Z: MongoBulkWriteError: you are over your space quota, using 514 MB of 512 MB. Writes are blocked on your cluster. Free up storage by deleting unnecessary data or add storage by updating cluster tier. Add a payment method and scale cluster tier in Atlas: https://cloud.mongodb.com/v2/69c250977259485142d5ad73#/clusters/upgradeTemplates/SteelDMS?limit=storage
    at executeCommands (C:\steel-project(2)\steel-project\steel-project\backend\node_modules\mongodb\lib\bulk\common.js:341:23)
    at process.processTicksAndRejections (node:internal/process/task_queues:104:5)
    at async C:\steel-project(2)\steel-project\steel-project\backend\node_modules\mongodb\lib\bulk\common.js:790:24
    at async MongoClient.withSession (C:\steel-project(2)\steel-project\steel-project\backend\node_modules\mongodb\lib\mongo_client.js:477:20)
    at async OrderedBulkOperation.execute (C:\steel-project(2)\steel-project\steel-project\backend\node_modules\mongodb\lib\bulk\common.js:789:20)
    at async Collection.bulkWrite (C:\steel-project(2)\steel-project\steel-project\backend\node_modules\mongodb\lib\collection.js:224:16)
    at async Collection.insertMany (C:\steel-project(2)\steel-project\steel-project\backend\node_modules\mongodb\lib\collection.js:171:25)
2026-09-24T09:16:16.401Z: MongoBulkWriteError: you are over your space quota, using 514 MB of 512 MB. Writes are blocked on your cluster. Free up storage by deleting unnecessary data or add storage by updating cluster tier. Add a payment method and scale cluster tier in Atlas: https://cloud.mongodb.com/v2/69c250977259485142d5ad73#/clusters/upgradeTemplates/SteelDMS?limit=storage
    at executeCommands (C:\steel-project(2)\steel-project\steel-project\backend\node_modules\mongodb\lib\bulk\common.js:341:23)
    at process.processTicksAndRejections (node:internal/process/task_queues:104:5)
    at async C:\steel-project(2)\steel-project\steel-project\backend\node_modules\mongodb\lib\bulk\common.js:790:24
    at async MongoClient.withSession (C:\steel-project(2)\steel-project\steel-project\backend\node_modules\mongodb\lib\mongo_client.js:477:20)
    at async OrderedBulkOperation.execute (C:\steel-project(2)\steel-project\steel-project\backend\node_modules\mongodb\lib\bulk\common.js:789:20)
    at async Collection.bulkWrite (C:\steel-project(2)\steel-project\steel-project\backend\node_modules\mongodb\lib\collection.js:224:16)
    at async Collection.insertMany (C:\steel-project(2)\steel-project\steel-project\backend\node_modules\mongodb\lib\collection.js:171:25)
2026-09-24T09:16:16.625Z: MongoBulkWriteError: you are over your space quota, using 514 MB of 512 MB. Writes are blocked on your cluster. Free up storage by deleting unnecessary data or add storage by updating cluster tier. Add a payment method and scale cluster tier in Atlas: https://cloud.mongodb.com/v2/69c250977259485142d5ad73#/clusters/upgradeTemplates/SteelDMS?limit=storage
    at executeCommands (C:\steel-project(2)\steel-project\steel-project\backend\node_modules\mongodb\lib\bulk\common.js:341:23)
    at process.processTicksAndRejections (node:internal/process/task_queues:104:5)
    at async C:\steel-project(2)\steel-project\steel-project\backend\node_modules\mongodb\lib\bulk\common.js:790:24
    at async MongoClient.withSession (C:\steel-project(2)\steel-project\steel-project\backend\node_modules\mongodb\lib\mongo_client.js:477:20)
    at async OrderedBulkOperation.execute (C:\steel-project(2)\steel-project\steel-project\backend\node_modules\mongodb\lib\bulk\common.js:789:20)
    at async Collection.bulkWrite (C:\steel-project(2)\steel-project\steel-project\backend\node_modules\mongodb\lib\collection.js:224:16)
    at async Collection.insertMany (C:\steel-project(2)\steel-project\steel-project\backend\node_modules\mongodb\lib\collection.js:171:25)
2026-09-24T09:16:16.811Z: MongoBulkWriteError: you are over your space quota, using 514 MB of 512 MB. Writes are blocked on your cluster. Free up storage by deleting unnecessary data or add storage by updating cluster tier. Add a payment method and scale cluster tier in Atlas: https://cloud.mongodb.com/v2/69c250977259485142d5ad73#/clusters/upgradeTemplates/SteelDMS?limit=storage
    at executeCommands (C:\steel-project(2)\steel-project\steel-project\backend\node_modules\mongodb\lib\bulk\common.js:341:23)
    at process.processTicksAndRejections (node:internal/process/task_queues:104:5)
    at async C:\steel-project(2)\steel-project\steel-project\backend\node_modules\mongodb\lib\bulk\common.js:790:24
    at async MongoClient.withSession (C:\steel-project(2)\steel-project\steel-project\backend\node_modules\mongodb\lib\mongo_client.js:477:20)
    at async OrderedBulkOperation.execute (C:\steel-project(2)\steel-project\steel-project\backend\node_modules\mongodb\lib\bulk\common.js:789:20)
    at async Collection.bulkWrite (C:\steel-project(2)\steel-project\steel-project\backend\node_modules\mongodb\lib\collection.js:224:16)
    at async Collection.insertMany (C:\steel-project(2)\steel-project\steel-project\backend\node_modules\mongodb\lib\collection.js:171:25)
2026-09-24T09:16:16.959Z: MongoBulkWriteError: you are over your space quota, using 514 MB of 512 MB. Writes are blocked on your cluster. Free up storage by deleting unnecessary data or add storage by updating cluster tier. Add a payment method and scale cluster tier in Atlas: https://cloud.mongodb.com/v2/69c250977259485142d5ad73#/clusters/upgradeTemplates/SteelDMS?limit=storage
    at executeCommands (C:\steel-project(2)\steel-project\steel-project\backend\node_modules\mongodb\lib\bulk\common.js:341:23)
    at process.processTicksAndRejections (node:internal/process/task_queues:104:5)
    at async C:\steel-project(2)\steel-project\steel-project\backend\node_modules\mongodb\lib\bulk\common.js:790:24
    at async MongoClient.withSession (C:\steel-project(2)\steel-project\steel-project\backend\node_modules\mongodb\lib\mongo_client.js:477:20)
    at async OrderedBulkOperation.execute (C:\steel-project(2)\steel-project\steel-project\backend\node_modules\mongodb\lib\bulk\common.js:789:20)
    at async Collection.bulkWrite (C:\steel-project(2)\steel-project\steel-project\backend\node_modules\mongodb\lib\collection.js:224:16)
    at async Collection.insertMany (C:\steel-project(2)\steel-project\steel-project\backend\node_modules\mongodb\lib\collection.js:171:25)
2026-09-24T09:16:17.262Z: MongoBulkWriteError: you are over your space quota, using 514 MB of 512 MB. Writes are blocked on your cluster. Free up storage by deleting unnecessary data or add storage by updating cluster tier. Add a payment method and scale cluster tier in Atlas: https://cloud.mongodb.com/v2/69c250977259485142d5ad73#/clusters/upgradeTemplates/SteelDMS?limit=storage
    at executeCommands (C:\steel-project(2)\steel-project\steel-project\backend\node_modules\mongodb\lib\bulk\common.js:341:23)
    at process.processTicksAndRejections (node:internal/process/task_queues:104:5)
    at async C:\steel-project(2)\steel-project\steel-project\backend\node_modules\mongodb\lib\bulk\common.js:790:24
    at async MongoClient.withSession (C:\steel-project(2)\steel-project\steel-project\backend\node_modules\mongodb\lib\mongo_client.js:477:20)
    at async OrderedBulkOperation.execute (C:\steel-project(2)\steel-project\steel-project\backend\node_modules\mongodb\lib\bulk\common.js:789:20)
    at async Collection.bulkWrite (C:\steel-project(2)\steel-project\steel-project\backend\node_modules\mongodb\lib\collection.js:224:16)
    at async Collection.insertMany (C:\steel-project(2)\steel-project\steel-project\backend\node_modules\mongodb\lib\collection.js:171:25)
2026-09-24T09:16:17.427Z: MongoBulkWriteError: you are over your space quota, using 514 MB of 512 MB. Writes are blocked on your cluster. Free up storage by deleting unnecessary data or add storage by updating cluster tier. Add a payment method and scale cluster tier in Atlas: https://cloud.mongodb.com/v2/69c250977259485142d5ad73#/clusters/upgradeTemplates/SteelDMS?limit=storage
    at executeCommands (C:\steel-project(2)\steel-project\steel-project\backend\node_modules\mongodb\lib\bulk\common.js:341:23)
    at process.processTicksAndRejections (node:internal/process/task_queues:104:5)
    at async C:\steel-project(2)\steel-project\steel-project\backend\node_modules\mongodb\lib\bulk\common.js:790:24
    at async MongoClient.withSession (C:\steel-project(2)\steel-project\steel-project\backend\node_modules\mongodb\lib\mongo_client.js:477:20)
    at async OrderedBulkOperation.execute (C:\steel-project(2)\steel-project\steel-project\backend\node_modules\mongodb\lib\bulk\common.js:789:20)
    at async Collection.bulkWrite (C:\steel-project(2)\steel-project\steel-project\backend\node_modules\mongodb\lib\collection.js:224:16)
    at async Collection.insertMany (C:\steel-project(2)\steel-project\steel-project\backend\node_modules\mongodb\lib\collection.js:171:25)
2026-09-24T09:16:17.576Z: MongoBulkWriteError: you are over your space quota, using 514 MB of 512 MB. Writes are blocked on your cluster. Free up storage by deleting unnecessary data or add storage by updating cluster tier. Add a payment method and scale cluster tier in Atlas: https://cloud.mongodb.com/v2/69c250977259485142d5ad73#/clusters/upgradeTemplates/SteelDMS?limit=storage
    at executeCommands (C:\steel-project(2)\steel-project\steel-project\backend\node_modules\mongodb\lib\bulk\common.js:341:23)
    at process.processTicksAndRejections (node:internal/process/task_queues:104:5)
    at async C:\steel-project(2)\steel-project\steel-project\backend\node_modules\mongodb\lib\bulk\common.js:790:24
    at async MongoClient.withSession (C:\steel-project(2)\steel-project\steel-project\backend\node_modules\mongodb\lib\mongo_client.js:477:20)
    at async OrderedBulkOperation.execute (C:\steel-project(2)\steel-project\steel-project\backend\node_modules\mongodb\lib\bulk\common.js:789:20)
    at async Collection.bulkWrite (C:\steel-project(2)\steel-project\steel-project\backend\node_modules\mongodb\lib\collection.js:224:16)
    at async Collection.insertMany (C:\steel-project(2)\steel-project\steel-project\backend\node_modules\mongodb\lib\collection.js:171:25)
2026-09-24T09:16:17.944Z: MongoBulkWriteError: you are over your space quota, using 514 MB of 512 MB. Writes are blocked on your cluster. Free up storage by deleting unnecessary data or add storage by updating cluster tier. Add a payment method and scale cluster tier in Atlas: https://cloud.mongodb.com/v2/69c250977259485142d5ad73#/clusters/upgradeTemplates/SteelDMS?limit=storage
    at executeCommands (C:\steel-project(2)\steel-project\steel-project\backend\node_modules\mongodb\lib\bulk\common.js:341:23)
    at process.processTicksAndRejections (node:internal/process/task_queues:104:5)
    at async C:\steel-project(2)\steel-project\steel-project\backend\node_modules\mongodb\lib\bulk\common.js:790:24
    at async MongoClient.withSession (C:\steel-project(2)\steel-project\steel-project\backend\node_modules\mongodb\lib\mongo_client.js:477:20)
    at async OrderedBulkOperation.execute (C:\steel-project(2)\steel-project\steel-project\backend\node_modules\mongodb\lib\bulk\common.js:789:20)
    at async Collection.bulkWrite (C:\steel-project(2)\steel-project\steel-project\backend\node_modules\mongodb\lib\collection.js:224:16)
    at async Collection.insertMany (C:\steel-project(2)\steel-project\steel-project\backend\node_modules\mongodb\lib\collection.js:171:25)
2026-09-24T09:16:18.380Z: MongoBulkWriteError: you are over your space quota, using 514 MB of 512 MB. Writes are blocked on your cluster. Free up storage by deleting unnecessary data or add storage by updating cluster tier. Add a payment method and scale cluster tier in Atlas: https://cloud.mongodb.com/v2/69c250977259485142d5ad73#/clusters/upgradeTemplates/SteelDMS?limit=storage
    at executeCommands (C:\steel-project(2)\steel-project\steel-project\backend\node_modules\mongodb\lib\bulk\common.js:341:23)
    at process.processTicksAndRejections (node:internal/process/task_queues:104:5)
    at async C:\steel-project(2)\steel-project\steel-project\backend\node_modules\mongodb\lib\bulk\common.js:790:24
    at async MongoClient.withSession (C:\steel-project(2)\steel-project\steel-project\backend\node_modules\mongodb\lib\mongo_client.js:477:20)
    at async OrderedBulkOperation.execute (C:\steel-project(2)\steel-project\steel-project\backend\node_modules\mongodb\lib\bulk\common.js:789:20)
    at async Collection.bulkWrite (C:\steel-project(2)\steel-project\steel-project\backend\node_modules\mongodb\lib\collection.js:224:16)
    at async Collection.insertMany (C:\steel-project(2)\steel-project\steel-project\backend\node_modules\mongodb\lib\collection.js:171:25)
2026-09-24T09:16:18.547Z: MongoBulkWriteError: you are over your space quota, using 514 MB of 512 MB. Writes are blocked on your cluster. Free up storage by deleting unnecessary data or add storage by updating cluster tier. Add a payment method and scale cluster tier in Atlas: https://cloud.mongodb.com/v2/69c250977259485142d5ad73#/clusters/upgradeTemplates/SteelDMS?limit=storage
    at executeCommands (C:\steel-project(2)\steel-project\steel-project\backend\node_modules\mongodb\lib\bulk\common.js:341:23)
    at process.processTicksAndRejections (node:internal/process/task_queues:104:5)
    at async C:\steel-project(2)\steel-project\steel-project\backend\node_modules\mongodb\lib\bulk\common.js:790:24
    at async MongoClient.withSession (C:\steel-project(2)\steel-project\steel-project\backend\node_modules\mongodb\lib\mongo_client.js:477:20)
    at async OrderedBulkOperation.execute (C:\steel-project(2)\steel-project\steel-project\backend\node_modules\mongodb\lib\bulk\common.js:789:20)
    at async Collection.bulkWrite (C:\steel-project(2)\steel-project\steel-project\backend\node_modules\mongodb\lib\collection.js:224:16)
    at async Collection.insertMany (C:\steel-project(2)\steel-project\steel-project\backend\node_modules\mongodb\lib\collection.js:171:25)
2026-09-24T09:16:18.934Z: MongoBulkWriteError: you are over your space quota, using 514 MB of 512 MB. Writes are blocked on your cluster. Free up storage by deleting unnecessary data or add storage by updating cluster tier. Add a payment method and scale cluster tier in Atlas: https://cloud.mongodb.com/v2/69c250977259485142d5ad73#/clusters/upgradeTemplates/SteelDMS?limit=storage
    at executeCommands (C:\steel-project(2)\steel-project\steel-project\backend\node_modules\mongodb\lib\bulk\common.js:341:23)
    at process.processTicksAndRejections (node:internal/process/task_queues:104:5)
    at async C:\steel-project(2)\steel-project\steel-project\backend\node_modules\mongodb\lib\bulk\common.js:790:24
    at async MongoClient.withSession (C:\steel-project(2)\steel-project\steel-project\backend\node_modules\mongodb\lib\mongo_client.js:477:20)
    at async OrderedBulkOperation.execute (C:\steel-project(2)\steel-project\steel-project\backend\node_modules\mongodb\lib\bulk\common.js:789:20)
    at async Collection.bulkWrite (C:\steel-project(2)\steel-project\steel-project\backend\node_modules\mongodb\lib\collection.js:224:16)
    at async Collection.insertMany (C:\steel-project(2)\steel-project\steel-project\backend\node_modules\mongodb\lib\collection.js:171:25)
2026-09-24T09:16:19.087Z: MongoBulkWriteError: you are over your space quota, using 514 MB of 512 MB. Writes are blocked on your cluster. Free up storage by deleting unnecessary data or add storage by updating cluster tier. Add a payment method and scale cluster tier in Atlas: https://cloud.mongodb.com/v2/69c250977259485142d5ad73#/clusters/upgradeTemplates/SteelDMS?limit=storage
    at executeCommands (C:\steel-project(2)\steel-project\steel-project\backend\node_modules\mongodb\lib\bulk\common.js:341:23)
    at process.processTicksAndRejections (node:internal/process/task_queues:104:5)
    at async C:\steel-project(2)\steel-project\steel-project\backend\node_modules\mongodb\lib\bulk\common.js:790:24
    at async MongoClient.withSession (C:\steel-project(2)\steel-project\steel-project\backend\node_modules\mongodb\lib\mongo_client.js:477:20)
    at async OrderedBulkOperation.execute (C:\steel-project(2)\steel-project\steel-project\backend\node_modules\mongodb\lib\bulk\common.js:789:20)
    at async Collection.bulkWrite (C:\steel-project(2)\steel-project\steel-project\backend\node_modules\mongodb\lib\collection.js:224:16)
    at async Collection.insertMany (C:\steel-project(2)\steel-project\steel-project\backend\node_modules\mongodb\lib\collection.js:171:25)
2026-09-24T09:16:19.457Z: MongoBulkWriteError: you are over your space quota, using 514 MB of 512 MB. Writes are blocked on your cluster. Free up storage by deleting unnecessary data or add storage by updating cluster tier. Add a payment method and scale cluster tier in Atlas: https://cloud.mongodb.com/v2/69c250977259485142d5ad73#/clusters/upgradeTemplates/SteelDMS?limit=storage
    at executeCommands (C:\steel-project(2)\steel-project\steel-project\backend\node_modules\mongodb\lib\bulk\common.js:341:23)
    at process.processTicksAndRejections (node:internal/process/task_queues:104:5)
    at async C:\steel-project(2)\steel-project\steel-project\backend\node_modules\mongodb\lib\bulk\common.js:790:24
    at async MongoClient.withSession (C:\steel-project(2)\steel-project\steel-project\backend\node_modules\mongodb\lib\mongo_client.js:477:20)
    at async OrderedBulkOperation.execute (C:\steel-project(2)\steel-project\steel-project\backend\node_modules\mongodb\lib\bulk\common.js:789:20)
    at async Collection.bulkWrite (C:\steel-project(2)\steel-project\steel-project\backend\node_modules\mongodb\lib\collection.js:224:16)
    at async Collection.insertMany (C:\steel-project(2)\steel-project\steel-project\backend\node_modules\mongodb\lib\collection.js:171:25)
2026-09-24T09:16:20.420Z: MongoBulkWriteError: you are over your space quota, using 514 MB of 512 MB. Writes are blocked on your cluster. Free up storage by deleting unnecessary data or add storage by updating cluster tier. Add a payment method and scale cluster tier in Atlas: https://cloud.mongodb.com/v2/69c250977259485142d5ad73#/clusters/upgradeTemplates/SteelDMS?limit=storage
    at executeCommands (C:\steel-project(2)\steel-project\steel-project\backend\node_modules\mongodb\lib\bulk\common.js:341:23)
    at process.processTicksAndRejections (node:internal/process/task_queues:104:5)
    at async C:\steel-project(2)\steel-project\steel-project\backend\node_modules\mongodb\lib\bulk\common.js:790:24
    at async MongoClient.withSession (C:\steel-project(2)\steel-project\steel-project\backend\node_modules\mongodb\lib\mongo_client.js:477:20)
    at async OrderedBulkOperation.execute (C:\steel-project(2)\steel-project\steel-project\backend\node_modules\mongodb\lib\bulk\common.js:789:20)
    at async Collection.bulkWrite (C:\steel-project(2)\steel-project\steel-project\backend\node_modules\mongodb\lib\collection.js:224:16)
    at async Collection.insertMany (C:\steel-project(2)\steel-project\steel-project\backend\node_modules\mongodb\lib\collection.js:171:25)
2026-09-24T09:16:20.601Z: MongoBulkWriteError: you are over your space quota, using 514 MB of 512 MB. Writes are blocked on your cluster. Free up storage by deleting unnecessary data or add storage by updating cluster tier. Add a payment method and scale cluster tier in Atlas: https://cloud.mongodb.com/v2/69c250977259485142d5ad73#/clusters/upgradeTemplates/SteelDMS?limit=storage
    at executeCommands (C:\steel-project(2)\steel-project\steel-project\backend\node_modules\mongodb\lib\bulk\common.js:341:23)
    at process.processTicksAndRejections (node:internal/process/task_queues:104:5)
    at async C:\steel-project(2)\steel-project\steel-project\backend\node_modules\mongodb\lib\bulk\common.js:790:24
    at async MongoClient.withSession (C:\steel-project(2)\steel-project\steel-project\backend\node_modules\mongodb\lib\mongo_client.js:477:20)
    at async OrderedBulkOperation.execute (C:\steel-project(2)\steel-project\steel-project\backend\node_modules\mongodb\lib\bulk\common.js:789:20)
    at async Collection.bulkWrite (C:\steel-project(2)\steel-project\steel-project\backend\node_modules\mongodb\lib\collection.js:224:16)
    at async Collection.insertMany (C:\steel-project(2)\steel-project\steel-project\backend\node_modules\mongodb\lib\collection.js:171:25)
2026-09-24T09:16:20.750Z: MongoBulkWriteError: you are over your space quota, using 514 MB of 512 MB. Writes are blocked on your cluster. Free up storage by deleting unnecessary data or add storage by updating cluster tier. Add a payment method and scale cluster tier in Atlas: https://cloud.mongodb.com/v2/69c250977259485142d5ad73#/clusters/upgradeTemplates/SteelDMS?limit=storage
    at executeCommands (C:\steel-project(2)\steel-project\steel-project\backend\node_modules\mongodb\lib\bulk\common.js:341:23)
    at process.processTicksAndRejections (node:internal/process/task_queues:104:5)
    at async C:\steel-project(2)\steel-project\steel-project\backend\node_modules\mongodb\lib\bulk\common.js:790:24
    at async MongoClient.withSession (C:\steel-project(2)\steel-project\steel-project\backend\node_modules\mongodb\lib\mongo_client.js:477:20)
    at async OrderedBulkOperation.execute (C:\steel-project(2)\steel-project\steel-project\backend\node_modules\mongodb\lib\bulk\common.js:789:20)
    at async Collection.bulkWrite (C:\steel-project(2)\steel-project\steel-project\backend\node_modules\mongodb\lib\collection.js:224:16)
    at async Collection.insertMany (C:\steel-project(2)\steel-project\steel-project\backend\node_modules\mongodb\lib\collection.js:171:25)
2026-09-24T09:16:20.907Z: MongoBulkWriteError: you are over your space quota, using 514 MB of 512 MB. Writes are blocked on your cluster. Free up storage by deleting unnecessary data or add storage by updating cluster tier. Add a payment method and scale cluster tier in Atlas: https://cloud.mongodb.com/v2/69c250977259485142d5ad73#/clusters/upgradeTemplates/SteelDMS?limit=storage
    at executeCommands (C:\steel-project(2)\steel-project\steel-project\backend\node_modules\mongodb\lib\bulk\common.js:341:23)
    at process.processTicksAndRejections (node:internal/process/task_queues:104:5)
    at async C:\steel-project(2)\steel-project\steel-project\backend\node_modules\mongodb\lib\bulk\common.js:790:24
    at async MongoClient.withSession (C:\steel-project(2)\steel-project\steel-project\backend\node_modules\mongodb\lib\mongo_client.js:477:20)
    at async OrderedBulkOperation.execute (C:\steel-project(2)\steel-project\steel-project\backend\node_modules\mongodb\lib\bulk\common.js:789:20)
    at async Collection.bulkWrite (C:\steel-project(2)\steel-project\steel-project\backend\node_modules\mongodb\lib\collection.js:224:16)
    at async Collection.insertMany (C:\steel-project(2)\steel-project\steel-project\backend\node_modules\mongodb\lib\collection.js:171:25)
2026-09-24T09:16:21.085Z: MongoBulkWriteError: you are over your space quota, using 514 MB of 512 MB. Writes are blocked on your cluster. Free up storage by deleting unnecessary data or add storage by updating cluster tier. Add a payment method and scale cluster tier in Atlas: https://cloud.mongodb.com/v2/69c250977259485142d5ad73#/clusters/upgradeTemplates/SteelDMS?limit=storage
    at executeCommands (C:\steel-project(2)\steel-project\steel-project\backend\node_modules\mongodb\lib\bulk\common.js:341:23)
    at process.processTicksAndRejections (node:internal/process/task_queues:104:5)
    at async C:\steel-project(2)\steel-project\steel-project\backend\node_modules\mongodb\lib\bulk\common.js:790:24
    at async MongoClient.withSession (C:\steel-project(2)\steel-project\steel-project\backend\node_modules\mongodb\lib\mongo_client.js:477:20)
    at async OrderedBulkOperation.execute (C:\steel-project(2)\steel-project\steel-project\backend\node_modules\mongodb\lib\bulk\common.js:789:20)
    at async Collection.bulkWrite (C:\steel-project(2)\steel-project\steel-project\backend\node_modules\mongodb\lib\collection.js:224:16)
    at async Collection.insertMany (C:\steel-project(2)\steel-project\steel-project\backend\node_modules\mongodb\lib\collection.js:171:25)
2026-09-24T09:16:21.581Z: MongoBulkWriteError: you are over your space quota, using 514 MB of 512 MB. Writes are blocked on your cluster. Free up storage by deleting unnecessary data or add storage by updating cluster tier. Add a payment method and scale cluster tier in Atlas: https://cloud.mongodb.com/v2/69c250977259485142d5ad73#/clusters/upgradeTemplates/SteelDMS?limit=storage
    at executeCommands (C:\steel-project(2)\steel-project\steel-project\backend\node_modules\mongodb\lib\bulk\common.js:341:23)
    at process.processTicksAndRejections (node:internal/process/task_queues:104:5)
    at async C:\steel-project(2)\steel-project\steel-project\backend\node_modules\mongodb\lib\bulk\common.js:790:24
    at async MongoClient.withSession (C:\steel-project(2)\steel-project\steel-project\backend\node_modules\mongodb\lib\mongo_client.js:477:20)
    at async OrderedBulkOperation.execute (C:\steel-project(2)\steel-project\steel-project\backend\node_modules\mongodb\lib\bulk\common.js:789:20)
    at async Collection.bulkWrite (C:\steel-project(2)\steel-project\steel-project\backend\node_modules\mongodb\lib\collection.js:224:16)
    at async Collection.insertMany (C:\steel-project(2)\steel-project\steel-project\backend\node_modules\mongodb\lib\collection.js:171:25)
2026-09-24T09:16:21.770Z: MongoBulkWriteError: you are over your space quota, using 514 MB of 512 MB. Writes are blocked on your cluster. Free up storage by deleting unnecessary data or add storage by updating cluster tier. Add a payment method and scale cluster tier in Atlas: https://cloud.mongodb.com/v2/69c250977259485142d5ad73#/clusters/upgradeTemplates/SteelDMS?limit=storage
    at executeCommands (C:\steel-project(2)\steel-project\steel-project\backend\node_modules\mongodb\lib\bulk\common.js:341:23)
    at process.processTicksAndRejections (node:internal/process/task_queues:104:5)
    at async C:\steel-project(2)\steel-project\steel-project\backend\node_modules\mongodb\lib\bulk\common.js:790:24
    at async MongoClient.withSession (C:\steel-project(2)\steel-project\steel-project\backend\node_modules\mongodb\lib\mongo_client.js:477:20)
    at async OrderedBulkOperation.execute (C:\steel-project(2)\steel-project\steel-project\backend\node_modules\mongodb\lib\bulk\common.js:789:20)
    at async Collection.bulkWrite (C:\steel-project(2)\steel-project\steel-project\backend\node_modules\mongodb\lib\collection.js:224:16)
    at async Collection.insertMany (C:\steel-project(2)\steel-project\steel-project\backend\node_modules\mongodb\lib\collection.js:171:25)
2026-09-24T09:16:21.950Z: MongoBulkWriteError: you are over your space quota, using 514 MB of 512 MB. Writes are blocked on your cluster. Free up storage by deleting unnecessary data or add storage by updating cluster tier. Add a payment method and scale cluster tier in Atlas: https://cloud.mongodb.com/v2/69c250977259485142d5ad73#/clusters/upgradeTemplates/SteelDMS?limit=storage
    at executeCommands (C:\steel-project(2)\steel-project\steel-project\backend\node_modules\mongodb\lib\bulk\common.js:341:23)
    at process.processTicksAndRejections (node:internal/process/task_queues:104:5)
    at async C:\steel-project(2)\steel-project\steel-project\backend\node_modules\mongodb\lib\bulk\common.js:790:24
    at async MongoClient.withSession (C:\steel-project(2)\steel-project\steel-project\backend\node_modules\mongodb\lib\mongo_client.js:477:20)
    at async OrderedBulkOperation.execute (C:\steel-project(2)\steel-project\steel-project\backend\node_modules\mongodb\lib\bulk\common.js:789:20)
    at async Collection.bulkWrite (C:\steel-project(2)\steel-project\steel-project\backend\node_modules\mongodb\lib\collection.js:224:16)
    at async Collection.insertMany (C:\steel-project(2)\steel-project\steel-project\backend\node_modules\mongodb\lib\collection.js:171:25)
2026-09-24T09:16:22.117Z: MongoBulkWriteError: you are over your space quota, using 514 MB of 512 MB. Writes are blocked on your cluster. Free up storage by deleting unnecessary data or add storage by updating cluster tier. Add a payment method and scale cluster tier in Atlas: https://cloud.mongodb.com/v2/69c250977259485142d5ad73#/clusters/upgradeTemplates/SteelDMS?limit=storage
    at executeCommands (C:\steel-project(2)\steel-project\steel-project\backend\node_modules\mongodb\lib\bulk\common.js:341:23)
    at process.processTicksAndRejections (node:internal/process/task_queues:104:5)
    at async C:\steel-project(2)\steel-project\steel-project\backend\node_modules\mongodb\lib\bulk\common.js:790:24
    at async MongoClient.withSession (C:\steel-project(2)\steel-project\steel-project\backend\node_modules\mongodb\lib\mongo_client.js:477:20)
    at async OrderedBulkOperation.execute (C:\steel-project(2)\steel-project\steel-project\backend\node_modules\mongodb\lib\bulk\common.js:789:20)
    at async Collection.bulkWrite (C:\steel-project(2)\steel-project\steel-project\backend\node_modules\mongodb\lib\collection.js:224:16)
    at async Collection.insertMany (C:\steel-project(2)\steel-project\steel-project\backend\node_modules\mongodb\lib\collection.js:171:25)
2026-09-24T09:16:22.279Z: MongoBulkWriteError: you are over your space quota, using 514 MB of 512 MB. Writes are blocked on your cluster. Free up storage by deleting unnecessary data or add storage by updating cluster tier. Add a payment method and scale cluster tier in Atlas: https://cloud.mongodb.com/v2/69c250977259485142d5ad73#/clusters/upgradeTemplates/SteelDMS?limit=storage
    at executeCommands (C:\steel-project(2)\steel-project\steel-project\backend\node_modules\mongodb\lib\bulk\common.js:341:23)
    at process.processTicksAndRejections (node:internal/process/task_queues:104:5)
    at async C:\steel-project(2)\steel-project\steel-project\backend\node_modules\mongodb\lib\bulk\common.js:790:24
    at async MongoClient.withSession (C:\steel-project(2)\steel-project\steel-project\backend\node_modules\mongodb\lib\mongo_client.js:477:20)
    at async OrderedBulkOperation.execute (C:\steel-project(2)\steel-project\steel-project\backend\node_modules\mongodb\lib\bulk\common.js:789:20)
    at async Collection.bulkWrite (C:\steel-project(2)\steel-project\steel-project\backend\node_modules\mongodb\lib\collection.js:224:16)
    at async Collection.insertMany (C:\steel-project(2)\steel-project\steel-project\backend\node_modules\mongodb\lib\collection.js:171:25)
2026-09-24T09:16:22.428Z: MongoBulkWriteError: you are over your space quota, using 514 MB of 512 MB. Writes are blocked on your cluster. Free up storage by deleting unnecessary data or add storage by updating cluster tier. Add a payment method and scale cluster tier in Atlas: https://cloud.mongodb.com/v2/69c250977259485142d5ad73#/clusters/upgradeTemplates/SteelDMS?limit=storage
    at executeCommands (C:\steel-project(2)\steel-project\steel-project\backend\node_modules\mongodb\lib\bulk\common.js:341:23)
    at process.processTicksAndRejections (node:internal/process/task_queues:104:5)
    at async C:\steel-project(2)\steel-project\steel-project\backend\node_modules\mongodb\lib\bulk\common.js:790:24
    at async MongoClient.withSession (C:\steel-project(2)\steel-project\steel-project\backend\node_modules\mongodb\lib\mongo_client.js:477:20)
    at async OrderedBulkOperation.execute (C:\steel-project(2)\steel-project\steel-project\backend\node_modules\mongodb\lib\bulk\common.js:789:20)
    at async Collection.bulkWrite (C:\steel-project(2)\steel-project\steel-project\backend\node_modules\mongodb\lib\collection.js:224:16)
    at async Collection.insertMany (C:\steel-project(2)\steel-project\steel-project\backend\node_modules\mongodb\lib\collection.js:171:25)
2026-09-24T09:16:22.568Z: MongoBulkWriteError: you are over your space quota, using 514 MB of 512 MB. Writes are blocked on your cluster. Free up storage by deleting unnecessary data or add storage by updating cluster tier. Add a payment method and scale cluster tier in Atlas: https://cloud.mongodb.com/v2/69c250977259485142d5ad73#/clusters/upgradeTemplates/SteelDMS?limit=storage
    at executeCommands (C:\steel-project(2)\steel-project\steel-project\backend\node_modules\mongodb\lib\bulk\common.js:341:23)
    at process.processTicksAndRejections (node:internal/process/task_queues:104:5)
    at async C:\steel-project(2)\steel-project\steel-project\backend\node_modules\mongodb\lib\bulk\common.js:790:24
    at async MongoClient.withSession (C:\steel-project(2)\steel-project\steel-project\backend\node_modules\mongodb\lib\mongo_client.js:477:20)
    at async OrderedBulkOperation.execute (C:\steel-project(2)\steel-project\steel-project\backend\node_modules\mongodb\lib\bulk\common.js:789:20)
    at async Collection.bulkWrite (C:\steel-project(2)\steel-project\steel-project\backend\node_modules\mongodb\lib\collection.js:224:16)
    at async Collection.insertMany (C:\steel-project(2)\steel-project\steel-project\backend\node_modules\mongodb\lib\collection.js:171:25)
2026-09-24T09:16:22.703Z: MongoBulkWriteError: you are over your space quota, using 514 MB of 512 MB. Writes are blocked on your cluster. Free up storage by deleting unnecessary data or add storage by updating cluster tier. Add a payment method and scale cluster tier in Atlas: https://cloud.mongodb.com/v2/69c250977259485142d5ad73#/clusters/upgradeTemplates/SteelDMS?limit=storage
    at executeCommands (C:\steel-project(2)\steel-project\steel-project\backend\node_modules\mongodb\lib\bulk\common.js:341:23)
    at process.processTicksAndRejections (node:internal/process/task_queues:104:5)
    at async C:\steel-project(2)\steel-project\steel-project\backend\node_modules\mongodb\lib\bulk\common.js:790:24
    at async MongoClient.withSession (C:\steel-project(2)\steel-project\steel-project\backend\node_modules\mongodb\lib\mongo_client.js:477:20)
    at async OrderedBulkOperation.execute (C:\steel-project(2)\steel-project\steel-project\backend\node_modules\mongodb\lib\bulk\common.js:789:20)
    at async Collection.bulkWrite (C:\steel-project(2)\steel-project\steel-project\backend\node_modules\mongodb\lib\collection.js:224:16)
    at async Collection.insertMany (C:\steel-project(2)\steel-project\steel-project\backend\node_modules\mongodb\lib\collection.js:171:25)
2026-09-24T09:20:08.014Z: MongoServerError: you are over your space quota, using 514 MB of 512 MB. Writes are blocked on your cluster. Free up storage by deleting unnecessary data or add storage by updating cluster tier. Add a payment method and scale cluster tier in Atlas: https://cloud.mongodb.com/v2/69c250977259485142d5ad73#/clusters/upgradeTemplates/SteelDMS?limit=storage
    at Connection.sendCommand (C:\steel-project(2)\steel-project\steel-project\backend\node_modules\mongodb\lib\cmap\connection.js:306:27)
    at process.processTicksAndRejections (node:internal/process/task_queues:104:5)
    at async Connection.command (C:\steel-project(2)\steel-project\steel-project\backend\node_modules\mongodb\lib\cmap\connection.js:334:26)
    at async Server.command (C:\steel-project(2)\steel-project\steel-project\backend\node_modules\mongodb\lib\sdam\server.js:194:29)
    at async tryOperation (C:\steel-project(2)\steel-project\steel-project\backend\node_modules\mongodb\lib\operations\execute_operation.js:213:32)
    at async executeOperation (C:\steel-project(2)\steel-project\steel-project\backend\node_modules\mongodb\lib\operations\execute_operation.js:78:16)
    at async Collection.findOneAndUpdate (C:\steel-project(2)\steel-project\steel-project\backend\node_modules\mongodb\lib\collection.js:544:16)
    at async model.Query._findOneAndUpdate (C:\steel-project(2)\steel-project\steel-project\backend\node_modules\mongoose\lib\query.js:3536:13)
    at async model.Query.exec (C:\steel-project(2)\steel-project\steel-project\backend\node_modules\mongoose\lib\query.js:4627:63)
    at async reserveTransmittalNumber (C:\steel-project(2)\steel-project\steel-project\backend\src\controllers\adminProjectsController.js:629:21)
2026-09-24T09:20:08.340Z: MongoBulkWriteError: you are over your space quota, using 514 MB of 512 MB. Writes are blocked on your cluster. Free up storage by deleting unnecessary data or add storage by updating cluster tier. Add a payment method and scale cluster tier in Atlas: https://cloud.mongodb.com/v2/69c250977259485142d5ad73#/clusters/upgradeTemplates/SteelDMS?limit=storage
    at executeCommands (C:\steel-project(2)\steel-project\steel-project\backend\node_modules\mongodb\lib\bulk\common.js:341:23)
    at process.processTicksAndRejections (node:internal/process/task_queues:104:5)
    at async C:\steel-project(2)\steel-project\steel-project\backend\node_modules\mongodb\lib\bulk\common.js:790:24
    at async MongoClient.withSession (C:\steel-project(2)\steel-project\steel-project\backend\node_modules\mongodb\lib\mongo_client.js:477:20)
    at async OrderedBulkOperation.execute (C:\steel-project(2)\steel-project\steel-project\backend\node_modules\mongodb\lib\bulk\common.js:789:20)
    at async Collection.bulkWrite (C:\steel-project(2)\steel-project\steel-project\backend\node_modules\mongodb\lib\collection.js:224:16)
    at async Collection.insertMany (C:\steel-project(2)\steel-project\steel-project\backend\node_modules\mongodb\lib\collection.js:171:25)
2026-09-24T09:20:08.495Z: MongoBulkWriteError: you are over your space quota, using 514 MB of 512 MB. Writes are blocked on your cluster. Free up storage by deleting unnecessary data or add storage by updating cluster tier. Add a payment method and scale cluster tier in Atlas: https://cloud.mongodb.com/v2/69c250977259485142d5ad73#/clusters/upgradeTemplates/SteelDMS?limit=storage
    at executeCommands (C:\steel-project(2)\steel-project\steel-project\backend\node_modules\mongodb\lib\bulk\common.js:341:23)
    at process.processTicksAndRejections (node:internal/process/task_queues:104:5)
    at async C:\steel-project(2)\steel-project\steel-project\backend\node_modules\mongodb\lib\bulk\common.js:790:24
    at async MongoClient.withSession (C:\steel-project(2)\steel-project\steel-project\backend\node_modules\mongodb\lib\mongo_client.js:477:20)
    at async OrderedBulkOperation.execute (C:\steel-project(2)\steel-project\steel-project\backend\node_modules\mongodb\lib\bulk\common.js:789:20)
    at async Collection.bulkWrite (C:\steel-project(2)\steel-project\steel-project\backend\node_modules\mongodb\lib\collection.js:224:16)
    at async Collection.insertMany (C:\steel-project(2)\steel-project\steel-project\backend\node_modules\mongodb\lib\collection.js:171:25)
2026-09-24T09:20:08.671Z: MongoBulkWriteError: you are over your space quota, using 514 MB of 512 MB. Writes are blocked on your cluster. Free up storage by deleting unnecessary data or add storage by updating cluster tier. Add a payment method and scale cluster tier in Atlas: https://cloud.mongodb.com/v2/69c250977259485142d5ad73#/clusters/upgradeTemplates/SteelDMS?limit=storage
    at executeCommands (C:\steel-project(2)\steel-project\steel-project\backend\node_modules\mongodb\lib\bulk\common.js:341:23)
    at process.processTicksAndRejections (node:internal/process/task_queues:104:5)
    at async C:\steel-project(2)\steel-project\steel-project\backend\node_modules\mongodb\lib\bulk\common.js:790:24
    at async MongoClient.withSession (C:\steel-project(2)\steel-project\steel-project\backend\node_modules\mongodb\lib\mongo_client.js:477:20)
    at async OrderedBulkOperation.execute (C:\steel-project(2)\steel-project\steel-project\backend\node_modules\mongodb\lib\bulk\common.js:789:20)
    at async Collection.bulkWrite (C:\steel-project(2)\steel-project\steel-project\backend\node_modules\mongodb\lib\collection.js:224:16)
    at async Collection.insertMany (C:\steel-project(2)\steel-project\steel-project\backend\node_modules\mongodb\lib\collection.js:171:25)
2026-09-24T09:20:08.850Z: MongoBulkWriteError: you are over your space quota, using 514 MB of 512 MB. Writes are blocked on your cluster. Free up storage by deleting unnecessary data or add storage by updating cluster tier. Add a payment method and scale cluster tier in Atlas: https://cloud.mongodb.com/v2/69c250977259485142d5ad73#/clusters/upgradeTemplates/SteelDMS?limit=storage
    at executeCommands (C:\steel-project(2)\steel-project\steel-project\backend\node_modules\mongodb\lib\bulk\common.js:341:23)
    at process.processTicksAndRejections (node:internal/process/task_queues:104:5)
    at async C:\steel-project(2)\steel-project\steel-project\backend\node_modules\mongodb\lib\bulk\common.js:790:24
    at async MongoClient.withSession (C:\steel-project(2)\steel-project\steel-project\backend\node_modules\mongodb\lib\mongo_client.js:477:20)
    at async OrderedBulkOperation.execute (C:\steel-project(2)\steel-project\steel-project\backend\node_modules\mongodb\lib\bulk\common.js:789:20)
    at async Collection.bulkWrite (C:\steel-project(2)\steel-project\steel-project\backend\node_modules\mongodb\lib\collection.js:224:16)
    at async Collection.insertMany (C:\steel-project(2)\steel-project\steel-project\backend\node_modules\mongodb\lib\collection.js:171:25)
2026-09-24T09:20:08.992Z: MongoBulkWriteError: you are over your space quota, using 514 MB of 512 MB. Writes are blocked on your cluster. Free up storage by deleting unnecessary data or add storage by updating cluster tier. Add a payment method and scale cluster tier in Atlas: https://cloud.mongodb.com/v2/69c250977259485142d5ad73#/clusters/upgradeTemplates/SteelDMS?limit=storage
    at executeCommands (C:\steel-project(2)\steel-project\steel-project\backend\node_modules\mongodb\lib\bulk\common.js:341:23)
    at process.processTicksAndRejections (node:internal/process/task_queues:104:5)
    at async C:\steel-project(2)\steel-project\steel-project\backend\node_modules\mongodb\lib\bulk\common.js:790:24
    at async MongoClient.withSession (C:\steel-project(2)\steel-project\steel-project\backend\node_modules\mongodb\lib\mongo_client.js:477:20)
    at async OrderedBulkOperation.execute (C:\steel-project(2)\steel-project\steel-project\backend\node_modules\mongodb\lib\bulk\common.js:789:20)
    at async Collection.bulkWrite (C:\steel-project(2)\steel-project\steel-project\backend\node_modules\mongodb\lib\collection.js:224:16)
    at async Collection.insertMany (C:\steel-project(2)\steel-project\steel-project\backend\node_modules\mongodb\lib\collection.js:171:25)
2026-09-24T09:20:09.153Z: MongoBulkWriteError: you are over your space quota, using 514 MB of 512 MB. Writes are blocked on your cluster. Free up storage by deleting unnecessary data or add storage by updating cluster tier. Add a payment method and scale cluster tier in Atlas: https://cloud.mongodb.com/v2/69c250977259485142d5ad73#/clusters/upgradeTemplates/SteelDMS?limit=storage
    at executeCommands (C:\steel-project(2)\steel-project\steel-project\backend\node_modules\mongodb\lib\bulk\common.js:341:23)
    at process.processTicksAndRejections (node:internal/process/task_queues:104:5)
    at async C:\steel-project(2)\steel-project\steel-project\backend\node_modules\mongodb\lib\bulk\common.js:790:24
    at async MongoClient.withSession (C:\steel-project(2)\steel-project\steel-project\backend\node_modules\mongodb\lib\mongo_client.js:477:20)
    at async OrderedBulkOperation.execute (C:\steel-project(2)\steel-project\steel-project\backend\node_modules\mongodb\lib\bulk\common.js:789:20)
    at async Collection.bulkWrite (C:\steel-project(2)\steel-project\steel-project\backend\node_modules\mongodb\lib\collection.js:224:16)
    at async Collection.insertMany (C:\steel-project(2)\steel-project\steel-project\backend\node_modules\mongodb\lib\collection.js:171:25)
2026-09-24T09:20:09.300Z: MongoBulkWriteError: you are over your space quota, using 514 MB of 512 MB. Writes are blocked on your cluster. Free up storage by deleting unnecessary data or add storage by updating cluster tier. Add a payment method and scale cluster tier in Atlas: https://cloud.mongodb.com/v2/69c250977259485142d5ad73#/clusters/upgradeTemplates/SteelDMS?limit=storage
    at executeCommands (C:\steel-project(2)\steel-project\steel-project\backend\node_modules\mongodb\lib\bulk\common.js:341:23)
    at process.processTicksAndRejections (node:internal/process/task_queues:104:5)
    at async C:\steel-project(2)\steel-project\steel-project\backend\node_modules\mongodb\lib\bulk\common.js:790:24
    at async MongoClient.withSession (C:\steel-project(2)\steel-project\steel-project\backend\node_modules\mongodb\lib\mongo_client.js:477:20)
    at async OrderedBulkOperation.execute (C:\steel-project(2)\steel-project\steel-project\backend\node_modules\mongodb\lib\bulk\common.js:789:20)
    at async Collection.bulkWrite (C:\steel-project(2)\steel-project\steel-project\backend\node_modules\mongodb\lib\collection.js:224:16)
    at async Collection.insertMany (C:\steel-project(2)\steel-project\steel-project\backend\node_modules\mongodb\lib\collection.js:171:25)
2026-09-24T09:20:09.656Z: MongoBulkWriteError: you are over your space quota, using 514 MB of 512 MB. Writes are blocked on your cluster. Free up storage by deleting unnecessary data or add storage by updating cluster tier. Add a payment method and scale cluster tier in Atlas: https://cloud.mongodb.com/v2/69c250977259485142d5ad73#/clusters/upgradeTemplates/SteelDMS?limit=storage
    at executeCommands (C:\steel-project(2)\steel-project\steel-project\backend\node_modules\mongodb\lib\bulk\common.js:341:23)
    at process.processTicksAndRejections (node:internal/process/task_queues:104:5)
    at async C:\steel-project(2)\steel-project\steel-project\backend\node_modules\mongodb\lib\bulk\common.js:790:24
    at async MongoClient.withSession (C:\steel-project(2)\steel-project\steel-project\backend\node_modules\mongodb\lib\mongo_client.js:477:20)
    at async OrderedBulkOperation.execute (C:\steel-project(2)\steel-project\steel-project\backend\node_modules\mongodb\lib\bulk\common.js:789:20)
    at async Collection.bulkWrite (C:\steel-project(2)\steel-project\steel-project\backend\node_modules\mongodb\lib\collection.js:224:16)
    at async Collection.insertMany (C:\steel-project(2)\steel-project\steel-project\backend\node_modules\mongodb\lib\collection.js:171:25)
2026-09-24T09:20:09.812Z: MongoBulkWriteError: you are over your space quota, using 514 MB of 512 MB. Writes are blocked on your cluster. Free up storage by deleting unnecessary data or add storage by updating cluster tier. Add a payment method and scale cluster tier in Atlas: https://cloud.mongodb.com/v2/69c250977259485142d5ad73#/clusters/upgradeTemplates/SteelDMS?limit=storage
    at executeCommands (C:\steel-project(2)\steel-project\steel-project\backend\node_modules\mongodb\lib\bulk\common.js:341:23)
    at process.processTicksAndRejections (node:internal/process/task_queues:104:5)
    at async C:\steel-project(2)\steel-project\steel-project\backend\node_modules\mongodb\lib\bulk\common.js:790:24
    at async MongoClient.withSession (C:\steel-project(2)\steel-project\steel-project\backend\node_modules\mongodb\lib\mongo_client.js:477:20)
    at async OrderedBulkOperation.execute (C:\steel-project(2)\steel-project\steel-project\backend\node_modules\mongodb\lib\bulk\common.js:789:20)
    at async Collection.bulkWrite (C:\steel-project(2)\steel-project\steel-project\backend\node_modules\mongodb\lib\collection.js:224:16)
    at async Collection.insertMany (C:\steel-project(2)\steel-project\steel-project\backend\node_modules\mongodb\lib\collection.js:171:25)
2026-09-24T09:20:09.967Z: MongoBulkWriteError: you are over your space quota, using 514 MB of 512 MB. Writes are blocked on your cluster. Free up storage by deleting unnecessary data or add storage by updating cluster tier. Add a payment method and scale cluster tier in Atlas: https://cloud.mongodb.com/v2/69c250977259485142d5ad73#/clusters/upgradeTemplates/SteelDMS?limit=storage
    at executeCommands (C:\steel-project(2)\steel-project\steel-project\backend\node_modules\mongodb\lib\bulk\common.js:341:23)
    at process.processTicksAndRejections (node:internal/process/task_queues:104:5)
    at async C:\steel-project(2)\steel-project\steel-project\backend\node_modules\mongodb\lib\bulk\common.js:790:24
    at async MongoClient.withSession (C:\steel-project(2)\steel-project\steel-project\backend\node_modules\mongodb\lib\mongo_client.js:477:20)
    at async OrderedBulkOperation.execute (C:\steel-project(2)\steel-project\steel-project\backend\node_modules\mongodb\lib\bulk\common.js:789:20)
    at async Collection.bulkWrite (C:\steel-project(2)\steel-project\steel-project\backend\node_modules\mongodb\lib\collection.js:224:16)
    at async Collection.insertMany (C:\steel-project(2)\steel-project\steel-project\backend\node_modules\mongodb\lib\collection.js:171:25)
2026-09-24T09:20:10.111Z: MongoBulkWriteError: you are over your space quota, using 514 MB of 512 MB. Writes are blocked on your cluster. Free up storage by deleting unnecessary data or add storage by updating cluster tier. Add a payment method and scale cluster tier in Atlas: https://cloud.mongodb.com/v2/69c250977259485142d5ad73#/clusters/upgradeTemplates/SteelDMS?limit=storage
    at executeCommands (C:\steel-project(2)\steel-project\steel-project\backend\node_modules\mongodb\lib\bulk\common.js:341:23)
    at process.processTicksAndRejections (node:internal/process/task_queues:104:5)
    at async C:\steel-project(2)\steel-project\steel-project\backend\node_modules\mongodb\lib\bulk\common.js:790:24
    at async MongoClient.withSession (C:\steel-project(2)\steel-project\steel-project\backend\node_modules\mongodb\lib\mongo_client.js:477:20)
    at async OrderedBulkOperation.execute (C:\steel-project(2)\steel-project\steel-project\backend\node_modules\mongodb\lib\bulk\common.js:789:20)
    at async Collection.bulkWrite (C:\steel-project(2)\steel-project\steel-project\backend\node_modules\mongodb\lib\collection.js:224:16)
    at async Collection.insertMany (C:\steel-project(2)\steel-project\steel-project\backend\node_modules\mongodb\lib\collection.js:171:25)
2026-09-24T09:20:10.299Z: MongoBulkWriteError: you are over your space quota, using 514 MB of 512 MB. Writes are blocked on your cluster. Free up storage by deleting unnecessary data or add storage by updating cluster tier. Add a payment method and scale cluster tier in Atlas: https://cloud.mongodb.com/v2/69c250977259485142d5ad73#/clusters/upgradeTemplates/SteelDMS?limit=storage
    at executeCommands (C:\steel-project(2)\steel-project\steel-project\backend\node_modules\mongodb\lib\bulk\common.js:341:23)
    at process.processTicksAndRejections (node:internal/process/task_queues:104:5)
    at async C:\steel-project(2)\steel-project\steel-project\backend\node_modules\mongodb\lib\bulk\common.js:790:24
    at async MongoClient.withSession (C:\steel-project(2)\steel-project\steel-project\backend\node_modules\mongodb\lib\mongo_client.js:477:20)
    at async OrderedBulkOperation.execute (C:\steel-project(2)\steel-project\steel-project\backend\node_modules\mongodb\lib\bulk\common.js:789:20)
    at async Collection.bulkWrite (C:\steel-project(2)\steel-project\steel-project\backend\node_modules\mongodb\lib\collection.js:224:16)
    at async Collection.insertMany (C:\steel-project(2)\steel-project\steel-project\backend\node_modules\mongodb\lib\collection.js:171:25)
2026-09-24T09:20:11.075Z: MongoBulkWriteError: you are over your space quota, using 514 MB of 512 MB. Writes are blocked on your cluster. Free up storage by deleting unnecessary data or add storage by updating cluster tier. Add a payment method and scale cluster tier in Atlas: https://cloud.mongodb.com/v2/69c250977259485142d5ad73#/clusters/upgradeTemplates/SteelDMS?limit=storage
    at executeCommands (C:\steel-project(2)\steel-project\steel-project\backend\node_modules\mongodb\lib\bulk\common.js:341:23)
    at process.processTicksAndRejections (node:internal/process/task_queues:104:5)
    at async C:\steel-project(2)\steel-project\steel-project\backend\node_modules\mongodb\lib\bulk\common.js:790:24
    at async MongoClient.withSession (C:\steel-project(2)\steel-project\steel-project\backend\node_modules\mongodb\lib\mongo_client.js:477:20)
    at async OrderedBulkOperation.execute (C:\steel-project(2)\steel-project\steel-project\backend\node_modules\mongodb\lib\bulk\common.js:789:20)
    at async Collection.bulkWrite (C:\steel-project(2)\steel-project\steel-project\backend\node_modules\mongodb\lib\collection.js:224:16)
    at async Collection.insertMany (C:\steel-project(2)\steel-project\steel-project\backend\node_modules\mongodb\lib\collection.js:171:25)
2026-09-24T09:20:11.233Z: MongoBulkWriteError: you are over your space quota, using 514 MB of 512 MB. Writes are blocked on your cluster. Free up storage by deleting unnecessary data or add storage by updating cluster tier. Add a payment method and scale cluster tier in Atlas: https://cloud.mongodb.com/v2/69c250977259485142d5ad73#/clusters/upgradeTemplates/SteelDMS?limit=storage
    at executeCommands (C:\steel-project(2)\steel-project\steel-project\backend\node_modules\mongodb\lib\bulk\common.js:341:23)
    at process.processTicksAndRejections (node:internal/process/task_queues:104:5)
    at async C:\steel-project(2)\steel-project\steel-project\backend\node_modules\mongodb\lib\bulk\common.js:790:24
    at async MongoClient.withSession (C:\steel-project(2)\steel-project\steel-project\backend\node_modules\mongodb\lib\mongo_client.js:477:20)
    at async OrderedBulkOperation.execute (C:\steel-project(2)\steel-project\steel-project\backend\node_modules\mongodb\lib\bulk\common.js:789:20)
    at async Collection.bulkWrite (C:\steel-project(2)\steel-project\steel-project\backend\node_modules\mongodb\lib\collection.js:224:16)
    at async Collection.insertMany (C:\steel-project(2)\steel-project\steel-project\backend\node_modules\mongodb\lib\collection.js:171:25)
2026-09-24T09:20:11.410Z: MongoBulkWriteError: you are over your space quota, using 514 MB of 512 MB. Writes are blocked on your cluster. Free up storage by deleting unnecessary data or add storage by updating cluster tier. Add a payment method and scale cluster tier in Atlas: https://cloud.mongodb.com/v2/69c250977259485142d5ad73#/clusters/upgradeTemplates/SteelDMS?limit=storage
    at executeCommands (C:\steel-project(2)\steel-project\steel-project\backend\node_modules\mongodb\lib\bulk\common.js:341:23)
    at process.processTicksAndRejections (node:internal/process/task_queues:104:5)
    at async C:\steel-project(2)\steel-project\steel-project\backend\node_modules\mongodb\lib\bulk\common.js:790:24
    at async MongoClient.withSession (C:\steel-project(2)\steel-project\steel-project\backend\node_modules\mongodb\lib\mongo_client.js:477:20)
    at async OrderedBulkOperation.execute (C:\steel-project(2)\steel-project\steel-project\backend\node_modules\mongodb\lib\bulk\common.js:789:20)
    at async Collection.bulkWrite (C:\steel-project(2)\steel-project\steel-project\backend\node_modules\mongodb\lib\collection.js:224:16)
    at async Collection.insertMany (C:\steel-project(2)\steel-project\steel-project\backend\node_modules\mongodb\lib\collection.js:171:25)
2026-09-24T09:20:11.609Z: MongoBulkWriteError: you are over your space quota, using 514 MB of 512 MB. Writes are blocked on your cluster. Free up storage by deleting unnecessary data or add storage by updating cluster tier. Add a payment method and scale cluster tier in Atlas: https://cloud.mongodb.com/v2/69c250977259485142d5ad73#/clusters/upgradeTemplates/SteelDMS?limit=storage
    at executeCommands (C:\steel-project(2)\steel-project\steel-project\backend\node_modules\mongodb\lib\bulk\common.js:341:23)
    at process.processTicksAndRejections (node:internal/process/task_queues:104:5)
    at async C:\steel-project(2)\steel-project\steel-project\backend\node_modules\mongodb\lib\bulk\common.js:790:24
    at async MongoClient.withSession (C:\steel-project(2)\steel-project\steel-project\backend\node_modules\mongodb\lib\mongo_client.js:477:20)
    at async OrderedBulkOperation.execute (C:\steel-project(2)\steel-project\steel-project\backend\node_modules\mongodb\lib\bulk\common.js:789:20)
    at async Collection.bulkWrite (C:\steel-project(2)\steel-project\steel-project\backend\node_modules\mongodb\lib\collection.js:224:16)
    at async Collection.insertMany (C:\steel-project(2)\steel-project\steel-project\backend\node_modules\mongodb\lib\collection.js:171:25)
2026-09-24T09:20:11.771Z: MongoBulkWriteError: you are over your space quota, using 514 MB of 512 MB. Writes are blocked on your cluster. Free up storage by deleting unnecessary data or add storage by updating cluster tier. Add a payment method and scale cluster tier in Atlas: https://cloud.mongodb.com/v2/69c250977259485142d5ad73#/clusters/upgradeTemplates/SteelDMS?limit=storage
    at executeCommands (C:\steel-project(2)\steel-project\steel-project\backend\node_modules\mongodb\lib\bulk\common.js:341:23)
    at process.processTicksAndRejections (node:internal/process/task_queues:104:5)
    at async C:\steel-project(2)\steel-project\steel-project\backend\node_modules\mongodb\lib\bulk\common.js:790:24
    at async MongoClient.withSession (C:\steel-project(2)\steel-project\steel-project\backend\node_modules\mongodb\lib\mongo_client.js:477:20)
    at async OrderedBulkOperation.execute (C:\steel-project(2)\steel-project\steel-project\backend\node_modules\mongodb\lib\bulk\common.js:789:20)
    at async Collection.bulkWrite (C:\steel-project(2)\steel-project\steel-project\backend\node_modules\mongodb\lib\collection.js:224:16)
    at async Collection.insertMany (C:\steel-project(2)\steel-project\steel-project\backend\node_modules\mongodb\lib\collection.js:171:25)
2026-09-24T09:20:11.942Z: MongoBulkWriteError: you are over your space quota, using 514 MB of 512 MB. Writes are blocked on your cluster. Free up storage by deleting unnecessary data or add storage by updating cluster tier. Add a payment method and scale cluster tier in Atlas: https://cloud.mongodb.com/v2/69c250977259485142d5ad73#/clusters/upgradeTemplates/SteelDMS?limit=storage
    at executeCommands (C:\steel-project(2)\steel-project\steel-project\backend\node_modules\mongodb\lib\bulk\common.js:341:23)
    at process.processTicksAndRejections (node:internal/process/task_queues:104:5)
    at async C:\steel-project(2)\steel-project\steel-project\backend\node_modules\mongodb\lib\bulk\common.js:790:24
    at async MongoClient.withSession (C:\steel-project(2)\steel-project\steel-project\backend\node_modules\mongodb\lib\mongo_client.js:477:20)
    at async OrderedBulkOperation.execute (C:\steel-project(2)\steel-project\steel-project\backend\node_modules\mongodb\lib\bulk\common.js:789:20)
    at async Collection.bulkWrite (C:\steel-project(2)\steel-project\steel-project\backend\node_modules\mongodb\lib\collection.js:224:16)
    at async Collection.insertMany (C:\steel-project(2)\steel-project\steel-project\backend\node_modules\mongodb\lib\collection.js:171:25)
2026-09-24T09:20:12.331Z: MongoBulkWriteError: you are over your space quota, using 514 MB of 512 MB. Writes are blocked on your cluster. Free up storage by deleting unnecessary data or add storage by updating cluster tier. Add a payment method and scale cluster tier in Atlas: https://cloud.mongodb.com/v2/69c250977259485142d5ad73#/clusters/upgradeTemplates/SteelDMS?limit=storage
    at executeCommands (C:\steel-project(2)\steel-project\steel-project\backend\node_modules\mongodb\lib\bulk\common.js:341:23)
    at process.processTicksAndRejections (node:internal/process/task_queues:104:5)
    at async C:\steel-project(2)\steel-project\steel-project\backend\node_modules\mongodb\lib\bulk\common.js:790:24
    at async MongoClient.withSession (C:\steel-project(2)\steel-project\steel-project\backend\node_modules\mongodb\lib\mongo_client.js:477:20)
    at async OrderedBulkOperation.execute (C:\steel-project(2)\steel-project\steel-project\backend\node_modules\mongodb\lib\bulk\common.js:789:20)
    at async Collection.bulkWrite (C:\steel-project(2)\steel-project\steel-project\backend\node_modules\mongodb\lib\collection.js:224:16)
    at async Collection.insertMany (C:\steel-project(2)\steel-project\steel-project\backend\node_modules\mongodb\lib\collection.js:171:25)
2026-09-24T09:20:12.770Z: MongoBulkWriteError: you are over your space quota, using 514 MB of 512 MB. Writes are blocked on your cluster. Free up storage by deleting unnecessary data or add storage by updating cluster tier. Add a payment method and scale cluster tier in Atlas: https://cloud.mongodb.com/v2/69c250977259485142d5ad73#/clusters/upgradeTemplates/SteelDMS?limit=storage
    at executeCommands (C:\steel-project(2)\steel-project\steel-project\backend\node_modules\mongodb\lib\bulk\common.js:341:23)
    at process.processTicksAndRejections (node:internal/process/task_queues:104:5)
    at async C:\steel-project(2)\steel-project\steel-project\backend\node_modules\mongodb\lib\bulk\common.js:790:24
    at async MongoClient.withSession (C:\steel-project(2)\steel-project\steel-project\backend\node_modules\mongodb\lib\mongo_client.js:477:20)
    at async OrderedBulkOperation.execute (C:\steel-project(2)\steel-project\steel-project\backend\node_modules\mongodb\lib\bulk\common.js:789:20)
    at async Collection.bulkWrite (C:\steel-project(2)\steel-project\steel-project\backend\node_modules\mongodb\lib\collection.js:224:16)
    at async Collection.insertMany (C:\steel-project(2)\steel-project\steel-project\backend\node_modules\mongodb\lib\collection.js:171:25)
2026-09-24T09:20:12.928Z: MongoBulkWriteError: you are over your space quota, using 514 MB of 512 MB. Writes are blocked on your cluster. Free up storage by deleting unnecessary data or add storage by updating cluster tier. Add a payment method and scale cluster tier in Atlas: https://cloud.mongodb.com/v2/69c250977259485142d5ad73#/clusters/upgradeTemplates/SteelDMS?limit=storage
    at executeCommands (C:\steel-project(2)\steel-project\steel-project\backend\node_modules\mongodb\lib\bulk\common.js:341:23)
    at process.processTicksAndRejections (node:internal/process/task_queues:104:5)
    at async C:\steel-project(2)\steel-project\steel-project\backend\node_modules\mongodb\lib\bulk\common.js:790:24
    at async MongoClient.withSession (C:\steel-project(2)\steel-project\steel-project\backend\node_modules\mongodb\lib\mongo_client.js:477:20)
    at async OrderedBulkOperation.execute (C:\steel-project(2)\steel-project\steel-project\backend\node_modules\mongodb\lib\bulk\common.js:789:20)
    at async Collection.bulkWrite (C:\steel-project(2)\steel-project\steel-project\backend\node_modules\mongodb\lib\collection.js:224:16)
    at async Collection.insertMany (C:\steel-project(2)\steel-project\steel-project\backend\node_modules\mongodb\lib\collection.js:171:25)
2026-09-24T09:20:13.074Z: MongoBulkWriteError: you are over your space quota, using 514 MB of 512 MB. Writes are blocked on your cluster. Free up storage by deleting unnecessary data or add storage by updating cluster tier. Add a payment method and scale cluster tier in Atlas: https://cloud.mongodb.com/v2/69c250977259485142d5ad73#/clusters/upgradeTemplates/SteelDMS?limit=storage
    at executeCommands (C:\steel-project(2)\steel-project\steel-project\backend\node_modules\mongodb\lib\bulk\common.js:341:23)
    at process.processTicksAndRejections (node:internal/process/task_queues:104:5)
    at async C:\steel-project(2)\steel-project\steel-project\backend\node_modules\mongodb\lib\bulk\common.js:790:24
    at async MongoClient.withSession (C:\steel-project(2)\steel-project\steel-project\backend\node_modules\mongodb\lib\mongo_client.js:477:20)
    at async OrderedBulkOperation.execute (C:\steel-project(2)\steel-project\steel-project\backend\node_modules\mongodb\lib\bulk\common.js:789:20)
    at async Collection.bulkWrite (C:\steel-project(2)\steel-project\steel-project\backend\node_modules\mongodb\lib\collection.js:224:16)
    at async Collection.insertMany (C:\steel-project(2)\steel-project\steel-project\backend\node_modules\mongodb\lib\collection.js:171:25)
2026-09-24T09:20:13.221Z: MongoBulkWriteError: you are over your space quota, using 514 MB of 512 MB. Writes are blocked on your cluster. Free up storage by deleting unnecessary data or add storage by updating cluster tier. Add a payment method and scale cluster tier in Atlas: https://cloud.mongodb.com/v2/69c250977259485142d5ad73#/clusters/upgradeTemplates/SteelDMS?limit=storage
    at executeCommands (C:\steel-project(2)\steel-project\steel-project\backend\node_modules\mongodb\lib\bulk\common.js:341:23)
    at process.processTicksAndRejections (node:internal/process/task_queues:104:5)
    at async C:\steel-project(2)\steel-project\steel-project\backend\node_modules\mongodb\lib\bulk\common.js:790:24
    at async MongoClient.withSession (C:\steel-project(2)\steel-project\steel-project\backend\node_modules\mongodb\lib\mongo_client.js:477:20)
    at async OrderedBulkOperation.execute (C:\steel-project(2)\steel-project\steel-project\backend\node_modules\mongodb\lib\bulk\common.js:789:20)
    at async Collection.bulkWrite (C:\steel-project(2)\steel-project\steel-project\backend\node_modules\mongodb\lib\collection.js:224:16)
    at async Collection.insertMany (C:\steel-project(2)\steel-project\steel-project\backend\node_modules\mongodb\lib\collection.js:171:25)
2026-09-24T09:20:13.355Z: MongoBulkWriteError: you are over your space quota, using 514 MB of 512 MB. Writes are blocked on your cluster. Free up storage by deleting unnecessary data or add storage by updating cluster tier. Add a payment method and scale cluster tier in Atlas: https://cloud.mongodb.com/v2/69c250977259485142d5ad73#/clusters/upgradeTemplates/SteelDMS?limit=storage
    at executeCommands (C:\steel-project(2)\steel-project\steel-project\backend\node_modules\mongodb\lib\bulk\common.js:341:23)
    at process.processTicksAndRejections (node:internal/process/task_queues:104:5)
    at async C:\steel-project(2)\steel-project\steel-project\backend\node_modules\mongodb\lib\bulk\common.js:790:24
    at async MongoClient.withSession (C:\steel-project(2)\steel-project\steel-project\backend\node_modules\mongodb\lib\mongo_client.js:477:20)
    at async OrderedBulkOperation.execute (C:\steel-project(2)\steel-project\steel-project\backend\node_modules\mongodb\lib\bulk\common.js:789:20)
    at async Collection.bulkWrite (C:\steel-project(2)\steel-project\steel-project\backend\node_modules\mongodb\lib\collection.js:224:16)
    at async Collection.insertMany (C:\steel-project(2)\steel-project\steel-project\backend\node_modules\mongodb\lib\collection.js:171:25)
2026-09-24T09:20:13.898Z: MongoBulkWriteError: you are over your space quota, using 514 MB of 512 MB. Writes are blocked on your cluster. Free up storage by deleting unnecessary data or add storage by updating cluster tier. Add a payment method and scale cluster tier in Atlas: https://cloud.mongodb.com/v2/69c250977259485142d5ad73#/clusters/upgradeTemplates/SteelDMS?limit=storage
    at executeCommands (C:\steel-project(2)\steel-project\steel-project\backend\node_modules\mongodb\lib\bulk\common.js:341:23)
    at process.processTicksAndRejections (node:internal/process/task_queues:104:5)
    at async C:\steel-project(2)\steel-project\steel-project\backend\node_modules\mongodb\lib\bulk\common.js:790:24
    at async MongoClient.withSession (C:\steel-project(2)\steel-project\steel-project\backend\node_modules\mongodb\lib\mongo_client.js:477:20)
    at async OrderedBulkOperation.execute (C:\steel-project(2)\steel-project\steel-project\backend\node_modules\mongodb\lib\bulk\common.js:789:20)
    at async Collection.bulkWrite (C:\steel-project(2)\steel-project\steel-project\backend\node_modules\mongodb\lib\collection.js:224:16)
    at async Collection.insertMany (C:\steel-project(2)\steel-project\steel-project\backend\node_modules\mongodb\lib\collection.js:171:25)
2026-09-24T09:20:14.102Z: MongoBulkWriteError: you are over your space quota, using 514 MB of 512 MB. Writes are blocked on your cluster. Free up storage by deleting unnecessary data or add storage by updating cluster tier. Add a payment method and scale cluster tier in Atlas: https://cloud.mongodb.com/v2/69c250977259485142d5ad73#/clusters/upgradeTemplates/SteelDMS?limit=storage
    at executeCommands (C:\steel-project(2)\steel-project\steel-project\backend\node_modules\mongodb\lib\bulk\common.js:341:23)
    at process.processTicksAndRejections (node:internal/process/task_queues:104:5)
    at async C:\steel-project(2)\steel-project\steel-project\backend\node_modules\mongodb\lib\bulk\common.js:790:24
    at async MongoClient.withSession (C:\steel-project(2)\steel-project\steel-project\backend\node_modules\mongodb\lib\mongo_client.js:477:20)
    at async OrderedBulkOperation.execute (C:\steel-project(2)\steel-project\steel-project\backend\node_modules\mongodb\lib\bulk\common.js:789:20)
    at async Collection.bulkWrite (C:\steel-project(2)\steel-project\steel-project\backend\node_modules\mongodb\lib\collection.js:224:16)
    at async Collection.insertMany (C:\steel-project(2)\steel-project\steel-project\backend\node_modules\mongodb\lib\collection.js:171:25)
2026-09-24T09:20:14.551Z: MongoBulkWriteError: you are over your space quota, using 514 MB of 512 MB. Writes are blocked on your cluster. Free up storage by deleting unnecessary data or add storage by updating cluster tier. Add a payment method and scale cluster tier in Atlas: https://cloud.mongodb.com/v2/69c250977259485142d5ad73#/clusters/upgradeTemplates/SteelDMS?limit=storage
    at executeCommands (C:\steel-project(2)\steel-project\steel-project\backend\node_modules\mongodb\lib\bulk\common.js:341:23)
    at process.processTicksAndRejections (node:internal/process/task_queues:104:5)
    at async C:\steel-project(2)\steel-project\steel-project\backend\node_modules\mongodb\lib\bulk\common.js:790:24
    at async MongoClient.withSession (C:\steel-project(2)\steel-project\steel-project\backend\node_modules\mongodb\lib\mongo_client.js:477:20)
    at async OrderedBulkOperation.execute (C:\steel-project(2)\steel-project\steel-project\backend\node_modules\mongodb\lib\bulk\common.js:789:20)
    at async Collection.bulkWrite (C:\steel-project(2)\steel-project\steel-project\backend\node_modules\mongodb\lib\collection.js:224:16)
    at async Collection.insertMany (C:\steel-project(2)\steel-project\steel-project\backend\node_modules\mongodb\lib\collection.js:171:25)
2026-09-24T09:20:15.227Z: MongoBulkWriteError: you are over your space quota, using 514 MB of 512 MB. Writes are blocked on your cluster. Free up storage by deleting unnecessary data or add storage by updating cluster tier. Add a payment method and scale cluster tier in Atlas: https://cloud.mongodb.com/v2/69c250977259485142d5ad73#/clusters/upgradeTemplates/SteelDMS?limit=storage
    at executeCommands (C:\steel-project(2)\steel-project\steel-project\backend\node_modules\mongodb\lib\bulk\common.js:341:23)
    at process.processTicksAndRejections (node:internal/process/task_queues:104:5)
    at async C:\steel-project(2)\steel-project\steel-project\backend\node_modules\mongodb\lib\bulk\common.js:790:24
    at async MongoClient.withSession (C:\steel-project(2)\steel-project\steel-project\backend\node_modules\mongodb\lib\mongo_client.js:477:20)
    at async OrderedBulkOperation.execute (C:\steel-project(2)\steel-project\steel-project\backend\node_modules\mongodb\lib\bulk\common.js:789:20)
    at async Collection.bulkWrite (C:\steel-project(2)\steel-project\steel-project\backend\node_modules\mongodb\lib\collection.js:224:16)
    at async Collection.insertMany (C:\steel-project(2)\steel-project\steel-project\backend\node_modules\mongodb\lib\collection.js:171:25)
2026-09-24T09:20:15.397Z: MongoBulkWriteError: you are over your space quota, using 514 MB of 512 MB. Writes are blocked on your cluster. Free up storage by deleting unnecessary data or add storage by updating cluster tier. Add a payment method and scale cluster tier in Atlas: https://cloud.mongodb.com/v2/69c250977259485142d5ad73#/clusters/upgradeTemplates/SteelDMS?limit=storage
    at executeCommands (C:\steel-project(2)\steel-project\steel-project\backend\node_modules\mongodb\lib\bulk\common.js:341:23)
    at process.processTicksAndRejections (node:internal/process/task_queues:104:5)
    at async C:\steel-project(2)\steel-project\steel-project\backend\node_modules\mongodb\lib\bulk\common.js:790:24
    at async MongoClient.withSession (C:\steel-project(2)\steel-project\steel-project\backend\node_modules\mongodb\lib\mongo_client.js:477:20)
    at async OrderedBulkOperation.execute (C:\steel-project(2)\steel-project\steel-project\backend\node_modules\mongodb\lib\bulk\common.js:789:20)
    at async Collection.bulkWrite (C:\steel-project(2)\steel-project\steel-project\backend\node_modules\mongodb\lib\collection.js:224:16)
    at async Collection.insertMany (C:\steel-project(2)\steel-project\steel-project\backend\node_modules\mongodb\lib\collection.js:171:25)
2026-09-24T09:20:15.642Z: MongoBulkWriteError: you are over your space quota, using 514 MB of 512 MB. Writes are blocked on your cluster. Free up storage by deleting unnecessary data or add storage by updating cluster tier. Add a payment method and scale cluster tier in Atlas: https://cloud.mongodb.com/v2/69c250977259485142d5ad73#/clusters/upgradeTemplates/SteelDMS?limit=storage
    at executeCommands (C:\steel-project(2)\steel-project\steel-project\backend\node_modules\mongodb\lib\bulk\common.js:341:23)
    at process.processTicksAndRejections (node:internal/process/task_queues:104:5)
    at async C:\steel-project(2)\steel-project\steel-project\backend\node_modules\mongodb\lib\bulk\common.js:790:24
    at async MongoClient.withSession (C:\steel-project(2)\steel-project\steel-project\backend\node_modules\mongodb\lib\mongo_client.js:477:20)
    at async OrderedBulkOperation.execute (C:\steel-project(2)\steel-project\steel-project\backend\node_modules\mongodb\lib\bulk\common.js:789:20)
    at async Collection.bulkWrite (C:\steel-project(2)\steel-project\steel-project\backend\node_modules\mongodb\lib\collection.js:224:16)
    at async Collection.insertMany (C:\steel-project(2)\steel-project\steel-project\backend\node_modules\mongodb\lib\collection.js:171:25)
2026-09-24T09:20:15.807Z: MongoBulkWriteError: you are over your space quota, using 514 MB of 512 MB. Writes are blocked on your cluster. Free up storage by deleting unnecessary data or add storage by updating cluster tier. Add a payment method and scale cluster tier in Atlas: https://cloud.mongodb.com/v2/69c250977259485142d5ad73#/clusters/upgradeTemplates/SteelDMS?limit=storage
    at executeCommands (C:\steel-project(2)\steel-project\steel-project\backend\node_modules\mongodb\lib\bulk\common.js:341:23)
    at process.processTicksAndRejections (node:internal/process/task_queues:104:5)
    at async C:\steel-project(2)\steel-project\steel-project\backend\node_modules\mongodb\lib\bulk\common.js:790:24
    at async MongoClient.withSession (C:\steel-project(2)\steel-project\steel-project\backend\node_modules\mongodb\lib\mongo_client.js:477:20)
    at async OrderedBulkOperation.execute (C:\steel-project(2)\steel-project\steel-project\backend\node_modules\mongodb\lib\bulk\common.js:789:20)
    at async Collection.bulkWrite (C:\steel-project(2)\steel-project\steel-project\backend\node_modules\mongodb\lib\collection.js:224:16)
    at async Collection.insertMany (C:\steel-project(2)\steel-project\steel-project\backend\node_modules\mongodb\lib\collection.js:171:25)
2026-09-24T09:20:15.942Z: MongoBulkWriteError: you are over your space quota, using 514 MB of 512 MB. Writes are blocked on your cluster. Free up storage by deleting unnecessary data or add storage by updating cluster tier. Add a payment method and scale cluster tier in Atlas: https://cloud.mongodb.com/v2/69c250977259485142d5ad73#/clusters/upgradeTemplates/SteelDMS?limit=storage
    at executeCommands (C:\steel-project(2)\steel-project\steel-project\backend\node_modules\mongodb\lib\bulk\common.js:341:23)
    at process.processTicksAndRejections (node:internal/process/task_queues:104:5)
    at async C:\steel-project(2)\steel-project\steel-project\backend\node_modules\mongodb\lib\bulk\common.js:790:24
    at async MongoClient.withSession (C:\steel-project(2)\steel-project\steel-project\backend\node_modules\mongodb\lib\mongo_client.js:477:20)
    at async OrderedBulkOperation.execute (C:\steel-project(2)\steel-project\steel-project\backend\node_modules\mongodb\lib\bulk\common.js:789:20)
    at async Collection.bulkWrite (C:\steel-project(2)\steel-project\steel-project\backend\node_modules\mongodb\lib\collection.js:224:16)
    at async Collection.insertMany (C:\steel-project(2)\steel-project\steel-project\backend\node_modules\mongodb\lib\collection.js:171:25)
2026-09-24T09:20:16.103Z: MongoBulkWriteError: you are over your space quota, using 514 MB of 512 MB. Writes are blocked on your cluster. Free up storage by deleting unnecessary data or add storage by updating cluster tier. Add a payment method and scale cluster tier in Atlas: https://cloud.mongodb.com/v2/69c250977259485142d5ad73#/clusters/upgradeTemplates/SteelDMS?limit=storage
    at executeCommands (C:\steel-project(2)\steel-project\steel-project\backend\node_modules\mongodb\lib\bulk\common.js:341:23)
    at process.processTicksAndRejections (node:internal/process/task_queues:104:5)
    at async C:\steel-project(2)\steel-project\steel-project\backend\node_modules\mongodb\lib\bulk\common.js:790:24
    at async MongoClient.withSession (C:\steel-project(2)\steel-project\steel-project\backend\node_modules\mongodb\lib\mongo_client.js:477:20)
    at async OrderedBulkOperation.execute (C:\steel-project(2)\steel-project\steel-project\backend\node_modules\mongodb\lib\bulk\common.js:789:20)
    at async Collection.bulkWrite (C:\steel-project(2)\steel-project\steel-project\backend\node_modules\mongodb\lib\collection.js:224:16)
    at async Collection.insertMany (C:\steel-project(2)\steel-project\steel-project\backend\node_modules\mongodb\lib\collection.js:171:25)
2026-09-24T09:20:16.263Z: MongoBulkWriteError: you are over your space quota, using 514 MB of 512 MB. Writes are blocked on your cluster. Free up storage by deleting unnecessary data or add storage by updating cluster tier. Add a payment method and scale cluster tier in Atlas: https://cloud.mongodb.com/v2/69c250977259485142d5ad73#/clusters/upgradeTemplates/SteelDMS?limit=storage
    at executeCommands (C:\steel-project(2)\steel-project\steel-project\backend\node_modules\mongodb\lib\bulk\common.js:341:23)
    at process.processTicksAndRejections (node:internal/process/task_queues:104:5)
    at async C:\steel-project(2)\steel-project\steel-project\backend\node_modules\mongodb\lib\bulk\common.js:790:24
    at async MongoClient.withSession (C:\steel-project(2)\steel-project\steel-project\backend\node_modules\mongodb\lib\mongo_client.js:477:20)
    at async OrderedBulkOperation.execute (C:\steel-project(2)\steel-project\steel-project\backend\node_modules\mongodb\lib\bulk\common.js:789:20)
    at async Collection.bulkWrite (C:\steel-project(2)\steel-project\steel-project\backend\node_modules\mongodb\lib\collection.js:224:16)
    at async Collection.insertMany (C:\steel-project(2)\steel-project\steel-project\backend\node_modules\mongodb\lib\collection.js:171:25)
2026-09-24T09:20:16.416Z: MongoBulkWriteError: you are over your space quota, using 514 MB of 512 MB. Writes are blocked on your cluster. Free up storage by deleting unnecessary data or add storage by updating cluster tier. Add a payment method and scale cluster tier in Atlas: https://cloud.mongodb.com/v2/69c250977259485142d5ad73#/clusters/upgradeTemplates/SteelDMS?limit=storage
    at executeCommands (C:\steel-project(2)\steel-project\steel-project\backend\node_modules\mongodb\lib\bulk\common.js:341:23)
    at process.processTicksAndRejections (node:internal/process/task_queues:104:5)
    at async C:\steel-project(2)\steel-project\steel-project\backend\node_modules\mongodb\lib\bulk\common.js:790:24
    at async MongoClient.withSession (C:\steel-project(2)\steel-project\steel-project\backend\node_modules\mongodb\lib\mongo_client.js:477:20)
    at async OrderedBulkOperation.execute (C:\steel-project(2)\steel-project\steel-project\backend\node_modules\mongodb\lib\bulk\common.js:789:20)
    at async Collection.bulkWrite (C:\steel-project(2)\steel-project\steel-project\backend\node_modules\mongodb\lib\collection.js:224:16)
    at async Collection.insertMany (C:\steel-project(2)\steel-project\steel-project\backend\node_modules\mongodb\lib\collection.js:171:25)
2026-09-24T09:20:16.803Z: MongoBulkWriteError: you are over your space quota, using 514 MB of 512 MB. Writes are blocked on your cluster. Free up storage by deleting unnecessary data or add storage by updating cluster tier. Add a payment method and scale cluster tier in Atlas: https://cloud.mongodb.com/v2/69c250977259485142d5ad73#/clusters/upgradeTemplates/SteelDMS?limit=storage
    at executeCommands (C:\steel-project(2)\steel-project\steel-project\backend\node_modules\mongodb\lib\bulk\common.js:341:23)
    at process.processTicksAndRejections (node:internal/process/task_queues:104:5)
    at async C:\steel-project(2)\steel-project\steel-project\backend\node_modules\mongodb\lib\bulk\common.js:790:24
    at async MongoClient.withSession (C:\steel-project(2)\steel-project\steel-project\backend\node_modules\mongodb\lib\mongo_client.js:477:20)
    at async OrderedBulkOperation.execute (C:\steel-project(2)\steel-project\steel-project\backend\node_modules\mongodb\lib\bulk\common.js:789:20)
    at async Collection.bulkWrite (C:\steel-project(2)\steel-project\steel-project\backend\node_modules\mongodb\lib\collection.js:224:16)
    at async Collection.insertMany (C:\steel-project(2)\steel-project\steel-project\backend\node_modules\mongodb\lib\collection.js:171:25)
2026-09-24T09:20:16.973Z: MongoBulkWriteError: you are over your space quota, using 514 MB of 512 MB. Writes are blocked on your cluster. Free up storage by deleting unnecessary data or add storage by updating cluster tier. Add a payment method and scale cluster tier in Atlas: https://cloud.mongodb.com/v2/69c250977259485142d5ad73#/clusters/upgradeTemplates/SteelDMS?limit=storage
    at executeCommands (C:\steel-project(2)\steel-project\steel-project\backend\node_modules\mongodb\lib\bulk\common.js:341:23)
    at process.processTicksAndRejections (node:internal/process/task_queues:104:5)
    at async C:\steel-project(2)\steel-project\steel-project\backend\node_modules\mongodb\lib\bulk\common.js:790:24
    at async MongoClient.withSession (C:\steel-project(2)\steel-project\steel-project\backend\node_modules\mongodb\lib\mongo_client.js:477:20)
    at async OrderedBulkOperation.execute (C:\steel-project(2)\steel-project\steel-project\backend\node_modules\mongodb\lib\bulk\common.js:789:20)
    at async Collection.bulkWrite (C:\steel-project(2)\steel-project\steel-project\backend\node_modules\mongodb\lib\collection.js:224:16)
    at async Collection.insertMany (C:\steel-project(2)\steel-project\steel-project\backend\node_modules\mongodb\lib\collection.js:171:25)
2026-09-24T09:20:17.126Z: MongoBulkWriteError: you are over your space quota, using 514 MB of 512 MB. Writes are blocked on your cluster. Free up storage by deleting unnecessary data or add storage by updating cluster tier. Add a payment method and scale cluster tier in Atlas: https://cloud.mongodb.com/v2/69c250977259485142d5ad73#/clusters/upgradeTemplates/SteelDMS?limit=storage
    at executeCommands (C:\steel-project(2)\steel-project\steel-project\backend\node_modules\mongodb\lib\bulk\common.js:341:23)
    at process.processTicksAndRejections (node:internal/process/task_queues:104:5)
    at async C:\steel-project(2)\steel-project\steel-project\backend\node_modules\mongodb\lib\bulk\common.js:790:24
    at async MongoClient.withSession (C:\steel-project(2)\steel-project\steel-project\backend\node_modules\mongodb\lib\mongo_client.js:477:20)
    at async OrderedBulkOperation.execute (C:\steel-project(2)\steel-project\steel-project\backend\node_modules\mongodb\lib\bulk\common.js:789:20)
    at async Collection.bulkWrite (C:\steel-project(2)\steel-project\steel-project\backend\node_modules\mongodb\lib\collection.js:224:16)
    at async Collection.insertMany (C:\steel-project(2)\steel-project\steel-project\backend\node_modules\mongodb\lib\collection.js:171:25)
2026-09-24T09:20:18.094Z: MongoBulkWriteError: you are over your space quota, using 514 MB of 512 MB. Writes are blocked on your cluster. Free up storage by deleting unnecessary data or add storage by updating cluster tier. Add a payment method and scale cluster tier in Atlas: https://cloud.mongodb.com/v2/69c250977259485142d5ad73#/clusters/upgradeTemplates/SteelDMS?limit=storage
    at executeCommands (C:\steel-project(2)\steel-project\steel-project\backend\node_modules\mongodb\lib\bulk\common.js:341:23)
    at process.processTicksAndRejections (node:internal/process/task_queues:104:5)
    at async C:\steel-project(2)\steel-project\steel-project\backend\node_modules\mongodb\lib\bulk\common.js:790:24
    at async MongoClient.withSession (C:\steel-project(2)\steel-project\steel-project\backend\node_modules\mongodb\lib\mongo_client.js:477:20)
    at async OrderedBulkOperation.execute (C:\steel-project(2)\steel-project\steel-project\backend\node_modules\mongodb\lib\bulk\common.js:789:20)
    at async Collection.bulkWrite (C:\steel-project(2)\steel-project\steel-project\backend\node_modules\mongodb\lib\collection.js:224:16)
    at async Collection.insertMany (C:\steel-project(2)\steel-project\steel-project\backend\node_modules\mongodb\lib\collection.js:171:25)
2026-09-24T09:20:18.409Z: MongoBulkWriteError: you are over your space quota, using 514 MB of 512 MB. Writes are blocked on your cluster. Free up storage by deleting unnecessary data or add storage by updating cluster tier. Add a payment method and scale cluster tier in Atlas: https://cloud.mongodb.com/v2/69c250977259485142d5ad73#/clusters/upgradeTemplates/SteelDMS?limit=storage
    at executeCommands (C:\steel-project(2)\steel-project\steel-project\backend\node_modules\mongodb\lib\bulk\common.js:341:23)
    at process.processTicksAndRejections (node:internal/process/task_queues:104:5)
    at async C:\steel-project(2)\steel-project\steel-project\backend\node_modules\mongodb\lib\bulk\common.js:790:24
    at async MongoClient.withSession (C:\steel-project(2)\steel-project\steel-project\backend\node_modules\mongodb\lib\mongo_client.js:477:20)
    at async OrderedBulkOperation.execute (C:\steel-project(2)\steel-project\steel-project\backend\node_modules\mongodb\lib\bulk\common.js:789:20)
    at async Collection.bulkWrite (C:\steel-project(2)\steel-project\steel-project\backend\node_modules\mongodb\lib\collection.js:224:16)
    at async Collection.insertMany (C:\steel-project(2)\steel-project\steel-project\backend\node_modules\mongodb\lib\collection.js:171:25)
2026-09-24T09:20:18.631Z: MongoBulkWriteError: you are over your space quota, using 514 MB of 512 MB. Writes are blocked on your cluster. Free up storage by deleting unnecessary data or add storage by updating cluster tier. Add a payment method and scale cluster tier in Atlas: https://cloud.mongodb.com/v2/69c250977259485142d5ad73#/clusters/upgradeTemplates/SteelDMS?limit=storage
    at executeCommands (C:\steel-project(2)\steel-project\steel-project\backend\node_modules\mongodb\lib\bulk\common.js:341:23)
    at process.processTicksAndRejections (node:internal/process/task_queues:104:5)
    at async C:\steel-project(2)\steel-project\steel-project\backend\node_modules\mongodb\lib\bulk\common.js:790:24
    at async MongoClient.withSession (C:\steel-project(2)\steel-project\steel-project\backend\node_modules\mongodb\lib\mongo_client.js:477:20)
    at async OrderedBulkOperation.execute (C:\steel-project(2)\steel-project\steel-project\backend\node_modules\mongodb\lib\bulk\common.js:789:20)
    at async Collection.bulkWrite (C:\steel-project(2)\steel-project\steel-project\backend\node_modules\mongodb\lib\collection.js:224:16)
    at async Collection.insertMany (C:\steel-project(2)\steel-project\steel-project\backend\node_modules\mongodb\lib\collection.js:171:25)
2026-09-24T09:20:18.868Z: MongoBulkWriteError: you are over your space quota, using 514 MB of 512 MB. Writes are blocked on your cluster. Free up storage by deleting unnecessary data or add storage by updating cluster tier. Add a payment method and scale cluster tier in Atlas: https://cloud.mongodb.com/v2/69c250977259485142d5ad73#/clusters/upgradeTemplates/SteelDMS?limit=storage
    at executeCommands (C:\steel-project(2)\steel-project\steel-project\backend\node_modules\mongodb\lib\bulk\common.js:341:23)
    at process.processTicksAndRejections (node:internal/process/task_queues:104:5)
    at async C:\steel-project(2)\steel-project\steel-project\backend\node_modules\mongodb\lib\bulk\common.js:790:24
    at async MongoClient.withSession (C:\steel-project(2)\steel-project\steel-project\backend\node_modules\mongodb\lib\mongo_client.js:477:20)
    at async OrderedBulkOperation.execute (C:\steel-project(2)\steel-project\steel-project\backend\node_modules\mongodb\lib\bulk\common.js:789:20)
    at async Collection.bulkWrite (C:\steel-project(2)\steel-project\steel-project\backend\node_modules\mongodb\lib\collection.js:224:16)
    at async Collection.insertMany (C:\steel-project(2)\steel-project\steel-project\backend\node_modules\mongodb\lib\collection.js:171:25)
2026-09-24T09:20:19.076Z: MongoBulkWriteError: you are over your space quota, using 514 MB of 512 MB. Writes are blocked on your cluster. Free up storage by deleting unnecessary data or add storage by updating cluster tier. Add a payment method and scale cluster tier in Atlas: https://cloud.mongodb.com/v2/69c250977259485142d5ad73#/clusters/upgradeTemplates/SteelDMS?limit=storage
    at executeCommands (C:\steel-project(2)\steel-project\steel-project\backend\node_modules\mongodb\lib\bulk\common.js:341:23)
    at process.processTicksAndRejections (node:internal/process/task_queues:104:5)
    at async C:\steel-project(2)\steel-project\steel-project\backend\node_modules\mongodb\lib\bulk\common.js:790:24
    at async MongoClient.withSession (C:\steel-project(2)\steel-project\steel-project\backend\node_modules\mongodb\lib\mongo_client.js:477:20)
    at async OrderedBulkOperation.execute (C:\steel-project(2)\steel-project\steel-project\backend\node_modules\mongodb\lib\bulk\common.js:789:20)
    at async Collection.bulkWrite (C:\steel-project(2)\steel-project\steel-project\backend\node_modules\mongodb\lib\collection.js:224:16)
    at async Collection.insertMany (C:\steel-project(2)\steel-project\steel-project\backend\node_modules\mongodb\lib\collection.js:171:25)
2026-09-24T09:20:19.291Z: MongoBulkWriteError: you are over your space quota, using 514 MB of 512 MB. Writes are blocked on your cluster. Free up storage by deleting unnecessary data or add storage by updating cluster tier. Add a payment method and scale cluster tier in Atlas: https://cloud.mongodb.com/v2/69c250977259485142d5ad73#/clusters/upgradeTemplates/SteelDMS?limit=storage
    at executeCommands (C:\steel-project(2)\steel-project\steel-project\backend\node_modules\mongodb\lib\bulk\common.js:341:23)
    at process.processTicksAndRejections (node:internal/process/task_queues:104:5)
    at async C:\steel-project(2)\steel-project\steel-project\backend\node_modules\mongodb\lib\bulk\common.js:790:24
    at async MongoClient.withSession (C:\steel-project(2)\steel-project\steel-project\backend\node_modules\mongodb\lib\mongo_client.js:477:20)
    at async OrderedBulkOperation.execute (C:\steel-project(2)\steel-project\steel-project\backend\node_modules\mongodb\lib\bulk\common.js:789:20)
    at async Collection.bulkWrite (C:\steel-project(2)\steel-project\steel-project\backend\node_modules\mongodb\lib\collection.js:224:16)
    at async Collection.insertMany (C:\steel-project(2)\steel-project\steel-project\backend\node_modules\mongodb\lib\collection.js:171:25)
2026-09-24T09:20:19.529Z: MongoBulkWriteError: you are over your space quota, using 514 MB of 512 MB. Writes are blocked on your cluster. Free up storage by deleting unnecessary data or add storage by updating cluster tier. Add a payment method and scale cluster tier in Atlas: https://cloud.mongodb.com/v2/69c250977259485142d5ad73#/clusters/upgradeTemplates/SteelDMS?limit=storage
    at executeCommands (C:\steel-project(2)\steel-project\steel-project\backend\node_modules\mongodb\lib\bulk\common.js:341:23)
    at process.processTicksAndRejections (node:internal/process/task_queues:104:5)
    at async C:\steel-project(2)\steel-project\steel-project\backend\node_modules\mongodb\lib\bulk\common.js:790:24
    at async MongoClient.withSession (C:\steel-project(2)\steel-project\steel-project\backend\node_modules\mongodb\lib\mongo_client.js:477:20)
    at async OrderedBulkOperation.execute (C:\steel-project(2)\steel-project\steel-project\backend\node_modules\mongodb\lib\bulk\common.js:789:20)
    at async Collection.bulkWrite (C:\steel-project(2)\steel-project\steel-project\backend\node_modules\mongodb\lib\collection.js:224:16)
    at async Collection.insertMany (C:\steel-project(2)\steel-project\steel-project\backend\node_modules\mongodb\lib\collection.js:171:25)
2026-09-24T09:20:19.706Z: MongoBulkWriteError: you are over your space quota, using 514 MB of 512 MB. Writes are blocked on your cluster. Free up storage by deleting unnecessary data or add storage by updating cluster tier. Add a payment method and scale cluster tier in Atlas: https://cloud.mongodb.com/v2/69c250977259485142d5ad73#/clusters/upgradeTemplates/SteelDMS?limit=storage
    at executeCommands (C:\steel-project(2)\steel-project\steel-project\backend\node_modules\mongodb\lib\bulk\common.js:341:23)
    at process.processTicksAndRejections (node:internal/process/task_queues:104:5)
    at async C:\steel-project(2)\steel-project\steel-project\backend\node_modules\mongodb\lib\bulk\common.js:790:24
    at async MongoClient.withSession (C:\steel-project(2)\steel-project\steel-project\backend\node_modules\mongodb\lib\mongo_client.js:477:20)
    at async OrderedBulkOperation.execute (C:\steel-project(2)\steel-project\steel-project\backend\node_modules\mongodb\lib\bulk\common.js:789:20)
    at async Collection.bulkWrite (C:\steel-project(2)\steel-project\steel-project\backend\node_modules\mongodb\lib\collection.js:224:16)
    at async Collection.insertMany (C:\steel-project(2)\steel-project\steel-project\backend\node_modules\mongodb\lib\collection.js:171:25)
2026-09-24T09:20:19.906Z: MongoBulkWriteError: you are over your space quota, using 514 MB of 512 MB. Writes are blocked on your cluster. Free up storage by deleting unnecessary data or add storage by updating cluster tier. Add a payment method and scale cluster tier in Atlas: https://cloud.mongodb.com/v2/69c250977259485142d5ad73#/clusters/upgradeTemplates/SteelDMS?limit=storage
    at executeCommands (C:\steel-project(2)\steel-project\steel-project\backend\node_modules\mongodb\lib\bulk\common.js:341:23)
    at process.processTicksAndRejections (node:internal/process/task_queues:104:5)
    at async C:\steel-project(2)\steel-project\steel-project\backend\node_modules\mongodb\lib\bulk\common.js:790:24
    at async MongoClient.withSession (C:\steel-project(2)\steel-project\steel-project\backend\node_modules\mongodb\lib\mongo_client.js:477:20)
    at async OrderedBulkOperation.execute (C:\steel-project(2)\steel-project\steel-project\backend\node_modules\mongodb\lib\bulk\common.js:789:20)
    at async Collection.bulkWrite (C:\steel-project(2)\steel-project\steel-project\backend\node_modules\mongodb\lib\collection.js:224:16)
    at async Collection.insertMany (C:\steel-project(2)\steel-project\steel-project\backend\node_modules\mongodb\lib\collection.js:171:25)
2026-09-24T09:20:20.095Z: MongoBulkWriteError: you are over your space quota, using 514 MB of 512 MB. Writes are blocked on your cluster. Free up storage by deleting unnecessary data or add storage by updating cluster tier. Add a payment method and scale cluster tier in Atlas: https://cloud.mongodb.com/v2/69c250977259485142d5ad73#/clusters/upgradeTemplates/SteelDMS?limit=storage
    at executeCommands (C:\steel-project(2)\steel-project\steel-project\backend\node_modules\mongodb\lib\bulk\common.js:341:23)
    at process.processTicksAndRejections (node:internal/process/task_queues:104:5)
    at async C:\steel-project(2)\steel-project\steel-project\backend\node_modules\mongodb\lib\bulk\common.js:790:24
    at async MongoClient.withSession (C:\steel-project(2)\steel-project\steel-project\backend\node_modules\mongodb\lib\mongo_client.js:477:20)
    at async OrderedBulkOperation.execute (C:\steel-project(2)\steel-project\steel-project\backend\node_modules\mongodb\lib\bulk\common.js:789:20)
    at async Collection.bulkWrite (C:\steel-project(2)\steel-project\steel-project\backend\node_modules\mongodb\lib\collection.js:224:16)
    at async Collection.insertMany (C:\steel-project(2)\steel-project\steel-project\backend\node_modules\mongodb\lib\collection.js:171:25)
2026-09-24T09:20:20.249Z: MongoBulkWriteError: you are over your space quota, using 514 MB of 512 MB. Writes are blocked on your cluster. Free up storage by deleting unnecessary data or add storage by updating cluster tier. Add a payment method and scale cluster tier in Atlas: https://cloud.mongodb.com/v2/69c250977259485142d5ad73#/clusters/upgradeTemplates/SteelDMS?limit=storage
    at executeCommands (C:\steel-project(2)\steel-project\steel-project\backend\node_modules\mongodb\lib\bulk\common.js:341:23)
    at process.processTicksAndRejections (node:internal/process/task_queues:104:5)
    at async C:\steel-project(2)\steel-project\steel-project\backend\node_modules\mongodb\lib\bulk\common.js:790:24
    at async MongoClient.withSession (C:\steel-project(2)\steel-project\steel-project\backend\node_modules\mongodb\lib\mongo_client.js:477:20)
    at async OrderedBulkOperation.execute (C:\steel-project(2)\steel-project\steel-project\backend\node_modules\mongodb\lib\bulk\common.js:789:20)
    at async Collection.bulkWrite (C:\steel-project(2)\steel-project\steel-project\backend\node_modules\mongodb\lib\collection.js:224:16)
    at async Collection.insertMany (C:\steel-project(2)\steel-project\steel-project\backend\node_modules\mongodb\lib\collection.js:171:25)
2026-09-24T09:20:20.876Z: MongoBulkWriteError: you are over your space quota, using 514 MB of 512 MB. Writes are blocked on your cluster. Free up storage by deleting unnecessary data or add storage by updating cluster tier. Add a payment method and scale cluster tier in Atlas: https://cloud.mongodb.com/v2/69c250977259485142d5ad73#/clusters/upgradeTemplates/SteelDMS?limit=storage
    at executeCommands (C:\steel-project(2)\steel-project\steel-project\backend\node_modules\mongodb\lib\bulk\common.js:341:23)
    at process.processTicksAndRejections (node:internal/process/task_queues:104:5)
    at async C:\steel-project(2)\steel-project\steel-project\backend\node_modules\mongodb\lib\bulk\common.js:790:24
    at async MongoClient.withSession (C:\steel-project(2)\steel-project\steel-project\backend\node_modules\mongodb\lib\mongo_client.js:477:20)
    at async OrderedBulkOperation.execute (C:\steel-project(2)\steel-project\steel-project\backend\node_modules\mongodb\lib\bulk\common.js:789:20)
    at async Collection.bulkWrite (C:\steel-project(2)\steel-project\steel-project\backend\node_modules\mongodb\lib\collection.js:224:16)
    at async Collection.insertMany (C:\steel-project(2)\steel-project\steel-project\backend\node_modules\mongodb\lib\collection.js:171:25)
2026-09-24T09:20:21.032Z: MongoBulkWriteError: you are over your space quota, using 514 MB of 512 MB. Writes are blocked on your cluster. Free up storage by deleting unnecessary data or add storage by updating cluster tier. Add a payment method and scale cluster tier in Atlas: https://cloud.mongodb.com/v2/69c250977259485142d5ad73#/clusters/upgradeTemplates/SteelDMS?limit=storage
    at executeCommands (C:\steel-project(2)\steel-project\steel-project\backend\node_modules\mongodb\lib\bulk\common.js:341:23)
    at process.processTicksAndRejections (node:internal/process/task_queues:104:5)
    at async C:\steel-project(2)\steel-project\steel-project\backend\node_modules\mongodb\lib\bulk\common.js:790:24
    at async MongoClient.withSession (C:\steel-project(2)\steel-project\steel-project\backend\node_modules\mongodb\lib\mongo_client.js:477:20)
    at async OrderedBulkOperation.execute (C:\steel-project(2)\steel-project\steel-project\backend\node_modules\mongodb\lib\bulk\common.js:789:20)
    at async Collection.bulkWrite (C:\steel-project(2)\steel-project\steel-project\backend\node_modules\mongodb\lib\collection.js:224:16)
    at async Collection.insertMany (C:\steel-project(2)\steel-project\steel-project\backend\node_modules\mongodb\lib\collection.js:171:25)
2026-09-30T08:37:01.470Z: Error: No completed extractions found for this transmittal.
    at _internalGenerateTransmittal (C:\steel-project(2)\steel-project\steel-project\backend\src\services\transmittalService.js:282:15)
    at process.processTicksAndRejections (node:internal/process/task_queues:104:5)
    at async generateTransmittal (C:\steel-project(2)\steel-project\steel-project\backend\src\services\transmittalService.js:251:24)
    at async exports.generateTransmittal (C:\steel-project(2)\steel-project\steel-project\backend\src\controllers\transmittalController.js:89:24)
2026-09-30T08:37:01.695Z: Error: No completed extractions found for this transmittal.
    at _internalGenerateTransmittal (C:\steel-project(2)\steel-project\steel-project\backend\src\services\transmittalService.js:282:15)
    at process.processTicksAndRejections (node:internal/process/task_queues:104:5)
    at async generateTransmittal (C:\steel-project(2)\steel-project\steel-project\backend\src\services\transmittalService.js:251:24)
    at async exports.generateTransmittal (C:\steel-project(2)\steel-project\steel-project\backend\src\controllers\transmittalController.js:89:24)
2026-09-30T08:37:01.797Z: Error: No completed extractions found for this transmittal.
    at _internalGenerateTransmittal (C:\steel-project(2)\steel-project\steel-project\backend\src\services\transmittalService.js:282:15)
    at process.processTicksAndRejections (node:internal/process/task_queues:104:5)
    at async generateTransmittal (C:\steel-project(2)\steel-project\steel-project\backend\src\services\transmittalService.js:251:24)
    at async exports.generateTransmittal (C:\steel-project(2)\steel-project\steel-project\backend\src\controllers\transmittalController.js:89:24)
2026-09-30T08:37:01.897Z: Error: No completed extractions found for this transmittal.
    at _internalGenerateTransmittal (C:\steel-project(2)\steel-project\steel-project\backend\src\services\transmittalService.js:282:15)
    at process.processTicksAndRejections (node:internal/process/task_queues:104:5)
    at async generateTransmittal (C:\steel-project(2)\steel-project\steel-project\backend\src\services\transmittalService.js:251:24)
    at async exports.generateTransmittal (C:\steel-project(2)\steel-project\steel-project\backend\src\controllers\transmittalController.js:89:24)
2026-09-30T08:37:02.007Z: Error: No completed extractions found for this transmittal.
    at _internalGenerateTransmittal (C:\steel-project(2)\steel-project\steel-project\backend\src\services\transmittalService.js:282:15)
    at process.processTicksAndRejections (node:internal/process/task_queues:104:5)
    at async generateTransmittal (C:\steel-project(2)\steel-project\steel-project\backend\src\services\transmittalService.js:251:24)
    at async exports.generateTransmittal (C:\steel-project(2)\steel-project\steel-project\backend\src\controllers\transmittalController.js:89:24)
2026-09-30T08:37:02.405Z: Error: No completed extractions found for this transmittal.
    at _internalGenerateTransmittal (C:\steel-project(2)\steel-project\steel-project\backend\src\services\transmittalService.js:282:15)
    at process.processTicksAndRejections (node:internal/process/task_queues:104:5)
    at async generateTransmittal (C:\steel-project(2)\steel-project\steel-project\backend\src\services\transmittalService.js:251:24)
    at async exports.generateTransmittal (C:\steel-project(2)\steel-project\steel-project\backend\src\controllers\transmittalController.js:89:24)
2026-09-30T08:37:02.824Z: Error: No completed extractions found for this transmittal.
    at _internalGenerateTransmittal (C:\steel-project(2)\steel-project\steel-project\backend\src\services\transmittalService.js:282:15)
    at process.processTicksAndRejections (node:internal/process/task_queues:104:5)
    at async generateTransmittal (C:\steel-project(2)\steel-project\steel-project\backend\src\services\transmittalService.js:251:24)
    at async exports.generateTransmittal (C:\steel-project(2)\steel-project\steel-project\backend\src\controllers\transmittalController.js:89:24)
2026-09-30T08:37:02.978Z: Error: No completed extractions found for this transmittal.
    at _internalGenerateTransmittal (C:\steel-project(2)\steel-project\steel-project\backend\src\services\transmittalService.js:282:15)
    at process.processTicksAndRejections (node:internal/process/task_queues:104:5)
    at async generateTransmittal (C:\steel-project(2)\steel-project\steel-project\backend\src\services\transmittalService.js:251:24)
    at async exports.generateTransmittal (C:\steel-project(2)\steel-project\steel-project\backend\src\controllers\transmittalController.js:89:24)
2026-09-30T08:37:03.314Z: Error: No completed extractions found for this transmittal.
    at _internalGenerateTransmittal (C:\steel-project(2)\steel-project\steel-project\backend\src\services\transmittalService.js:282:15)
    at process.processTicksAndRejections (node:internal/process/task_queues:104:5)
    at async generateTransmittal (C:\steel-project(2)\steel-project\steel-project\backend\src\services\transmittalService.js:251:24)
    at async exports.generateTransmittal (C:\steel-project(2)\steel-project\steel-project\backend\src\controllers\transmittalController.js:89:24)
2026-09-30T08:37:03.458Z: Error: No completed extractions found for this transmittal.
    at _internalGenerateTransmittal (C:\steel-project(2)\steel-project\steel-project\backend\src\services\transmittalService.js:282:15)
    at process.processTicksAndRejections (node:internal/process/task_queues:104:5)
    at async generateTransmittal (C:\steel-project(2)\steel-project\steel-project\backend\src\services\transmittalService.js:251:24)
    at async exports.generateTransmittal (C:\steel-project(2)\steel-project\steel-project\backend\src\controllers\transmittalController.js:89:24)
2026-09-30T08:37:03.571Z: Error: No completed extractions found for this transmittal.
    at _internalGenerateTransmittal (C:\steel-project(2)\steel-project\steel-project\backend\src\services\transmittalService.js:282:15)
    at process.processTicksAndRejections (node:internal/process/task_queues:104:5)
    at async generateTransmittal (C:\steel-project(2)\steel-project\steel-project\backend\src\services\transmittalService.js:251:24)
    at async exports.generateTransmittal (C:\steel-project(2)\steel-project\steel-project\backend\src\controllers\transmittalController.js:89:24)
2026-09-30T08:37:03.678Z: Error: No completed extractions found for this transmittal.
    at _internalGenerateTransmittal (C:\steel-project(2)\steel-project\steel-project\backend\src\services\transmittalService.js:282:15)
    at process.processTicksAndRejections (node:internal/process/task_queues:104:5)
    at async generateTransmittal (C:\steel-project(2)\steel-project\steel-project\backend\src\services\transmittalService.js:251:24)
    at async exports.generateTransmittal (C:\steel-project(2)\steel-project\steel-project\backend\src\controllers\transmittalController.js:89:24)
2026-09-30T08:37:03.882Z: Error: No completed extractions found for this transmittal.
    at _internalGenerateTransmittal (C:\steel-project(2)\steel-project\steel-project\backend\src\services\transmittalService.js:282:15)
    at process.processTicksAndRejections (node:internal/process/task_queues:104:5)
    at async generateTransmittal (C:\steel-project(2)\steel-project\steel-project\backend\src\services\transmittalService.js:251:24)
    at async exports.generateTransmittal (C:\steel-project(2)\steel-project\steel-project\backend\src\controllers\transmittalController.js:89:24)
2026-09-30T08:37:04.005Z: Error: No completed extractions found for this transmittal.
    at _internalGenerateTransmittal (C:\steel-project(2)\steel-project\steel-project\backend\src\services\transmittalService.js:282:15)
    at process.processTicksAndRejections (node:internal/process/task_queues:104:5)
    at async generateTransmittal (C:\steel-project(2)\steel-project\steel-project\backend\src\services\transmittalService.js:251:24)
    at async exports.generateTransmittal (C:\steel-project(2)\steel-project\steel-project\backend\src\controllers\transmittalController.js:89:24)
2026-09-30T08:37:04.114Z: Error: No completed extractions found for this transmittal.
    at _internalGenerateTransmittal (C:\steel-project(2)\steel-project\steel-project\backend\src\services\transmittalService.js:282:15)
    at process.processTicksAndRejections (node:internal/process/task_queues:104:5)
    at async generateTransmittal (C:\steel-project(2)\steel-project\steel-project\backend\src\services\transmittalService.js:251:24)
    at async exports.generateTransmittal (C:\steel-project(2)\steel-project\steel-project\backend\src\controllers\transmittalController.js:89:24)
2026-09-30T08:37:04.231Z: Error: No completed extractions found for this transmittal.
    at _internalGenerateTransmittal (C:\steel-project(2)\steel-project\steel-project\backend\src\services\transmittalService.js:282:15)
    at process.processTicksAndRejections (node:internal/process/task_queues:104:5)
    at async generateTransmittal (C:\steel-project(2)\steel-project\steel-project\backend\src\services\transmittalService.js:251:24)
    at async exports.generateTransmittal (C:\steel-project(2)\steel-project\steel-project\backend\src\controllers\transmittalController.js:89:24)
2026-09-30T08:37:04.738Z: Error: No completed extractions found for this transmittal.
    at _internalGenerateTransmittal (C:\steel-project(2)\steel-project\steel-project\backend\src\services\transmittalService.js:282:15)
    at process.processTicksAndRejections (node:internal/process/task_queues:104:5)
    at async generateTransmittal (C:\steel-project(2)\steel-project\steel-project\backend\src\services\transmittalService.js:251:24)
    at async exports.generateTransmittal (C:\steel-project(2)\steel-project\steel-project\backend\src\controllers\transmittalController.js:89:24)
2026-09-30T08:37:04.847Z: Error: No completed extractions found for this transmittal.
    at _internalGenerateTransmittal (C:\steel-project(2)\steel-project\steel-project\backend\src\services\transmittalService.js:282:15)
    at process.processTicksAndRejections (node:internal/process/task_queues:104:5)
    at async generateTransmittal (C:\steel-project(2)\steel-project\steel-project\backend\src\services\transmittalService.js:251:24)
    at async exports.generateTransmittal (C:\steel-project(2)\steel-project\steel-project\backend\src\controllers\transmittalController.js:89:24)
2026-09-30T08:37:04.953Z: Error: No completed extractions found for this transmittal.
    at _internalGenerateTransmittal (C:\steel-project(2)\steel-project\steel-project\backend\src\services\transmittalService.js:282:15)
    at process.processTicksAndRejections (node:internal/process/task_queues:104:5)
    at async generateTransmittal (C:\steel-project(2)\steel-project\steel-project\backend\src\services\transmittalService.js:251:24)
    at async exports.generateTransmittal (C:\steel-project(2)\steel-project\steel-project\backend\src\controllers\transmittalController.js:89:24)
2026-09-30T08:37:05.067Z: Error: No completed extractions found for this transmittal.
    at _internalGenerateTransmittal (C:\steel-project(2)\steel-project\steel-project\backend\src\services\transmittalService.js:282:15)
    at process.processTicksAndRejections (node:internal/process/task_queues:104:5)
    at async generateTransmittal (C:\steel-project(2)\steel-project\steel-project\backend\src\services\transmittalService.js:251:24)
    at async exports.generateTransmittal (C:\steel-project(2)\steel-project\steel-project\backend\src\controllers\transmittalController.js:89:24)
2026-09-30T08:37:05.406Z: Error: No completed extractions found for this transmittal.
    at _internalGenerateTransmittal (C:\steel-project(2)\steel-project\steel-project\backend\src\services\transmittalService.js:282:15)
    at process.processTicksAndRejections (node:internal/process/task_queues:104:5)
    at async generateTransmittal (C:\steel-project(2)\steel-project\steel-project\backend\src\services\transmittalService.js:251:24)
    at async exports.generateTransmittal (C:\steel-project(2)\steel-project\steel-project\backend\src\controllers\transmittalController.js:89:24)
2026-09-30T08:37:05.506Z: Error: No completed extractions found for this transmittal.
    at _internalGenerateTransmittal (C:\steel-project(2)\steel-project\steel-project\backend\src\services\transmittalService.js:282:15)
    at process.processTicksAndRejections (node:internal/process/task_queues:104:5)
    at async generateTransmittal (C:\steel-project(2)\steel-project\steel-project\backend\src\services\transmittalService.js:251:24)
    at async exports.generateTransmittal (C:\steel-project(2)\steel-project\steel-project\backend\src\controllers\transmittalController.js:89:24)
2026-09-30T08:37:05.620Z: Error: No completed extractions found for this transmittal.
    at _internalGenerateTransmittal (C:\steel-project(2)\steel-project\steel-project\backend\src\services\transmittalService.js:282:15)
    at process.processTicksAndRejections (node:internal/process/task_queues:104:5)
    at async generateTransmittal (C:\steel-project(2)\steel-project\steel-project\backend\src\services\transmittalService.js:251:24)
    at async exports.generateTransmittal (C:\steel-project(2)\steel-project\steel-project\backend\src\controllers\transmittalController.js:89:24)
2026-09-30T08:37:05.734Z: Error: No completed extractions found for this transmittal.
    at _internalGenerateTransmittal (C:\steel-project(2)\steel-project\steel-project\backend\src\services\transmittalService.js:282:15)
    at process.processTicksAndRejections (node:internal/process/task_queues:104:5)
    at async generateTransmittal (C:\steel-project(2)\steel-project\steel-project\backend\src\services\transmittalService.js:251:24)
    at async exports.generateTransmittal (C:\steel-project(2)\steel-project\steel-project\backend\src\controllers\transmittalController.js:89:24)
2026-09-30T08:37:05.852Z: Error: No completed extractions found for this transmittal.
    at _internalGenerateTransmittal (C:\steel-project(2)\steel-project\steel-project\backend\src\services\transmittalService.js:282:15)
    at process.processTicksAndRejections (node:internal/process/task_queues:104:5)
    at async generateTransmittal (C:\steel-project(2)\steel-project\steel-project\backend\src\services\transmittalService.js:251:24)
    at async exports.generateTransmittal (C:\steel-project(2)\steel-project\steel-project\backend\src\controllers\transmittalController.js:89:24)
2026-09-30T08:37:05.956Z: Error: No completed extractions found for this transmittal.
    at _internalGenerateTransmittal (C:\steel-project(2)\steel-project\steel-project\backend\src\services\transmittalService.js:282:15)
    at process.processTicksAndRejections (node:internal/process/task_queues:104:5)
    at async generateTransmittal (C:\steel-project(2)\steel-project\steel-project\backend\src\services\transmittalService.js:251:24)
    at async exports.generateTransmittal (C:\steel-project(2)\steel-project\steel-project\backend\src\controllers\transmittalController.js:89:24)
2026-09-30T08:37:06.056Z: Error: No completed extractions found for this transmittal.
    at _internalGenerateTransmittal (C:\steel-project(2)\steel-project\steel-project\backend\src\services\transmittalService.js:282:15)
    at process.processTicksAndRejections (node:internal/process/task_queues:104:5)
    at async generateTransmittal (C:\steel-project(2)\steel-project\steel-project\backend\src\services\transmittalService.js:251:24)
    at async exports.generateTransmittal (C:\steel-project(2)\steel-project\steel-project\backend\src\controllers\transmittalController.js:89:24)
2026-09-30T08:37:06.171Z: Error: No completed extractions found for this transmittal.
    at _internalGenerateTransmittal (C:\steel-project(2)\steel-project\steel-project\backend\src\services\transmittalService.js:282:15)
    at process.processTicksAndRejections (node:internal/process/task_queues:104:5)
    at async generateTransmittal (C:\steel-project(2)\steel-project\steel-project\backend\src\services\transmittalService.js:251:24)
    at async exports.generateTransmittal (C:\steel-project(2)\steel-project\steel-project\backend\src\controllers\transmittalController.js:89:24)
2026-09-30T08:37:06.285Z: Error: No completed extractions found for this transmittal.
    at _internalGenerateTransmittal (C:\steel-project(2)\steel-project\steel-project\backend\src\services\transmittalService.js:282:15)
    at process.processTicksAndRejections (node:internal/process/task_queues:104:5)
    at async generateTransmittal (C:\steel-project(2)\steel-project\steel-project\backend\src\services\transmittalService.js:251:24)
    at async exports.generateTransmittal (C:\steel-project(2)\steel-project\steel-project\backend\src\controllers\transmittalController.js:89:24)
2026-09-30T08:37:06.402Z: Error: No completed extractions found for this transmittal.
    at _internalGenerateTransmittal (C:\steel-project(2)\steel-project\steel-project\backend\src\services\transmittalService.js:282:15)
    at process.processTicksAndRejections (node:internal/process/task_queues:104:5)
    at async generateTransmittal (C:\steel-project(2)\steel-project\steel-project\backend\src\services\transmittalService.js:251:24)
    at async exports.generateTransmittal (C:\steel-project(2)\steel-project\steel-project\backend\src\controllers\transmittalController.js:89:24)
2026-09-30T08:37:06.491Z: Error: No completed extractions found for this transmittal.
    at _internalGenerateTransmittal (C:\steel-project(2)\steel-project\steel-project\backend\src\services\transmittalService.js:282:15)
    at process.processTicksAndRejections (node:internal/process/task_queues:104:5)
    at async generateTransmittal (C:\steel-project(2)\steel-project\steel-project\backend\src\services\transmittalService.js:251:24)
    at async exports.generateTransmittal (C:\steel-project(2)\steel-project\steel-project\backend\src\controllers\transmittalController.js:89:24)
2026-09-30T08:37:06.587Z: Error: No completed extractions found for this transmittal.
    at _internalGenerateTransmittal (C:\steel-project(2)\steel-project\steel-project\backend\src\services\transmittalService.js:282:15)
    at process.processTicksAndRejections (node:internal/process/task_queues:104:5)
    at async generateTransmittal (C:\steel-project(2)\steel-project\steel-project\backend\src\services\transmittalService.js:251:24)
    at async exports.generateTransmittal (C:\steel-project(2)\steel-project\steel-project\backend\src\controllers\transmittalController.js:89:24)
2026-09-30T08:37:06.689Z: Error: No completed extractions found for this transmittal.
    at _internalGenerateTransmittal (C:\steel-project(2)\steel-project\steel-project\backend\src\services\transmittalService.js:282:15)
    at process.processTicksAndRejections (node:internal/process/task_queues:104:5)
    at async generateTransmittal (C:\steel-project(2)\steel-project\steel-project\backend\src\services\transmittalService.js:251:24)
    at async exports.generateTransmittal (C:\steel-project(2)\steel-project\steel-project\backend\src\controllers\transmittalController.js:89:24)
2026-09-30T08:37:06.785Z: Error: No completed extractions found for this transmittal.
    at _internalGenerateTransmittal (C:\steel-project(2)\steel-project\steel-project\backend\src\services\transmittalService.js:282:15)
    at process.processTicksAndRejections (node:internal/process/task_queues:104:5)
    at async generateTransmittal (C:\steel-project(2)\steel-project\steel-project\backend\src\services\transmittalService.js:251:24)
    at async exports.generateTransmittal (C:\steel-project(2)\steel-project\steel-project\backend\src\controllers\transmittalController.js:89:24)
2026-09-30T08:37:06.888Z: Error: No completed extractions found for this transmittal.
    at _internalGenerateTransmittal (C:\steel-project(2)\steel-project\steel-project\backend\src\services\transmittalService.js:282:15)
    at process.processTicksAndRejections (node:internal/process/task_queues:104:5)
    at async generateTransmittal (C:\steel-project(2)\steel-project\steel-project\backend\src\services\transmittalService.js:251:24)
    at async exports.generateTransmittal (C:\steel-project(2)\steel-project\steel-project\backend\src\controllers\transmittalController.js:89:24)
2026-09-30T08:37:07.002Z: Error: No completed extractions found for this transmittal.
    at _internalGenerateTransmittal (C:\steel-project(2)\steel-project\steel-project\backend\src\services\transmittalService.js:282:15)
    at process.processTicksAndRejections (node:internal/process/task_queues:104:5)
    at async generateTransmittal (C:\steel-project(2)\steel-project\steel-project\backend\src\services\transmittalService.js:251:24)
    at async exports.generateTransmittal (C:\steel-project(2)\steel-project\steel-project\backend\src\controllers\transmittalController.js:89:24)
2026-09-30T08:37:07.120Z: Error: No completed extractions found for this transmittal.
    at _internalGenerateTransmittal (C:\steel-project(2)\steel-project\steel-project\backend\src\services\transmittalService.js:282:15)
    at process.processTicksAndRejections (node:internal/process/task_queues:104:5)
    at async generateTransmittal (C:\steel-project(2)\steel-project\steel-project\backend\src\services\transmittalService.js:251:24)
    at async exports.generateTransmittal (C:\steel-project(2)\steel-project\steel-project\backend\src\controllers\transmittalController.js:89:24)
2026-09-30T08:37:07.246Z: Error: No completed extractions found for this transmittal.
    at _internalGenerateTransmittal (C:\steel-project(2)\steel-project\steel-project\backend\src\services\transmittalService.js:282:15)
    at process.processTicksAndRejections (node:internal/process/task_queues:104:5)
    at async generateTransmittal (C:\steel-project(2)\steel-project\steel-project\backend\src\services\transmittalService.js:251:24)
    at async exports.generateTransmittal (C:\steel-project(2)\steel-project\steel-project\backend\src\controllers\transmittalController.js:89:24)
2026-09-30T08:37:07.360Z: Error: No completed extractions found for this transmittal.
    at _internalGenerateTransmittal (C:\steel-project(2)\steel-project\steel-project\backend\src\services\transmittalService.js:282:15)
    at process.processTicksAndRejections (node:internal/process/task_queues:104:5)
    at async generateTransmittal (C:\steel-project(2)\steel-project\steel-project\backend\src\services\transmittalService.js:251:24)
    at async exports.generateTransmittal (C:\steel-project(2)\steel-project\steel-project\backend\src\controllers\transmittalController.js:89:24)
2026-09-30T08:37:07.473Z: Error: No completed extractions found for this transmittal.
    at _internalGenerateTransmittal (C:\steel-project(2)\steel-project\steel-project\backend\src\services\transmittalService.js:282:15)
    at process.processTicksAndRejections (node:internal/process/task_queues:104:5)
    at async generateTransmittal (C:\steel-project(2)\steel-project\steel-project\backend\src\services\transmittalService.js:251:24)
    at async exports.generateTransmittal (C:\steel-project(2)\steel-project\steel-project\backend\src\controllers\transmittalController.js:89:24)
2026-09-30T08:37:08.026Z: Error: No completed extractions found for this transmittal.
    at _internalGenerateTransmittal (C:\steel-project(2)\steel-project\steel-project\backend\src\services\transmittalService.js:282:15)
    at process.processTicksAndRejections (node:internal/process/task_queues:104:5)
    at async generateTransmittal (C:\steel-project(2)\steel-project\steel-project\backend\src\services\transmittalService.js:251:24)
    at async exports.generateTransmittal (C:\steel-project(2)\steel-project\steel-project\backend\src\controllers\transmittalController.js:89:24)
2026-09-30T08:37:08.129Z: Error: No completed extractions found for this transmittal.
    at _internalGenerateTransmittal (C:\steel-project(2)\steel-project\steel-project\backend\src\services\transmittalService.js:282:15)
    at process.processTicksAndRejections (node:internal/process/task_queues:104:5)
    at async generateTransmittal (C:\steel-project(2)\steel-project\steel-project\backend\src\services\transmittalService.js:251:24)
    at async exports.generateTransmittal (C:\steel-project(2)\steel-project\steel-project\backend\src\controllers\transmittalController.js:89:24)
2026-09-30T08:37:08.239Z: Error: No completed extractions found for this transmittal.
    at _internalGenerateTransmittal (C:\steel-project(2)\steel-project\steel-project\backend\src\services\transmittalService.js:282:15)
    at process.processTicksAndRejections (node:internal/process/task_queues:104:5)
    at async generateTransmittal (C:\steel-project(2)\steel-project\steel-project\backend\src\services\transmittalService.js:251:24)
    at async exports.generateTransmittal (C:\steel-project(2)\steel-project\steel-project\backend\src\controllers\transmittalController.js:89:24)
2026-09-30T08:37:08.367Z: Error: No completed extractions found for this transmittal.
    at _internalGenerateTransmittal (C:\steel-project(2)\steel-project\steel-project\backend\src\services\transmittalService.js:282:15)
    at process.processTicksAndRejections (node:internal/process/task_queues:104:5)
    at async generateTransmittal (C:\steel-project(2)\steel-project\steel-project\backend\src\services\transmittalService.js:251:24)
    at async exports.generateTransmittal (C:\steel-project(2)\steel-project\steel-project\backend\src\controllers\transmittalController.js:89:24)
2026-09-30T08:37:08.468Z: Error: No completed extractions found for this transmittal.
    at _internalGenerateTransmittal (C:\steel-project(2)\steel-project\steel-project\backend\src\services\transmittalService.js:282:15)
    at process.processTicksAndRejections (node:internal/process/task_queues:104:5)
    at async generateTransmittal (C:\steel-project(2)\steel-project\steel-project\backend\src\services\transmittalService.js:251:24)
    at async exports.generateTransmittal (C:\steel-project(2)\steel-project\steel-project\backend\src\controllers\transmittalController.js:89:24)
2026-09-30T08:37:08.563Z: Error: No completed extractions found for this transmittal.
    at _internalGenerateTransmittal (C:\steel-project(2)\steel-project\steel-project\backend\src\services\transmittalService.js:282:15)
    at process.processTicksAndRejections (node:internal/process/task_queues:104:5)
    at async generateTransmittal (C:\steel-project(2)\steel-project\steel-project\backend\src\services\transmittalService.js:251:24)
    at async exports.generateTransmittal (C:\steel-project(2)\steel-project\steel-project\backend\src\controllers\transmittalController.js:89:24)
2026-09-30T08:37:08.665Z: Error: No completed extractions found for this transmittal.
    at _internalGenerateTransmittal (C:\steel-project(2)\steel-project\steel-project\backend\src\services\transmittalService.js:282:15)
    at process.processTicksAndRejections (node:internal/process/task_queues:104:5)
    at async generateTransmittal (C:\steel-project(2)\steel-project\steel-project\backend\src\services\transmittalService.js:251:24)
    at async exports.generateTransmittal (C:\steel-project(2)\steel-project\steel-project\backend\src\controllers\transmittalController.js:89:24)
2026-09-30T08:37:08.768Z: Error: No completed extractions found for this transmittal.
    at _internalGenerateTransmittal (C:\steel-project(2)\steel-project\steel-project\backend\src\services\transmittalService.js:282:15)
    at process.processTicksAndRejections (node:internal/process/task_queues:104:5)
    at async generateTransmittal (C:\steel-project(2)\steel-project\steel-project\backend\src\services\transmittalService.js:251:24)
    at async exports.generateTransmittal (C:\steel-project(2)\steel-project\steel-project\backend\src\controllers\transmittalController.js:89:24)
2026-09-30T08:37:08.866Z: Error: No completed extractions found for this transmittal.
    at _internalGenerateTransmittal (C:\steel-project(2)\steel-project\steel-project\backend\src\services\transmittalService.js:282:15)
    at process.processTicksAndRejections (node:internal/process/task_queues:104:5)
    at async generateTransmittal (C:\steel-project(2)\steel-project\steel-project\backend\src\services\transmittalService.js:251:24)
    at async exports.generateTransmittal (C:\steel-project(2)\steel-project\steel-project\backend\src\controllers\transmittalController.js:89:24)
2026-09-30T08:37:08.961Z: Error: No completed extractions found for this transmittal.
    at _internalGenerateTransmittal (C:\steel-project(2)\steel-project\steel-project\backend\src\services\transmittalService.js:282:15)
    at process.processTicksAndRejections (node:internal/process/task_queues:104:5)
    at async generateTransmittal (C:\steel-project(2)\steel-project\steel-project\backend\src\services\transmittalService.js:251:24)
    at async exports.generateTransmittal (C:\steel-project(2)\steel-project\steel-project\backend\src\controllers\transmittalController.js:89:24)
2026-09-30T08:37:09.061Z: Error: No completed extractions found for this transmittal.
    at _internalGenerateTransmittal (C:\steel-project(2)\steel-project\steel-project\backend\src\services\transmittalService.js:282:15)
    at process.processTicksAndRejections (node:internal/process/task_queues:104:5)
    at async generateTransmittal (C:\steel-project(2)\steel-project\steel-project\backend\src\services\transmittalService.js:251:24)
    at async exports.generateTransmittal (C:\steel-project(2)\steel-project\steel-project\backend\src\controllers\transmittalController.js:89:24)
2026-09-30T08:37:09.162Z: Error: No completed extractions found for this transmittal.
    at _internalGenerateTransmittal (C:\steel-project(2)\steel-project\steel-project\backend\src\services\transmittalService.js:282:15)
    at process.processTicksAndRejections (node:internal/process/task_queues:104:5)
    at async generateTransmittal (C:\steel-project(2)\steel-project\steel-project\backend\src\services\transmittalService.js:251:24)
    at async exports.generateTransmittal (C:\steel-project(2)\steel-project\steel-project\backend\src\controllers\transmittalController.js:89:24)
2026-09-30T08:37:09.261Z: Error: No completed extractions found for this transmittal.
    at _internalGenerateTransmittal (C:\steel-project(2)\steel-project\steel-project\backend\src\services\transmittalService.js:282:15)
    at process.processTicksAndRejections (node:internal/process/task_queues:104:5)
    at async generateTransmittal (C:\steel-project(2)\steel-project\steel-project\backend\src\services\transmittalService.js:251:24)
    at async exports.generateTransmittal (C:\steel-project(2)\steel-project\steel-project\backend\src\controllers\transmittalController.js:89:24)
2026-09-30T08:37:09.356Z: Error: No completed extractions found for this transmittal.
    at _internalGenerateTransmittal (C:\steel-project(2)\steel-project\steel-project\backend\src\services\transmittalService.js:282:15)
    at process.processTicksAndRejections (node:internal/process/task_queues:104:5)
    at async generateTransmittal (C:\steel-project(2)\steel-project\steel-project\backend\src\services\transmittalService.js:251:24)
    at async exports.generateTransmittal (C:\steel-project(2)\steel-project\steel-project\backend\src\controllers\transmittalController.js:89:24)
2026-09-30T08:37:09.453Z: Error: No completed extractions found for this transmittal.
    at _internalGenerateTransmittal (C:\steel-project(2)\steel-project\steel-project\backend\src\services\transmittalService.js:282:15)
    at process.processTicksAndRejections (node:internal/process/task_queues:104:5)
    at async generateTransmittal (C:\steel-project(2)\steel-project\steel-project\backend\src\services\transmittalService.js:251:24)
    at async exports.generateTransmittal (C:\steel-project(2)\steel-project\steel-project\backend\src\controllers\transmittalController.js:89:24)
2026-09-30T08:37:09.554Z: Error: No completed extractions found for this transmittal.
    at _internalGenerateTransmittal (C:\steel-project(2)\steel-project\steel-project\backend\src\services\transmittalService.js:282:15)
    at process.processTicksAndRejections (node:internal/process/task_queues:104:5)
    at async generateTransmittal (C:\steel-project(2)\steel-project\steel-project\backend\src\services\transmittalService.js:251:24)
    at async exports.generateTransmittal (C:\steel-project(2)\steel-project\steel-project\backend\src\controllers\transmittalController.js:89:24)
2026-09-30T08:37:09.685Z: Error: No completed extractions found for this transmittal.
    at _internalGenerateTransmittal (C:\steel-project(2)\steel-project\steel-project\backend\src\services\transmittalService.js:282:15)
    at process.processTicksAndRejections (node:internal/process/task_queues:104:5)
    at async generateTransmittal (C:\steel-project(2)\steel-project\steel-project\backend\src\services\transmittalService.js:251:24)
    at async exports.generateTransmittal (C:\steel-project(2)\steel-project\steel-project\backend\src\controllers\transmittalController.js:89:24)
2026-09-30T08:37:09.802Z: Error: No completed extractions found for this transmittal.
    at _internalGenerateTransmittal (C:\steel-project(2)\steel-project\steel-project\backend\src\services\transmittalService.js:282:15)
    at process.processTicksAndRejections (node:internal/process/task_queues:104:5)
    at async generateTransmittal (C:\steel-project(2)\steel-project\steel-project\backend\src\services\transmittalService.js:251:24)
    at async exports.generateTransmittal (C:\steel-project(2)\steel-project\steel-project\backend\src\controllers\transmittalController.js:89:24)
2026-09-30T08:37:09.900Z: Error: No completed extractions found for this transmittal.
    at _internalGenerateTransmittal (C:\steel-project(2)\steel-project\steel-project\backend\src\services\transmittalService.js:282:15)
    at process.processTicksAndRejections (node:internal/process/task_queues:104:5)
    at async generateTransmittal (C:\steel-project(2)\steel-project\steel-project\backend\src\services\transmittalService.js:251:24)
    at async exports.generateTransmittal (C:\steel-project(2)\steel-project\steel-project\backend\src\controllers\transmittalController.js:89:24)
2026-09-30T08:37:10.245Z: Error: No completed extractions found for this transmittal.
    at _internalGenerateTransmittal (C:\steel-project(2)\steel-project\steel-project\backend\src\services\transmittalService.js:282:15)
    at process.processTicksAndRejections (node:internal/process/task_queues:104:5)
    at async generateTransmittal (C:\steel-project(2)\steel-project\steel-project\backend\src\services\transmittalService.js:251:24)
    at async exports.generateTransmittal (C:\steel-project(2)\steel-project\steel-project\backend\src\controllers\transmittalController.js:89:24)
2026-09-30T08:37:10.354Z: Error: No completed extractions found for this transmittal.
    at _internalGenerateTransmittal (C:\steel-project(2)\steel-project\steel-project\backend\src\services\transmittalService.js:282:15)
    at process.processTicksAndRejections (node:internal/process/task_queues:104:5)
    at async generateTransmittal (C:\steel-project(2)\steel-project\steel-project\backend\src\services\transmittalService.js:251:24)
    at async exports.generateTransmittal (C:\steel-project(2)\steel-project\steel-project\backend\src\controllers\transmittalController.js:89:24)
2026-09-30T08:37:10.456Z: Error: No completed extractions found for this transmittal.
    at _internalGenerateTransmittal (C:\steel-project(2)\steel-project\steel-project\backend\src\services\transmittalService.js:282:15)
    at process.processTicksAndRejections (node:internal/process/task_queues:104:5)
    at async generateTransmittal (C:\steel-project(2)\steel-project\steel-project\backend\src\services\transmittalService.js:251:24)
    at async exports.generateTransmittal (C:\steel-project(2)\steel-project\steel-project\backend\src\controllers\transmittalController.js:89:24)
2026-09-30T08:37:10.558Z: Error: No completed extractions found for this transmittal.
    at _internalGenerateTransmittal (C:\steel-project(2)\steel-project\steel-project\backend\src\services\transmittalService.js:282:15)
    at process.processTicksAndRejections (node:internal/process/task_queues:104:5)
    at async generateTransmittal (C:\steel-project(2)\steel-project\steel-project\backend\src\services\transmittalService.js:251:24)
    at async exports.generateTransmittal (C:\steel-project(2)\steel-project\steel-project\backend\src\controllers\transmittalController.js:89:24)
2026-09-30T08:37:10.656Z: Error: No completed extractions found for this transmittal.
    at _internalGenerateTransmittal (C:\steel-project(2)\steel-project\steel-project\backend\src\services\transmittalService.js:282:15)
    at process.processTicksAndRejections (node:internal/process/task_queues:104:5)
    at async generateTransmittal (C:\steel-project(2)\steel-project\steel-project\backend\src\services\transmittalService.js:251:24)
    at async exports.generateTransmittal (C:\steel-project(2)\steel-project\steel-project\backend\src\controllers\transmittalController.js:89:24)
2026-09-30T08:37:10.768Z: Error: No completed extractions found for this transmittal.
    at _internalGenerateTransmittal (C:\steel-project(2)\steel-project\steel-project\backend\src\services\transmittalService.js:282:15)
    at process.processTicksAndRejections (node:internal/process/task_queues:104:5)
    at async generateTransmittal (C:\steel-project(2)\steel-project\steel-project\backend\src\services\transmittalService.js:251:24)
    at async exports.generateTransmittal (C:\steel-project(2)\steel-project\steel-project\backend\src\controllers\transmittalController.js:89:24)
2026-09-30T08:37:10.865Z: Error: No completed extractions found for this transmittal.
    at _internalGenerateTransmittal (C:\steel-project(2)\steel-project\steel-project\backend\src\services\transmittalService.js:282:15)
    at process.processTicksAndRejections (node:internal/process/task_queues:104:5)
    at async generateTransmittal (C:\steel-project(2)\steel-project\steel-project\backend\src\services\transmittalService.js:251:24)
    at async exports.generateTransmittal (C:\steel-project(2)\steel-project\steel-project\backend\src\controllers\transmittalController.js:89:24)
2026-09-30T08:37:10.970Z: Error: No completed extractions found for this transmittal.
    at _internalGenerateTransmittal (C:\steel-project(2)\steel-project\steel-project\backend\src\services\transmittalService.js:282:15)
    at process.processTicksAndRejections (node:internal/process/task_queues:104:5)
    at async generateTransmittal (C:\steel-project(2)\steel-project\steel-project\backend\src\services\transmittalService.js:251:24)
    at async exports.generateTransmittal (C:\steel-project(2)\steel-project\steel-project\backend\src\controllers\transmittalController.js:89:24)
2026-09-30T08:37:11.094Z: Error: No completed extractions found for this transmittal.
    at _internalGenerateTransmittal (C:\steel-project(2)\steel-project\steel-project\backend\src\services\transmittalService.js:282:15)
    at process.processTicksAndRejections (node:internal/process/task_queues:104:5)
    at async generateTransmittal (C:\steel-project(2)\steel-project\steel-project\backend\src\services\transmittalService.js:251:24)
    at async exports.generateTransmittal (C:\steel-project(2)\steel-project\steel-project\backend\src\controllers\transmittalController.js:89:24)
2026-09-30T08:37:11.580Z: Error: No completed extractions found for this transmittal.
    at _internalGenerateTransmittal (C:\steel-project(2)\steel-project\steel-project\backend\src\services\transmittalService.js:282:15)
    at process.processTicksAndRejections (node:internal/process/task_queues:104:5)
    at async generateTransmittal (C:\steel-project(2)\steel-project\steel-project\backend\src\services\transmittalService.js:251:24)
    at async exports.generateTransmittal (C:\steel-project(2)\steel-project\steel-project\backend\src\controllers\transmittalController.js:89:24)
2026-09-30T08:37:12.141Z: Error: No completed extractions found for this transmittal.
    at _internalGenerateTransmittal (C:\steel-project(2)\steel-project\steel-project\backend\src\services\transmittalService.js:282:15)
    at process.processTicksAndRejections (node:internal/process/task_queues:104:5)
    at async generateTransmittal (C:\steel-project(2)\steel-project\steel-project\backend\src\services\transmittalService.js:251:24)
    at async exports.generateTransmittal (C:\steel-project(2)\steel-project\steel-project\backend\src\controllers\transmittalController.js:89:24)
2026-09-30T08:37:12.256Z: Error: No completed extractions found for this transmittal.
    at _internalGenerateTransmittal (C:\steel-project(2)\steel-project\steel-project\backend\src\services\transmittalService.js:282:15)
    at process.processTicksAndRejections (node:internal/process/task_queues:104:5)
    at async generateTransmittal (C:\steel-project(2)\steel-project\steel-project\backend\src\services\transmittalService.js:251:24)
    at async exports.generateTransmittal (C:\steel-project(2)\steel-project\steel-project\backend\src\controllers\transmittalController.js:89:24)
2026-09-30T08:37:12.626Z: Error: No completed extractions found for this transmittal.
    at _internalGenerateTransmittal (C:\steel-project(2)\steel-project\steel-project\backend\src\services\transmittalService.js:282:15)
    at process.processTicksAndRejections (node:internal/process/task_queues:104:5)
    at async generateTransmittal (C:\steel-project(2)\steel-project\steel-project\backend\src\services\transmittalService.js:251:24)
    at async exports.generateTransmittal (C:\steel-project(2)\steel-project\steel-project\backend\src\controllers\transmittalController.js:89:24)
2026-09-30T08:37:12.743Z: Error: No completed extractions found for this transmittal.
    at _internalGenerateTransmittal (C:\steel-project(2)\steel-project\steel-project\backend\src\services\transmittalService.js:282:15)
    at process.processTicksAndRejections (node:internal/process/task_queues:104:5)
    at async generateTransmittal (C:\steel-project(2)\steel-project\steel-project\backend\src\services\transmittalService.js:251:24)
    at async exports.generateTransmittal (C:\steel-project(2)\steel-project\steel-project\backend\src\controllers\transmittalController.js:89:24)
2026-09-30T08:37:12.855Z: Error: No completed extractions found for this transmittal.
    at _internalGenerateTransmittal (C:\steel-project(2)\steel-project\steel-project\backend\src\services\transmittalService.js:282:15)
    at process.processTicksAndRejections (node:internal/process/task_queues:104:5)
    at async generateTransmittal (C:\steel-project(2)\steel-project\steel-project\backend\src\services\transmittalService.js:251:24)
    at async exports.generateTransmittal (C:\steel-project(2)\steel-project\steel-project\backend\src\controllers\transmittalController.js:89:24)
2026-09-30T08:37:12.973Z: Error: No completed extractions found for this transmittal.
    at _internalGenerateTransmittal (C:\steel-project(2)\steel-project\steel-project\backend\src\services\transmittalService.js:282:15)
    at process.processTicksAndRejections (node:internal/process/task_queues:104:5)
    at async generateTransmittal (C:\steel-project(2)\steel-project\steel-project\backend\src\services\transmittalService.js:251:24)
    at async exports.generateTransmittal (C:\steel-project(2)\steel-project\steel-project\backend\src\controllers\transmittalController.js:89:24)
2026-09-30T08:37:13.074Z: Error: No completed extractions found for this transmittal.
    at _internalGenerateTransmittal (C:\steel-project(2)\steel-project\steel-project\backend\src\services\transmittalService.js:282:15)
    at process.processTicksAndRejections (node:internal/process/task_queues:104:5)
    at async generateTransmittal (C:\steel-project(2)\steel-project\steel-project\backend\src\services\transmittalService.js:251:24)
    at async exports.generateTransmittal (C:\steel-project(2)\steel-project\steel-project\backend\src\controllers\transmittalController.js:89:24)
2026-09-30T08:37:13.436Z: Error: No completed extractions found for this transmittal.
    at _internalGenerateTransmittal (C:\steel-project(2)\steel-project\steel-project\backend\src\services\transmittalService.js:282:15)
    at process.processTicksAndRejections (node:internal/process/task_queues:104:5)
    at async generateTransmittal (C:\steel-project(2)\steel-project\steel-project\backend\src\services\transmittalService.js:251:24)
    at async exports.generateTransmittal (C:\steel-project(2)\steel-project\steel-project\backend\src\controllers\transmittalController.js:89:24)
2026-09-30T08:37:13.561Z: Error: No completed extractions found for this transmittal.
    at _internalGenerateTransmittal (C:\steel-project(2)\steel-project\steel-project\backend\src\services\transmittalService.js:282:15)
    at process.processTicksAndRejections (node:internal/process/task_queues:104:5)
    at async generateTransmittal (C:\steel-project(2)\steel-project\steel-project\backend\src\services\transmittalService.js:251:24)
    at async exports.generateTransmittal (C:\steel-project(2)\steel-project\steel-project\backend\src\controllers\transmittalController.js:89:24)
2026-09-30T08:37:13.672Z: Error: No completed extractions found for this transmittal.
    at _internalGenerateTransmittal (C:\steel-project(2)\steel-project\steel-project\backend\src\services\transmittalService.js:282:15)
    at process.processTicksAndRejections (node:internal/process/task_queues:104:5)
    at async generateTransmittal (C:\steel-project(2)\steel-project\steel-project\backend\src\services\transmittalService.js:251:24)
    at async exports.generateTransmittal (C:\steel-project(2)\steel-project\steel-project\backend\src\controllers\transmittalController.js:89:24)
2026-09-30T08:37:13.797Z: Error: No completed extractions found for this transmittal.
    at _internalGenerateTransmittal (C:\steel-project(2)\steel-project\steel-project\backend\src\services\transmittalService.js:282:15)
    at process.processTicksAndRejections (node:internal/process/task_queues:104:5)
    at async generateTransmittal (C:\steel-project(2)\steel-project\steel-project\backend\src\services\transmittalService.js:251:24)
    at async exports.generateTransmittal (C:\steel-project(2)\steel-project\steel-project\backend\src\controllers\transmittalController.js:89:24)
2026-09-30T08:37:13.926Z: Error: No completed extractions found for this transmittal.
    at _internalGenerateTransmittal (C:\steel-project(2)\steel-project\steel-project\backend\src\services\transmittalService.js:282:15)
    at process.processTicksAndRejections (node:internal/process/task_queues:104:5)
    at async generateTransmittal (C:\steel-project(2)\steel-project\steel-project\backend\src\services\transmittalService.js:251:24)
    at async exports.generateTransmittal (C:\steel-project(2)\steel-project\steel-project\backend\src\controllers\transmittalController.js:89:24)
2026-09-30T08:37:14.042Z: Error: No completed extractions found for this transmittal.
    at _internalGenerateTransmittal (C:\steel-project(2)\steel-project\steel-project\backend\src\services\transmittalService.js:282:15)
    at process.processTicksAndRejections (node:internal/process/task_queues:104:5)
    at async generateTransmittal (C:\steel-project(2)\steel-project\steel-project\backend\src\services\transmittalService.js:251:24)
    at async exports.generateTransmittal (C:\steel-project(2)\steel-project\steel-project\backend\src\controllers\transmittalController.js:89:24)
2026-09-30T08:37:14.149Z: Error: No completed extractions found for this transmittal.
    at _internalGenerateTransmittal (C:\steel-project(2)\steel-project\steel-project\backend\src\services\transmittalService.js:282:15)
    at process.processTicksAndRejections (node:internal/process/task_queues:104:5)
    at async generateTransmittal (C:\steel-project(2)\steel-project\steel-project\backend\src\services\transmittalService.js:251:24)
    at async exports.generateTransmittal (C:\steel-project(2)\steel-project\steel-project\backend\src\controllers\transmittalController.js:89:24)
2026-09-30T08:37:14.256Z: Error: No completed extractions found for this transmittal.
    at _internalGenerateTransmittal (C:\steel-project(2)\steel-project\steel-project\backend\src\services\transmittalService.js:282:15)
    at process.processTicksAndRejections (node:internal/process/task_queues:104:5)
    at async generateTransmittal (C:\steel-project(2)\steel-project\steel-project\backend\src\services\transmittalService.js:251:24)
    at async exports.generateTransmittal (C:\steel-project(2)\steel-project\steel-project\backend\src\controllers\transmittalController.js:89:24)
2026-09-30T08:37:14.366Z: Error: No completed extractions found for this transmittal.
    at _internalGenerateTransmittal (C:\steel-project(2)\steel-project\steel-project\backend\src\services\transmittalService.js:282:15)
    at process.processTicksAndRejections (node:internal/process/task_queues:104:5)
    at async generateTransmittal (C:\steel-project(2)\steel-project\steel-project\backend\src\services\transmittalService.js:251:24)
    at async exports.generateTransmittal (C:\steel-project(2)\steel-project\steel-project\backend\src\controllers\transmittalController.js:89:24)
2026-09-30T08:37:14.489Z: Error: No completed extractions found for this transmittal.
    at _internalGenerateTransmittal (C:\steel-project(2)\steel-project\steel-project\backend\src\services\transmittalService.js:282:15)
    at process.processTicksAndRejections (node:internal/process/task_queues:104:5)
    at async generateTransmittal (C:\steel-project(2)\steel-project\steel-project\backend\src\services\transmittalService.js:251:24)
    at async exports.generateTransmittal (C:\steel-project(2)\steel-project\steel-project\backend\src\controllers\transmittalController.js:89:24)
2026-09-30T08:37:14.619Z: Error: No completed extractions found for this transmittal.
    at _internalGenerateTransmittal (C:\steel-project(2)\steel-project\steel-project\backend\src\services\transmittalService.js:282:15)
    at process.processTicksAndRejections (node:internal/process/task_queues:104:5)
    at async generateTransmittal (C:\steel-project(2)\steel-project\steel-project\backend\src\services\transmittalService.js:251:24)
    at async exports.generateTransmittal (C:\steel-project(2)\steel-project\steel-project\backend\src\controllers\transmittalController.js:89:24)
2026-09-30T08:37:14.731Z: Error: No completed extractions found for this transmittal.
    at _internalGenerateTransmittal (C:\steel-project(2)\steel-project\steel-project\backend\src\services\transmittalService.js:282:15)
    at process.processTicksAndRejections (node:internal/process/task_queues:104:5)
    at async generateTransmittal (C:\steel-project(2)\steel-project\steel-project\backend\src\services\transmittalService.js:251:24)
    at async exports.generateTransmittal (C:\steel-project(2)\steel-project\steel-project\backend\src\controllers\transmittalController.js:89:24)
2026-09-30T08:37:14.851Z: Error: No completed extractions found for this transmittal.
    at _internalGenerateTransmittal (C:\steel-project(2)\steel-project\steel-project\backend\src\services\transmittalService.js:282:15)
    at process.processTicksAndRejections (node:internal/process/task_queues:104:5)
    at async generateTransmittal (C:\steel-project(2)\steel-project\steel-project\backend\src\services\transmittalService.js:251:24)
    at async exports.generateTransmittal (C:\steel-project(2)\steel-project\steel-project\backend\src\controllers\transmittalController.js:89:24)
2026-09-30T08:37:14.958Z: Error: No completed extractions found for this transmittal.
    at _internalGenerateTransmittal (C:\steel-project(2)\steel-project\steel-project\backend\src\services\transmittalService.js:282:15)
    at process.processTicksAndRejections (node:internal/process/task_queues:104:5)
    at async generateTransmittal (C:\steel-project(2)\steel-project\steel-project\backend\src\services\transmittalService.js:251:24)
    at async exports.generateTransmittal (C:\steel-project(2)\steel-project\steel-project\backend\src\controllers\transmittalController.js:89:24)
2026-09-30T08:37:15.074Z: Error: No completed extractions found for this transmittal.
    at _internalGenerateTransmittal (C:\steel-project(2)\steel-project\steel-project\backend\src\services\transmittalService.js:282:15)
    at process.processTicksAndRejections (node:internal/process/task_queues:104:5)
    at async generateTransmittal (C:\steel-project(2)\steel-project\steel-project\backend\src\services\transmittalService.js:251:24)
    at async exports.generateTransmittal (C:\steel-project(2)\steel-project\steel-project\backend\src\controllers\transmittalController.js:89:24)
2026-09-30T08:37:15.182Z: Error: No completed extractions found for this transmittal.
    at _internalGenerateTransmittal (C:\steel-project(2)\steel-project\steel-project\backend\src\services\transmittalService.js:282:15)
    at process.processTicksAndRejections (node:internal/process/task_queues:104:5)
    at async generateTransmittal (C:\steel-project(2)\steel-project\steel-project\backend\src\services\transmittalService.js:251:24)
    at async exports.generateTransmittal (C:\steel-project(2)\steel-project\steel-project\backend\src\controllers\transmittalController.js:89:24)
2026-09-30T08:37:15.303Z: Error: No completed extractions found for this transmittal.
    at _internalGenerateTransmittal (C:\steel-project(2)\steel-project\steel-project\backend\src\services\transmittalService.js:282:15)
    at process.processTicksAndRejections (node:internal/process/task_queues:104:5)
    at async generateTransmittal (C:\steel-project(2)\steel-project\steel-project\backend\src\services\transmittalService.js:251:24)
    at async exports.generateTransmittal (C:\steel-project(2)\steel-project\steel-project\backend\src\controllers\transmittalController.js:89:24)
2026-09-30T08:37:15.746Z: Error: No completed extractions found for this transmittal.
    at _internalGenerateTransmittal (C:\steel-project(2)\steel-project\steel-project\backend\src\services\transmittalService.js:282:15)
    at process.processTicksAndRejections (node:internal/process/task_queues:104:5)
    at async generateTransmittal (C:\steel-project(2)\steel-project\steel-project\backend\src\services\transmittalService.js:251:24)
    at async exports.generateTransmittal (C:\steel-project(2)\steel-project\steel-project\backend\src\controllers\transmittalController.js:89:24)
2026-09-30T08:37:15.854Z: Error: No completed extractions found for this transmittal.
    at _internalGenerateTransmittal (C:\steel-project(2)\steel-project\steel-project\backend\src\services\transmittalService.js:282:15)
    at process.processTicksAndRejections (node:internal/process/task_queues:104:5)
    at async generateTransmittal (C:\steel-project(2)\steel-project\steel-project\backend\src\services\transmittalService.js:251:24)
    at async exports.generateTransmittal (C:\steel-project(2)\steel-project\steel-project\backend\src\controllers\transmittalController.js:89:24)
2026-09-30T08:37:15.958Z: Error: No completed extractions found for this transmittal.
    at _internalGenerateTransmittal (C:\steel-project(2)\steel-project\steel-project\backend\src\services\transmittalService.js:282:15)
    at process.processTicksAndRejections (node:internal/process/task_queues:104:5)
    at async generateTransmittal (C:\steel-project(2)\steel-project\steel-project\backend\src\services\transmittalService.js:251:24)
    at async exports.generateTransmittal (C:\steel-project(2)\steel-project\steel-project\backend\src\controllers\transmittalController.js:89:24)
2026-09-30T08:37:16.075Z: Error: No completed extractions found for this transmittal.
    at _internalGenerateTransmittal (C:\steel-project(2)\steel-project\steel-project\backend\src\services\transmittalService.js:282:15)
    at process.processTicksAndRejections (node:internal/process/task_queues:104:5)
    at async generateTransmittal (C:\steel-project(2)\steel-project\steel-project\backend\src\services\transmittalService.js:251:24)
    at async exports.generateTransmittal (C:\steel-project(2)\steel-project\steel-project\backend\src\controllers\transmittalController.js:89:24)
2026-09-30T08:37:16.195Z: Error: No completed extractions found for this transmittal.
    at _internalGenerateTransmittal (C:\steel-project(2)\steel-project\steel-project\backend\src\services\transmittalService.js:282:15)
    at process.processTicksAndRejections (node:internal/process/task_queues:104:5)
    at async generateTransmittal (C:\steel-project(2)\steel-project\steel-project\backend\src\services\transmittalService.js:251:24)
    at async exports.generateTransmittal (C:\steel-project(2)\steel-project\steel-project\backend\src\controllers\transmittalController.js:89:24)
2026-09-30T08:37:16.708Z: Error: No completed extractions found for this transmittal.
    at _internalGenerateTransmittal (C:\steel-project(2)\steel-project\steel-project\backend\src\services\transmittalService.js:282:15)
    at process.processTicksAndRejections (node:internal/process/task_queues:104:5)
    at async generateTransmittal (C:\steel-project(2)\steel-project\steel-project\backend\src\services\transmittalService.js:251:24)
    at async exports.generateTransmittal (C:\steel-project(2)\steel-project\steel-project\backend\src\controllers\transmittalController.js:89:24)
2026-09-30T08:37:16.828Z: Error: No completed extractions found for this transmittal.
    at _internalGenerateTransmittal (C:\steel-project(2)\steel-project\steel-project\backend\src\services\transmittalService.js:282:15)
    at process.processTicksAndRejections (node:internal/process/task_queues:104:5)
    at async generateTransmittal (C:\steel-project(2)\steel-project\steel-project\backend\src\services\transmittalService.js:251:24)
    at async exports.generateTransmittal (C:\steel-project(2)\steel-project\steel-project\backend\src\controllers\transmittalController.js:89:24)
2026-09-30T08:37:16.941Z: Error: No completed extractions found for this transmittal.
    at _internalGenerateTransmittal (C:\steel-project(2)\steel-project\steel-project\backend\src\services\transmittalService.js:282:15)
    at process.processTicksAndRejections (node:internal/process/task_queues:104:5)
    at async generateTransmittal (C:\steel-project(2)\steel-project\steel-project\backend\src\services\transmittalService.js:251:24)
    at async exports.generateTransmittal (C:\steel-project(2)\steel-project\steel-project\backend\src\controllers\transmittalController.js:89:24)
2026-09-30T08:37:17.067Z: Error: No completed extractions found for this transmittal.
    at _internalGenerateTransmittal (C:\steel-project(2)\steel-project\steel-project\backend\src\services\transmittalService.js:282:15)
    at process.processTicksAndRejections (node:internal/process/task_queues:104:5)
    at async generateTransmittal (C:\steel-project(2)\steel-project\steel-project\backend\src\services\transmittalService.js:251:24)
    at async exports.generateTransmittal (C:\steel-project(2)\steel-project\steel-project\backend\src\controllers\transmittalController.js:89:24)
2026-09-30T08:37:17.179Z: Error: No completed extractions found for this transmittal.
    at _internalGenerateTransmittal (C:\steel-project(2)\steel-project\steel-project\backend\src\services\transmittalService.js:282:15)
    at process.processTicksAndRejections (node:internal/process/task_queues:104:5)
    at async generateTransmittal (C:\steel-project(2)\steel-project\steel-project\backend\src\services\transmittalService.js:251:24)
    at async exports.generateTransmittal (C:\steel-project(2)\steel-project\steel-project\backend\src\controllers\transmittalController.js:89:24)
2026-09-30T08:37:17.309Z: Error: No completed extractions found for this transmittal.
    at _internalGenerateTransmittal (C:\steel-project(2)\steel-project\steel-project\backend\src\services\transmittalService.js:282:15)
    at process.processTicksAndRejections (node:internal/process/task_queues:104:5)
    at async generateTransmittal (C:\steel-project(2)\steel-project\steel-project\backend\src\services\transmittalService.js:251:24)
    at async exports.generateTransmittal (C:\steel-project(2)\steel-project\steel-project\backend\src\controllers\transmittalController.js:89:24)
2026-09-30T08:37:17.437Z: Error: No completed extractions found for this transmittal.
    at _internalGenerateTransmittal (C:\steel-project(2)\steel-project\steel-project\backend\src\services\transmittalService.js:282:15)
    at process.processTicksAndRejections (node:internal/process/task_queues:104:5)
    at async generateTransmittal (C:\steel-project(2)\steel-project\steel-project\backend\src\services\transmittalService.js:251:24)
    at async exports.generateTransmittal (C:\steel-project(2)\steel-project\steel-project\backend\src\controllers\transmittalController.js:89:24)
2026-09-30T08:37:17.551Z: Error: No completed extractions found for this transmittal.
    at _internalGenerateTransmittal (C:\steel-project(2)\steel-project\steel-project\backend\src\services\transmittalService.js:282:15)
    at process.processTicksAndRejections (node:internal/process/task_queues:104:5)
    at async generateTransmittal (C:\steel-project(2)\steel-project\steel-project\backend\src\services\transmittalService.js:251:24)
    at async exports.generateTransmittal (C:\steel-project(2)\steel-project\steel-project\backend\src\controllers\transmittalController.js:89:24)
2026-09-30T08:37:17.689Z: Error: No completed extractions found for this transmittal.
    at _internalGenerateTransmittal (C:\steel-project(2)\steel-project\steel-project\backend\src\services\transmittalService.js:282:15)
    at process.processTicksAndRejections (node:internal/process/task_queues:104:5)
    at async generateTransmittal (C:\steel-project(2)\steel-project\steel-project\backend\src\services\transmittalService.js:251:24)
    at async exports.generateTransmittal (C:\steel-project(2)\steel-project\steel-project\backend\src\controllers\transmittalController.js:89:24)
2026-09-30T08:37:17.815Z: Error: No completed extractions found for this transmittal.
    at _internalGenerateTransmittal (C:\steel-project(2)\steel-project\steel-project\backend\src\services\transmittalService.js:282:15)
    at process.processTicksAndRejections (node:internal/process/task_queues:104:5)
    at async generateTransmittal (C:\steel-project(2)\steel-project\steel-project\backend\src\services\transmittalService.js:251:24)
    at async exports.generateTransmittal (C:\steel-project(2)\steel-project\steel-project\backend\src\controllers\transmittalController.js:89:24)
2026-09-30T08:37:17.933Z: Error: No completed extractions found for this transmittal.
    at _internalGenerateTransmittal (C:\steel-project(2)\steel-project\steel-project\backend\src\services\transmittalService.js:282:15)
    at process.processTicksAndRejections (node:internal/process/task_queues:104:5)
    at async generateTransmittal (C:\steel-project(2)\steel-project\steel-project\backend\src\services\transmittalService.js:251:24)
    at async exports.generateTransmittal (C:\steel-project(2)\steel-project\steel-project\backend\src\controllers\transmittalController.js:89:24)
2026-09-30T08:37:18.531Z: Error: No completed extractions found for this transmittal.
    at _internalGenerateTransmittal (C:\steel-project(2)\steel-project\steel-project\backend\src\services\transmittalService.js:282:15)
    at process.processTicksAndRejections (node:internal/process/task_queues:104:5)
    at async generateTransmittal (C:\steel-project(2)\steel-project\steel-project\backend\src\services\transmittalService.js:251:24)
    at async exports.generateTransmittal (C:\steel-project(2)\steel-project\steel-project\backend\src\controllers\transmittalController.js:89:24)
2026-09-30T08:37:18.653Z: Error: No completed extractions found for this transmittal.
    at _internalGenerateTransmittal (C:\steel-project(2)\steel-project\steel-project\backend\src\services\transmittalService.js:282:15)
    at process.processTicksAndRejections (node:internal/process/task_queues:104:5)
    at async generateTransmittal (C:\steel-project(2)\steel-project\steel-project\backend\src\services\transmittalService.js:251:24)
    at async exports.generateTransmittal (C:\steel-project(2)\steel-project\steel-project\backend\src\controllers\transmittalController.js:89:24)
2026-09-30T08:37:18.775Z: Error: No completed extractions found for this transmittal.
    at _internalGenerateTransmittal (C:\steel-project(2)\steel-project\steel-project\backend\src\services\transmittalService.js:282:15)
    at process.processTicksAndRejections (node:internal/process/task_queues:104:5)
    at async generateTransmittal (C:\steel-project(2)\steel-project\steel-project\backend\src\services\transmittalService.js:251:24)
    at async exports.generateTransmittal (C:\steel-project(2)\steel-project\steel-project\backend\src\controllers\transmittalController.js:89:24)
2026-09-30T08:37:18.890Z: Error: No completed extractions found for this transmittal.
    at _internalGenerateTransmittal (C:\steel-project(2)\steel-project\steel-project\backend\src\services\transmittalService.js:282:15)
    at process.processTicksAndRejections (node:internal/process/task_queues:104:5)
    at async generateTransmittal (C:\steel-project(2)\steel-project\steel-project\backend\src\services\transmittalService.js:251:24)
    at async exports.generateTransmittal (C:\steel-project(2)\steel-project\steel-project\backend\src\controllers\transmittalController.js:89:24)
2026-09-30T08:37:18.988Z: Error: No completed extractions found for this transmittal.
    at _internalGenerateTransmittal (C:\steel-project(2)\steel-project\steel-project\backend\src\services\transmittalService.js:282:15)
    at process.processTicksAndRejections (node:internal/process/task_queues:104:5)
    at async generateTransmittal (C:\steel-project(2)\steel-project\steel-project\backend\src\services\transmittalService.js:251:24)
    at async exports.generateTransmittal (C:\steel-project(2)\steel-project\steel-project\backend\src\controllers\transmittalController.js:89:24)
2026-09-30T08:37:19.101Z: Error: No completed extractions found for this transmittal.
    at _internalGenerateTransmittal (C:\steel-project(2)\steel-project\steel-project\backend\src\services\transmittalService.js:282:15)
    at process.processTicksAndRejections (node:internal/process/task_queues:104:5)
    at async generateTransmittal (C:\steel-project(2)\steel-project\steel-project\backend\src\services\transmittalService.js:251:24)
    at async exports.generateTransmittal (C:\steel-project(2)\steel-project\steel-project\backend\src\controllers\transmittalController.js:89:24)
2026-09-30T08:37:19.210Z: Error: No completed extractions found for this transmittal.
    at _internalGenerateTransmittal (C:\steel-project(2)\steel-project\steel-project\backend\src\services\transmittalService.js:282:15)
    at process.processTicksAndRejections (node:internal/process/task_queues:104:5)
    at async generateTransmittal (C:\steel-project(2)\steel-project\steel-project\backend\src\services\transmittalService.js:251:24)
    at async exports.generateTransmittal (C:\steel-project(2)\steel-project\steel-project\backend\src\controllers\transmittalController.js:89:24)
2026-09-30T08:37:19.314Z: Error: No completed extractions found for this transmittal.
    at _internalGenerateTransmittal (C:\steel-project(2)\steel-project\steel-project\backend\src\services\transmittalService.js:282:15)
    at process.processTicksAndRejections (node:internal/process/task_queues:104:5)
    at async generateTransmittal (C:\steel-project(2)\steel-project\steel-project\backend\src\services\transmittalService.js:251:24)
    at async exports.generateTransmittal (C:\steel-project(2)\steel-project\steel-project\backend\src\controllers\transmittalController.js:89:24)
2026-09-30T08:37:19.419Z: Error: No completed extractions found for this transmittal.
    at _internalGenerateTransmittal (C:\steel-project(2)\steel-project\steel-project\backend\src\services\transmittalService.js:282:15)
    at process.processTicksAndRejections (node:internal/process/task_queues:104:5)
    at async generateTransmittal (C:\steel-project(2)\steel-project\steel-project\backend\src\services\transmittalService.js:251:24)
    at async exports.generateTransmittal (C:\steel-project(2)\steel-project\steel-project\backend\src\controllers\transmittalController.js:89:24)
2026-09-30T08:37:19.536Z: Error: No completed extractions found for this transmittal.
    at _internalGenerateTransmittal (C:\steel-project(2)\steel-project\steel-project\backend\src\services\transmittalService.js:282:15)
    at process.processTicksAndRejections (node:internal/process/task_queues:104:5)
    at async generateTransmittal (C:\steel-project(2)\steel-project\steel-project\backend\src\services\transmittalService.js:251:24)
    at async exports.generateTransmittal (C:\steel-project(2)\steel-project\steel-project\backend\src\controllers\transmittalController.js:89:24)
2026-09-30T08:37:19.675Z: Error: No completed extractions found for this transmittal.
    at _internalGenerateTransmittal (C:\steel-project(2)\steel-project\steel-project\backend\src\services\transmittalService.js:282:15)
    at process.processTicksAndRejections (node:internal/process/task_queues:104:5)
    at async generateTransmittal (C:\steel-project(2)\steel-project\steel-project\backend\src\services\transmittalService.js:251:24)
    at async exports.generateTransmittal (C:\steel-project(2)\steel-project\steel-project\backend\src\controllers\transmittalController.js:89:24)
2026-09-30T08:37:20.271Z: Error: No completed extractions found for this transmittal.
    at _internalGenerateTransmittal (C:\steel-project(2)\steel-project\steel-project\backend\src\services\transmittalService.js:282:15)
    at process.processTicksAndRejections (node:internal/process/task_queues:104:5)
    at async generateTransmittal (C:\steel-project(2)\steel-project\steel-project\backend\src\services\transmittalService.js:251:24)
    at async exports.generateTransmittal (C:\steel-project(2)\steel-project\steel-project\backend\src\controllers\transmittalController.js:89:24)
2026-09-30T08:37:20.394Z: Error: No completed extractions found for this transmittal.
    at _internalGenerateTransmittal (C:\steel-project(2)\steel-project\steel-project\backend\src\services\transmittalService.js:282:15)
    at process.processTicksAndRejections (node:internal/process/task_queues:104:5)
    at async generateTransmittal (C:\steel-project(2)\steel-project\steel-project\backend\src\services\transmittalService.js:251:24)
    at async exports.generateTransmittal (C:\steel-project(2)\steel-project\steel-project\backend\src\controllers\transmittalController.js:89:24)
2026-09-30T08:37:20.500Z: Error: No completed extractions found for this transmittal.
    at _internalGenerateTransmittal (C:\steel-project(2)\steel-project\steel-project\backend\src\services\transmittalService.js:282:15)
    at process.processTicksAndRejections (node:internal/process/task_queues:104:5)
    at async generateTransmittal (C:\steel-project(2)\steel-project\steel-project\backend\src\services\transmittalService.js:251:24)
    at async exports.generateTransmittal (C:\steel-project(2)\steel-project\steel-project\backend\src\controllers\transmittalController.js:89:24)
2026-09-30T08:37:20.613Z: Error: No completed extractions found for this transmittal.
    at _internalGenerateTransmittal (C:\steel-project(2)\steel-project\steel-project\backend\src\services\transmittalService.js:282:15)
    at process.processTicksAndRejections (node:internal/process/task_queues:104:5)
    at async generateTransmittal (C:\steel-project(2)\steel-project\steel-project\backend\src\services\transmittalService.js:251:24)
    at async exports.generateTransmittal (C:\steel-project(2)\steel-project\steel-project\backend\src\controllers\transmittalController.js:89:24)
2026-09-30T08:37:20.730Z: Error: No completed extractions found for this transmittal.
    at _internalGenerateTransmittal (C:\steel-project(2)\steel-project\steel-project\backend\src\services\transmittalService.js:282:15)
    at process.processTicksAndRejections (node:internal/process/task_queues:104:5)
    at async generateTransmittal (C:\steel-project(2)\steel-project\steel-project\backend\src\services\transmittalService.js:251:24)
    at async exports.generateTransmittal (C:\steel-project(2)\steel-project\steel-project\backend\src\controllers\transmittalController.js:89:24)
2026-09-30T08:37:20.837Z: Error: No completed extractions found for this transmittal.
    at _internalGenerateTransmittal (C:\steel-project(2)\steel-project\steel-project\backend\src\services\transmittalService.js:282:15)
    at process.processTicksAndRejections (node:internal/process/task_queues:104:5)
    at async generateTransmittal (C:\steel-project(2)\steel-project\steel-project\backend\src\services\transmittalService.js:251:24)
    at async exports.generateTransmittal (C:\steel-project(2)\steel-project\steel-project\backend\src\controllers\transmittalController.js:89:24)
2026-09-30T08:37:20.957Z: Error: No completed extractions found for this transmittal.
    at _internalGenerateTransmittal (C:\steel-project(2)\steel-project\steel-project\backend\src\services\transmittalService.js:282:15)
    at process.processTicksAndRejections (node:internal/process/task_queues:104:5)
    at async generateTransmittal (C:\steel-project(2)\steel-project\steel-project\backend\src\services\transmittalService.js:251:24)
    at async exports.generateTransmittal (C:\steel-project(2)\steel-project\steel-project\backend\src\controllers\transmittalController.js:89:24)
2026-09-30T08:37:21.063Z: Error: No completed extractions found for this transmittal.
    at _internalGenerateTransmittal (C:\steel-project(2)\steel-project\steel-project\backend\src\services\transmittalService.js:282:15)
    at process.processTicksAndRejections (node:internal/process/task_queues:104:5)
    at async generateTransmittal (C:\steel-project(2)\steel-project\steel-project\backend\src\services\transmittalService.js:251:24)
    at async exports.generateTransmittal (C:\steel-project(2)\steel-project\steel-project\backend\src\controllers\transmittalController.js:89:24)
2026-09-30T08:37:21.190Z: Error: No completed extractions found for this transmittal.
    at _internalGenerateTransmittal (C:\steel-project(2)\steel-project\steel-project\backend\src\services\transmittalService.js:282:15)
    at process.processTicksAndRejections (node:internal/process/task_queues:104:5)
    at async generateTransmittal (C:\steel-project(2)\steel-project\steel-project\backend\src\services\transmittalService.js:251:24)
    at async exports.generateTransmittal (C:\steel-project(2)\steel-project\steel-project\backend\src\controllers\transmittalController.js:89:24)
2026-09-30T08:37:21.303Z: Error: No completed extractions found for this transmittal.
    at _internalGenerateTransmittal (C:\steel-project(2)\steel-project\steel-project\backend\src\services\transmittalService.js:282:15)
    at process.processTicksAndRejections (node:internal/process/task_queues:104:5)
    at async generateTransmittal (C:\steel-project(2)\steel-project\steel-project\backend\src\services\transmittalService.js:251:24)
    at async exports.generateTransmittal (C:\steel-project(2)\steel-project\steel-project\backend\src\controllers\transmittalController.js:89:24)
2026-09-30T08:37:21.413Z: Error: No completed extractions found for this transmittal.
    at _internalGenerateTransmittal (C:\steel-project(2)\steel-project\steel-project\backend\src\services\transmittalService.js:282:15)
    at process.processTicksAndRejections (node:internal/process/task_queues:104:5)
    at async generateTransmittal (C:\steel-project(2)\steel-project\steel-project\backend\src\services\transmittalService.js:251:24)
    at async exports.generateTransmittal (C:\steel-project(2)\steel-project\steel-project\backend\src\controllers\transmittalController.js:89:24)
2026-09-30T08:37:21.526Z: Error: No completed extractions found for this transmittal.
    at _internalGenerateTransmittal (C:\steel-project(2)\steel-project\steel-project\backend\src\services\transmittalService.js:282:15)
    at process.processTicksAndRejections (node:internal/process/task_queues:104:5)
    at async generateTransmittal (C:\steel-project(2)\steel-project\steel-project\backend\src\services\transmittalService.js:251:24)
    at async exports.generateTransmittal (C:\steel-project(2)\steel-project\steel-project\backend\src\controllers\transmittalController.js:89:24)
2026-09-30T08:37:21.648Z: Error: No completed extractions found for this transmittal.
    at _internalGenerateTransmittal (C:\steel-project(2)\steel-project\steel-project\backend\src\services\transmittalService.js:282:15)
    at process.processTicksAndRejections (node:internal/process/task_queues:104:5)
    at async generateTransmittal (C:\steel-project(2)\steel-project\steel-project\backend\src\services\transmittalService.js:251:24)
    at async exports.generateTransmittal (C:\steel-project(2)\steel-project\steel-project\backend\src\controllers\transmittalController.js:89:24)
2026-09-30T08:37:21.763Z: Error: No completed extractions found for this transmittal.
    at _internalGenerateTransmittal (C:\steel-project(2)\steel-project\steel-project\backend\src\services\transmittalService.js:282:15)
    at process.processTicksAndRejections (node:internal/process/task_queues:104:5)
    at async generateTransmittal (C:\steel-project(2)\steel-project\steel-project\backend\src\services\transmittalService.js:251:24)
    at async exports.generateTransmittal (C:\steel-project(2)\steel-project\steel-project\backend\src\controllers\transmittalController.js:89:24)
2026-09-30T08:37:21.898Z: Error: No completed extractions found for this transmittal.
    at _internalGenerateTransmittal (C:\steel-project(2)\steel-project\steel-project\backend\src\services\transmittalService.js:282:15)
    at process.processTicksAndRejections (node:internal/process/task_queues:104:5)
    at async generateTransmittal (C:\steel-project(2)\steel-project\steel-project\backend\src\services\transmittalService.js:251:24)
    at async exports.generateTransmittal (C:\steel-project(2)\steel-project\steel-project\backend\src\controllers\transmittalController.js:89:24)
2026-09-30T08:37:22.011Z: Error: No completed extractions found for this transmittal.
    at _internalGenerateTransmittal (C:\steel-project(2)\steel-project\steel-project\backend\src\services\transmittalService.js:282:15)
    at process.processTicksAndRejections (node:internal/process/task_queues:104:5)
    at async generateTransmittal (C:\steel-project(2)\steel-project\steel-project\backend\src\services\transmittalService.js:251:24)
    at async exports.generateTransmittal (C:\steel-project(2)\steel-project\steel-project\backend\src\controllers\transmittalController.js:89:24)
2026-09-30T08:37:22.119Z: Error: No completed extractions found for this transmittal.
    at _internalGenerateTransmittal (C:\steel-project(2)\steel-project\steel-project\backend\src\services\transmittalService.js:282:15)
    at process.processTicksAndRejections (node:internal/process/task_queues:104:5)
    at async generateTransmittal (C:\steel-project(2)\steel-project\steel-project\backend\src\services\transmittalService.js:251:24)
    at async exports.generateTransmittal (C:\steel-project(2)\steel-project\steel-project\backend\src\controllers\transmittalController.js:89:24)
2026-09-30T08:37:22.232Z: Error: No completed extractions found for this transmittal.
    at _internalGenerateTransmittal (C:\steel-project(2)\steel-project\steel-project\backend\src\services\transmittalService.js:282:15)
    at process.processTicksAndRejections (node:internal/process/task_queues:104:5)
    at async generateTransmittal (C:\steel-project(2)\steel-project\steel-project\backend\src\services\transmittalService.js:251:24)
    at async exports.generateTransmittal (C:\steel-project(2)\steel-project\steel-project\backend\src\controllers\transmittalController.js:89:24)
2026-09-30T08:37:22.358Z: Error: No completed extractions found for this transmittal.
    at _internalGenerateTransmittal (C:\steel-project(2)\steel-project\steel-project\backend\src\services\transmittalService.js:282:15)
    at process.processTicksAndRejections (node:internal/process/task_queues:104:5)
    at async generateTransmittal (C:\steel-project(2)\steel-project\steel-project\backend\src\services\transmittalService.js:251:24)
    at async exports.generateTransmittal (C:\steel-project(2)\steel-project\steel-project\backend\src\controllers\transmittalController.js:89:24)
2026-09-30T08:37:22.483Z: Error: No completed extractions found for this transmittal.
    at _internalGenerateTransmittal (C:\steel-project(2)\steel-project\steel-project\backend\src\services\transmittalService.js:282:15)
    at process.processTicksAndRejections (node:internal/process/task_queues:104:5)
    at async generateTransmittal (C:\steel-project(2)\steel-project\steel-project\backend\src\services\transmittalService.js:251:24)
    at async exports.generateTransmittal (C:\steel-project(2)\steel-project\steel-project\backend\src\controllers\transmittalController.js:89:24)
2026-09-30T08:37:22.591Z: Error: No completed extractions found for this transmittal.
    at _internalGenerateTransmittal (C:\steel-project(2)\steel-project\steel-project\backend\src\services\transmittalService.js:282:15)
    at process.processTicksAndRejections (node:internal/process/task_queues:104:5)
    at async generateTransmittal (C:\steel-project(2)\steel-project\steel-project\backend\src\services\transmittalService.js:251:24)
    at async exports.generateTransmittal (C:\steel-project(2)\steel-project\steel-project\backend\src\controllers\transmittalController.js:89:24)
2026-09-30T08:37:22.711Z: Error: No completed extractions found for this transmittal.
    at _internalGenerateTransmittal (C:\steel-project(2)\steel-project\steel-project\backend\src\services\transmittalService.js:282:15)
    at process.processTicksAndRejections (node:internal/process/task_queues:104:5)
    at async generateTransmittal (C:\steel-project(2)\steel-project\steel-project\backend\src\services\transmittalService.js:251:24)
    at async exports.generateTransmittal (C:\steel-project(2)\steel-project\steel-project\backend\src\controllers\transmittalController.js:89:24)
2026-09-30T08:37:22.824Z: Error: No completed extractions found for this transmittal.
    at _internalGenerateTransmittal (C:\steel-project(2)\steel-project\steel-project\backend\src\services\transmittalService.js:282:15)
    at process.processTicksAndRejections (node:internal/process/task_queues:104:5)
    at async generateTransmittal (C:\steel-project(2)\steel-project\steel-project\backend\src\services\transmittalService.js:251:24)
    at async exports.generateTransmittal (C:\steel-project(2)\steel-project\steel-project\backend\src\controllers\transmittalController.js:89:24)
2026-09-30T08:37:22.934Z: Error: No completed extractions found for this transmittal.
    at _internalGenerateTransmittal (C:\steel-project(2)\steel-project\steel-project\backend\src\services\transmittalService.js:282:15)
    at process.processTicksAndRejections (node:internal/process/task_queues:104:5)
    at async generateTransmittal (C:\steel-project(2)\steel-project\steel-project\backend\src\services\transmittalService.js:251:24)
    at async exports.generateTransmittal (C:\steel-project(2)\steel-project\steel-project\backend\src\controllers\transmittalController.js:89:24)
2026-09-30T08:37:23.052Z: Error: No completed extractions found for this transmittal.
    at _internalGenerateTransmittal (C:\steel-project(2)\steel-project\steel-project\backend\src\services\transmittalService.js:282:15)
    at process.processTicksAndRejections (node:internal/process/task_queues:104:5)
    at async generateTransmittal (C:\steel-project(2)\steel-project\steel-project\backend\src\services\transmittalService.js:251:24)
    at async exports.generateTransmittal (C:\steel-project(2)\steel-project\steel-project\backend\src\controllers\transmittalController.js:89:24)
2026-09-30T08:37:23.165Z: Error: No completed extractions found for this transmittal.
    at _internalGenerateTransmittal (C:\steel-project(2)\steel-project\steel-project\backend\src\services\transmittalService.js:282:15)
    at process.processTicksAndRejections (node:internal/process/task_queues:104:5)
    at async generateTransmittal (C:\steel-project(2)\steel-project\steel-project\backend\src\services\transmittalService.js:251:24)
    at async exports.generateTransmittal (C:\steel-project(2)\steel-project\steel-project\backend\src\controllers\transmittalController.js:89:24)
2026-09-30T08:37:23.280Z: Error: No completed extractions found for this transmittal.
    at _internalGenerateTransmittal (C:\steel-project(2)\steel-project\steel-project\backend\src\services\transmittalService.js:282:15)
    at process.processTicksAndRejections (node:internal/process/task_queues:104:5)
    at async generateTransmittal (C:\steel-project(2)\steel-project\steel-project\backend\src\services\transmittalService.js:251:24)
    at async exports.generateTransmittal (C:\steel-project(2)\steel-project\steel-project\backend\src\controllers\transmittalController.js:89:24)
2026-09-30T08:37:23.395Z: Error: No completed extractions found for this transmittal.
    at _internalGenerateTransmittal (C:\steel-project(2)\steel-project\steel-project\backend\src\services\transmittalService.js:282:15)
    at process.processTicksAndRejections (node:internal/process/task_queues:104:5)
    at async generateTransmittal (C:\steel-project(2)\steel-project\steel-project\backend\src\services\transmittalService.js:251:24)
    at async exports.generateTransmittal (C:\steel-project(2)\steel-project\steel-project\backend\src\controllers\transmittalController.js:89:24)
2026-09-30T08:37:23.512Z: Error: No completed extractions found for this transmittal.
    at _internalGenerateTransmittal (C:\steel-project(2)\steel-project\steel-project\backend\src\services\transmittalService.js:282:15)
    at process.processTicksAndRejections (node:internal/process/task_queues:104:5)
    at async generateTransmittal (C:\steel-project(2)\steel-project\steel-project\backend\src\services\transmittalService.js:251:24)
    at async exports.generateTransmittal (C:\steel-project(2)\steel-project\steel-project\backend\src\controllers\transmittalController.js:89:24)
2026-09-30T08:37:23.614Z: Error: No completed extractions found for this transmittal.
    at _internalGenerateTransmittal (C:\steel-project(2)\steel-project\steel-project\backend\src\services\transmittalService.js:282:15)
    at process.processTicksAndRejections (node:internal/process/task_queues:104:5)
    at async generateTransmittal (C:\steel-project(2)\steel-project\steel-project\backend\src\services\transmittalService.js:251:24)
    at async exports.generateTransmittal (C:\steel-project(2)\steel-project\steel-project\backend\src\controllers\transmittalController.js:89:24)
2026-09-30T08:37:23.717Z: Error: No completed extractions found for this transmittal.
    at _internalGenerateTransmittal (C:\steel-project(2)\steel-project\steel-project\backend\src\services\transmittalService.js:282:15)
    at process.processTicksAndRejections (node:internal/process/task_queues:104:5)
    at async generateTransmittal (C:\steel-project(2)\steel-project\steel-project\backend\src\services\transmittalService.js:251:24)
    at async exports.generateTransmittal (C:\steel-project(2)\steel-project\steel-project\backend\src\controllers\transmittalController.js:89:24)
2026-09-30T08:37:23.820Z: Error: No completed extractions found for this transmittal.
    at _internalGenerateTransmittal (C:\steel-project(2)\steel-project\steel-project\backend\src\services\transmittalService.js:282:15)
    at process.processTicksAndRejections (node:internal/process/task_queues:104:5)
    at async generateTransmittal (C:\steel-project(2)\steel-project\steel-project\backend\src\services\transmittalService.js:251:24)
    at async exports.generateTransmittal (C:\steel-project(2)\steel-project\steel-project\backend\src\controllers\transmittalController.js:89:24)
2026-09-30T08:37:23.936Z: Error: No completed extractions found for this transmittal.
    at _internalGenerateTransmittal (C:\steel-project(2)\steel-project\steel-project\backend\src\services\transmittalService.js:282:15)
    at process.processTicksAndRejections (node:internal/process/task_queues:104:5)
    at async generateTransmittal (C:\steel-project(2)\steel-project\steel-project\backend\src\services\transmittalService.js:251:24)
    at async exports.generateTransmittal (C:\steel-project(2)\steel-project\steel-project\backend\src\controllers\transmittalController.js:89:24)
2026-09-30T08:37:24.048Z: Error: No completed extractions found for this transmittal.
    at _internalGenerateTransmittal (C:\steel-project(2)\steel-project\steel-project\backend\src\services\transmittalService.js:282:15)
    at process.processTicksAndRejections (node:internal/process/task_queues:104:5)
    at async generateTransmittal (C:\steel-project(2)\steel-project\steel-project\backend\src\services\transmittalService.js:251:24)
    at async exports.generateTransmittal (C:\steel-project(2)\steel-project\steel-project\backend\src\controllers\transmittalController.js:89:24)
2026-09-30T08:37:24.164Z: Error: No completed extractions found for this transmittal.
    at _internalGenerateTransmittal (C:\steel-project(2)\steel-project\steel-project\backend\src\services\transmittalService.js:282:15)
    at process.processTicksAndRejections (node:internal/process/task_queues:104:5)
    at async generateTransmittal (C:\steel-project(2)\steel-project\steel-project\backend\src\services\transmittalService.js:251:24)
    at async exports.generateTransmittal (C:\steel-project(2)\steel-project\steel-project\backend\src\controllers\transmittalController.js:89:24)
2026-09-30T08:37:24.281Z: Error: No completed extractions found for this transmittal.
    at _internalGenerateTransmittal (C:\steel-project(2)\steel-project\steel-project\backend\src\services\transmittalService.js:282:15)
    at process.processTicksAndRejections (node:internal/process/task_queues:104:5)
    at async generateTransmittal (C:\steel-project(2)\steel-project\steel-project\backend\src\services\transmittalService.js:251:24)
    at async exports.generateTransmittal (C:\steel-project(2)\steel-project\steel-project\backend\src\controllers\transmittalController.js:89:24)
2026-09-30T08:37:24.406Z: Error: No completed extractions found for this transmittal.
    at _internalGenerateTransmittal (C:\steel-project(2)\steel-project\steel-project\backend\src\services\transmittalService.js:282:15)
    at process.processTicksAndRejections (node:internal/process/task_queues:104:5)
    at async generateTransmittal (C:\steel-project(2)\steel-project\steel-project\backend\src\services\transmittalService.js:251:24)
    at async exports.generateTransmittal (C:\steel-project(2)\steel-project\steel-project\backend\src\controllers\transmittalController.js:89:24)
2026-09-30T08:37:24.545Z: Error: No completed extractions found for this transmittal.
    at _internalGenerateTransmittal (C:\steel-project(2)\steel-project\steel-project\backend\src\services\transmittalService.js:282:15)
    at process.processTicksAndRejections (node:internal/process/task_queues:104:5)
    at async generateTransmittal (C:\steel-project(2)\steel-project\steel-project\backend\src\services\transmittalService.js:251:24)
    at async exports.generateTransmittal (C:\steel-project(2)\steel-project\steel-project\backend\src\controllers\transmittalController.js:89:24)
2026-09-30T08:37:24.725Z: Error: No completed extractions found for this transmittal.
    at _internalGenerateTransmittal (C:\steel-project(2)\steel-project\steel-project\backend\src\services\transmittalService.js:282:15)
    at process.processTicksAndRejections (node:internal/process/task_queues:104:5)
    at async generateTransmittal (C:\steel-project(2)\steel-project\steel-project\backend\src\services\transmittalService.js:251:24)
    at async exports.generateTransmittal (C:\steel-project(2)\steel-project\steel-project\backend\src\controllers\transmittalController.js:89:24)
2026-09-30T08:37:24.861Z: Error: No completed extractions found for this transmittal.
    at _internalGenerateTransmittal (C:\steel-project(2)\steel-project\steel-project\backend\src\services\transmittalService.js:282:15)
    at process.processTicksAndRejections (node:internal/process/task_queues:104:5)
    at async generateTransmittal (C:\steel-project(2)\steel-project\steel-project\backend\src\services\transmittalService.js:251:24)
    at async exports.generateTransmittal (C:\steel-project(2)\steel-project\steel-project\backend\src\controllers\transmittalController.js:89:24)
2026-09-30T08:37:24.991Z: Error: No completed extractions found for this transmittal.
    at _internalGenerateTransmittal (C:\steel-project(2)\steel-project\steel-project\backend\src\services\transmittalService.js:282:15)
    at process.processTicksAndRejections (node:internal/process/task_queues:104:5)
    at async generateTransmittal (C:\steel-project(2)\steel-project\steel-project\backend\src\services\transmittalService.js:251:24)
    at async exports.generateTransmittal (C:\steel-project(2)\steel-project\steel-project\backend\src\controllers\transmittalController.js:89:24)
2026-09-30T08:37:25.115Z: Error: No completed extractions found for this transmittal.
    at _internalGenerateTransmittal (C:\steel-project(2)\steel-project\steel-project\backend\src\services\transmittalService.js:282:15)
    at process.processTicksAndRejections (node:internal/process/task_queues:104:5)
    at async generateTransmittal (C:\steel-project(2)\steel-project\steel-project\backend\src\services\transmittalService.js:251:24)
    at async exports.generateTransmittal (C:\steel-project(2)\steel-project\steel-project\backend\src\controllers\transmittalController.js:89:24)
2026-09-30T08:37:25.246Z: Error: No completed extractions found for this transmittal.
    at _internalGenerateTransmittal (C:\steel-project(2)\steel-project\steel-project\backend\src\services\transmittalService.js:282:15)
    at process.processTicksAndRejections (node:internal/process/task_queues:104:5)
    at async generateTransmittal (C:\steel-project(2)\steel-project\steel-project\backend\src\services\transmittalService.js:251:24)
    at async exports.generateTransmittal (C:\steel-project(2)\steel-project\steel-project\backend\src\controllers\transmittalController.js:89:24)
2026-09-30T08:37:25.372Z: Error: No completed extractions found for this transmittal.
    at _internalGenerateTransmittal (C:\steel-project(2)\steel-project\steel-project\backend\src\services\transmittalService.js:282:15)
    at process.processTicksAndRejections (node:internal/process/task_queues:104:5)
    at async generateTransmittal (C:\steel-project(2)\steel-project\steel-project\backend\src\services\transmittalService.js:251:24)
    at async exports.generateTransmittal (C:\steel-project(2)\steel-project\steel-project\backend\src\controllers\transmittalController.js:89:24)
2026-09-30T08:37:25.511Z: Error: No completed extractions found for this transmittal.
    at _internalGenerateTransmittal (C:\steel-project(2)\steel-project\steel-project\backend\src\services\transmittalService.js:282:15)
    at process.processTicksAndRejections (node:internal/process/task_queues:104:5)
    at async generateTransmittal (C:\steel-project(2)\steel-project\steel-project\backend\src\services\transmittalService.js:251:24)
    at async exports.generateTransmittal (C:\steel-project(2)\steel-project\steel-project\backend\src\controllers\transmittalController.js:89:24)
2026-09-30T08:37:25.903Z: Error: No completed extractions found for this transmittal.
    at _internalGenerateTransmittal (C:\steel-project(2)\steel-project\steel-project\backend\src\services\transmittalService.js:282:15)
    at process.processTicksAndRejections (node:internal/process/task_queues:104:5)
    at async generateTransmittal (C:\steel-project(2)\steel-project\steel-project\backend\src\services\transmittalService.js:251:24)
    at async exports.generateTransmittal (C:\steel-project(2)\steel-project\steel-project\backend\src\controllers\transmittalController.js:89:24)
2026-09-30T08:37:26.027Z: Error: No completed extractions found for this transmittal.
    at _internalGenerateTransmittal (C:\steel-project(2)\steel-project\steel-project\backend\src\services\transmittalService.js:282:15)
    at process.processTicksAndRejections (node:internal/process/task_queues:104:5)
    at async generateTransmittal (C:\steel-project(2)\steel-project\steel-project\backend\src\services\transmittalService.js:251:24)
    at async exports.generateTransmittal (C:\steel-project(2)\steel-project\steel-project\backend\src\controllers\transmittalController.js:89:24)
2026-09-30T08:37:26.141Z: Error: No completed extractions found for this transmittal.
    at _internalGenerateTransmittal (C:\steel-project(2)\steel-project\steel-project\backend\src\services\transmittalService.js:282:15)
    at process.processTicksAndRejections (node:internal/process/task_queues:104:5)
    at async generateTransmittal (C:\steel-project(2)\steel-project\steel-project\backend\src\services\transmittalService.js:251:24)
    at async exports.generateTransmittal (C:\steel-project(2)\steel-project\steel-project\backend\src\controllers\transmittalController.js:89:24)
2026-09-30T08:37:26.259Z: Error: No completed extractions found for this transmittal.
    at _internalGenerateTransmittal (C:\steel-project(2)\steel-project\steel-project\backend\src\services\transmittalService.js:282:15)
    at process.processTicksAndRejections (node:internal/process/task_queues:104:5)
    at async generateTransmittal (C:\steel-project(2)\steel-project\steel-project\backend\src\services\transmittalService.js:251:24)
    at async exports.generateTransmittal (C:\steel-project(2)\steel-project\steel-project\backend\src\controllers\transmittalController.js:89:24)
2026-09-30T08:37:26.371Z: Error: No completed extractions found for this transmittal.
    at _internalGenerateTransmittal (C:\steel-project(2)\steel-project\steel-project\backend\src\services\transmittalService.js:282:15)
    at process.processTicksAndRejections (node:internal/process/task_queues:104:5)
    at async generateTransmittal (C:\steel-project(2)\steel-project\steel-project\backend\src\services\transmittalService.js:251:24)
    at async exports.generateTransmittal (C:\steel-project(2)\steel-project\steel-project\backend\src\controllers\transmittalController.js:89:24)
2026-09-30T08:37:26.495Z: Error: No completed extractions found for this transmittal.
    at _internalGenerateTransmittal (C:\steel-project(2)\steel-project\steel-project\backend\src\services\transmittalService.js:282:15)
    at process.processTicksAndRejections (node:internal/process/task_queues:104:5)
    at async generateTransmittal (C:\steel-project(2)\steel-project\steel-project\backend\src\services\transmittalService.js:251:24)
    at async exports.generateTransmittal (C:\steel-project(2)\steel-project\steel-project\backend\src\controllers\transmittalController.js:89:24)
2026-09-30T08:37:26.619Z: Error: No completed extractions found for this transmittal.
    at _internalGenerateTransmittal (C:\steel-project(2)\steel-project\steel-project\backend\src\services\transmittalService.js:282:15)
    at process.processTicksAndRejections (node:internal/process/task_queues:104:5)
    at async generateTransmittal (C:\steel-project(2)\steel-project\steel-project\backend\src\services\transmittalService.js:251:24)
    at async exports.generateTransmittal (C:\steel-project(2)\steel-project\steel-project\backend\src\controllers\transmittalController.js:89:24)
2026-09-30T08:37:26.725Z: Error: No completed extractions found for this transmittal.
    at _internalGenerateTransmittal (C:\steel-project(2)\steel-project\steel-project\backend\src\services\transmittalService.js:282:15)
    at process.processTicksAndRejections (node:internal/process/task_queues:104:5)
    at async generateTransmittal (C:\steel-project(2)\steel-project\steel-project\backend\src\services\transmittalService.js:251:24)
    at async exports.generateTransmittal (C:\steel-project(2)\steel-project\steel-project\backend\src\controllers\transmittalController.js:89:24)
2026-09-30T08:37:26.829Z: Error: No completed extractions found for this transmittal.
    at _internalGenerateTransmittal (C:\steel-project(2)\steel-project\steel-project\backend\src\services\transmittalService.js:282:15)
    at process.processTicksAndRejections (node:internal/process/task_queues:104:5)
    at async generateTransmittal (C:\steel-project(2)\steel-project\steel-project\backend\src\services\transmittalService.js:251:24)
    at async exports.generateTransmittal (C:\steel-project(2)\steel-project\steel-project\backend\src\controllers\transmittalController.js:89:24)
2026-09-30T08:37:26.947Z: Error: No completed extractions found for this transmittal.
    at _internalGenerateTransmittal (C:\steel-project(2)\steel-project\steel-project\backend\src\services\transmittalService.js:282:15)
    at process.processTicksAndRejections (node:internal/process/task_queues:104:5)
    at async generateTransmittal (C:\steel-project(2)\steel-project\steel-project\backend\src\services\transmittalService.js:251:24)
    at async exports.generateTransmittal (C:\steel-project(2)\steel-project\steel-project\backend\src\controllers\transmittalController.js:89:24)
2026-09-30T08:37:27.072Z: Error: No completed extractions found for this transmittal.
    at _internalGenerateTransmittal (C:\steel-project(2)\steel-project\steel-project\backend\src\services\transmittalService.js:282:15)
    at process.processTicksAndRejections (node:internal/process/task_queues:104:5)
    at async generateTransmittal (C:\steel-project(2)\steel-project\steel-project\backend\src\services\transmittalService.js:251:24)
    at async exports.generateTransmittal (C:\steel-project(2)\steel-project\steel-project\backend\src\controllers\transmittalController.js:89:24)
2026-09-30T08:37:27.182Z: Error: No completed extractions found for this transmittal.
    at _internalGenerateTransmittal (C:\steel-project(2)\steel-project\steel-project\backend\src\services\transmittalService.js:282:15)
    at process.processTicksAndRejections (node:internal/process/task_queues:104:5)
    at async generateTransmittal (C:\steel-project(2)\steel-project\steel-project\backend\src\services\transmittalService.js:251:24)
    at async exports.generateTransmittal (C:\steel-project(2)\steel-project\steel-project\backend\src\controllers\transmittalController.js:89:24)
2026-09-30T08:37:27.302Z: Error: No completed extractions found for this transmittal.
    at _internalGenerateTransmittal (C:\steel-project(2)\steel-project\steel-project\backend\src\services\transmittalService.js:282:15)
    at process.processTicksAndRejections (node:internal/process/task_queues:104:5)
    at async generateTransmittal (C:\steel-project(2)\steel-project\steel-project\backend\src\services\transmittalService.js:251:24)
    at async exports.generateTransmittal (C:\steel-project(2)\steel-project\steel-project\backend\src\controllers\transmittalController.js:89:24)
2026-09-30T08:37:27.405Z: Error: No completed extractions found for this transmittal.
    at _internalGenerateTransmittal (C:\steel-project(2)\steel-project\steel-project\backend\src\services\transmittalService.js:282:15)
    at process.processTicksAndRejections (node:internal/process/task_queues:104:5)
    at async generateTransmittal (C:\steel-project(2)\steel-project\steel-project\backend\src\services\transmittalService.js:251:24)
    at async exports.generateTransmittal (C:\steel-project(2)\steel-project\steel-project\backend\src\controllers\transmittalController.js:89:24)
2026-09-30T08:37:27.508Z: Error: No completed extractions found for this transmittal.
    at _internalGenerateTransmittal (C:\steel-project(2)\steel-project\steel-project\backend\src\services\transmittalService.js:282:15)
    at process.processTicksAndRejections (node:internal/process/task_queues:104:5)
    at async generateTransmittal (C:\steel-project(2)\steel-project\steel-project\backend\src\services\transmittalService.js:251:24)
    at async exports.generateTransmittal (C:\steel-project(2)\steel-project\steel-project\backend\src\controllers\transmittalController.js:89:24)
2026-09-30T08:37:27.629Z: Error: No completed extractions found for this transmittal.
    at _internalGenerateTransmittal (C:\steel-project(2)\steel-project\steel-project\backend\src\services\transmittalService.js:282:15)
    at process.processTicksAndRejections (node:internal/process/task_queues:104:5)
    at async generateTransmittal (C:\steel-project(2)\steel-project\steel-project\backend\src\services\transmittalService.js:251:24)
    at async exports.generateTransmittal (C:\steel-project(2)\steel-project\steel-project\backend\src\controllers\transmittalController.js:89:24)
2026-09-30T08:37:27.750Z: Error: No completed extractions found for this transmittal.
    at _internalGenerateTransmittal (C:\steel-project(2)\steel-project\steel-project\backend\src\services\transmittalService.js:282:15)
    at process.processTicksAndRejections (node:internal/process/task_queues:104:5)
    at async generateTransmittal (C:\steel-project(2)\steel-project\steel-project\backend\src\services\transmittalService.js:251:24)
    at async exports.generateTransmittal (C:\steel-project(2)\steel-project\steel-project\backend\src\controllers\transmittalController.js:89:24)
2026-09-30T08:37:27.871Z: Error: No completed extractions found for this transmittal.
    at _internalGenerateTransmittal (C:\steel-project(2)\steel-project\steel-project\backend\src\services\transmittalService.js:282:15)
    at process.processTicksAndRejections (node:internal/process/task_queues:104:5)
    at async generateTransmittal (C:\steel-project(2)\steel-project\steel-project\backend\src\services\transmittalService.js:251:24)
    at async exports.generateTransmittal (C:\steel-project(2)\steel-project\steel-project\backend\src\controllers\transmittalController.js:89:24)
2026-09-30T08:37:27.972Z: Error: No completed extractions found for this transmittal.
    at _internalGenerateTransmittal (C:\steel-project(2)\steel-project\steel-project\backend\src\services\transmittalService.js:282:15)
    at process.processTicksAndRejections (node:internal/process/task_queues:104:5)
    at async generateTransmittal (C:\steel-project(2)\steel-project\steel-project\backend\src\services\transmittalService.js:251:24)
    at async exports.generateTransmittal (C:\steel-project(2)\steel-project\steel-project\backend\src\controllers\transmittalController.js:89:24)
2026-09-30T08:37:28.080Z: Error: No completed extractions found for this transmittal.
    at _internalGenerateTransmittal (C:\steel-project(2)\steel-project\steel-project\backend\src\services\transmittalService.js:282:15)
    at process.processTicksAndRejections (node:internal/process/task_queues:104:5)
    at async generateTransmittal (C:\steel-project(2)\steel-project\steel-project\backend\src\services\transmittalService.js:251:24)
    at async exports.generateTransmittal (C:\steel-project(2)\steel-project\steel-project\backend\src\controllers\transmittalController.js:89:24)
2026-09-30T08:37:28.195Z: Error: No completed extractions found for this transmittal.
    at _internalGenerateTransmittal (C:\steel-project(2)\steel-project\steel-project\backend\src\services\transmittalService.js:282:15)
    at process.processTicksAndRejections (node:internal/process/task_queues:104:5)
    at async generateTransmittal (C:\steel-project(2)\steel-project\steel-project\backend\src\services\transmittalService.js:251:24)
    at async exports.generateTransmittal (C:\steel-project(2)\steel-project\steel-project\backend\src\controllers\transmittalController.js:89:24)
2026-09-30T08:37:28.312Z: Error: No completed extractions found for this transmittal.
    at _internalGenerateTransmittal (C:\steel-project(2)\steel-project\steel-project\backend\src\services\transmittalService.js:282:15)
    at process.processTicksAndRejections (node:internal/process/task_queues:104:5)
    at async generateTransmittal (C:\steel-project(2)\steel-project\steel-project\backend\src\services\transmittalService.js:251:24)
    at async exports.generateTransmittal (C:\steel-project(2)\steel-project\steel-project\backend\src\controllers\transmittalController.js:89:24)
2026-09-30T08:37:28.419Z: Error: No completed extractions found for this transmittal.
    at _internalGenerateTransmittal (C:\steel-project(2)\steel-project\steel-project\backend\src\services\transmittalService.js:282:15)
    at process.processTicksAndRejections (node:internal/process/task_queues:104:5)
    at async generateTransmittal (C:\steel-project(2)\steel-project\steel-project\backend\src\services\transmittalService.js:251:24)
    at async exports.generateTransmittal (C:\steel-project(2)\steel-project\steel-project\backend\src\controllers\transmittalController.js:89:24)
2026-09-30T08:37:28.528Z: Error: No completed extractions found for this transmittal.
    at _internalGenerateTransmittal (C:\steel-project(2)\steel-project\steel-project\backend\src\services\transmittalService.js:282:15)
    at process.processTicksAndRejections (node:internal/process/task_queues:104:5)
    at async generateTransmittal (C:\steel-project(2)\steel-project\steel-project\backend\src\services\transmittalService.js:251:24)
    at async exports.generateTransmittal (C:\steel-project(2)\steel-project\steel-project\backend\src\controllers\transmittalController.js:89:24)
2026-09-30T08:37:28.632Z: Error: No completed extractions found for this transmittal.
    at _internalGenerateTransmittal (C:\steel-project(2)\steel-project\steel-project\backend\src\services\transmittalService.js:282:15)
    at process.processTicksAndRejections (node:internal/process/task_queues:104:5)
    at async generateTransmittal (C:\steel-project(2)\steel-project\steel-project\backend\src\services\transmittalService.js:251:24)
    at async exports.generateTransmittal (C:\steel-project(2)\steel-project\steel-project\backend\src\controllers\transmittalController.js:89:24)
2026-09-30T08:37:29.014Z: Error: No completed extractions found for this transmittal.
    at _internalGenerateTransmittal (C:\steel-project(2)\steel-project\steel-project\backend\src\services\transmittalService.js:282:15)
    at process.processTicksAndRejections (node:internal/process/task_queues:104:5)
    at async generateTransmittal (C:\steel-project(2)\steel-project\steel-project\backend\src\services\transmittalService.js:251:24)
    at async exports.generateTransmittal (C:\steel-project(2)\steel-project\steel-project\backend\src\controllers\transmittalController.js:89:24)
2026-09-30T08:37:29.136Z: Error: No completed extractions found for this transmittal.
    at _internalGenerateTransmittal (C:\steel-project(2)\steel-project\steel-project\backend\src\services\transmittalService.js:282:15)
    at process.processTicksAndRejections (node:internal/process/task_queues:104:5)
    at async generateTransmittal (C:\steel-project(2)\steel-project\steel-project\backend\src\services\transmittalService.js:251:24)
    at async exports.generateTransmittal (C:\steel-project(2)\steel-project\steel-project\backend\src\controllers\transmittalController.js:89:24)
2026-09-30T08:37:29.259Z: Error: No completed extractions found for this transmittal.
    at _internalGenerateTransmittal (C:\steel-project(2)\steel-project\steel-project\backend\src\services\transmittalService.js:282:15)
    at process.processTicksAndRejections (node:internal/process/task_queues:104:5)
    at async generateTransmittal (C:\steel-project(2)\steel-project\steel-project\backend\src\services\transmittalService.js:251:24)
    at async exports.generateTransmittal (C:\steel-project(2)\steel-project\steel-project\backend\src\controllers\transmittalController.js:89:24)
2026-09-30T08:37:29.375Z: Error: No completed extractions found for this transmittal.
    at _internalGenerateTransmittal (C:\steel-project(2)\steel-project\steel-project\backend\src\services\transmittalService.js:282:15)
    at process.processTicksAndRejections (node:internal/process/task_queues:104:5)
    at async generateTransmittal (C:\steel-project(2)\steel-project\steel-project\backend\src\services\transmittalService.js:251:24)
    at async exports.generateTransmittal (C:\steel-project(2)\steel-project\steel-project\backend\src\controllers\transmittalController.js:89:24)
2026-09-30T08:37:29.755Z: Error: No completed extractions found for this transmittal.
    at _internalGenerateTransmittal (C:\steel-project(2)\steel-project\steel-project\backend\src\services\transmittalService.js:282:15)
    at process.processTicksAndRejections (node:internal/process/task_queues:104:5)
    at async generateTransmittal (C:\steel-project(2)\steel-project\steel-project\backend\src\services\transmittalService.js:251:24)
    at async exports.generateTransmittal (C:\steel-project(2)\steel-project\steel-project\backend\src\controllers\transmittalController.js:89:24)
2026-09-30T08:37:29.896Z: Error: No completed extractions found for this transmittal.
    at _internalGenerateTransmittal (C:\steel-project(2)\steel-project\steel-project\backend\src\services\transmittalService.js:282:15)
    at process.processTicksAndRejections (node:internal/process/task_queues:104:5)
    at async generateTransmittal (C:\steel-project(2)\steel-project\steel-project\backend\src\services\transmittalService.js:251:24)
    at async exports.generateTransmittal (C:\steel-project(2)\steel-project\steel-project\backend\src\controllers\transmittalController.js:89:24)
2026-09-30T08:37:30.018Z: Error: No completed extractions found for this transmittal.
    at _internalGenerateTransmittal (C:\steel-project(2)\steel-project\steel-project\backend\src\services\transmittalService.js:282:15)
    at process.processTicksAndRejections (node:internal/process/task_queues:104:5)
    at async generateTransmittal (C:\steel-project(2)\steel-project\steel-project\backend\src\services\transmittalService.js:251:24)
    at async exports.generateTransmittal (C:\steel-project(2)\steel-project\steel-project\backend\src\controllers\transmittalController.js:89:24)
2026-09-30T08:37:30.152Z: Error: No completed extractions found for this transmittal.
    at _internalGenerateTransmittal (C:\steel-project(2)\steel-project\steel-project\backend\src\services\transmittalService.js:282:15)
    at process.processTicksAndRejections (node:internal/process/task_queues:104:5)
    at async generateTransmittal (C:\steel-project(2)\steel-project\steel-project\backend\src\services\transmittalService.js:251:24)
    at async exports.generateTransmittal (C:\steel-project(2)\steel-project\steel-project\backend\src\controllers\transmittalController.js:89:24)
2026-09-30T08:37:30.263Z: Error: No completed extractions found for this transmittal.
    at _internalGenerateTransmittal (C:\steel-project(2)\steel-project\steel-project\backend\src\services\transmittalService.js:282:15)
    at process.processTicksAndRejections (node:internal/process/task_queues:104:5)
    at async generateTransmittal (C:\steel-project(2)\steel-project\steel-project\backend\src\services\transmittalService.js:251:24)
    at async exports.generateTransmittal (C:\steel-project(2)\steel-project\steel-project\backend\src\controllers\transmittalController.js:89:24)
2026-09-30T08:37:30.633Z: Error: No completed extractions found for this transmittal.
    at _internalGenerateTransmittal (C:\steel-project(2)\steel-project\steel-project\backend\src\services\transmittalService.js:282:15)
    at process.processTicksAndRejections (node:internal/process/task_queues:104:5)
    at async generateTransmittal (C:\steel-project(2)\steel-project\steel-project\backend\src\services\transmittalService.js:251:24)
    at async exports.generateTransmittal (C:\steel-project(2)\steel-project\steel-project\backend\src\controllers\transmittalController.js:89:24)
2026-09-30T08:37:30.754Z: Error: No completed extractions found for this transmittal.
    at _internalGenerateTransmittal (C:\steel-project(2)\steel-project\steel-project\backend\src\services\transmittalService.js:282:15)
    at process.processTicksAndRejections (node:internal/process/task_queues:104:5)
    at async generateTransmittal (C:\steel-project(2)\steel-project\steel-project\backend\src\services\transmittalService.js:251:24)
    at async exports.generateTransmittal (C:\steel-project(2)\steel-project\steel-project\backend\src\controllers\transmittalController.js:89:24)
2026-09-30T08:37:30.869Z: Error: No completed extractions found for this transmittal.
    at _internalGenerateTransmittal (C:\steel-project(2)\steel-project\steel-project\backend\src\services\transmittalService.js:282:15)
    at process.processTicksAndRejections (node:internal/process/task_queues:104:5)
    at async generateTransmittal (C:\steel-project(2)\steel-project\steel-project\backend\src\services\transmittalService.js:251:24)
    at async exports.generateTransmittal (C:\steel-project(2)\steel-project\steel-project\backend\src\controllers\transmittalController.js:89:24)
2026-09-30T08:37:31.194Z: Error: No completed extractions found for this transmittal.
    at _internalGenerateTransmittal (C:\steel-project(2)\steel-project\steel-project\backend\src\services\transmittalService.js:282:15)
    at process.processTicksAndRejections (node:internal/process/task_queues:104:5)
    at async generateTransmittal (C:\steel-project(2)\steel-project\steel-project\backend\src\services\transmittalService.js:251:24)
    at async exports.generateTransmittal (C:\steel-project(2)\steel-project\steel-project\backend\src\controllers\transmittalController.js:89:24)
2026-09-30T08:37:31.553Z: Error: No completed extractions found for this transmittal.
    at _internalGenerateTransmittal (C:\steel-project(2)\steel-project\steel-project\backend\src\services\transmittalService.js:282:15)
    at process.processTicksAndRejections (node:internal/process/task_queues:104:5)
    at async generateTransmittal (C:\steel-project(2)\steel-project\steel-project\backend\src\services\transmittalService.js:251:24)
    at async exports.generateTransmittal (C:\steel-project(2)\steel-project\steel-project\backend\src\controllers\transmittalController.js:89:24)
2026-09-30T08:37:31.680Z: Error: No completed extractions found for this transmittal.
    at _internalGenerateTransmittal (C:\steel-project(2)\steel-project\steel-project\backend\src\services\transmittalService.js:282:15)
    at process.processTicksAndRejections (node:internal/process/task_queues:104:5)
    at async generateTransmittal (C:\steel-project(2)\steel-project\steel-project\backend\src\services\transmittalService.js:251:24)
    at async exports.generateTransmittal (C:\steel-project(2)\steel-project\steel-project\backend\src\controllers\transmittalController.js:89:24)
2026-09-30T08:37:31.804Z: Error: No completed extractions found for this transmittal.
    at _internalGenerateTransmittal (C:\steel-project(2)\steel-project\steel-project\backend\src\services\transmittalService.js:282:15)
    at process.processTicksAndRejections (node:internal/process/task_queues:104:5)
    at async generateTransmittal (C:\steel-project(2)\steel-project\steel-project\backend\src\services\transmittalService.js:251:24)
    at async exports.generateTransmittal (C:\steel-project(2)\steel-project\steel-project\backend\src\controllers\transmittalController.js:89:24)
2026-09-30T08:37:31.921Z: Error: No completed extractions found for this transmittal.
    at _internalGenerateTransmittal (C:\steel-project(2)\steel-project\steel-project\backend\src\services\transmittalService.js:282:15)
    at process.processTicksAndRejections (node:internal/process/task_queues:104:5)
    at async generateTransmittal (C:\steel-project(2)\steel-project\steel-project\backend\src\services\transmittalService.js:251:24)
    at async exports.generateTransmittal (C:\steel-project(2)\steel-project\steel-project\backend\src\controllers\transmittalController.js:89:24)
2026-09-30T08:37:32.033Z: Error: No completed extractions found for this transmittal.
    at _internalGenerateTransmittal (C:\steel-project(2)\steel-project\steel-project\backend\src\services\transmittalService.js:282:15)
    at process.processTicksAndRejections (node:internal/process/task_queues:104:5)
    at async generateTransmittal (C:\steel-project(2)\steel-project\steel-project\backend\src\services\transmittalService.js:251:24)
    at async exports.generateTransmittal (C:\steel-project(2)\steel-project\steel-project\backend\src\controllers\transmittalController.js:89:24)
2026-09-30T08:37:32.140Z: Error: No completed extractions found for this transmittal.
    at _internalGenerateTransmittal (C:\steel-project(2)\steel-project\steel-project\backend\src\services\transmittalService.js:282:15)
    at process.processTicksAndRejections (node:internal/process/task_queues:104:5)
    at async generateTransmittal (C:\steel-project(2)\steel-project\steel-project\backend\src\services\transmittalService.js:251:24)
    at async exports.generateTransmittal (C:\steel-project(2)\steel-project\steel-project\backend\src\controllers\transmittalController.js:89:24)
2026-09-30T08:37:32.253Z: Error: No completed extractions found for this transmittal.
    at _internalGenerateTransmittal (C:\steel-project(2)\steel-project\steel-project\backend\src\services\transmittalService.js:282:15)
    at process.processTicksAndRejections (node:internal/process/task_queues:104:5)
    at async generateTransmittal (C:\steel-project(2)\steel-project\steel-project\backend\src\services\transmittalService.js:251:24)
    at async exports.generateTransmittal (C:\steel-project(2)\steel-project\steel-project\backend\src\controllers\transmittalController.js:89:24)
2026-09-30T08:37:32.359Z: Error: No completed extractions found for this transmittal.
    at _internalGenerateTransmittal (C:\steel-project(2)\steel-project\steel-project\backend\src\services\transmittalService.js:282:15)
    at process.processTicksAndRejections (node:internal/process/task_queues:104:5)
    at async generateTransmittal (C:\steel-project(2)\steel-project\steel-project\backend\src\services\transmittalService.js:251:24)
    at async exports.generateTransmittal (C:\steel-project(2)\steel-project\steel-project\backend\src\controllers\transmittalController.js:89:24)
2026-09-30T08:37:32.463Z: Error: No completed extractions found for this transmittal.
    at _internalGenerateTransmittal (C:\steel-project(2)\steel-project\steel-project\backend\src\services\transmittalService.js:282:15)
    at process.processTicksAndRejections (node:internal/process/task_queues:104:5)
    at async generateTransmittal (C:\steel-project(2)\steel-project\steel-project\backend\src\services\transmittalService.js:251:24)
    at async exports.generateTransmittal (C:\steel-project(2)\steel-project\steel-project\backend\src\controllers\transmittalController.js:89:24)
2026-09-30T08:37:32.818Z: Error: No completed extractions found for this transmittal.
    at _internalGenerateTransmittal (C:\steel-project(2)\steel-project\steel-project\backend\src\services\transmittalService.js:282:15)
    at process.processTicksAndRejections (node:internal/process/task_queues:104:5)
    at async generateTransmittal (C:\steel-project(2)\steel-project\steel-project\backend\src\services\transmittalService.js:251:24)
    at async exports.generateTransmittal (C:\steel-project(2)\steel-project\steel-project\backend\src\controllers\transmittalController.js:89:24)
2026-09-30T08:37:32.932Z: Error: No completed extractions found for this transmittal.
    at _internalGenerateTransmittal (C:\steel-project(2)\steel-project\steel-project\backend\src\services\transmittalService.js:282:15)
    at process.processTicksAndRejections (node:internal/process/task_queues:104:5)
    at async generateTransmittal (C:\steel-project(2)\steel-project\steel-project\backend\src\services\transmittalService.js:251:24)
    at async exports.generateTransmittal (C:\steel-project(2)\steel-project\steel-project\backend\src\controllers\transmittalController.js:89:24)
2026-09-30T08:37:33.049Z: Error: No completed extractions found for this transmittal.
    at _internalGenerateTransmittal (C:\steel-project(2)\steel-project\steel-project\backend\src\services\transmittalService.js:282:15)
    at process.processTicksAndRejections (node:internal/process/task_queues:104:5)
    at async generateTransmittal (C:\steel-project(2)\steel-project\steel-project\backend\src\services\transmittalService.js:251:24)
    at async exports.generateTransmittal (C:\steel-project(2)\steel-project\steel-project\backend\src\controllers\transmittalController.js:89:24)
2026-09-30T08:37:33.163Z: Error: No completed extractions found for this transmittal.
    at _internalGenerateTransmittal (C:\steel-project(2)\steel-project\steel-project\backend\src\services\transmittalService.js:282:15)
    at process.processTicksAndRejections (node:internal/process/task_queues:104:5)
    at async generateTransmittal (C:\steel-project(2)\steel-project\steel-project\backend\src\services\transmittalService.js:251:24)
    at async exports.generateTransmittal (C:\steel-project(2)\steel-project\steel-project\backend\src\controllers\transmittalController.js:89:24)
2026-09-30T08:37:33.286Z: Error: No completed extractions found for this transmittal.
    at _internalGenerateTransmittal (C:\steel-project(2)\steel-project\steel-project\backend\src\services\transmittalService.js:282:15)
    at process.processTicksAndRejections (node:internal/process/task_queues:104:5)
    at async generateTransmittal (C:\steel-project(2)\steel-project\steel-project\backend\src\services\transmittalService.js:251:24)
    at async exports.generateTransmittal (C:\steel-project(2)\steel-project\steel-project\backend\src\controllers\transmittalController.js:89:24)
2026-09-30T08:37:33.413Z: Error: No completed extractions found for this transmittal.
    at _internalGenerateTransmittal (C:\steel-project(2)\steel-project\steel-project\backend\src\services\transmittalService.js:282:15)
    at process.processTicksAndRejections (node:internal/process/task_queues:104:5)
    at async generateTransmittal (C:\steel-project(2)\steel-project\steel-project\backend\src\services\transmittalService.js:251:24)
    at async exports.generateTransmittal (C:\steel-project(2)\steel-project\steel-project\backend\src\controllers\transmittalController.js:89:24)
2026-09-30T08:37:33.530Z: Error: No completed extractions found for this transmittal.
    at _internalGenerateTransmittal (C:\steel-project(2)\steel-project\steel-project\backend\src\services\transmittalService.js:282:15)
    at process.processTicksAndRejections (node:internal/process/task_queues:104:5)
    at async generateTransmittal (C:\steel-project(2)\steel-project\steel-project\backend\src\services\transmittalService.js:251:24)
    at async exports.generateTransmittal (C:\steel-project(2)\steel-project\steel-project\backend\src\controllers\transmittalController.js:89:24)
2026-09-30T08:37:33.638Z: Error: No completed extractions found for this transmittal.
    at _internalGenerateTransmittal (C:\steel-project(2)\steel-project\steel-project\backend\src\services\transmittalService.js:282:15)
    at process.processTicksAndRejections (node:internal/process/task_queues:104:5)
    at async generateTransmittal (C:\steel-project(2)\steel-project\steel-project\backend\src\services\transmittalService.js:251:24)
    at async exports.generateTransmittal (C:\steel-project(2)\steel-project\steel-project\backend\src\controllers\transmittalController.js:89:24)
2026-09-30T08:37:33.770Z: Error: No completed extractions found for this transmittal.
    at _internalGenerateTransmittal (C:\steel-project(2)\steel-project\steel-project\backend\src\services\transmittalService.js:282:15)
    at process.processTicksAndRejections (node:internal/process/task_queues:104:5)
    at async generateTransmittal (C:\steel-project(2)\steel-project\steel-project\backend\src\services\transmittalService.js:251:24)
    at async exports.generateTransmittal (C:\steel-project(2)\steel-project\steel-project\backend\src\controllers\transmittalController.js:89:24)
2026-09-30T08:37:33.871Z: Error: No completed extractions found for this transmittal.
    at _internalGenerateTransmittal (C:\steel-project(2)\steel-project\steel-project\backend\src\services\transmittalService.js:282:15)
    at process.processTicksAndRejections (node:internal/process/task_queues:104:5)
    at async generateTransmittal (C:\steel-project(2)\steel-project\steel-project\backend\src\services\transmittalService.js:251:24)
    at async exports.generateTransmittal (C:\steel-project(2)\steel-project\steel-project\backend\src\controllers\transmittalController.js:89:24)
2026-09-30T08:37:33.991Z: Error: No completed extractions found for this transmittal.
    at _internalGenerateTransmittal (C:\steel-project(2)\steel-project\steel-project\backend\src\services\transmittalService.js:282:15)
    at process.processTicksAndRejections (node:internal/process/task_queues:104:5)
    at async generateTransmittal (C:\steel-project(2)\steel-project\steel-project\backend\src\services\transmittalService.js:251:24)
    at async exports.generateTransmittal (C:\steel-project(2)\steel-project\steel-project\backend\src\controllers\transmittalController.js:89:24)
2026-09-30T08:37:34.099Z: Error: No completed extractions found for this transmittal.
    at _internalGenerateTransmittal (C:\steel-project(2)\steel-project\steel-project\backend\src\services\transmittalService.js:282:15)
    at process.processTicksAndRejections (node:internal/process/task_queues:104:5)
    at async generateTransmittal (C:\steel-project(2)\steel-project\steel-project\backend\src\services\transmittalService.js:251:24)
    at async exports.generateTransmittal (C:\steel-project(2)\steel-project\steel-project\backend\src\controllers\transmittalController.js:89:24)
2026-09-30T08:37:34.205Z: Error: No completed extractions found for this transmittal.
    at _internalGenerateTransmittal (C:\steel-project(2)\steel-project\steel-project\backend\src\services\transmittalService.js:282:15)
    at process.processTicksAndRejections (node:internal/process/task_queues:104:5)
    at async generateTransmittal (C:\steel-project(2)\steel-project\steel-project\backend\src\services\transmittalService.js:251:24)
    at async exports.generateTransmittal (C:\steel-project(2)\steel-project\steel-project\backend\src\controllers\transmittalController.js:89:24)
2026-09-30T08:37:34.320Z: Error: No completed extractions found for this transmittal.
    at _internalGenerateTransmittal (C:\steel-project(2)\steel-project\steel-project\backend\src\services\transmittalService.js:282:15)
    at process.processTicksAndRejections (node:internal/process/task_queues:104:5)
    at async generateTransmittal (C:\steel-project(2)\steel-project\steel-project\backend\src\services\transmittalService.js:251:24)
    at async exports.generateTransmittal (C:\steel-project(2)\steel-project\steel-project\backend\src\controllers\transmittalController.js:89:24)
2026-09-30T08:37:34.423Z: Error: No completed extractions found for this transmittal.
    at _internalGenerateTransmittal (C:\steel-project(2)\steel-project\steel-project\backend\src\services\transmittalService.js:282:15)
    at process.processTicksAndRejections (node:internal/process/task_queues:104:5)
    at async generateTransmittal (C:\steel-project(2)\steel-project\steel-project\backend\src\services\transmittalService.js:251:24)
    at async exports.generateTransmittal (C:\steel-project(2)\steel-project\steel-project\backend\src\controllers\transmittalController.js:89:24)
2026-09-30T08:37:34.521Z: Error: No completed extractions found for this transmittal.
    at _internalGenerateTransmittal (C:\steel-project(2)\steel-project\steel-project\backend\src\services\transmittalService.js:282:15)
    at process.processTicksAndRejections (node:internal/process/task_queues:104:5)
    at async generateTransmittal (C:\steel-project(2)\steel-project\steel-project\backend\src\services\transmittalService.js:251:24)
    at async exports.generateTransmittal (C:\steel-project(2)\steel-project\steel-project\backend\src\controllers\transmittalController.js:89:24)
2026-09-30T08:37:34.627Z: Error: No completed extractions found for this transmittal.
    at _internalGenerateTransmittal (C:\steel-project(2)\steel-project\steel-project\backend\src\services\transmittalService.js:282:15)
    at process.processTicksAndRejections (node:internal/process/task_queues:104:5)
    at async generateTransmittal (C:\steel-project(2)\steel-project\steel-project\backend\src\services\transmittalService.js:251:24)
    at async exports.generateTransmittal (C:\steel-project(2)\steel-project\steel-project\backend\src\controllers\transmittalController.js:89:24)
2026-09-30T08:37:34.721Z: Error: No completed extractions found for this transmittal.
    at _internalGenerateTransmittal (C:\steel-project(2)\steel-project\steel-project\backend\src\services\transmittalService.js:282:15)
    at process.processTicksAndRejections (node:internal/process/task_queues:104:5)
    at async generateTransmittal (C:\steel-project(2)\steel-project\steel-project\backend\src\services\transmittalService.js:251:24)
    at async exports.generateTransmittal (C:\steel-project(2)\steel-project\steel-project\backend\src\controllers\transmittalController.js:89:24)
2026-09-30T08:37:34.827Z: Error: No completed extractions found for this transmittal.
    at _internalGenerateTransmittal (C:\steel-project(2)\steel-project\steel-project\backend\src\services\transmittalService.js:282:15)
    at process.processTicksAndRejections (node:internal/process/task_queues:104:5)
    at async generateTransmittal (C:\steel-project(2)\steel-project\steel-project\backend\src\services\transmittalService.js:251:24)
    at async exports.generateTransmittal (C:\steel-project(2)\steel-project\steel-project\backend\src\controllers\transmittalController.js:89:24)
2026-09-30T08:37:34.929Z: Error: No completed extractions found for this transmittal.
    at _internalGenerateTransmittal (C:\steel-project(2)\steel-project\steel-project\backend\src\services\transmittalService.js:282:15)
    at process.processTicksAndRejections (node:internal/process/task_queues:104:5)
    at async generateTransmittal (C:\steel-project(2)\steel-project\steel-project\backend\src\services\transmittalService.js:251:24)
    at async exports.generateTransmittal (C:\steel-project(2)\steel-project\steel-project\backend\src\controllers\transmittalController.js:89:24)
2026-09-30T08:37:35.040Z: Error: No completed extractions found for this transmittal.
    at _internalGenerateTransmittal (C:\steel-project(2)\steel-project\steel-project\backend\src\services\transmittalService.js:282:15)
    at process.processTicksAndRejections (node:internal/process/task_queues:104:5)
    at async generateTransmittal (C:\steel-project(2)\steel-project\steel-project\backend\src\services\transmittalService.js:251:24)
    at async exports.generateTransmittal (C:\steel-project(2)\steel-project\steel-project\backend\src\controllers\transmittalController.js:89:24)
2026-09-30T08:37:35.175Z: Error: No completed extractions found for this transmittal.
    at _internalGenerateTransmittal (C:\steel-project(2)\steel-project\steel-project\backend\src\services\transmittalService.js:282:15)
    at process.processTicksAndRejections (node:internal/process/task_queues:104:5)
    at async generateTransmittal (C:\steel-project(2)\steel-project\steel-project\backend\src\services\transmittalService.js:251:24)
    at async exports.generateTransmittal (C:\steel-project(2)\steel-project\steel-project\backend\src\controllers\transmittalController.js:89:24)
2026-09-30T08:37:35.307Z: Error: No completed extractions found for this transmittal.
    at _internalGenerateTransmittal (C:\steel-project(2)\steel-project\steel-project\backend\src\services\transmittalService.js:282:15)
    at process.processTicksAndRejections (node:internal/process/task_queues:104:5)
    at async generateTransmittal (C:\steel-project(2)\steel-project\steel-project\backend\src\services\transmittalService.js:251:24)
    at async exports.generateTransmittal (C:\steel-project(2)\steel-project\steel-project\backend\src\controllers\transmittalController.js:89:24)
2026-09-30T08:37:35.449Z: Error: No completed extractions found for this transmittal.
    at _internalGenerateTransmittal (C:\steel-project(2)\steel-project\steel-project\backend\src\services\transmittalService.js:282:15)
    at process.processTicksAndRejections (node:internal/process/task_queues:104:5)
    at async generateTransmittal (C:\steel-project(2)\steel-project\steel-project\backend\src\services\transmittalService.js:251:24)
    at async exports.generateTransmittal (C:\steel-project(2)\steel-project\steel-project\backend\src\controllers\transmittalController.js:89:24)
2026-09-30T08:38:38.073Z: Error: No completed extractions found for this transmittal.
    at _internalGenerateTransmittal (C:\steel-project(2)\steel-project\steel-project\backend\src\services\transmittalService.js:282:15)
    at process.processTicksAndRejections (node:internal/process/task_queues:104:5)
    at async generateTransmittal (C:\steel-project(2)\steel-project\steel-project\backend\src\services\transmittalService.js:251:24)
    at async exports.generateTransmittal (C:\steel-project(2)\steel-project\steel-project\backend\src\controllers\transmittalController.js:89:24)
2026-09-30T08:38:38.167Z: Error: No completed extractions found for this transmittal.
    at _internalGenerateTransmittal (C:\steel-project(2)\steel-project\steel-project\backend\src\services\transmittalService.js:282:15)
    at process.processTicksAndRejections (node:internal/process/task_queues:104:5)
    at async generateTransmittal (C:\steel-project(2)\steel-project\steel-project\backend\src\services\transmittalService.js:251:24)
    at async exports.generateTransmittal (C:\steel-project(2)\steel-project\steel-project\backend\src\controllers\transmittalController.js:89:24)
2026-09-30T08:38:38.295Z: Error: No completed extractions found for this transmittal.
    at _internalGenerateTransmittal (C:\steel-project(2)\steel-project\steel-project\backend\src\services\transmittalService.js:282:15)
    at process.processTicksAndRejections (node:internal/process/task_queues:104:5)
    at async generateTransmittal (C:\steel-project(2)\steel-project\steel-project\backend\src\services\transmittalService.js:251:24)
    at async exports.generateTransmittal (C:\steel-project(2)\steel-project\steel-project\backend\src\controllers\transmittalController.js:89:24)
2026-09-30T08:38:38.390Z: Error: No completed extractions found for this transmittal.
    at _internalGenerateTransmittal (C:\steel-project(2)\steel-project\steel-project\backend\src\services\transmittalService.js:282:15)
    at process.processTicksAndRejections (node:internal/process/task_queues:104:5)
    at async generateTransmittal (C:\steel-project(2)\steel-project\steel-project\backend\src\services\transmittalService.js:251:24)
    at async exports.generateTransmittal (C:\steel-project(2)\steel-project\steel-project\backend\src\controllers\transmittalController.js:89:24)
2026-09-30T08:38:38.496Z: Error: No completed extractions found for this transmittal.
    at _internalGenerateTransmittal (C:\steel-project(2)\steel-project\steel-project\backend\src\services\transmittalService.js:282:15)
    at process.processTicksAndRejections (node:internal/process/task_queues:104:5)
    at async generateTransmittal (C:\steel-project(2)\steel-project\steel-project\backend\src\services\transmittalService.js:251:24)
    at async exports.generateTransmittal (C:\steel-project(2)\steel-project\steel-project\backend\src\controllers\transmittalController.js:89:24)
2026-09-30T08:38:38.624Z: Error: No completed extractions found for this transmittal.
    at _internalGenerateTransmittal (C:\steel-project(2)\steel-project\steel-project\backend\src\services\transmittalService.js:282:15)
    at process.processTicksAndRejections (node:internal/process/task_queues:104:5)
    at async generateTransmittal (C:\steel-project(2)\steel-project\steel-project\backend\src\services\transmittalService.js:251:24)
    at async exports.generateTransmittal (C:\steel-project(2)\steel-project\steel-project\backend\src\controllers\transmittalController.js:89:24)
2026-09-30T08:38:38.754Z: Error: No completed extractions found for this transmittal.
    at _internalGenerateTransmittal (C:\steel-project(2)\steel-project\steel-project\backend\src\services\transmittalService.js:282:15)
    at process.processTicksAndRejections (node:internal/process/task_queues:104:5)
    at async generateTransmittal (C:\steel-project(2)\steel-project\steel-project\backend\src\services\transmittalService.js:251:24)
    at async exports.generateTransmittal (C:\steel-project(2)\steel-project\steel-project\backend\src\controllers\transmittalController.js:89:24)
2026-09-30T08:38:38.857Z: Error: No completed extractions found for this transmittal.
    at _internalGenerateTransmittal (C:\steel-project(2)\steel-project\steel-project\backend\src\services\transmittalService.js:282:15)
    at process.processTicksAndRejections (node:internal/process/task_queues:104:5)
    at async generateTransmittal (C:\steel-project(2)\steel-project\steel-project\backend\src\services\transmittalService.js:251:24)
    at async exports.generateTransmittal (C:\steel-project(2)\steel-project\steel-project\backend\src\controllers\transmittalController.js:89:24)
2026-09-30T08:38:39.412Z: Error: No completed extractions found for this transmittal.
    at _internalGenerateTransmittal (C:\steel-project(2)\steel-project\steel-project\backend\src\services\transmittalService.js:282:15)
    at process.processTicksAndRejections (node:internal/process/task_queues:104:5)
    at async generateTransmittal (C:\steel-project(2)\steel-project\steel-project\backend\src\services\transmittalService.js:251:24)
    at async exports.generateTransmittal (C:\steel-project(2)\steel-project\steel-project\backend\src\controllers\transmittalController.js:89:24)
2026-09-30T08:38:39.763Z: Error: No completed extractions found for this transmittal.
    at _internalGenerateTransmittal (C:\steel-project(2)\steel-project\steel-project\backend\src\services\transmittalService.js:282:15)
    at process.processTicksAndRejections (node:internal/process/task_queues:104:5)
    at async generateTransmittal (C:\steel-project(2)\steel-project\steel-project\backend\src\services\transmittalService.js:251:24)
    at async exports.generateTransmittal (C:\steel-project(2)\steel-project\steel-project\backend\src\controllers\transmittalController.js:89:24)
2026-09-30T08:38:39.862Z: Error: No completed extractions found for this transmittal.
    at _internalGenerateTransmittal (C:\steel-project(2)\steel-project\steel-project\backend\src\services\transmittalService.js:282:15)
    at process.processTicksAndRejections (node:internal/process/task_queues:104:5)
    at async generateTransmittal (C:\steel-project(2)\steel-project\steel-project\backend\src\services\transmittalService.js:251:24)
    at async exports.generateTransmittal (C:\steel-project(2)\steel-project\steel-project\backend\src\controllers\transmittalController.js:89:24)
2026-09-30T08:38:39.963Z: Error: No completed extractions found for this transmittal.
    at _internalGenerateTransmittal (C:\steel-project(2)\steel-project\steel-project\backend\src\services\transmittalService.js:282:15)
    at process.processTicksAndRejections (node:internal/process/task_queues:104:5)
    at async generateTransmittal (C:\steel-project(2)\steel-project\steel-project\backend\src\services\transmittalService.js:251:24)
    at async exports.generateTransmittal (C:\steel-project(2)\steel-project\steel-project\backend\src\controllers\transmittalController.js:89:24)
2026-09-30T08:38:40.071Z: Error: No completed extractions found for this transmittal.
    at _internalGenerateTransmittal (C:\steel-project(2)\steel-project\steel-project\backend\src\services\transmittalService.js:282:15)
    at process.processTicksAndRejections (node:internal/process/task_queues:104:5)
    at async generateTransmittal (C:\steel-project(2)\steel-project\steel-project\backend\src\services\transmittalService.js:251:24)
    at async exports.generateTransmittal (C:\steel-project(2)\steel-project\steel-project\backend\src\controllers\transmittalController.js:89:24)
2026-09-30T08:38:40.168Z: Error: No completed extractions found for this transmittal.
    at _internalGenerateTransmittal (C:\steel-project(2)\steel-project\steel-project\backend\src\services\transmittalService.js:282:15)
    at process.processTicksAndRejections (node:internal/process/task_queues:104:5)
    at async generateTransmittal (C:\steel-project(2)\steel-project\steel-project\backend\src\services\transmittalService.js:251:24)
    at async exports.generateTransmittal (C:\steel-project(2)\steel-project\steel-project\backend\src\controllers\transmittalController.js:89:24)
2026-09-30T08:38:40.280Z: Error: No completed extractions found for this transmittal.
    at _internalGenerateTransmittal (C:\steel-project(2)\steel-project\steel-project\backend\src\services\transmittalService.js:282:15)
    at process.processTicksAndRejections (node:internal/process/task_queues:104:5)
    at async generateTransmittal (C:\steel-project(2)\steel-project\steel-project\backend\src\services\transmittalService.js:251:24)
    at async exports.generateTransmittal (C:\steel-project(2)\steel-project\steel-project\backend\src\controllers\transmittalController.js:89:24)
2026-09-30T08:38:40.388Z: Error: No completed extractions found for this transmittal.
    at _internalGenerateTransmittal (C:\steel-project(2)\steel-project\steel-project\backend\src\services\transmittalService.js:282:15)
    at process.processTicksAndRejections (node:internal/process/task_queues:104:5)
    at async generateTransmittal (C:\steel-project(2)\steel-project\steel-project\backend\src\services\transmittalService.js:251:24)
    at async exports.generateTransmittal (C:\steel-project(2)\steel-project\steel-project\backend\src\controllers\transmittalController.js:89:24)
2026-09-30T08:38:40.507Z: Error: No completed extractions found for this transmittal.
    at _internalGenerateTransmittal (C:\steel-project(2)\steel-project\steel-project\backend\src\services\transmittalService.js:282:15)
    at process.processTicksAndRejections (node:internal/process/task_queues:104:5)
    at async generateTransmittal (C:\steel-project(2)\steel-project\steel-project\backend\src\services\transmittalService.js:251:24)
    at async exports.generateTransmittal (C:\steel-project(2)\steel-project\steel-project\backend\src\controllers\transmittalController.js:89:24)
2026-09-30T08:38:40.929Z: Error: No completed extractions found for this transmittal.
    at _internalGenerateTransmittal (C:\steel-project(2)\steel-project\steel-project\backend\src\services\transmittalService.js:282:15)
    at process.processTicksAndRejections (node:internal/process/task_queues:104:5)
    at async generateTransmittal (C:\steel-project(2)\steel-project\steel-project\backend\src\services\transmittalService.js:251:24)
    at async exports.generateTransmittal (C:\steel-project(2)\steel-project\steel-project\backend\src\controllers\transmittalController.js:89:24)
2026-09-30T08:38:41.045Z: Error: No completed extractions found for this transmittal.
    at _internalGenerateTransmittal (C:\steel-project(2)\steel-project\steel-project\backend\src\services\transmittalService.js:282:15)
    at process.processTicksAndRejections (node:internal/process/task_queues:104:5)
    at async generateTransmittal (C:\steel-project(2)\steel-project\steel-project\backend\src\services\transmittalService.js:251:24)
    at async exports.generateTransmittal (C:\steel-project(2)\steel-project\steel-project\backend\src\controllers\transmittalController.js:89:24)
2026-09-30T08:38:41.140Z: Error: No completed extractions found for this transmittal.
    at _internalGenerateTransmittal (C:\steel-project(2)\steel-project\steel-project\backend\src\services\transmittalService.js:282:15)
    at process.processTicksAndRejections (node:internal/process/task_queues:104:5)
    at async generateTransmittal (C:\steel-project(2)\steel-project\steel-project\backend\src\services\transmittalService.js:251:24)
    at async exports.generateTransmittal (C:\steel-project(2)\steel-project\steel-project\backend\src\controllers\transmittalController.js:89:24)
2026-09-30T08:38:41.247Z: Error: No completed extractions found for this transmittal.
    at _internalGenerateTransmittal (C:\steel-project(2)\steel-project\steel-project\backend\src\services\transmittalService.js:282:15)
    at process.processTicksAndRejections (node:internal/process/task_queues:104:5)
    at async generateTransmittal (C:\steel-project(2)\steel-project\steel-project\backend\src\services\transmittalService.js:251:24)
    at async exports.generateTransmittal (C:\steel-project(2)\steel-project\steel-project\backend\src\controllers\transmittalController.js:89:24)
2026-09-30T08:38:41.352Z: Error: No completed extractions found for this transmittal.
    at _internalGenerateTransmittal (C:\steel-project(2)\steel-project\steel-project\backend\src\services\transmittalService.js:282:15)
    at process.processTicksAndRejections (node:internal/process/task_queues:104:5)
    at async generateTransmittal (C:\steel-project(2)\steel-project\steel-project\backend\src\services\transmittalService.js:251:24)
    at async exports.generateTransmittal (C:\steel-project(2)\steel-project\steel-project\backend\src\controllers\transmittalController.js:89:24)
2026-09-30T08:38:41.476Z: Error: No completed extractions found for this transmittal.
    at _internalGenerateTransmittal (C:\steel-project(2)\steel-project\steel-project\backend\src\services\transmittalService.js:282:15)
    at process.processTicksAndRejections (node:internal/process/task_queues:104:5)
    at async generateTransmittal (C:\steel-project(2)\steel-project\steel-project\backend\src\services\transmittalService.js:251:24)
    at async exports.generateTransmittal (C:\steel-project(2)\steel-project\steel-project\backend\src\controllers\transmittalController.js:89:24)
2026-09-30T08:38:41.573Z: Error: No completed extractions found for this transmittal.
    at _internalGenerateTransmittal (C:\steel-project(2)\steel-project\steel-project\backend\src\services\transmittalService.js:282:15)
    at process.processTicksAndRejections (node:internal/process/task_queues:104:5)
    at async generateTransmittal (C:\steel-project(2)\steel-project\steel-project\backend\src\services\transmittalService.js:251:24)
    at async exports.generateTransmittal (C:\steel-project(2)\steel-project\steel-project\backend\src\controllers\transmittalController.js:89:24)
2026-09-30T08:38:41.696Z: Error: No completed extractions found for this transmittal.
    at _internalGenerateTransmittal (C:\steel-project(2)\steel-project\steel-project\backend\src\services\transmittalService.js:282:15)
    at process.processTicksAndRejections (node:internal/process/task_queues:104:5)
    at async generateTransmittal (C:\steel-project(2)\steel-project\steel-project\backend\src\services\transmittalService.js:251:24)
    at async exports.generateTransmittal (C:\steel-project(2)\steel-project\steel-project\backend\src\controllers\transmittalController.js:89:24)
2026-09-30T08:38:41.840Z: Error: No completed extractions found for this transmittal.
    at _internalGenerateTransmittal (C:\steel-project(2)\steel-project\steel-project\backend\src\services\transmittalService.js:282:15)
    at process.processTicksAndRejections (node:internal/process/task_queues:104:5)
    at async generateTransmittal (C:\steel-project(2)\steel-project\steel-project\backend\src\services\transmittalService.js:251:24)
    at async exports.generateTransmittal (C:\steel-project(2)\steel-project\steel-project\backend\src\controllers\transmittalController.js:89:24)
2026-09-30T08:38:41.958Z: Error: No completed extractions found for this transmittal.
    at _internalGenerateTransmittal (C:\steel-project(2)\steel-project\steel-project\backend\src\services\transmittalService.js:282:15)
    at process.processTicksAndRejections (node:internal/process/task_queues:104:5)
    at async generateTransmittal (C:\steel-project(2)\steel-project\steel-project\backend\src\services\transmittalService.js:251:24)
    at async exports.generateTransmittal (C:\steel-project(2)\steel-project\steel-project\backend\src\controllers\transmittalController.js:89:24)
2026-09-30T08:38:42.061Z: Error: No completed extractions found for this transmittal.
    at _internalGenerateTransmittal (C:\steel-project(2)\steel-project\steel-project\backend\src\services\transmittalService.js:282:15)
    at process.processTicksAndRejections (node:internal/process/task_queues:104:5)
    at async generateTransmittal (C:\steel-project(2)\steel-project\steel-project\backend\src\services\transmittalService.js:251:24)
    at async exports.generateTransmittal (C:\steel-project(2)\steel-project\steel-project\backend\src\controllers\transmittalController.js:89:24)
2026-09-30T08:38:42.168Z: Error: No completed extractions found for this transmittal.
    at _internalGenerateTransmittal (C:\steel-project(2)\steel-project\steel-project\backend\src\services\transmittalService.js:282:15)
    at process.processTicksAndRejections (node:internal/process/task_queues:104:5)
    at async generateTransmittal (C:\steel-project(2)\steel-project\steel-project\backend\src\services\transmittalService.js:251:24)
    at async exports.generateTransmittal (C:\steel-project(2)\steel-project\steel-project\backend\src\controllers\transmittalController.js:89:24)
2026-09-30T08:38:42.287Z: Error: No completed extractions found for this transmittal.
    at _internalGenerateTransmittal (C:\steel-project(2)\steel-project\steel-project\backend\src\services\transmittalService.js:282:15)
    at process.processTicksAndRejections (node:internal/process/task_queues:104:5)
    at async generateTransmittal (C:\steel-project(2)\steel-project\steel-project\backend\src\services\transmittalService.js:251:24)
    at async exports.generateTransmittal (C:\steel-project(2)\steel-project\steel-project\backend\src\controllers\transmittalController.js:89:24)
2026-09-30T08:38:42.387Z: Error: No completed extractions found for this transmittal.
    at _internalGenerateTransmittal (C:\steel-project(2)\steel-project\steel-project\backend\src\services\transmittalService.js:282:15)
    at process.processTicksAndRejections (node:internal/process/task_queues:104:5)
    at async generateTransmittal (C:\steel-project(2)\steel-project\steel-project\backend\src\services\transmittalService.js:251:24)
    at async exports.generateTransmittal (C:\steel-project(2)\steel-project\steel-project\backend\src\controllers\transmittalController.js:89:24)
2026-09-30T08:38:42.495Z: Error: No completed extractions found for this transmittal.
    at _internalGenerateTransmittal (C:\steel-project(2)\steel-project\steel-project\backend\src\services\transmittalService.js:282:15)
    at process.processTicksAndRejections (node:internal/process/task_queues:104:5)
    at async generateTransmittal (C:\steel-project(2)\steel-project\steel-project\backend\src\services\transmittalService.js:251:24)
    at async exports.generateTransmittal (C:\steel-project(2)\steel-project\steel-project\backend\src\controllers\transmittalController.js:89:24)
2026-09-30T08:38:42.610Z: Error: No completed extractions found for this transmittal.
    at _internalGenerateTransmittal (C:\steel-project(2)\steel-project\steel-project\backend\src\services\transmittalService.js:282:15)
    at process.processTicksAndRejections (node:internal/process/task_queues:104:5)
    at async generateTransmittal (C:\steel-project(2)\steel-project\steel-project\backend\src\services\transmittalService.js:251:24)
    at async exports.generateTransmittal (C:\steel-project(2)\steel-project\steel-project\backend\src\controllers\transmittalController.js:89:24)
2026-09-30T08:38:42.735Z: Error: No completed extractions found for this transmittal.
    at _internalGenerateTransmittal (C:\steel-project(2)\steel-project\steel-project\backend\src\services\transmittalService.js:282:15)
    at process.processTicksAndRejections (node:internal/process/task_queues:104:5)
    at async generateTransmittal (C:\steel-project(2)\steel-project\steel-project\backend\src\services\transmittalService.js:251:24)
    at async exports.generateTransmittal (C:\steel-project(2)\steel-project\steel-project\backend\src\controllers\transmittalController.js:89:24)
2026-09-30T08:38:42.877Z: Error: No completed extractions found for this transmittal.
    at _internalGenerateTransmittal (C:\steel-project(2)\steel-project\steel-project\backend\src\services\transmittalService.js:282:15)
    at process.processTicksAndRejections (node:internal/process/task_queues:104:5)
    at async generateTransmittal (C:\steel-project(2)\steel-project\steel-project\backend\src\services\transmittalService.js:251:24)
    at async exports.generateTransmittal (C:\steel-project(2)\steel-project\steel-project\backend\src\controllers\transmittalController.js:89:24)
2026-09-30T08:38:42.989Z: Error: No completed extractions found for this transmittal.
    at _internalGenerateTransmittal (C:\steel-project(2)\steel-project\steel-project\backend\src\services\transmittalService.js:282:15)
    at process.processTicksAndRejections (node:internal/process/task_queues:104:5)
    at async generateTransmittal (C:\steel-project(2)\steel-project\steel-project\backend\src\services\transmittalService.js:251:24)
    at async exports.generateTransmittal (C:\steel-project(2)\steel-project\steel-project\backend\src\controllers\transmittalController.js:89:24)
2026-09-30T08:38:43.088Z: Error: No completed extractions found for this transmittal.
    at _internalGenerateTransmittal (C:\steel-project(2)\steel-project\steel-project\backend\src\services\transmittalService.js:282:15)
    at process.processTicksAndRejections (node:internal/process/task_queues:104:5)
    at async generateTransmittal (C:\steel-project(2)\steel-project\steel-project\backend\src\services\transmittalService.js:251:24)
    at async exports.generateTransmittal (C:\steel-project(2)\steel-project\steel-project\backend\src\controllers\transmittalController.js:89:24)
2026-09-30T08:38:43.209Z: Error: No completed extractions found for this transmittal.
    at _internalGenerateTransmittal (C:\steel-project(2)\steel-project\steel-project\backend\src\services\transmittalService.js:282:15)
    at process.processTicksAndRejections (node:internal/process/task_queues:104:5)
    at async generateTransmittal (C:\steel-project(2)\steel-project\steel-project\backend\src\services\transmittalService.js:251:24)
    at async exports.generateTransmittal (C:\steel-project(2)\steel-project\steel-project\backend\src\controllers\transmittalController.js:89:24)
2026-09-30T08:38:43.315Z: Error: No completed extractions found for this transmittal.
    at _internalGenerateTransmittal (C:\steel-project(2)\steel-project\steel-project\backend\src\services\transmittalService.js:282:15)
    at process.processTicksAndRejections (node:internal/process/task_queues:104:5)
    at async generateTransmittal (C:\steel-project(2)\steel-project\steel-project\backend\src\services\transmittalService.js:251:24)
    at async exports.generateTransmittal (C:\steel-project(2)\steel-project\steel-project\backend\src\controllers\transmittalController.js:89:24)
2026-09-30T08:38:43.423Z: Error: No completed extractions found for this transmittal.
    at _internalGenerateTransmittal (C:\steel-project(2)\steel-project\steel-project\backend\src\services\transmittalService.js:282:15)
    at process.processTicksAndRejections (node:internal/process/task_queues:104:5)
    at async generateTransmittal (C:\steel-project(2)\steel-project\steel-project\backend\src\services\transmittalService.js:251:24)
    at async exports.generateTransmittal (C:\steel-project(2)\steel-project\steel-project\backend\src\controllers\transmittalController.js:89:24)
2026-09-30T08:38:43.735Z: Error: No completed extractions found for this transmittal.
    at _internalGenerateTransmittal (C:\steel-project(2)\steel-project\steel-project\backend\src\services\transmittalService.js:282:15)
    at process.processTicksAndRejections (node:internal/process/task_queues:104:5)
    at async generateTransmittal (C:\steel-project(2)\steel-project\steel-project\backend\src\services\transmittalService.js:251:24)
    at async exports.generateTransmittal (C:\steel-project(2)\steel-project\steel-project\backend\src\controllers\transmittalController.js:89:24)
2026-09-30T08:38:43.872Z: Error: No completed extractions found for this transmittal.
    at _internalGenerateTransmittal (C:\steel-project(2)\steel-project\steel-project\backend\src\services\transmittalService.js:282:15)
    at process.processTicksAndRejections (node:internal/process/task_queues:104:5)
    at async generateTransmittal (C:\steel-project(2)\steel-project\steel-project\backend\src\services\transmittalService.js:251:24)
    at async exports.generateTransmittal (C:\steel-project(2)\steel-project\steel-project\backend\src\controllers\transmittalController.js:89:24)
2026-09-30T08:38:43.998Z: Error: No completed extractions found for this transmittal.
    at _internalGenerateTransmittal (C:\steel-project(2)\steel-project\steel-project\backend\src\services\transmittalService.js:282:15)
    at process.processTicksAndRejections (node:internal/process/task_queues:104:5)
    at async generateTransmittal (C:\steel-project(2)\steel-project\steel-project\backend\src\services\transmittalService.js:251:24)
    at async exports.generateTransmittal (C:\steel-project(2)\steel-project\steel-project\backend\src\controllers\transmittalController.js:89:24)
2026-09-30T08:38:44.143Z: Error: No completed extractions found for this transmittal.
    at _internalGenerateTransmittal (C:\steel-project(2)\steel-project\steel-project\backend\src\services\transmittalService.js:282:15)
    at process.processTicksAndRejections (node:internal/process/task_queues:104:5)
    at async generateTransmittal (C:\steel-project(2)\steel-project\steel-project\backend\src\services\transmittalService.js:251:24)
    at async exports.generateTransmittal (C:\steel-project(2)\steel-project\steel-project\backend\src\controllers\transmittalController.js:89:24)
2026-09-30T08:38:44.256Z: Error: No completed extractions found for this transmittal.
    at _internalGenerateTransmittal (C:\steel-project(2)\steel-project\steel-project\backend\src\services\transmittalService.js:282:15)
    at process.processTicksAndRejections (node:internal/process/task_queues:104:5)
    at async generateTransmittal (C:\steel-project(2)\steel-project\steel-project\backend\src\services\transmittalService.js:251:24)
    at async exports.generateTransmittal (C:\steel-project(2)\steel-project\steel-project\backend\src\controllers\transmittalController.js:89:24)
2026-09-30T08:38:44.388Z: Error: No completed extractions found for this transmittal.
    at _internalGenerateTransmittal (C:\steel-project(2)\steel-project\steel-project\backend\src\services\transmittalService.js:282:15)
    at process.processTicksAndRejections (node:internal/process/task_queues:104:5)
    at async generateTransmittal (C:\steel-project(2)\steel-project\steel-project\backend\src\services\transmittalService.js:251:24)
    at async exports.generateTransmittal (C:\steel-project(2)\steel-project\steel-project\backend\src\controllers\transmittalController.js:89:24)
2026-09-30T08:38:44.516Z: Error: No completed extractions found for this transmittal.
    at _internalGenerateTransmittal (C:\steel-project(2)\steel-project\steel-project\backend\src\services\transmittalService.js:282:15)
    at process.processTicksAndRejections (node:internal/process/task_queues:104:5)
    at async generateTransmittal (C:\steel-project(2)\steel-project\steel-project\backend\src\services\transmittalService.js:251:24)
    at async exports.generateTransmittal (C:\steel-project(2)\steel-project\steel-project\backend\src\controllers\transmittalController.js:89:24)
2026-09-30T08:38:44.638Z: Error: No completed extractions found for this transmittal.
    at _internalGenerateTransmittal (C:\steel-project(2)\steel-project\steel-project\backend\src\services\transmittalService.js:282:15)
    at process.processTicksAndRejections (node:internal/process/task_queues:104:5)
    at async generateTransmittal (C:\steel-project(2)\steel-project\steel-project\backend\src\services\transmittalService.js:251:24)
    at async exports.generateTransmittal (C:\steel-project(2)\steel-project\steel-project\backend\src\controllers\transmittalController.js:89:24)
2026-09-30T08:38:44.735Z: Error: No completed extractions found for this transmittal.
    at _internalGenerateTransmittal (C:\steel-project(2)\steel-project\steel-project\backend\src\services\transmittalService.js:282:15)
    at process.processTicksAndRejections (node:internal/process/task_queues:104:5)
    at async generateTransmittal (C:\steel-project(2)\steel-project\steel-project\backend\src\services\transmittalService.js:251:24)
    at async exports.generateTransmittal (C:\steel-project(2)\steel-project\steel-project\backend\src\controllers\transmittalController.js:89:24)
2026-09-30T08:38:44.856Z: Error: No completed extractions found for this transmittal.
    at _internalGenerateTransmittal (C:\steel-project(2)\steel-project\steel-project\backend\src\services\transmittalService.js:282:15)
    at process.processTicksAndRejections (node:internal/process/task_queues:104:5)
    at async generateTransmittal (C:\steel-project(2)\steel-project\steel-project\backend\src\services\transmittalService.js:251:24)
    at async exports.generateTransmittal (C:\steel-project(2)\steel-project\steel-project\backend\src\controllers\transmittalController.js:89:24)
2026-09-30T08:38:44.948Z: Error: No completed extractions found for this transmittal.
    at _internalGenerateTransmittal (C:\steel-project(2)\steel-project\steel-project\backend\src\services\transmittalService.js:282:15)
    at process.processTicksAndRejections (node:internal/process/task_queues:104:5)
    at async generateTransmittal (C:\steel-project(2)\steel-project\steel-project\backend\src\services\transmittalService.js:251:24)
    at async exports.generateTransmittal (C:\steel-project(2)\steel-project\steel-project\backend\src\controllers\transmittalController.js:89:24)
2026-09-30T08:38:45.088Z: Error: No completed extractions found for this transmittal.
    at _internalGenerateTransmittal (C:\steel-project(2)\steel-project\steel-project\backend\src\services\transmittalService.js:282:15)
    at process.processTicksAndRejections (node:internal/process/task_queues:104:5)
    at async generateTransmittal (C:\steel-project(2)\steel-project\steel-project\backend\src\services\transmittalService.js:251:24)
    at async exports.generateTransmittal (C:\steel-project(2)\steel-project\steel-project\backend\src\controllers\transmittalController.js:89:24)
2026-09-30T08:38:45.209Z: Error: No completed extractions found for this transmittal.
    at _internalGenerateTransmittal (C:\steel-project(2)\steel-project\steel-project\backend\src\services\transmittalService.js:282:15)
    at process.processTicksAndRejections (node:internal/process/task_queues:104:5)
    at async generateTransmittal (C:\steel-project(2)\steel-project\steel-project\backend\src\services\transmittalService.js:251:24)
    at async exports.generateTransmittal (C:\steel-project(2)\steel-project\steel-project\backend\src\controllers\transmittalController.js:89:24)
2026-09-30T08:38:45.329Z: Error: No completed extractions found for this transmittal.
    at _internalGenerateTransmittal (C:\steel-project(2)\steel-project\steel-project\backend\src\services\transmittalService.js:282:15)
    at process.processTicksAndRejections (node:internal/process/task_queues:104:5)
    at async generateTransmittal (C:\steel-project(2)\steel-project\steel-project\backend\src\services\transmittalService.js:251:24)
    at async exports.generateTransmittal (C:\steel-project(2)\steel-project\steel-project\backend\src\controllers\transmittalController.js:89:24)
2026-09-30T08:38:45.439Z: Error: No completed extractions found for this transmittal.
    at _internalGenerateTransmittal (C:\steel-project(2)\steel-project\steel-project\backend\src\services\transmittalService.js:282:15)
    at process.processTicksAndRejections (node:internal/process/task_queues:104:5)
    at async generateTransmittal (C:\steel-project(2)\steel-project\steel-project\backend\src\services\transmittalService.js:251:24)
    at async exports.generateTransmittal (C:\steel-project(2)\steel-project\steel-project\backend\src\controllers\transmittalController.js:89:24)
2026-09-30T08:38:45.570Z: Error: No completed extractions found for this transmittal.
    at _internalGenerateTransmittal (C:\steel-project(2)\steel-project\steel-project\backend\src\services\transmittalService.js:282:15)
    at process.processTicksAndRejections (node:internal/process/task_queues:104:5)
    at async generateTransmittal (C:\steel-project(2)\steel-project\steel-project\backend\src\services\transmittalService.js:251:24)
    at async exports.generateTransmittal (C:\steel-project(2)\steel-project\steel-project\backend\src\controllers\transmittalController.js:89:24)
2026-09-30T08:38:45.688Z: Error: No completed extractions found for this transmittal.
    at _internalGenerateTransmittal (C:\steel-project(2)\steel-project\steel-project\backend\src\services\transmittalService.js:282:15)
    at process.processTicksAndRejections (node:internal/process/task_queues:104:5)
    at async generateTransmittal (C:\steel-project(2)\steel-project\steel-project\backend\src\services\transmittalService.js:251:24)
    at async exports.generateTransmittal (C:\steel-project(2)\steel-project\steel-project\backend\src\controllers\transmittalController.js:89:24)
2026-09-30T08:38:45.776Z: Error: No completed extractions found for this transmittal.
    at _internalGenerateTransmittal (C:\steel-project(2)\steel-project\steel-project\backend\src\services\transmittalService.js:282:15)
    at process.processTicksAndRejections (node:internal/process/task_queues:104:5)
    at async generateTransmittal (C:\steel-project(2)\steel-project\steel-project\backend\src\services\transmittalService.js:251:24)
    at async exports.generateTransmittal (C:\steel-project(2)\steel-project\steel-project\backend\src\controllers\transmittalController.js:89:24)
2026-09-30T08:38:45.879Z: Error: No completed extractions found for this transmittal.
    at _internalGenerateTransmittal (C:\steel-project(2)\steel-project\steel-project\backend\src\services\transmittalService.js:282:15)
    at process.processTicksAndRejections (node:internal/process/task_queues:104:5)
    at async generateTransmittal (C:\steel-project(2)\steel-project\steel-project\backend\src\services\transmittalService.js:251:24)
    at async exports.generateTransmittal (C:\steel-project(2)\steel-project\steel-project\backend\src\controllers\transmittalController.js:89:24)
2026-09-30T08:38:45.973Z: Error: No completed extractions found for this transmittal.
    at _internalGenerateTransmittal (C:\steel-project(2)\steel-project\steel-project\backend\src\services\transmittalService.js:282:15)
    at process.processTicksAndRejections (node:internal/process/task_queues:104:5)
    at async generateTransmittal (C:\steel-project(2)\steel-project\steel-project\backend\src\services\transmittalService.js:251:24)
    at async exports.generateTransmittal (C:\steel-project(2)\steel-project\steel-project\backend\src\controllers\transmittalController.js:89:24)
2026-09-30T08:38:46.072Z: Error: No completed extractions found for this transmittal.
    at _internalGenerateTransmittal (C:\steel-project(2)\steel-project\steel-project\backend\src\services\transmittalService.js:282:15)
    at process.processTicksAndRejections (node:internal/process/task_queues:104:5)
    at async generateTransmittal (C:\steel-project(2)\steel-project\steel-project\backend\src\services\transmittalService.js:251:24)
    at async exports.generateTransmittal (C:\steel-project(2)\steel-project\steel-project\backend\src\controllers\transmittalController.js:89:24)
2026-09-30T08:38:46.171Z: Error: No completed extractions found for this transmittal.
    at _internalGenerateTransmittal (C:\steel-project(2)\steel-project\steel-project\backend\src\services\transmittalService.js:282:15)
    at process.processTicksAndRejections (node:internal/process/task_queues:104:5)
    at async generateTransmittal (C:\steel-project(2)\steel-project\steel-project\backend\src\services\transmittalService.js:251:24)
    at async exports.generateTransmittal (C:\steel-project(2)\steel-project\steel-project\backend\src\controllers\transmittalController.js:89:24)
2026-09-30T08:38:46.306Z: Error: No completed extractions found for this transmittal.
    at _internalGenerateTransmittal (C:\steel-project(2)\steel-project\steel-project\backend\src\services\transmittalService.js:282:15)
    at process.processTicksAndRejections (node:internal/process/task_queues:104:5)
    at async generateTransmittal (C:\steel-project(2)\steel-project\steel-project\backend\src\services\transmittalService.js:251:24)
    at async exports.generateTransmittal (C:\steel-project(2)\steel-project\steel-project\backend\src\controllers\transmittalController.js:89:24)
2026-09-30T08:38:46.406Z: Error: No completed extractions found for this transmittal.
    at _internalGenerateTransmittal (C:\steel-project(2)\steel-project\steel-project\backend\src\services\transmittalService.js:282:15)
    at process.processTicksAndRejections (node:internal/process/task_queues:104:5)
    at async generateTransmittal (C:\steel-project(2)\steel-project\steel-project\backend\src\services\transmittalService.js:251:24)
    at async exports.generateTransmittal (C:\steel-project(2)\steel-project\steel-project\backend\src\controllers\transmittalController.js:89:24)
2026-09-30T08:38:46.500Z: Error: No completed extractions found for this transmittal.
    at _internalGenerateTransmittal (C:\steel-project(2)\steel-project\steel-project\backend\src\services\transmittalService.js:282:15)
    at process.processTicksAndRejections (node:internal/process/task_queues:104:5)
    at async generateTransmittal (C:\steel-project(2)\steel-project\steel-project\backend\src\services\transmittalService.js:251:24)
    at async exports.generateTransmittal (C:\steel-project(2)\steel-project\steel-project\backend\src\controllers\transmittalController.js:89:24)
2026-09-30T08:38:46.621Z: Error: No completed extractions found for this transmittal.
    at _internalGenerateTransmittal (C:\steel-project(2)\steel-project\steel-project\backend\src\services\transmittalService.js:282:15)
    at process.processTicksAndRejections (node:internal/process/task_queues:104:5)
    at async generateTransmittal (C:\steel-project(2)\steel-project\steel-project\backend\src\services\transmittalService.js:251:24)
    at async exports.generateTransmittal (C:\steel-project(2)\steel-project\steel-project\backend\src\controllers\transmittalController.js:89:24)
2026-09-30T08:38:46.717Z: Error: No completed extractions found for this transmittal.
    at _internalGenerateTransmittal (C:\steel-project(2)\steel-project\steel-project\backend\src\services\transmittalService.js:282:15)
    at process.processTicksAndRejections (node:internal/process/task_queues:104:5)
    at async generateTransmittal (C:\steel-project(2)\steel-project\steel-project\backend\src\services\transmittalService.js:251:24)
    at async exports.generateTransmittal (C:\steel-project(2)\steel-project\steel-project\backend\src\controllers\transmittalController.js:89:24)
2026-09-30T08:38:46.820Z: Error: No completed extractions found for this transmittal.
    at _internalGenerateTransmittal (C:\steel-project(2)\steel-project\steel-project\backend\src\services\transmittalService.js:282:15)
    at process.processTicksAndRejections (node:internal/process/task_queues:104:5)
    at async generateTransmittal (C:\steel-project(2)\steel-project\steel-project\backend\src\services\transmittalService.js:251:24)
    at async exports.generateTransmittal (C:\steel-project(2)\steel-project\steel-project\backend\src\controllers\transmittalController.js:89:24)
2026-09-30T08:38:46.922Z: Error: No completed extractions found for this transmittal.
    at _internalGenerateTransmittal (C:\steel-project(2)\steel-project\steel-project\backend\src\services\transmittalService.js:282:15)
    at process.processTicksAndRejections (node:internal/process/task_queues:104:5)
    at async generateTransmittal (C:\steel-project(2)\steel-project\steel-project\backend\src\services\transmittalService.js:251:24)
    at async exports.generateTransmittal (C:\steel-project(2)\steel-project\steel-project\backend\src\controllers\transmittalController.js:89:24)
2026-09-30T08:38:47.027Z: Error: No completed extractions found for this transmittal.
    at _internalGenerateTransmittal (C:\steel-project(2)\steel-project\steel-project\backend\src\services\transmittalService.js:282:15)
    at process.processTicksAndRejections (node:internal/process/task_queues:104:5)
    at async generateTransmittal (C:\steel-project(2)\steel-project\steel-project\backend\src\services\transmittalService.js:251:24)
    at async exports.generateTransmittal (C:\steel-project(2)\steel-project\steel-project\backend\src\controllers\transmittalController.js:89:24)
2026-09-30T08:38:47.150Z: Error: No completed extractions found for this transmittal.
    at _internalGenerateTransmittal (C:\steel-project(2)\steel-project\steel-project\backend\src\services\transmittalService.js:282:15)
    at process.processTicksAndRejections (node:internal/process/task_queues:104:5)
    at async generateTransmittal (C:\steel-project(2)\steel-project\steel-project\backend\src\services\transmittalService.js:251:24)
    at async exports.generateTransmittal (C:\steel-project(2)\steel-project\steel-project\backend\src\controllers\transmittalController.js:89:24)
2026-09-30T08:38:47.258Z: Error: No completed extractions found for this transmittal.
    at _internalGenerateTransmittal (C:\steel-project(2)\steel-project\steel-project\backend\src\services\transmittalService.js:282:15)
    at process.processTicksAndRejections (node:internal/process/task_queues:104:5)
    at async generateTransmittal (C:\steel-project(2)\steel-project\steel-project\backend\src\services\transmittalService.js:251:24)
    at async exports.generateTransmittal (C:\steel-project(2)\steel-project\steel-project\backend\src\controllers\transmittalController.js:89:24)
2026-09-30T08:38:47.369Z: Error: No completed extractions found for this transmittal.
    at _internalGenerateTransmittal (C:\steel-project(2)\steel-project\steel-project\backend\src\services\transmittalService.js:282:15)
    at process.processTicksAndRejections (node:internal/process/task_queues:104:5)
    at async generateTransmittal (C:\steel-project(2)\steel-project\steel-project\backend\src\services\transmittalService.js:251:24)
    at async exports.generateTransmittal (C:\steel-project(2)\steel-project\steel-project\backend\src\controllers\transmittalController.js:89:24)
2026-09-30T08:38:47.474Z: Error: No completed extractions found for this transmittal.
    at _internalGenerateTransmittal (C:\steel-project(2)\steel-project\steel-project\backend\src\services\transmittalService.js:282:15)
    at process.processTicksAndRejections (node:internal/process/task_queues:104:5)
    at async generateTransmittal (C:\steel-project(2)\steel-project\steel-project\backend\src\services\transmittalService.js:251:24)
    at async exports.generateTransmittal (C:\steel-project(2)\steel-project\steel-project\backend\src\controllers\transmittalController.js:89:24)
2026-09-30T08:38:47.629Z: Error: No completed extractions found for this transmittal.
    at _internalGenerateTransmittal (C:\steel-project(2)\steel-project\steel-project\backend\src\services\transmittalService.js:282:15)
    at process.processTicksAndRejections (node:internal/process/task_queues:104:5)
    at async generateTransmittal (C:\steel-project(2)\steel-project\steel-project\backend\src\services\transmittalService.js:251:24)
    at async exports.generateTransmittal (C:\steel-project(2)\steel-project\steel-project\backend\src\controllers\transmittalController.js:89:24)
2026-09-30T08:38:47.749Z: Error: No completed extractions found for this transmittal.
    at _internalGenerateTransmittal (C:\steel-project(2)\steel-project\steel-project\backend\src\services\transmittalService.js:282:15)
    at process.processTicksAndRejections (node:internal/process/task_queues:104:5)
    at async generateTransmittal (C:\steel-project(2)\steel-project\steel-project\backend\src\services\transmittalService.js:251:24)
    at async exports.generateTransmittal (C:\steel-project(2)\steel-project\steel-project\backend\src\controllers\transmittalController.js:89:24)
2026-09-30T08:38:47.867Z: Error: No completed extractions found for this transmittal.
    at _internalGenerateTransmittal (C:\steel-project(2)\steel-project\steel-project\backend\src\services\transmittalService.js:282:15)
    at process.processTicksAndRejections (node:internal/process/task_queues:104:5)
    at async generateTransmittal (C:\steel-project(2)\steel-project\steel-project\backend\src\services\transmittalService.js:251:24)
    at async exports.generateTransmittal (C:\steel-project(2)\steel-project\steel-project\backend\src\controllers\transmittalController.js:89:24)
2026-09-30T08:38:47.999Z: Error: No completed extractions found for this transmittal.
    at _internalGenerateTransmittal (C:\steel-project(2)\steel-project\steel-project\backend\src\services\transmittalService.js:282:15)
    at process.processTicksAndRejections (node:internal/process/task_queues:104:5)
    at async generateTransmittal (C:\steel-project(2)\steel-project\steel-project\backend\src\services\transmittalService.js:251:24)
    at async exports.generateTransmittal (C:\steel-project(2)\steel-project\steel-project\backend\src\controllers\transmittalController.js:89:24)
2026-09-30T08:38:48.102Z: Error: No completed extractions found for this transmittal.
    at _internalGenerateTransmittal (C:\steel-project(2)\steel-project\steel-project\backend\src\services\transmittalService.js:282:15)
    at process.processTicksAndRejections (node:internal/process/task_queues:104:5)
    at async generateTransmittal (C:\steel-project(2)\steel-project\steel-project\backend\src\services\transmittalService.js:251:24)
    at async exports.generateTransmittal (C:\steel-project(2)\steel-project\steel-project\backend\src\controllers\transmittalController.js:89:24)
2026-09-30T08:38:48.235Z: Error: No completed extractions found for this transmittal.
    at _internalGenerateTransmittal (C:\steel-project(2)\steel-project\steel-project\backend\src\services\transmittalService.js:282:15)
    at process.processTicksAndRejections (node:internal/process/task_queues:104:5)
    at async generateTransmittal (C:\steel-project(2)\steel-project\steel-project\backend\src\services\transmittalService.js:251:24)
    at async exports.generateTransmittal (C:\steel-project(2)\steel-project\steel-project\backend\src\controllers\transmittalController.js:89:24)
2026-09-30T08:38:48.367Z: Error: No completed extractions found for this transmittal.
    at _internalGenerateTransmittal (C:\steel-project(2)\steel-project\steel-project\backend\src\services\transmittalService.js:282:15)
    at process.processTicksAndRejections (node:internal/process/task_queues:104:5)
    at async generateTransmittal (C:\steel-project(2)\steel-project\steel-project\backend\src\services\transmittalService.js:251:24)
    at async exports.generateTransmittal (C:\steel-project(2)\steel-project\steel-project\backend\src\controllers\transmittalController.js:89:24)
2026-09-30T08:38:48.505Z: Error: No completed extractions found for this transmittal.
    at _internalGenerateTransmittal (C:\steel-project(2)\steel-project\steel-project\backend\src\services\transmittalService.js:282:15)
    at process.processTicksAndRejections (node:internal/process/task_queues:104:5)
    at async generateTransmittal (C:\steel-project(2)\steel-project\steel-project\backend\src\services\transmittalService.js:251:24)
    at async exports.generateTransmittal (C:\steel-project(2)\steel-project\steel-project\backend\src\controllers\transmittalController.js:89:24)
2026-09-30T08:38:48.616Z: Error: No completed extractions found for this transmittal.
    at _internalGenerateTransmittal (C:\steel-project(2)\steel-project\steel-project\backend\src\services\transmittalService.js:282:15)
    at process.processTicksAndRejections (node:internal/process/task_queues:104:5)
    at async generateTransmittal (C:\steel-project(2)\steel-project\steel-project\backend\src\services\transmittalService.js:251:24)
    at async exports.generateTransmittal (C:\steel-project(2)\steel-project\steel-project\backend\src\controllers\transmittalController.js:89:24)
2026-09-30T08:38:48.737Z: Error: No completed extractions found for this transmittal.
    at _internalGenerateTransmittal (C:\steel-project(2)\steel-project\steel-project\backend\src\services\transmittalService.js:282:15)
    at process.processTicksAndRejections (node:internal/process/task_queues:104:5)
    at async generateTransmittal (C:\steel-project(2)\steel-project\steel-project\backend\src\services\transmittalService.js:251:24)
    at async exports.generateTransmittal (C:\steel-project(2)\steel-project\steel-project\backend\src\controllers\transmittalController.js:89:24)
2026-09-30T08:38:48.840Z: Error: No completed extractions found for this transmittal.
    at _internalGenerateTransmittal (C:\steel-project(2)\steel-project\steel-project\backend\src\services\transmittalService.js:282:15)
    at process.processTicksAndRejections (node:internal/process/task_queues:104:5)
    at async generateTransmittal (C:\steel-project(2)\steel-project\steel-project\backend\src\services\transmittalService.js:251:24)
    at async exports.generateTransmittal (C:\steel-project(2)\steel-project\steel-project\backend\src\controllers\transmittalController.js:89:24)
2026-09-30T08:38:48.965Z: Error: No completed extractions found for this transmittal.
    at _internalGenerateTransmittal (C:\steel-project(2)\steel-project\steel-project\backend\src\services\transmittalService.js:282:15)
    at process.processTicksAndRejections (node:internal/process/task_queues:104:5)
    at async generateTransmittal (C:\steel-project(2)\steel-project\steel-project\backend\src\services\transmittalService.js:251:24)
    at async exports.generateTransmittal (C:\steel-project(2)\steel-project\steel-project\backend\src\controllers\transmittalController.js:89:24)
2026-09-30T08:38:49.083Z: Error: No completed extractions found for this transmittal.
    at _internalGenerateTransmittal (C:\steel-project(2)\steel-project\steel-project\backend\src\services\transmittalService.js:282:15)
    at process.processTicksAndRejections (node:internal/process/task_queues:104:5)
    at async generateTransmittal (C:\steel-project(2)\steel-project\steel-project\backend\src\services\transmittalService.js:251:24)
    at async exports.generateTransmittal (C:\steel-project(2)\steel-project\steel-project\backend\src\controllers\transmittalController.js:89:24)
2026-09-30T08:38:49.221Z: Error: No completed extractions found for this transmittal.
    at _internalGenerateTransmittal (C:\steel-project(2)\steel-project\steel-project\backend\src\services\transmittalService.js:282:15)
    at process.processTicksAndRejections (node:internal/process/task_queues:104:5)
    at async generateTransmittal (C:\steel-project(2)\steel-project\steel-project\backend\src\services\transmittalService.js:251:24)
    at async exports.generateTransmittal (C:\steel-project(2)\steel-project\steel-project\backend\src\controllers\transmittalController.js:89:24)
2026-09-30T08:38:49.330Z: Error: No completed extractions found for this transmittal.
    at _internalGenerateTransmittal (C:\steel-project(2)\steel-project\steel-project\backend\src\services\transmittalService.js:282:15)
    at process.processTicksAndRejections (node:internal/process/task_queues:104:5)
    at async generateTransmittal (C:\steel-project(2)\steel-project\steel-project\backend\src\services\transmittalService.js:251:24)
    at async exports.generateTransmittal (C:\steel-project(2)\steel-project\steel-project\backend\src\controllers\transmittalController.js:89:24)
2026-09-30T08:38:49.438Z: Error: No completed extractions found for this transmittal.
    at _internalGenerateTransmittal (C:\steel-project(2)\steel-project\steel-project\backend\src\services\transmittalService.js:282:15)
    at process.processTicksAndRejections (node:internal/process/task_queues:104:5)
    at async generateTransmittal (C:\steel-project(2)\steel-project\steel-project\backend\src\services\transmittalService.js:251:24)
    at async exports.generateTransmittal (C:\steel-project(2)\steel-project\steel-project\backend\src\controllers\transmittalController.js:89:24)
2026-09-30T08:38:49.892Z: Error: No completed extractions found for this transmittal.
    at _internalGenerateTransmittal (C:\steel-project(2)\steel-project\steel-project\backend\src\services\transmittalService.js:282:15)
    at process.processTicksAndRejections (node:internal/process/task_queues:104:5)
    at async generateTransmittal (C:\steel-project(2)\steel-project\steel-project\backend\src\services\transmittalService.js:251:24)
    at async exports.generateTransmittal (C:\steel-project(2)\steel-project\steel-project\backend\src\controllers\transmittalController.js:89:24)
2026-09-30T08:38:49.999Z: Error: No completed extractions found for this transmittal.
    at _internalGenerateTransmittal (C:\steel-project(2)\steel-project\steel-project\backend\src\services\transmittalService.js:282:15)
    at process.processTicksAndRejections (node:internal/process/task_queues:104:5)
    at async generateTransmittal (C:\steel-project(2)\steel-project\steel-project\backend\src\services\transmittalService.js:251:24)
    at async exports.generateTransmittal (C:\steel-project(2)\steel-project\steel-project\backend\src\controllers\transmittalController.js:89:24)
2026-09-30T08:38:50.121Z: Error: No completed extractions found for this transmittal.
    at _internalGenerateTransmittal (C:\steel-project(2)\steel-project\steel-project\backend\src\services\transmittalService.js:282:15)
    at process.processTicksAndRejections (node:internal/process/task_queues:104:5)
    at async generateTransmittal (C:\steel-project(2)\steel-project\steel-project\backend\src\services\transmittalService.js:251:24)
    at async exports.generateTransmittal (C:\steel-project(2)\steel-project\steel-project\backend\src\controllers\transmittalController.js:89:24)
2026-09-30T08:38:50.250Z: Error: No completed extractions found for this transmittal.
    at _internalGenerateTransmittal (C:\steel-project(2)\steel-project\steel-project\backend\src\services\transmittalService.js:282:15)
    at process.processTicksAndRejections (node:internal/process/task_queues:104:5)
    at async generateTransmittal (C:\steel-project(2)\steel-project\steel-project\backend\src\services\transmittalService.js:251:24)
    at async exports.generateTransmittal (C:\steel-project(2)\steel-project\steel-project\backend\src\controllers\transmittalController.js:89:24)
2026-09-30T08:38:50.380Z: Error: No completed extractions found for this transmittal.
    at _internalGenerateTransmittal (C:\steel-project(2)\steel-project\steel-project\backend\src\services\transmittalService.js:282:15)
    at process.processTicksAndRejections (node:internal/process/task_queues:104:5)
    at async generateTransmittal (C:\steel-project(2)\steel-project\steel-project\backend\src\services\transmittalService.js:251:24)
    at async exports.generateTransmittal (C:\steel-project(2)\steel-project\steel-project\backend\src\controllers\transmittalController.js:89:24)
2026-09-30T08:38:50.488Z: Error: No completed extractions found for this transmittal.
    at _internalGenerateTransmittal (C:\steel-project(2)\steel-project\steel-project\backend\src\services\transmittalService.js:282:15)
    at process.processTicksAndRejections (node:internal/process/task_queues:104:5)
    at async generateTransmittal (C:\steel-project(2)\steel-project\steel-project\backend\src\services\transmittalService.js:251:24)
    at async exports.generateTransmittal (C:\steel-project(2)\steel-project\steel-project\backend\src\controllers\transmittalController.js:89:24)
2026-09-30T08:38:50.598Z: Error: No completed extractions found for this transmittal.
    at _internalGenerateTransmittal (C:\steel-project(2)\steel-project\steel-project\backend\src\services\transmittalService.js:282:15)
    at process.processTicksAndRejections (node:internal/process/task_queues:104:5)
    at async generateTransmittal (C:\steel-project(2)\steel-project\steel-project\backend\src\services\transmittalService.js:251:24)
    at async exports.generateTransmittal (C:\steel-project(2)\steel-project\steel-project\backend\src\controllers\transmittalController.js:89:24)
2026-09-30T08:38:50.757Z: Error: No completed extractions found for this transmittal.
    at _internalGenerateTransmittal (C:\steel-project(2)\steel-project\steel-project\backend\src\services\transmittalService.js:282:15)
    at process.processTicksAndRejections (node:internal/process/task_queues:104:5)
    at async generateTransmittal (C:\steel-project(2)\steel-project\steel-project\backend\src\services\transmittalService.js:251:24)
    at async exports.generateTransmittal (C:\steel-project(2)\steel-project\steel-project\backend\src\controllers\transmittalController.js:89:24)
2026-09-30T08:38:58.801Z: Error: No completed extractions found for this transmittal.
    at _internalGenerateTransmittal (C:\steel-project(2)\steel-project\steel-project\backend\src\services\transmittalService.js:282:15)
    at process.processTicksAndRejections (node:internal/process/task_queues:104:5)
    at async generateTransmittal (C:\steel-project(2)\steel-project\steel-project\backend\src\services\transmittalService.js:251:24)
    at async exports.generateTransmittal (C:\steel-project(2)\steel-project\steel-project\backend\src\controllers\transmittalController.js:89:24)
2026-09-30T08:38:58.931Z: Error: No completed extractions found for this transmittal.
    at _internalGenerateTransmittal (C:\steel-project(2)\steel-project\steel-project\backend\src\services\transmittalService.js:282:15)
    at process.processTicksAndRejections (node:internal/process/task_queues:104:5)
    at async generateTransmittal (C:\steel-project(2)\steel-project\steel-project\backend\src\services\transmittalService.js:251:24)
    at async exports.generateTransmittal (C:\steel-project(2)\steel-project\steel-project\backend\src\controllers\transmittalController.js:89:24)
2026-09-30T08:38:59.283Z: Error: No completed extractions found for this transmittal.
    at _internalGenerateTransmittal (C:\steel-project(2)\steel-project\steel-project\backend\src\services\transmittalService.js:282:15)
    at process.processTicksAndRejections (node:internal/process/task_queues:104:5)
    at async generateTransmittal (C:\steel-project(2)\steel-project\steel-project\backend\src\services\transmittalService.js:251:24)
    at async exports.generateTransmittal (C:\steel-project(2)\steel-project\steel-project\backend\src\controllers\transmittalController.js:89:24)
2026-09-30T08:38:59.429Z: Error: No completed extractions found for this transmittal.
    at _internalGenerateTransmittal (C:\steel-project(2)\steel-project\steel-project\backend\src\services\transmittalService.js:282:15)
    at process.processTicksAndRejections (node:internal/process/task_queues:104:5)
    at async generateTransmittal (C:\steel-project(2)\steel-project\steel-project\backend\src\services\transmittalService.js:251:24)
    at async exports.generateTransmittal (C:\steel-project(2)\steel-project\steel-project\backend\src\controllers\transmittalController.js:89:24)
2026-09-30T08:38:59.556Z: Error: No completed extractions found for this transmittal.
    at _internalGenerateTransmittal (C:\steel-project(2)\steel-project\steel-project\backend\src\services\transmittalService.js:282:15)
    at process.processTicksAndRejections (node:internal/process/task_queues:104:5)
    at async generateTransmittal (C:\steel-project(2)\steel-project\steel-project\backend\src\services\transmittalService.js:251:24)
    at async exports.generateTransmittal (C:\steel-project(2)\steel-project\steel-project\backend\src\controllers\transmittalController.js:89:24)
2026-09-30T08:38:59.656Z: Error: No completed extractions found for this transmittal.
    at _internalGenerateTransmittal (C:\steel-project(2)\steel-project\steel-project\backend\src\services\transmittalService.js:282:15)
    at process.processTicksAndRejections (node:internal/process/task_queues:104:5)
    at async generateTransmittal (C:\steel-project(2)\steel-project\steel-project\backend\src\services\transmittalService.js:251:24)
    at async exports.generateTransmittal (C:\steel-project(2)\steel-project\steel-project\backend\src\controllers\transmittalController.js:89:24)
2026-09-30T08:38:59.792Z: Error: No completed extractions found for this transmittal.
    at _internalGenerateTransmittal (C:\steel-project(2)\steel-project\steel-project\backend\src\services\transmittalService.js:282:15)
    at process.processTicksAndRejections (node:internal/process/task_queues:104:5)
    at async generateTransmittal (C:\steel-project(2)\steel-project\steel-project\backend\src\services\transmittalService.js:251:24)
    at async exports.generateTransmittal (C:\steel-project(2)\steel-project\steel-project\backend\src\controllers\transmittalController.js:89:24)
2026-09-30T08:38:59.929Z: Error: No completed extractions found for this transmittal.
    at _internalGenerateTransmittal (C:\steel-project(2)\steel-project\steel-project\backend\src\services\transmittalService.js:282:15)
    at process.processTicksAndRejections (node:internal/process/task_queues:104:5)
    at async generateTransmittal (C:\steel-project(2)\steel-project\steel-project\backend\src\services\transmittalService.js:251:24)
    at async exports.generateTransmittal (C:\steel-project(2)\steel-project\steel-project\backend\src\controllers\transmittalController.js:89:24)
2026-09-30T08:39:00.049Z: Error: No completed extractions found for this transmittal.
    at _internalGenerateTransmittal (C:\steel-project(2)\steel-project\steel-project\backend\src\services\transmittalService.js:282:15)
    at process.processTicksAndRejections (node:internal/process/task_queues:104:5)
    at async generateTransmittal (C:\steel-project(2)\steel-project\steel-project\backend\src\services\transmittalService.js:251:24)
    at async exports.generateTransmittal (C:\steel-project(2)\steel-project\steel-project\backend\src\controllers\transmittalController.js:89:24)
2026-09-30T08:39:00.172Z: Error: No completed extractions found for this transmittal.
    at _internalGenerateTransmittal (C:\steel-project(2)\steel-project\steel-project\backend\src\services\transmittalService.js:282:15)
    at process.processTicksAndRejections (node:internal/process/task_queues:104:5)
    at async generateTransmittal (C:\steel-project(2)\steel-project\steel-project\backend\src\services\transmittalService.js:251:24)
    at async exports.generateTransmittal (C:\steel-project(2)\steel-project\steel-project\backend\src\controllers\transmittalController.js:89:24)
2026-09-30T08:39:00.300Z: Error: No completed extractions found for this transmittal.
    at _internalGenerateTransmittal (C:\steel-project(2)\steel-project\steel-project\backend\src\services\transmittalService.js:282:15)
    at process.processTicksAndRejections (node:internal/process/task_queues:104:5)
    at async generateTransmittal (C:\steel-project(2)\steel-project\steel-project\backend\src\services\transmittalService.js:251:24)
    at async exports.generateTransmittal (C:\steel-project(2)\steel-project\steel-project\backend\src\controllers\transmittalController.js:89:24)
2026-09-30T08:39:00.424Z: Error: No completed extractions found for this transmittal.
    at _internalGenerateTransmittal (C:\steel-project(2)\steel-project\steel-project\backend\src\services\transmittalService.js:282:15)
    at process.processTicksAndRejections (node:internal/process/task_queues:104:5)
    at async generateTransmittal (C:\steel-project(2)\steel-project\steel-project\backend\src\services\transmittalService.js:251:24)
    at async exports.generateTransmittal (C:\steel-project(2)\steel-project\steel-project\backend\src\controllers\transmittalController.js:89:24)
2026-09-30T08:39:00.541Z: Error: No completed extractions found for this transmittal.
    at _internalGenerateTransmittal (C:\steel-project(2)\steel-project\steel-project\backend\src\services\transmittalService.js:282:15)
    at process.processTicksAndRejections (node:internal/process/task_queues:104:5)
    at async generateTransmittal (C:\steel-project(2)\steel-project\steel-project\backend\src\services\transmittalService.js:251:24)
    at async exports.generateTransmittal (C:\steel-project(2)\steel-project\steel-project\backend\src\controllers\transmittalController.js:89:24)
2026-09-30T08:39:00.665Z: Error: No completed extractions found for this transmittal.
    at _internalGenerateTransmittal (C:\steel-project(2)\steel-project\steel-project\backend\src\services\transmittalService.js:282:15)
    at process.processTicksAndRejections (node:internal/process/task_queues:104:5)
    at async generateTransmittal (C:\steel-project(2)\steel-project\steel-project\backend\src\services\transmittalService.js:251:24)
    at async exports.generateTransmittal (C:\steel-project(2)\steel-project\steel-project\backend\src\controllers\transmittalController.js:89:24)
2026-09-30T08:39:00.797Z: Error: No completed extractions found for this transmittal.
    at _internalGenerateTransmittal (C:\steel-project(2)\steel-project\steel-project\backend\src\services\transmittalService.js:282:15)
    at process.processTicksAndRejections (node:internal/process/task_queues:104:5)
    at async generateTransmittal (C:\steel-project(2)\steel-project\steel-project\backend\src\services\transmittalService.js:251:24)
    at async exports.generateTransmittal (C:\steel-project(2)\steel-project\steel-project\backend\src\controllers\transmittalController.js:89:24)
2026-09-30T08:39:00.914Z: Error: No completed extractions found for this transmittal.
    at _internalGenerateTransmittal (C:\steel-project(2)\steel-project\steel-project\backend\src\services\transmittalService.js:282:15)
    at process.processTicksAndRejections (node:internal/process/task_queues:104:5)
    at async generateTransmittal (C:\steel-project(2)\steel-project\steel-project\backend\src\services\transmittalService.js:251:24)
    at async exports.generateTransmittal (C:\steel-project(2)\steel-project\steel-project\backend\src\controllers\transmittalController.js:89:24)
2026-09-30T08:39:01.013Z: Error: No completed extractions found for this transmittal.
    at _internalGenerateTransmittal (C:\steel-project(2)\steel-project\steel-project\backend\src\services\transmittalService.js:282:15)
    at process.processTicksAndRejections (node:internal/process/task_queues:104:5)
    at async generateTransmittal (C:\steel-project(2)\steel-project\steel-project\backend\src\services\transmittalService.js:251:24)
    at async exports.generateTransmittal (C:\steel-project(2)\steel-project\steel-project\backend\src\controllers\transmittalController.js:89:24)
2026-09-30T08:39:01.120Z: Error: No completed extractions found for this transmittal.
    at _internalGenerateTransmittal (C:\steel-project(2)\steel-project\steel-project\backend\src\services\transmittalService.js:282:15)
    at process.processTicksAndRejections (node:internal/process/task_queues:104:5)
    at async generateTransmittal (C:\steel-project(2)\steel-project\steel-project\backend\src\services\transmittalService.js:251:24)
    at async exports.generateTransmittal (C:\steel-project(2)\steel-project\steel-project\backend\src\controllers\transmittalController.js:89:24)
2026-09-30T08:39:01.225Z: Error: No completed extractions found for this transmittal.
    at _internalGenerateTransmittal (C:\steel-project(2)\steel-project\steel-project\backend\src\services\transmittalService.js:282:15)
    at process.processTicksAndRejections (node:internal/process/task_queues:104:5)
    at async generateTransmittal (C:\steel-project(2)\steel-project\steel-project\backend\src\services\transmittalService.js:251:24)
    at async exports.generateTransmittal (C:\steel-project(2)\steel-project\steel-project\backend\src\controllers\transmittalController.js:89:24)
2026-09-30T08:39:01.358Z: Error: No completed extractions found for this transmittal.
    at _internalGenerateTransmittal (C:\steel-project(2)\steel-project\steel-project\backend\src\services\transmittalService.js:282:15)
    at process.processTicksAndRejections (node:internal/process/task_queues:104:5)
    at async generateTransmittal (C:\steel-project(2)\steel-project\steel-project\backend\src\services\transmittalService.js:251:24)
    at async exports.generateTransmittal (C:\steel-project(2)\steel-project\steel-project\backend\src\controllers\transmittalController.js:89:24)
2026-09-30T08:39:01.489Z: Error: No completed extractions found for this transmittal.
    at _internalGenerateTransmittal (C:\steel-project(2)\steel-project\steel-project\backend\src\services\transmittalService.js:282:15)
    at process.processTicksAndRejections (node:internal/process/task_queues:104:5)
    at async generateTransmittal (C:\steel-project(2)\steel-project\steel-project\backend\src\services\transmittalService.js:251:24)
    at async exports.generateTransmittal (C:\steel-project(2)\steel-project\steel-project\backend\src\controllers\transmittalController.js:89:24)
2026-09-30T08:39:01.618Z: Error: No completed extractions found for this transmittal.
    at _internalGenerateTransmittal (C:\steel-project(2)\steel-project\steel-project\backend\src\services\transmittalService.js:282:15)
    at process.processTicksAndRejections (node:internal/process/task_queues:104:5)
    at async generateTransmittal (C:\steel-project(2)\steel-project\steel-project\backend\src\services\transmittalService.js:251:24)
    at async exports.generateTransmittal (C:\steel-project(2)\steel-project\steel-project\backend\src\controllers\transmittalController.js:89:24)
2026-09-30T08:39:01.756Z: Error: No completed extractions found for this transmittal.
    at _internalGenerateTransmittal (C:\steel-project(2)\steel-project\steel-project\backend\src\services\transmittalService.js:282:15)
    at process.processTicksAndRejections (node:internal/process/task_queues:104:5)
    at async generateTransmittal (C:\steel-project(2)\steel-project\steel-project\backend\src\services\transmittalService.js:251:24)
    at async exports.generateTransmittal (C:\steel-project(2)\steel-project\steel-project\backend\src\controllers\transmittalController.js:89:24)
2026-09-30T08:39:01.907Z: Error: No completed extractions found for this transmittal.
    at _internalGenerateTransmittal (C:\steel-project(2)\steel-project\steel-project\backend\src\services\transmittalService.js:282:15)
    at process.processTicksAndRejections (node:internal/process/task_queues:104:5)
    at async generateTransmittal (C:\steel-project(2)\steel-project\steel-project\backend\src\services\transmittalService.js:251:24)
    at async exports.generateTransmittal (C:\steel-project(2)\steel-project\steel-project\backend\src\controllers\transmittalController.js:89:24)
2026-09-30T08:39:02.016Z: Error: No completed extractions found for this transmittal.
    at _internalGenerateTransmittal (C:\steel-project(2)\steel-project\steel-project\backend\src\services\transmittalService.js:282:15)
    at process.processTicksAndRejections (node:internal/process/task_queues:104:5)
    at async generateTransmittal (C:\steel-project(2)\steel-project\steel-project\backend\src\services\transmittalService.js:251:24)
    at async exports.generateTransmittal (C:\steel-project(2)\steel-project\steel-project\backend\src\controllers\transmittalController.js:89:24)
2026-09-30T08:39:02.142Z: Error: No completed extractions found for this transmittal.
    at _internalGenerateTransmittal (C:\steel-project(2)\steel-project\steel-project\backend\src\services\transmittalService.js:282:15)
    at process.processTicksAndRejections (node:internal/process/task_queues:104:5)
    at async generateTransmittal (C:\steel-project(2)\steel-project\steel-project\backend\src\services\transmittalService.js:251:24)
    at async exports.generateTransmittal (C:\steel-project(2)\steel-project\steel-project\backend\src\controllers\transmittalController.js:89:24)
2026-09-30T08:39:02.259Z: Error: No completed extractions found for this transmittal.
    at _internalGenerateTransmittal (C:\steel-project(2)\steel-project\steel-project\backend\src\services\transmittalService.js:282:15)
    at process.processTicksAndRejections (node:internal/process/task_queues:104:5)
    at async generateTransmittal (C:\steel-project(2)\steel-project\steel-project\backend\src\services\transmittalService.js:251:24)
    at async exports.generateTransmittal (C:\steel-project(2)\steel-project\steel-project\backend\src\controllers\transmittalController.js:89:24)
2026-09-30T08:52:49.589Z: Error: No completed extractions found for this transmittal.
    at _internalGenerateTransmittal (C:\steel-project(2)\steel-project\steel-project\backend\src\services\transmittalService.js:282:15)
    at process.processTicksAndRejections (node:internal/process/task_queues:104:5)
    at async generateTransmittal (C:\steel-project(2)\steel-project\steel-project\backend\src\services\transmittalService.js:251:24)
    at async exports.generateTransmittal (C:\steel-project(2)\steel-project\steel-project\backend\src\controllers\transmittalController.js:89:24)
2026-09-30T08:52:49.705Z: Error: No completed extractions found for this transmittal.
    at _internalGenerateTransmittal (C:\steel-project(2)\steel-project\steel-project\backend\src\services\transmittalService.js:282:15)
    at process.processTicksAndRejections (node:internal/process/task_queues:104:5)
    at async generateTransmittal (C:\steel-project(2)\steel-project\steel-project\backend\src\services\transmittalService.js:251:24)
    at async exports.generateTransmittal (C:\steel-project(2)\steel-project\steel-project\backend\src\controllers\transmittalController.js:89:24)
2026-09-30T08:52:49.870Z: Error: No completed extractions found for this transmittal.
    at _internalGenerateTransmittal (C:\steel-project(2)\steel-project\steel-project\backend\src\services\transmittalService.js:282:15)
    at process.processTicksAndRejections (node:internal/process/task_queues:104:5)
    at async generateTransmittal (C:\steel-project(2)\steel-project\steel-project\backend\src\services\transmittalService.js:251:24)
    at async exports.generateTransmittal (C:\steel-project(2)\steel-project\steel-project\backend\src\controllers\transmittalController.js:89:24)
2026-09-30T08:52:50.598Z: Error: No completed extractions found for this transmittal.
    at _internalGenerateTransmittal (C:\steel-project(2)\steel-project\steel-project\backend\src\services\transmittalService.js:282:15)
    at process.processTicksAndRejections (node:internal/process/task_queues:104:5)
    at async generateTransmittal (C:\steel-project(2)\steel-project\steel-project\backend\src\services\transmittalService.js:251:24)
    at async exports.generateTransmittal (C:\steel-project(2)\steel-project\steel-project\backend\src\controllers\transmittalController.js:89:24)
2026-09-30T08:52:50.748Z: Error: No completed extractions found for this transmittal.
    at _internalGenerateTransmittal (C:\steel-project(2)\steel-project\steel-project\backend\src\services\transmittalService.js:282:15)
    at process.processTicksAndRejections (node:internal/process/task_queues:104:5)
    at async generateTransmittal (C:\steel-project(2)\steel-project\steel-project\backend\src\services\transmittalService.js:251:24)
    at async exports.generateTransmittal (C:\steel-project(2)\steel-project\steel-project\backend\src\controllers\transmittalController.js:89:24)
2026-09-30T08:52:51.196Z: Error: No completed extractions found for this transmittal.
    at _internalGenerateTransmittal (C:\steel-project(2)\steel-project\steel-project\backend\src\services\transmittalService.js:282:15)
    at process.processTicksAndRejections (node:internal/process/task_queues:104:5)
    at async generateTransmittal (C:\steel-project(2)\steel-project\steel-project\backend\src\services\transmittalService.js:251:24)
    at async exports.generateTransmittal (C:\steel-project(2)\steel-project\steel-project\backend\src\controllers\transmittalController.js:89:24)
2026-09-30T08:52:51.332Z: Error: No completed extractions found for this transmittal.
    at _internalGenerateTransmittal (C:\steel-project(2)\steel-project\steel-project\backend\src\services\transmittalService.js:282:15)
    at process.processTicksAndRejections (node:internal/process/task_queues:104:5)
    at async generateTransmittal (C:\steel-project(2)\steel-project\steel-project\backend\src\services\transmittalService.js:251:24)
    at async exports.generateTransmittal (C:\steel-project(2)\steel-project\steel-project\backend\src\controllers\transmittalController.js:89:24)
2026-10-01T04:43:20.305Z: CastError: Cast to ObjectId failed for value "123" (type string) at path "_id" for model "User"
    at SchemaObjectId.cast (C:\steel-project(2)\steel-project\steel-project\backend\node_modules\mongoose\lib\schema\objectId.js:253:11)
    at SchemaType.applySetters (C:\steel-project(2)\steel-project\steel-project\backend\node_modules\mongoose\lib\schemaType.js:1288:12)
    at SchemaType.castForQuery (C:\steel-project(2)\steel-project\steel-project\backend\node_modules\mongoose\lib\schemaType.js:1724:17)
    at cast (C:\steel-project(2)\steel-project\steel-project\backend\node_modules\mongoose\lib\cast.js:390:32)
    at Query.cast (C:\steel-project(2)\steel-project\steel-project\backend\node_modules\mongoose\lib\query.js:5060:12)
    at Query._castConditions (C:\steel-project(2)\steel-project\steel-project\backend\node_modules\mongoose\lib\query.js:2374:10)
    at model.Query._findOne (C:\steel-project(2)\steel-project\steel-project\backend\node_modules\mongoose\lib\query.js:2697:8)
    at model.Query.exec (C:\steel-project(2)\steel-project\steel-project\backend\node_modules\mongoose\lib\query.js:4627:80)
    at process.processTicksAndRejections (node:internal/process/task_queues:104:5)
    at async verifyToken (C:\steel-project(2)\steel-project\steel-project\backend\src\middleware\auth.js:73:26)
2026-10-01T05:00:53.855Z: Error: No completed extractions found for this transmittal.
    at _internalGenerateTransmittal (C:\steel-project(2)\steel-project\steel-project\backend\src\services\transmittalService.js:282:15)
    at process.processTicksAndRejections (node:internal/process/task_queues:104:5)
    at async generateTransmittal (C:\steel-project(2)\steel-project\steel-project\backend\src\services\transmittalService.js:251:24)
    at async exports.generateTransmittal (C:\steel-project(2)\steel-project\steel-project\backend\src\controllers\transmittalController.js:89:24)
2026-10-01T05:00:53.979Z: Error: No completed extractions found for this transmittal.
    at _internalGenerateTransmittal (C:\steel-project(2)\steel-project\steel-project\backend\src\services\transmittalService.js:282:15)
    at process.processTicksAndRejections (node:internal/process/task_queues:104:5)
    at async generateTransmittal (C:\steel-project(2)\steel-project\steel-project\backend\src\services\transmittalService.js:251:24)
    at async exports.generateTransmittal (C:\steel-project(2)\steel-project\steel-project\backend\src\controllers\transmittalController.js:89:24)
2026-10-01T05:00:54.100Z: Error: No completed extractions found for this transmittal.
    at _internalGenerateTransmittal (C:\steel-project(2)\steel-project\steel-project\backend\src\services\transmittalService.js:282:15)
    at process.processTicksAndRejections (node:internal/process/task_queues:104:5)
    at async generateTransmittal (C:\steel-project(2)\steel-project\steel-project\backend\src\services\transmittalService.js:251:24)
    at async exports.generateTransmittal (C:\steel-project(2)\steel-project\steel-project\backend\src\controllers\transmittalController.js:89:24)
2026-10-01T05:00:54.213Z: Error: No completed extractions found for this transmittal.
    at _internalGenerateTransmittal (C:\steel-project(2)\steel-project\steel-project\backend\src\services\transmittalService.js:282:15)
    at process.processTicksAndRejections (node:internal/process/task_queues:104:5)
    at async generateTransmittal (C:\steel-project(2)\steel-project\steel-project\backend\src\services\transmittalService.js:251:24)
    at async exports.generateTransmittal (C:\steel-project(2)\steel-project\steel-project\backend\src\controllers\transmittalController.js:89:24)
2026-10-01T05:00:54.624Z: Error: No completed extractions found for this transmittal.
    at _internalGenerateTransmittal (C:\steel-project(2)\steel-project\steel-project\backend\src\services\transmittalService.js:282:15)
    at process.processTicksAndRejections (node:internal/process/task_queues:104:5)
    at async generateTransmittal (C:\steel-project(2)\steel-project\steel-project\backend\src\services\transmittalService.js:251:24)
    at async exports.generateTransmittal (C:\steel-project(2)\steel-project\steel-project\backend\src\controllers\transmittalController.js:89:24)
2026-10-01T05:00:55.553Z: Error: No completed extractions found for this transmittal.
    at _internalGenerateTransmittal (C:\steel-project(2)\steel-project\steel-project\backend\src\services\transmittalService.js:282:15)
    at process.processTicksAndRejections (node:internal/process/task_queues:104:5)
    at async generateTransmittal (C:\steel-project(2)\steel-project\steel-project\backend\src\services\transmittalService.js:251:24)
    at async exports.generateTransmittal (C:\steel-project(2)\steel-project\steel-project\backend\src\controllers\transmittalController.js:89:24)
2026-10-01T05:00:55.864Z: Error: No completed extractions found for this transmittal.
    at _internalGenerateTransmittal (C:\steel-project(2)\steel-project\steel-project\backend\src\services\transmittalService.js:282:15)
    at process.processTicksAndRejections (node:internal/process/task_queues:104:5)
    at async generateTransmittal (C:\steel-project(2)\steel-project\steel-project\backend\src\services\transmittalService.js:251:24)
    at async exports.generateTransmittal (C:\steel-project(2)\steel-project\steel-project\backend\src\controllers\transmittalController.js:89:24)
2026-10-01T05:00:56.370Z: Error: No completed extractions found for this transmittal.
    at _internalGenerateTransmittal (C:\steel-project(2)\steel-project\steel-project\backend\src\services\transmittalService.js:282:15)
    at process.processTicksAndRejections (node:internal/process/task_queues:104:5)
    at async generateTransmittal (C:\steel-project(2)\steel-project\steel-project\backend\src\services\transmittalService.js:251:24)
    at async exports.generateTransmittal (C:\steel-project(2)\steel-project\steel-project\backend\src\controllers\transmittalController.js:89:24)
2026-10-01T05:00:57.223Z: Error: No completed extractions found for this transmittal.
    at _internalGenerateTransmittal (C:\steel-project(2)\steel-project\steel-project\backend\src\services\transmittalService.js:282:15)
    at process.processTicksAndRejections (node:internal/process/task_queues:104:5)
    at async generateTransmittal (C:\steel-project(2)\steel-project\steel-project\backend\src\services\transmittalService.js:251:24)
    at async exports.generateTransmittal (C:\steel-project(2)\steel-project\steel-project\backend\src\controllers\transmittalController.js:89:24)
2026-10-01T05:00:57.401Z: Error: No completed extractions found for this transmittal.
    at _internalGenerateTransmittal (C:\steel-project(2)\steel-project\steel-project\backend\src\services\transmittalService.js:282:15)
    at process.processTicksAndRejections (node:internal/process/task_queues:104:5)
    at async generateTransmittal (C:\steel-project(2)\steel-project\steel-project\backend\src\services\transmittalService.js:251:24)
    at async exports.generateTransmittal (C:\steel-project(2)\steel-project\steel-project\backend\src\controllers\transmittalController.js:89:24)
2026-10-01T05:00:57.897Z: Error: No completed extractions found for this transmittal.
    at _internalGenerateTransmittal (C:\steel-project(2)\steel-project\steel-project\backend\src\services\transmittalService.js:282:15)
    at process.processTicksAndRejections (node:internal/process/task_queues:104:5)
    at async generateTransmittal (C:\steel-project(2)\steel-project\steel-project\backend\src\services\transmittalService.js:251:24)
    at async exports.generateTransmittal (C:\steel-project(2)\steel-project\steel-project\backend\src\controllers\transmittalController.js:89:24)
2026-10-01T05:00:58.409Z: Error: No completed extractions found for this transmittal.
    at _internalGenerateTransmittal (C:\steel-project(2)\steel-project\steel-project\backend\src\services\transmittalService.js:282:15)
    at process.processTicksAndRejections (node:internal/process/task_queues:104:5)
    at async generateTransmittal (C:\steel-project(2)\steel-project\steel-project\backend\src\services\transmittalService.js:251:24)
    at async exports.generateTransmittal (C:\steel-project(2)\steel-project\steel-project\backend\src\controllers\transmittalController.js:89:24)
2026-10-01T05:01:00.215Z: Error: No completed extractions found for this transmittal.
    at _internalGenerateTransmittal (C:\steel-project(2)\steel-project\steel-project\backend\src\services\transmittalService.js:282:15)
    at process.processTicksAndRejections (node:internal/process/task_queues:104:5)
    at async generateTransmittal (C:\steel-project(2)\steel-project\steel-project\backend\src\services\transmittalService.js:251:24)
    at async exports.generateTransmittal (C:\steel-project(2)\steel-project\steel-project\backend\src\controllers\transmittalController.js:89:24)
2026-10-01T05:01:00.335Z: Error: No completed extractions found for this transmittal.
    at _internalGenerateTransmittal (C:\steel-project(2)\steel-project\steel-project\backend\src\services\transmittalService.js:282:15)
    at process.processTicksAndRejections (node:internal/process/task_queues:104:5)
    at async generateTransmittal (C:\steel-project(2)\steel-project\steel-project\backend\src\services\transmittalService.js:251:24)
    at async exports.generateTransmittal (C:\steel-project(2)\steel-project\steel-project\backend\src\controllers\transmittalController.js:89:24)
2026-10-01T05:01:00.452Z: Error: No completed extractions found for this transmittal.
    at _internalGenerateTransmittal (C:\steel-project(2)\steel-project\steel-project\backend\src\services\transmittalService.js:282:15)
    at process.processTicksAndRejections (node:internal/process/task_queues:104:5)
    at async generateTransmittal (C:\steel-project(2)\steel-project\steel-project\backend\src\services\transmittalService.js:251:24)
    at async exports.generateTransmittal (C:\steel-project(2)\steel-project\steel-project\backend\src\controllers\transmittalController.js:89:24)
2026-10-01T05:01:00.552Z: Error: No completed extractions found for this transmittal.
    at _internalGenerateTransmittal (C:\steel-project(2)\steel-project\steel-project\backend\src\services\transmittalService.js:282:15)
    at process.processTicksAndRejections (node:internal/process/task_queues:104:5)
    at async generateTransmittal (C:\steel-project(2)\steel-project\steel-project\backend\src\services\transmittalService.js:251:24)
    at async exports.generateTransmittal (C:\steel-project(2)\steel-project\steel-project\backend\src\controllers\transmittalController.js:89:24)
2026-10-01T05:01:00.666Z: Error: No completed extractions found for this transmittal.
    at _internalGenerateTransmittal (C:\steel-project(2)\steel-project\steel-project\backend\src\services\transmittalService.js:282:15)
    at process.processTicksAndRejections (node:internal/process/task_queues:104:5)
    at async generateTransmittal (C:\steel-project(2)\steel-project\steel-project\backend\src\services\transmittalService.js:251:24)
    at async exports.generateTransmittal (C:\steel-project(2)\steel-project\steel-project\backend\src\controllers\transmittalController.js:89:24)
2026-10-01T05:01:00.801Z: Error: No completed extractions found for this transmittal.
    at _internalGenerateTransmittal (C:\steel-project(2)\steel-project\steel-project\backend\src\services\transmittalService.js:282:15)
    at process.processTicksAndRejections (node:internal/process/task_queues:104:5)
    at async generateTransmittal (C:\steel-project(2)\steel-project\steel-project\backend\src\services\transmittalService.js:251:24)
    at async exports.generateTransmittal (C:\steel-project(2)\steel-project\steel-project\backend\src\controllers\transmittalController.js:89:24)
2026-10-01T05:01:00.925Z: Error: No completed extractions found for this transmittal.
    at _internalGenerateTransmittal (C:\steel-project(2)\steel-project\steel-project\backend\src\services\transmittalService.js:282:15)
    at process.processTicksAndRejections (node:internal/process/task_queues:104:5)
    at async generateTransmittal (C:\steel-project(2)\steel-project\steel-project\backend\src\services\transmittalService.js:251:24)
    at async exports.generateTransmittal (C:\steel-project(2)\steel-project\steel-project\backend\src\controllers\transmittalController.js:89:24)
2026-10-01T05:01:01.063Z: Error: No completed extractions found for this transmittal.
    at _internalGenerateTransmittal (C:\steel-project(2)\steel-project\steel-project\backend\src\services\transmittalService.js:282:15)
    at process.processTicksAndRejections (node:internal/process/task_queues:104:5)
    at async generateTransmittal (C:\steel-project(2)\steel-project\steel-project\backend\src\services\transmittalService.js:251:24)
    at async exports.generateTransmittal (C:\steel-project(2)\steel-project\steel-project\backend\src\controllers\transmittalController.js:89:24)
2026-10-01T05:01:01.200Z: Error: No completed extractions found for this transmittal.
    at _internalGenerateTransmittal (C:\steel-project(2)\steel-project\steel-project\backend\src\services\transmittalService.js:282:15)
    at process.processTicksAndRejections (node:internal/process/task_queues:104:5)
    at async generateTransmittal (C:\steel-project(2)\steel-project\steel-project\backend\src\services\transmittalService.js:251:24)
    at async exports.generateTransmittal (C:\steel-project(2)\steel-project\steel-project\backend\src\controllers\transmittalController.js:89:24)
2026-10-01T05:01:01.381Z: Error: No completed extractions found for this transmittal.
    at _internalGenerateTransmittal (C:\steel-project(2)\steel-project\steel-project\backend\src\services\transmittalService.js:282:15)
    at process.processTicksAndRejections (node:internal/process/task_queues:104:5)
    at async generateTransmittal (C:\steel-project(2)\steel-project\steel-project\backend\src\services\transmittalService.js:251:24)
    at async exports.generateTransmittal (C:\steel-project(2)\steel-project\steel-project\backend\src\controllers\transmittalController.js:89:24)
2026-10-01T05:01:01.523Z: Error: No completed extractions found for this transmittal.
    at _internalGenerateTransmittal (C:\steel-project(2)\steel-project\steel-project\backend\src\services\transmittalService.js:282:15)
    at process.processTicksAndRejections (node:internal/process/task_queues:104:5)
    at async generateTransmittal (C:\steel-project(2)\steel-project\steel-project\backend\src\services\transmittalService.js:251:24)
    at async exports.generateTransmittal (C:\steel-project(2)\steel-project\steel-project\backend\src\controllers\transmittalController.js:89:24)
2026-10-01T05:01:01.665Z: Error: No completed extractions found for this transmittal.
    at _internalGenerateTransmittal (C:\steel-project(2)\steel-project\steel-project\backend\src\services\transmittalService.js:282:15)
    at process.processTicksAndRejections (node:internal/process/task_queues:104:5)
    at async generateTransmittal (C:\steel-project(2)\steel-project\steel-project\backend\src\services\transmittalService.js:251:24)
    at async exports.generateTransmittal (C:\steel-project(2)\steel-project\steel-project\backend\src\controllers\transmittalController.js:89:24)
2026-10-01T05:01:01.824Z: Error: No completed extractions found for this transmittal.
    at _internalGenerateTransmittal (C:\steel-project(2)\steel-project\steel-project\backend\src\services\transmittalService.js:282:15)
    at process.processTicksAndRejections (node:internal/process/task_queues:104:5)
    at async generateTransmittal (C:\steel-project(2)\steel-project\steel-project\backend\src\services\transmittalService.js:251:24)
    at async exports.generateTransmittal (C:\steel-project(2)\steel-project\steel-project\backend\src\controllers\transmittalController.js:89:24)
2026-10-01T05:01:02.257Z: Error: No completed extractions found for this transmittal.
    at _internalGenerateTransmittal (C:\steel-project(2)\steel-project\steel-project\backend\src\services\transmittalService.js:282:15)
    at process.processTicksAndRejections (node:internal/process/task_queues:104:5)
    at async generateTransmittal (C:\steel-project(2)\steel-project\steel-project\backend\src\services\transmittalService.js:251:24)
    at async exports.generateTransmittal (C:\steel-project(2)\steel-project\steel-project\backend\src\controllers\transmittalController.js:89:24)
2026-10-01T05:01:02.420Z: Error: No completed extractions found for this transmittal.
    at _internalGenerateTransmittal (C:\steel-project(2)\steel-project\steel-project\backend\src\services\transmittalService.js:282:15)
    at process.processTicksAndRejections (node:internal/process/task_queues:104:5)
    at async generateTransmittal (C:\steel-project(2)\steel-project\steel-project\backend\src\services\transmittalService.js:251:24)
    at async exports.generateTransmittal (C:\steel-project(2)\steel-project\steel-project\backend\src\controllers\transmittalController.js:89:24)
2026-10-01T05:01:02.552Z: Error: No completed extractions found for this transmittal.
    at _internalGenerateTransmittal (C:\steel-project(2)\steel-project\steel-project\backend\src\services\transmittalService.js:282:15)
    at process.processTicksAndRejections (node:internal/process/task_queues:104:5)
    at async generateTransmittal (C:\steel-project(2)\steel-project\steel-project\backend\src\services\transmittalService.js:251:24)
    at async exports.generateTransmittal (C:\steel-project(2)\steel-project\steel-project\backend\src\controllers\transmittalController.js:89:24)
2026-10-01T05:01:02.695Z: Error: No completed extractions found for this transmittal.
    at _internalGenerateTransmittal (C:\steel-project(2)\steel-project\steel-project\backend\src\services\transmittalService.js:282:15)
    at process.processTicksAndRejections (node:internal/process/task_queues:104:5)
    at async generateTransmittal (C:\steel-project(2)\steel-project\steel-project\backend\src\services\transmittalService.js:251:24)
    at async exports.generateTransmittal (C:\steel-project(2)\steel-project\steel-project\backend\src\controllers\transmittalController.js:89:24)
2026-10-01T05:01:03.385Z: Error: No completed extractions found for this transmittal.
    at _internalGenerateTransmittal (C:\steel-project(2)\steel-project\steel-project\backend\src\services\transmittalService.js:282:15)
    at process.processTicksAndRejections (node:internal/process/task_queues:104:5)
    at async generateTransmittal (C:\steel-project(2)\steel-project\steel-project\backend\src\services\transmittalService.js:251:24)
    at async exports.generateTransmittal (C:\steel-project(2)\steel-project\steel-project\backend\src\controllers\transmittalController.js:89:24)
2026-10-01T05:01:03.775Z: Error: No completed extractions found for this transmittal.
    at _internalGenerateTransmittal (C:\steel-project(2)\steel-project\steel-project\backend\src\services\transmittalService.js:282:15)
    at process.processTicksAndRejections (node:internal/process/task_queues:104:5)
    at async generateTransmittal (C:\steel-project(2)\steel-project\steel-project\backend\src\services\transmittalService.js:251:24)
    at async exports.generateTransmittal (C:\steel-project(2)\steel-project\steel-project\backend\src\controllers\transmittalController.js:89:24)
2026-10-01T05:01:03.898Z: Error: No completed extractions found for this transmittal.
    at _internalGenerateTransmittal (C:\steel-project(2)\steel-project\steel-project\backend\src\services\transmittalService.js:282:15)
    at process.processTicksAndRejections (node:internal/process/task_queues:104:5)
    at async generateTransmittal (C:\steel-project(2)\steel-project\steel-project\backend\src\services\transmittalService.js:251:24)
    at async exports.generateTransmittal (C:\steel-project(2)\steel-project\steel-project\backend\src\controllers\transmittalController.js:89:24)
2026-10-01T05:01:04.037Z: Error: No completed extractions found for this transmittal.
    at _internalGenerateTransmittal (C:\steel-project(2)\steel-project\steel-project\backend\src\services\transmittalService.js:282:15)
    at process.processTicksAndRejections (node:internal/process/task_queues:104:5)
    at async generateTransmittal (C:\steel-project(2)\steel-project\steel-project\backend\src\services\transmittalService.js:251:24)
    at async exports.generateTransmittal (C:\steel-project(2)\steel-project\steel-project\backend\src\controllers\transmittalController.js:89:24)
2026-10-01T05:01:04.150Z: Error: No completed extractions found for this transmittal.
    at _internalGenerateTransmittal (C:\steel-project(2)\steel-project\steel-project\backend\src\services\transmittalService.js:282:15)
    at process.processTicksAndRejections (node:internal/process/task_queues:104:5)
    at async generateTransmittal (C:\steel-project(2)\steel-project\steel-project\backend\src\services\transmittalService.js:251:24)
    at async exports.generateTransmittal (C:\steel-project(2)\steel-project\steel-project\backend\src\controllers\transmittalController.js:89:24)
2026-10-01T05:01:04.288Z: Error: No completed extractions found for this transmittal.
    at _internalGenerateTransmittal (C:\steel-project(2)\steel-project\steel-project\backend\src\services\transmittalService.js:282:15)
    at process.processTicksAndRejections (node:internal/process/task_queues:104:5)
    at async generateTransmittal (C:\steel-project(2)\steel-project\steel-project\backend\src\services\transmittalService.js:251:24)
    at async exports.generateTransmittal (C:\steel-project(2)\steel-project\steel-project\backend\src\controllers\transmittalController.js:89:24)
2026-10-01T05:01:04.518Z: Error: No completed extractions found for this transmittal.
    at _internalGenerateTransmittal (C:\steel-project(2)\steel-project\steel-project\backend\src\services\transmittalService.js:282:15)
    at process.processTicksAndRejections (node:internal/process/task_queues:104:5)
    at async generateTransmittal (C:\steel-project(2)\steel-project\steel-project\backend\src\services\transmittalService.js:251:24)
    at async exports.generateTransmittal (C:\steel-project(2)\steel-project\steel-project\backend\src\controllers\transmittalController.js:89:24)
2026-10-01T05:01:04.858Z: Error: No completed extractions found for this transmittal.
    at _internalGenerateTransmittal (C:\steel-project(2)\steel-project\steel-project\backend\src\services\transmittalService.js:282:15)
    at process.processTicksAndRejections (node:internal/process/task_queues:104:5)
    at async generateTransmittal (C:\steel-project(2)\steel-project\steel-project\backend\src\services\transmittalService.js:251:24)
    at async exports.generateTransmittal (C:\steel-project(2)\steel-project\steel-project\backend\src\controllers\transmittalController.js:89:24)
2026-10-01T05:01:05.524Z: Error: No completed extractions found for this transmittal.
    at _internalGenerateTransmittal (C:\steel-project(2)\steel-project\steel-project\backend\src\services\transmittalService.js:282:15)
    at process.processTicksAndRejections (node:internal/process/task_queues:104:5)
    at async generateTransmittal (C:\steel-project(2)\steel-project\steel-project\backend\src\services\transmittalService.js:251:24)
    at async exports.generateTransmittal (C:\steel-project(2)\steel-project\steel-project\backend\src\controllers\transmittalController.js:89:24)
2026-10-01T05:01:05.643Z: Error: No completed extractions found for this transmittal.
    at _internalGenerateTransmittal (C:\steel-project(2)\steel-project\steel-project\backend\src\services\transmittalService.js:282:15)
    at process.processTicksAndRejections (node:internal/process/task_queues:104:5)
    at async generateTransmittal (C:\steel-project(2)\steel-project\steel-project\backend\src\services\transmittalService.js:251:24)
    at async exports.generateTransmittal (C:\steel-project(2)\steel-project\steel-project\backend\src\controllers\transmittalController.js:89:24)
2026-10-01T05:01:06.190Z: Error: No completed extractions found for this transmittal.
    at _internalGenerateTransmittal (C:\steel-project(2)\steel-project\steel-project\backend\src\services\transmittalService.js:282:15)
    at process.processTicksAndRejections (node:internal/process/task_queues:104:5)
    at async generateTransmittal (C:\steel-project(2)\steel-project\steel-project\backend\src\services\transmittalService.js:251:24)
    at async exports.generateTransmittal (C:\steel-project(2)\steel-project\steel-project\backend\src\controllers\transmittalController.js:89:24)
2026-10-01T05:01:06.299Z: Error: No completed extractions found for this transmittal.
    at _internalGenerateTransmittal (C:\steel-project(2)\steel-project\steel-project\backend\src\services\transmittalService.js:282:15)
    at process.processTicksAndRejections (node:internal/process/task_queues:104:5)
    at async generateTransmittal (C:\steel-project(2)\steel-project\steel-project\backend\src\services\transmittalService.js:251:24)
    at async exports.generateTransmittal (C:\steel-project(2)\steel-project\steel-project\backend\src\controllers\transmittalController.js:89:24)
2026-10-01T05:01:06.408Z: Error: No completed extractions found for this transmittal.
    at _internalGenerateTransmittal (C:\steel-project(2)\steel-project\steel-project\backend\src\services\transmittalService.js:282:15)
    at process.processTicksAndRejections (node:internal/process/task_queues:104:5)
    at async generateTransmittal (C:\steel-project(2)\steel-project\steel-project\backend\src\services\transmittalService.js:251:24)
    at async exports.generateTransmittal (C:\steel-project(2)\steel-project\steel-project\backend\src\controllers\transmittalController.js:89:24)
2026-10-01T05:01:06.510Z: Error: No completed extractions found for this transmittal.
    at _internalGenerateTransmittal (C:\steel-project(2)\steel-project\steel-project\backend\src\services\transmittalService.js:282:15)
    at process.processTicksAndRejections (node:internal/process/task_queues:104:5)
    at async generateTransmittal (C:\steel-project(2)\steel-project\steel-project\backend\src\services\transmittalService.js:251:24)
    at async exports.generateTransmittal (C:\steel-project(2)\steel-project\steel-project\backend\src\controllers\transmittalController.js:89:24)
2026-10-01T05:01:06.615Z: Error: No completed extractions found for this transmittal.
    at _internalGenerateTransmittal (C:\steel-project(2)\steel-project\steel-project\backend\src\services\transmittalService.js:282:15)
    at process.processTicksAndRejections (node:internal/process/task_queues:104:5)
    at async generateTransmittal (C:\steel-project(2)\steel-project\steel-project\backend\src\services\transmittalService.js:251:24)
    at async exports.generateTransmittal (C:\steel-project(2)\steel-project\steel-project\backend\src\controllers\transmittalController.js:89:24)
2026-10-01T05:01:06.716Z: Error: No completed extractions found for this transmittal.
    at _internalGenerateTransmittal (C:\steel-project(2)\steel-project\steel-project\backend\src\services\transmittalService.js:282:15)
    at process.processTicksAndRejections (node:internal/process/task_queues:104:5)
    at async generateTransmittal (C:\steel-project(2)\steel-project\steel-project\backend\src\services\transmittalService.js:251:24)
    at async exports.generateTransmittal (C:\steel-project(2)\steel-project\steel-project\backend\src\controllers\transmittalController.js:89:24)
2026-10-01T05:01:06.824Z: Error: No completed extractions found for this transmittal.
    at _internalGenerateTransmittal (C:\steel-project(2)\steel-project\steel-project\backend\src\services\transmittalService.js:282:15)
    at process.processTicksAndRejections (node:internal/process/task_queues:104:5)
    at async generateTransmittal (C:\steel-project(2)\steel-project\steel-project\backend\src\services\transmittalService.js:251:24)
    at async exports.generateTransmittal (C:\steel-project(2)\steel-project\steel-project\backend\src\controllers\transmittalController.js:89:24)
2026-10-01T05:01:07.213Z: Error: No completed extractions found for this transmittal.
    at _internalGenerateTransmittal (C:\steel-project(2)\steel-project\steel-project\backend\src\services\transmittalService.js:282:15)
    at process.processTicksAndRejections (node:internal/process/task_queues:104:5)
    at async generateTransmittal (C:\steel-project(2)\steel-project\steel-project\backend\src\services\transmittalService.js:251:24)
    at async exports.generateTransmittal (C:\steel-project(2)\steel-project\steel-project\backend\src\controllers\transmittalController.js:89:24)
2026-10-01T05:01:07.332Z: Error: No completed extractions found for this transmittal.
    at _internalGenerateTransmittal (C:\steel-project(2)\steel-project\steel-project\backend\src\services\transmittalService.js:282:15)
    at process.processTicksAndRejections (node:internal/process/task_queues:104:5)
    at async generateTransmittal (C:\steel-project(2)\steel-project\steel-project\backend\src\services\transmittalService.js:251:24)
    at async exports.generateTransmittal (C:\steel-project(2)\steel-project\steel-project\backend\src\controllers\transmittalController.js:89:24)
2026-10-01T05:01:07.446Z: Error: No completed extractions found for this transmittal.
    at _internalGenerateTransmittal (C:\steel-project(2)\steel-project\steel-project\backend\src\services\transmittalService.js:282:15)
    at process.processTicksAndRejections (node:internal/process/task_queues:104:5)
    at async generateTransmittal (C:\steel-project(2)\steel-project\steel-project\backend\src\services\transmittalService.js:251:24)
    at async exports.generateTransmittal (C:\steel-project(2)\steel-project\steel-project\backend\src\controllers\transmittalController.js:89:24)
2026-10-01T05:01:07.559Z: Error: No completed extractions found for this transmittal.
    at _internalGenerateTransmittal (C:\steel-project(2)\steel-project\steel-project\backend\src\services\transmittalService.js:282:15)
    at process.processTicksAndRejections (node:internal/process/task_queues:104:5)
    at async generateTransmittal (C:\steel-project(2)\steel-project\steel-project\backend\src\services\transmittalService.js:251:24)
    at async exports.generateTransmittal (C:\steel-project(2)\steel-project\steel-project\backend\src\controllers\transmittalController.js:89:24)
2026-10-01T05:01:07.723Z: Error: No completed extractions found for this transmittal.
    at _internalGenerateTransmittal (C:\steel-project(2)\steel-project\steel-project\backend\src\services\transmittalService.js:282:15)
    at process.processTicksAndRejections (node:internal/process/task_queues:104:5)
    at async generateTransmittal (C:\steel-project(2)\steel-project\steel-project\backend\src\services\transmittalService.js:251:24)
    at async exports.generateTransmittal (C:\steel-project(2)\steel-project\steel-project\backend\src\controllers\transmittalController.js:89:24)
2026-10-01T05:01:07.864Z: Error: No completed extractions found for this transmittal.
    at _internalGenerateTransmittal (C:\steel-project(2)\steel-project\steel-project\backend\src\services\transmittalService.js:282:15)
    at process.processTicksAndRejections (node:internal/process/task_queues:104:5)
    at async generateTransmittal (C:\steel-project(2)\steel-project\steel-project\backend\src\services\transmittalService.js:251:24)
    at async exports.generateTransmittal (C:\steel-project(2)\steel-project\steel-project\backend\src\controllers\transmittalController.js:89:24)
2026-10-01T05:01:07.973Z: Error: No completed extractions found for this transmittal.
    at _internalGenerateTransmittal (C:\steel-project(2)\steel-project\steel-project\backend\src\services\transmittalService.js:282:15)
    at process.processTicksAndRejections (node:internal/process/task_queues:104:5)
    at async generateTransmittal (C:\steel-project(2)\steel-project\steel-project\backend\src\services\transmittalService.js:251:24)
    at async exports.generateTransmittal (C:\steel-project(2)\steel-project\steel-project\backend\src\controllers\transmittalController.js:89:24)
2026-10-01T05:01:08.084Z: Error: No completed extractions found for this transmittal.
    at _internalGenerateTransmittal (C:\steel-project(2)\steel-project\steel-project\backend\src\services\transmittalService.js:282:15)
    at process.processTicksAndRejections (node:internal/process/task_queues:104:5)
    at async generateTransmittal (C:\steel-project(2)\steel-project\steel-project\backend\src\services\transmittalService.js:251:24)
    at async exports.generateTransmittal (C:\steel-project(2)\steel-project\steel-project\backend\src\controllers\transmittalController.js:89:24)
2026-10-01T05:01:08.176Z: Error: No completed extractions found for this transmittal.
    at _internalGenerateTransmittal (C:\steel-project(2)\steel-project\steel-project\backend\src\services\transmittalService.js:282:15)
    at process.processTicksAndRejections (node:internal/process/task_queues:104:5)
    at async generateTransmittal (C:\steel-project(2)\steel-project\steel-project\backend\src\services\transmittalService.js:251:24)
    at async exports.generateTransmittal (C:\steel-project(2)\steel-project\steel-project\backend\src\controllers\transmittalController.js:89:24)
2026-10-01T05:01:08.274Z: Error: No completed extractions found for this transmittal.
    at _internalGenerateTransmittal (C:\steel-project(2)\steel-project\steel-project\backend\src\services\transmittalService.js:282:15)
    at process.processTicksAndRejections (node:internal/process/task_queues:104:5)
    at async generateTransmittal (C:\steel-project(2)\steel-project\steel-project\backend\src\services\transmittalService.js:251:24)
    at async exports.generateTransmittal (C:\steel-project(2)\steel-project\steel-project\backend\src\controllers\transmittalController.js:89:24)
2026-10-01T05:01:08.390Z: Error: No completed extractions found for this transmittal.
    at _internalGenerateTransmittal (C:\steel-project(2)\steel-project\steel-project\backend\src\services\transmittalService.js:282:15)
    at process.processTicksAndRejections (node:internal/process/task_queues:104:5)
    at async generateTransmittal (C:\steel-project(2)\steel-project\steel-project\backend\src\services\transmittalService.js:251:24)
    at async exports.generateTransmittal (C:\steel-project(2)\steel-project\steel-project\backend\src\controllers\transmittalController.js:89:24)
2026-10-01T05:01:08.511Z: Error: No completed extractions found for this transmittal.
    at _internalGenerateTransmittal (C:\steel-project(2)\steel-project\steel-project\backend\src\services\transmittalService.js:282:15)
    at process.processTicksAndRejections (node:internal/process/task_queues:104:5)
    at async generateTransmittal (C:\steel-project(2)\steel-project\steel-project\backend\src\services\transmittalService.js:251:24)
    at async exports.generateTransmittal (C:\steel-project(2)\steel-project\steel-project\backend\src\controllers\transmittalController.js:89:24)
2026-10-01T05:01:08.609Z: Error: No completed extractions found for this transmittal.
    at _internalGenerateTransmittal (C:\steel-project(2)\steel-project\steel-project\backend\src\services\transmittalService.js:282:15)
    at process.processTicksAndRejections (node:internal/process/task_queues:104:5)
    at async generateTransmittal (C:\steel-project(2)\steel-project\steel-project\backend\src\services\transmittalService.js:251:24)
    at async exports.generateTransmittal (C:\steel-project(2)\steel-project\steel-project\backend\src\controllers\transmittalController.js:89:24)
2026-10-01T05:01:08.714Z: Error: No completed extractions found for this transmittal.
    at _internalGenerateTransmittal (C:\steel-project(2)\steel-project\steel-project\backend\src\services\transmittalService.js:282:15)
    at process.processTicksAndRejections (node:internal/process/task_queues:104:5)
    at async generateTransmittal (C:\steel-project(2)\steel-project\steel-project\backend\src\services\transmittalService.js:251:24)
    at async exports.generateTransmittal (C:\steel-project(2)\steel-project\steel-project\backend\src\controllers\transmittalController.js:89:24)
2026-10-01T05:01:08.814Z: Error: No completed extractions found for this transmittal.
    at _internalGenerateTransmittal (C:\steel-project(2)\steel-project\steel-project\backend\src\services\transmittalService.js:282:15)
    at process.processTicksAndRejections (node:internal/process/task_queues:104:5)
    at async generateTransmittal (C:\steel-project(2)\steel-project\steel-project\backend\src\services\transmittalService.js:251:24)
    at async exports.generateTransmittal (C:\steel-project(2)\steel-project\steel-project\backend\src\controllers\transmittalController.js:89:24)
2026-10-01T05:01:08.919Z: Error: No completed extractions found for this transmittal.
    at _internalGenerateTransmittal (C:\steel-project(2)\steel-project\steel-project\backend\src\services\transmittalService.js:282:15)
    at process.processTicksAndRejections (node:internal/process/task_queues:104:5)
    at async generateTransmittal (C:\steel-project(2)\steel-project\steel-project\backend\src\services\transmittalService.js:251:24)
    at async exports.generateTransmittal (C:\steel-project(2)\steel-project\steel-project\backend\src\controllers\transmittalController.js:89:24)
2026-10-01T05:01:09.047Z: Error: No completed extractions found for this transmittal.
    at _internalGenerateTransmittal (C:\steel-project(2)\steel-project\steel-project\backend\src\services\transmittalService.js:282:15)
    at process.processTicksAndRejections (node:internal/process/task_queues:104:5)
    at async generateTransmittal (C:\steel-project(2)\steel-project\steel-project\backend\src\services\transmittalService.js:251:24)
    at async exports.generateTransmittal (C:\steel-project(2)\steel-project\steel-project\backend\src\controllers\transmittalController.js:89:24)
2026-10-01T05:01:09.173Z: Error: No completed extractions found for this transmittal.
    at _internalGenerateTransmittal (C:\steel-project(2)\steel-project\steel-project\backend\src\services\transmittalService.js:282:15)
    at process.processTicksAndRejections (node:internal/process/task_queues:104:5)
    at async generateTransmittal (C:\steel-project(2)\steel-project\steel-project\backend\src\services\transmittalService.js:251:24)
    at async exports.generateTransmittal (C:\steel-project(2)\steel-project\steel-project\backend\src\controllers\transmittalController.js:89:24)
2026-10-01T05:01:09.272Z: Error: No completed extractions found for this transmittal.
    at _internalGenerateTransmittal (C:\steel-project(2)\steel-project\steel-project\backend\src\services\transmittalService.js:282:15)
    at process.processTicksAndRejections (node:internal/process/task_queues:104:5)
    at async generateTransmittal (C:\steel-project(2)\steel-project\steel-project\backend\src\services\transmittalService.js:251:24)
    at async exports.generateTransmittal (C:\steel-project(2)\steel-project\steel-project\backend\src\controllers\transmittalController.js:89:24)
2026-10-01T05:01:09.373Z: Error: No completed extractions found for this transmittal.
    at _internalGenerateTransmittal (C:\steel-project(2)\steel-project\steel-project\backend\src\services\transmittalService.js:282:15)
    at process.processTicksAndRejections (node:internal/process/task_queues:104:5)
    at async generateTransmittal (C:\steel-project(2)\steel-project\steel-project\backend\src\services\transmittalService.js:251:24)
    at async exports.generateTransmittal (C:\steel-project(2)\steel-project\steel-project\backend\src\controllers\transmittalController.js:89:24)
2026-10-01T05:01:09.479Z: Error: No completed extractions found for this transmittal.
    at _internalGenerateTransmittal (C:\steel-project(2)\steel-project\steel-project\backend\src\services\transmittalService.js:282:15)
    at process.processTicksAndRejections (node:internal/process/task_queues:104:5)
    at async generateTransmittal (C:\steel-project(2)\steel-project\steel-project\backend\src\services\transmittalService.js:251:24)
    at async exports.generateTransmittal (C:\steel-project(2)\steel-project\steel-project\backend\src\controllers\transmittalController.js:89:24)
2026-10-01T05:01:09.814Z: Error: No completed extractions found for this transmittal.
    at _internalGenerateTransmittal (C:\steel-project(2)\steel-project\steel-project\backend\src\services\transmittalService.js:282:15)
    at process.processTicksAndRejections (node:internal/process/task_queues:104:5)
    at async generateTransmittal (C:\steel-project(2)\steel-project\steel-project\backend\src\services\transmittalService.js:251:24)
    at async exports.generateTransmittal (C:\steel-project(2)\steel-project\steel-project\backend\src\controllers\transmittalController.js:89:24)
2026-10-01T05:01:09.946Z: Error: No completed extractions found for this transmittal.
    at _internalGenerateTransmittal (C:\steel-project(2)\steel-project\steel-project\backend\src\services\transmittalService.js:282:15)
    at process.processTicksAndRejections (node:internal/process/task_queues:104:5)
    at async generateTransmittal (C:\steel-project(2)\steel-project\steel-project\backend\src\services\transmittalService.js:251:24)
    at async exports.generateTransmittal (C:\steel-project(2)\steel-project\steel-project\backend\src\controllers\transmittalController.js:89:24)
2026-10-01T05:01:10.257Z: Error: No completed extractions found for this transmittal.
    at _internalGenerateTransmittal (C:\steel-project(2)\steel-project\steel-project\backend\src\services\transmittalService.js:282:15)
    at process.processTicksAndRejections (node:internal/process/task_queues:104:5)
    at async generateTransmittal (C:\steel-project(2)\steel-project\steel-project\backend\src\services\transmittalService.js:251:24)
    at async exports.generateTransmittal (C:\steel-project(2)\steel-project\steel-project\backend\src\controllers\transmittalController.js:89:24)
2026-10-01T05:01:10.838Z: Error: No completed extractions found for this transmittal.
    at _internalGenerateTransmittal (C:\steel-project(2)\steel-project\steel-project\backend\src\services\transmittalService.js:282:15)
    at process.processTicksAndRejections (node:internal/process/task_queues:104:5)
    at async generateTransmittal (C:\steel-project(2)\steel-project\steel-project\backend\src\services\transmittalService.js:251:24)
    at async exports.generateTransmittal (C:\steel-project(2)\steel-project\steel-project\backend\src\controllers\transmittalController.js:89:24)
2026-10-01T05:01:10.975Z: Error: No completed extractions found for this transmittal.
    at _internalGenerateTransmittal (C:\steel-project(2)\steel-project\steel-project\backend\src\services\transmittalService.js:282:15)
    at process.processTicksAndRejections (node:internal/process/task_queues:104:5)
    at async generateTransmittal (C:\steel-project(2)\steel-project\steel-project\backend\src\services\transmittalService.js:251:24)
    at async exports.generateTransmittal (C:\steel-project(2)\steel-project\steel-project\backend\src\controllers\transmittalController.js:89:24)
2026-10-01T05:01:11.101Z: Error: No completed extractions found for this transmittal.
    at _internalGenerateTransmittal (C:\steel-project(2)\steel-project\steel-project\backend\src\services\transmittalService.js:282:15)
    at process.processTicksAndRejections (node:internal/process/task_queues:104:5)
    at async generateTransmittal (C:\steel-project(2)\steel-project\steel-project\backend\src\services\transmittalService.js:251:24)
    at async exports.generateTransmittal (C:\steel-project(2)\steel-project\steel-project\backend\src\controllers\transmittalController.js:89:24)
2026-10-01T05:01:11.238Z: Error: No completed extractions found for this transmittal.
    at _internalGenerateTransmittal (C:\steel-project(2)\steel-project\steel-project\backend\src\services\transmittalService.js:282:15)
    at process.processTicksAndRejections (node:internal/process/task_queues:104:5)
    at async generateTransmittal (C:\steel-project(2)\steel-project\steel-project\backend\src\services\transmittalService.js:251:24)
    at async exports.generateTransmittal (C:\steel-project(2)\steel-project\steel-project\backend\src\controllers\transmittalController.js:89:24)
2026-10-01T05:01:11.610Z: Error: No completed extractions found for this transmittal.
    at _internalGenerateTransmittal (C:\steel-project(2)\steel-project\steel-project\backend\src\services\transmittalService.js:282:15)
    at process.processTicksAndRejections (node:internal/process/task_queues:104:5)
    at async generateTransmittal (C:\steel-project(2)\steel-project\steel-project\backend\src\services\transmittalService.js:251:24)
    at async exports.generateTransmittal (C:\steel-project(2)\steel-project\steel-project\backend\src\controllers\transmittalController.js:89:24)
2026-10-01T05:01:12.112Z: Error: No completed extractions found for this transmittal.
    at _internalGenerateTransmittal (C:\steel-project(2)\steel-project\steel-project\backend\src\services\transmittalService.js:282:15)
    at process.processTicksAndRejections (node:internal/process/task_queues:104:5)
    at async generateTransmittal (C:\steel-project(2)\steel-project\steel-project\backend\src\services\transmittalService.js:251:24)
    at async exports.generateTransmittal (C:\steel-project(2)\steel-project\steel-project\backend\src\controllers\transmittalController.js:89:24)
2026-10-01T05:01:12.245Z: Error: No completed extractions found for this transmittal.
    at _internalGenerateTransmittal (C:\steel-project(2)\steel-project\steel-project\backend\src\services\transmittalService.js:282:15)
    at process.processTicksAndRejections (node:internal/process/task_queues:104:5)
    at async generateTransmittal (C:\steel-project(2)\steel-project\steel-project\backend\src\services\transmittalService.js:251:24)
    at async exports.generateTransmittal (C:\steel-project(2)\steel-project\steel-project\backend\src\controllers\transmittalController.js:89:24)
2026-10-01T05:01:12.522Z: Error: No completed extractions found for this transmittal.
    at _internalGenerateTransmittal (C:\steel-project(2)\steel-project\steel-project\backend\src\services\transmittalService.js:282:15)
    at process.processTicksAndRejections (node:internal/process/task_queues:104:5)
    at async generateTransmittal (C:\steel-project(2)\steel-project\steel-project\backend\src\services\transmittalService.js:251:24)
    at async exports.generateTransmittal (C:\steel-project(2)\steel-project\steel-project\backend\src\controllers\transmittalController.js:89:24)
2026-10-01T05:01:12.911Z: Error: No completed extractions found for this transmittal.
    at _internalGenerateTransmittal (C:\steel-project(2)\steel-project\steel-project\backend\src\services\transmittalService.js:282:15)
    at process.processTicksAndRejections (node:internal/process/task_queues:104:5)
    at async generateTransmittal (C:\steel-project(2)\steel-project\steel-project\backend\src\services\transmittalService.js:251:24)
    at async exports.generateTransmittal (C:\steel-project(2)\steel-project\steel-project\backend\src\controllers\transmittalController.js:89:24)
2026-10-01T05:01:13.041Z: Error: No completed extractions found for this transmittal.
    at _internalGenerateTransmittal (C:\steel-project(2)\steel-project\steel-project\backend\src\services\transmittalService.js:282:15)
    at process.processTicksAndRejections (node:internal/process/task_queues:104:5)
    at async generateTransmittal (C:\steel-project(2)\steel-project\steel-project\backend\src\services\transmittalService.js:251:24)
    at async exports.generateTransmittal (C:\steel-project(2)\steel-project\steel-project\backend\src\controllers\transmittalController.js:89:24)
2026-10-01T05:01:13.183Z: Error: No completed extractions found for this transmittal.
    at _internalGenerateTransmittal (C:\steel-project(2)\steel-project\steel-project\backend\src\services\transmittalService.js:282:15)
    at process.processTicksAndRejections (node:internal/process/task_queues:104:5)
    at async generateTransmittal (C:\steel-project(2)\steel-project\steel-project\backend\src\services\transmittalService.js:251:24)
    at async exports.generateTransmittal (C:\steel-project(2)\steel-project\steel-project\backend\src\controllers\transmittalController.js:89:24)
2026-10-01T05:01:13.297Z: Error: No completed extractions found for this transmittal.
    at _internalGenerateTransmittal (C:\steel-project(2)\steel-project\steel-project\backend\src\services\transmittalService.js:282:15)
    at process.processTicksAndRejections (node:internal/process/task_queues:104:5)
    at async generateTransmittal (C:\steel-project(2)\steel-project\steel-project\backend\src\services\transmittalService.js:251:24)
    at async exports.generateTransmittal (C:\steel-project(2)\steel-project\steel-project\backend\src\controllers\transmittalController.js:89:24)
2026-10-01T05:01:13.433Z: Error: No completed extractions found for this transmittal.
    at _internalGenerateTransmittal (C:\steel-project(2)\steel-project\steel-project\backend\src\services\transmittalService.js:282:15)
    at process.processTicksAndRejections (node:internal/process/task_queues:104:5)
    at async generateTransmittal (C:\steel-project(2)\steel-project\steel-project\backend\src\services\transmittalService.js:251:24)
    at async exports.generateTransmittal (C:\steel-project(2)\steel-project\steel-project\backend\src\controllers\transmittalController.js:89:24)
2026-10-01T05:01:13.535Z: Error: No completed extractions found for this transmittal.
    at _internalGenerateTransmittal (C:\steel-project(2)\steel-project\steel-project\backend\src\services\transmittalService.js:282:15)
    at process.processTicksAndRejections (node:internal/process/task_queues:104:5)
    at async generateTransmittal (C:\steel-project(2)\steel-project\steel-project\backend\src\services\transmittalService.js:251:24)
    at async exports.generateTransmittal (C:\steel-project(2)\steel-project\steel-project\backend\src\controllers\transmittalController.js:89:24)
2026-10-01T05:01:13.656Z: Error: No completed extractions found for this transmittal.
    at _internalGenerateTransmittal (C:\steel-project(2)\steel-project\steel-project\backend\src\services\transmittalService.js:282:15)
    at process.processTicksAndRejections (node:internal/process/task_queues:104:5)
    at async generateTransmittal (C:\steel-project(2)\steel-project\steel-project\backend\src\services\transmittalService.js:251:24)
    at async exports.generateTransmittal (C:\steel-project(2)\steel-project\steel-project\backend\src\controllers\transmittalController.js:89:24)
2026-10-01T05:01:13.780Z: Error: No completed extractions found for this transmittal.
    at _internalGenerateTransmittal (C:\steel-project(2)\steel-project\steel-project\backend\src\services\transmittalService.js:282:15)
    at process.processTicksAndRejections (node:internal/process/task_queues:104:5)
    at async generateTransmittal (C:\steel-project(2)\steel-project\steel-project\backend\src\services\transmittalService.js:251:24)
    at async exports.generateTransmittal (C:\steel-project(2)\steel-project\steel-project\backend\src\controllers\transmittalController.js:89:24)
2026-10-01T05:01:13.898Z: Error: No completed extractions found for this transmittal.
    at _internalGenerateTransmittal (C:\steel-project(2)\steel-project\steel-project\backend\src\services\transmittalService.js:282:15)
    at process.processTicksAndRejections (node:internal/process/task_queues:104:5)
    at async generateTransmittal (C:\steel-project(2)\steel-project\steel-project\backend\src\services\transmittalService.js:251:24)
    at async exports.generateTransmittal (C:\steel-project(2)\steel-project\steel-project\backend\src\controllers\transmittalController.js:89:24)
2026-10-01T05:01:14.032Z: Error: No completed extractions found for this transmittal.
    at _internalGenerateTransmittal (C:\steel-project(2)\steel-project\steel-project\backend\src\services\transmittalService.js:282:15)
    at process.processTicksAndRejections (node:internal/process/task_queues:104:5)
    at async generateTransmittal (C:\steel-project(2)\steel-project\steel-project\backend\src\services\transmittalService.js:251:24)
    at async exports.generateTransmittal (C:\steel-project(2)\steel-project\steel-project\backend\src\controllers\transmittalController.js:89:24)
2026-10-01T05:01:14.138Z: Error: No completed extractions found for this transmittal.
    at _internalGenerateTransmittal (C:\steel-project(2)\steel-project\steel-project\backend\src\services\transmittalService.js:282:15)
    at process.processTicksAndRejections (node:internal/process/task_queues:104:5)
    at async generateTransmittal (C:\steel-project(2)\steel-project\steel-project\backend\src\services\transmittalService.js:251:24)
    at async exports.generateTransmittal (C:\steel-project(2)\steel-project\steel-project\backend\src\controllers\transmittalController.js:89:24)
2026-10-01T05:01:14.466Z: Error: No completed extractions found for this transmittal.
    at _internalGenerateTransmittal (C:\steel-project(2)\steel-project\steel-project\backend\src\services\transmittalService.js:282:15)
    at process.processTicksAndRejections (node:internal/process/task_queues:104:5)
    at async generateTransmittal (C:\steel-project(2)\steel-project\steel-project\backend\src\services\transmittalService.js:251:24)
    at async exports.generateTransmittal (C:\steel-project(2)\steel-project\steel-project\backend\src\controllers\transmittalController.js:89:24)
2026-10-01T05:01:14.559Z: Error: No completed extractions found for this transmittal.
    at _internalGenerateTransmittal (C:\steel-project(2)\steel-project\steel-project\backend\src\services\transmittalService.js:282:15)
    at process.processTicksAndRejections (node:internal/process/task_queues:104:5)
    at async generateTransmittal (C:\steel-project(2)\steel-project\steel-project\backend\src\services\transmittalService.js:251:24)
    at async exports.generateTransmittal (C:\steel-project(2)\steel-project\steel-project\backend\src\controllers\transmittalController.js:89:24)
2026-10-01T05:01:14.689Z: Error: No completed extractions found for this transmittal.
    at _internalGenerateTransmittal (C:\steel-project(2)\steel-project\steel-project\backend\src\services\transmittalService.js:282:15)
    at process.processTicksAndRejections (node:internal/process/task_queues:104:5)
    at async generateTransmittal (C:\steel-project(2)\steel-project\steel-project\backend\src\services\transmittalService.js:251:24)
    at async exports.generateTransmittal (C:\steel-project(2)\steel-project\steel-project\backend\src\controllers\transmittalController.js:89:24)
2026-10-01T05:01:14.804Z: Error: No completed extractions found for this transmittal.
    at _internalGenerateTransmittal (C:\steel-project(2)\steel-project\steel-project\backend\src\services\transmittalService.js:282:15)
    at process.processTicksAndRejections (node:internal/process/task_queues:104:5)
    at async generateTransmittal (C:\steel-project(2)\steel-project\steel-project\backend\src\services\transmittalService.js:251:24)
    at async exports.generateTransmittal (C:\steel-project(2)\steel-project\steel-project\backend\src\controllers\transmittalController.js:89:24)
2026-10-01T05:01:15.034Z: Error: No completed extractions found for this transmittal.
    at _internalGenerateTransmittal (C:\steel-project(2)\steel-project\steel-project\backend\src\services\transmittalService.js:282:15)
    at process.processTicksAndRejections (node:internal/process/task_queues:104:5)
    at async generateTransmittal (C:\steel-project(2)\steel-project\steel-project\backend\src\services\transmittalService.js:251:24)
    at async exports.generateTransmittal (C:\steel-project(2)\steel-project\steel-project\backend\src\controllers\transmittalController.js:89:24)
2026-10-01T05:01:15.151Z: Error: No completed extractions found for this transmittal.
    at _internalGenerateTransmittal (C:\steel-project(2)\steel-project\steel-project\backend\src\services\transmittalService.js:282:15)
    at process.processTicksAndRejections (node:internal/process/task_queues:104:5)
    at async generateTransmittal (C:\steel-project(2)\steel-project\steel-project\backend\src\services\transmittalService.js:251:24)
    at async exports.generateTransmittal (C:\steel-project(2)\steel-project\steel-project\backend\src\controllers\transmittalController.js:89:24)
2026-10-01T05:01:15.267Z: Error: No completed extractions found for this transmittal.
    at _internalGenerateTransmittal (C:\steel-project(2)\steel-project\steel-project\backend\src\services\transmittalService.js:282:15)
    at process.processTicksAndRejections (node:internal/process/task_queues:104:5)
    at async generateTransmittal (C:\steel-project(2)\steel-project\steel-project\backend\src\services\transmittalService.js:251:24)
    at async exports.generateTransmittal (C:\steel-project(2)\steel-project\steel-project\backend\src\controllers\transmittalController.js:89:24)
2026-10-01T05:01:15.373Z: Error: No completed extractions found for this transmittal.
    at _internalGenerateTransmittal (C:\steel-project(2)\steel-project\steel-project\backend\src\services\transmittalService.js:282:15)
    at process.processTicksAndRejections (node:internal/process/task_queues:104:5)
    at async generateTransmittal (C:\steel-project(2)\steel-project\steel-project\backend\src\services\transmittalService.js:251:24)
    at async exports.generateTransmittal (C:\steel-project(2)\steel-project\steel-project\backend\src\controllers\transmittalController.js:89:24)
2026-10-01T05:01:15.478Z: Error: No completed extractions found for this transmittal.
    at _internalGenerateTransmittal (C:\steel-project(2)\steel-project\steel-project\backend\src\services\transmittalService.js:282:15)
    at process.processTicksAndRejections (node:internal/process/task_queues:104:5)
    at async generateTransmittal (C:\steel-project(2)\steel-project\steel-project\backend\src\services\transmittalService.js:251:24)
    at async exports.generateTransmittal (C:\steel-project(2)\steel-project\steel-project\backend\src\controllers\transmittalController.js:89:24)
2026-10-01T05:01:15.597Z: Error: No completed extractions found for this transmittal.
    at _internalGenerateTransmittal (C:\steel-project(2)\steel-project\steel-project\backend\src\services\transmittalService.js:282:15)
    at process.processTicksAndRejections (node:internal/process/task_queues:104:5)
    at async generateTransmittal (C:\steel-project(2)\steel-project\steel-project\backend\src\services\transmittalService.js:251:24)
    at async exports.generateTransmittal (C:\steel-project(2)\steel-project\steel-project\backend\src\controllers\transmittalController.js:89:24)
2026-10-01T05:01:15.708Z: Error: No completed extractions found for this transmittal.
    at _internalGenerateTransmittal (C:\steel-project(2)\steel-project\steel-project\backend\src\services\transmittalService.js:282:15)
    at process.processTicksAndRejections (node:internal/process/task_queues:104:5)
    at async generateTransmittal (C:\steel-project(2)\steel-project\steel-project\backend\src\services\transmittalService.js:251:24)
    at async exports.generateTransmittal (C:\steel-project(2)\steel-project\steel-project\backend\src\controllers\transmittalController.js:89:24)
2026-10-01T05:01:15.807Z: Error: No completed extractions found for this transmittal.
    at _internalGenerateTransmittal (C:\steel-project(2)\steel-project\steel-project\backend\src\services\transmittalService.js:282:15)
    at process.processTicksAndRejections (node:internal/process/task_queues:104:5)
    at async generateTransmittal (C:\steel-project(2)\steel-project\steel-project\backend\src\services\transmittalService.js:251:24)
    at async exports.generateTransmittal (C:\steel-project(2)\steel-project\steel-project\backend\src\controllers\transmittalController.js:89:24)
2026-10-01T05:01:15.942Z: Error: No completed extractions found for this transmittal.
    at _internalGenerateTransmittal (C:\steel-project(2)\steel-project\steel-project\backend\src\services\transmittalService.js:282:15)
    at process.processTicksAndRejections (node:internal/process/task_queues:104:5)
    at async generateTransmittal (C:\steel-project(2)\steel-project\steel-project\backend\src\services\transmittalService.js:251:24)
    at async exports.generateTransmittal (C:\steel-project(2)\steel-project\steel-project\backend\src\controllers\transmittalController.js:89:24)
2026-10-01T05:01:16.045Z: Error: No completed extractions found for this transmittal.
    at _internalGenerateTransmittal (C:\steel-project(2)\steel-project\steel-project\backend\src\services\transmittalService.js:282:15)
    at process.processTicksAndRejections (node:internal/process/task_queues:104:5)
    at async generateTransmittal (C:\steel-project(2)\steel-project\steel-project\backend\src\services\transmittalService.js:251:24)
    at async exports.generateTransmittal (C:\steel-project(2)\steel-project\steel-project\backend\src\controllers\transmittalController.js:89:24)
2026-10-01T05:01:16.393Z: Error: No completed extractions found for this transmittal.
    at _internalGenerateTransmittal (C:\steel-project(2)\steel-project\steel-project\backend\src\services\transmittalService.js:282:15)
    at process.processTicksAndRejections (node:internal/process/task_queues:104:5)
    at async generateTransmittal (C:\steel-project(2)\steel-project\steel-project\backend\src\services\transmittalService.js:251:24)
    at async exports.generateTransmittal (C:\steel-project(2)\steel-project\steel-project\backend\src\controllers\transmittalController.js:89:24)
2026-10-01T05:01:16.500Z: Error: No completed extractions found for this transmittal.
    at _internalGenerateTransmittal (C:\steel-project(2)\steel-project\steel-project\backend\src\services\transmittalService.js:282:15)
    at process.processTicksAndRejections (node:internal/process/task_queues:104:5)
    at async generateTransmittal (C:\steel-project(2)\steel-project\steel-project\backend\src\services\transmittalService.js:251:24)
    at async exports.generateTransmittal (C:\steel-project(2)\steel-project\steel-project\backend\src\controllers\transmittalController.js:89:24)
2026-10-01T05:01:16.604Z: Error: No completed extractions found for this transmittal.
    at _internalGenerateTransmittal (C:\steel-project(2)\steel-project\steel-project\backend\src\services\transmittalService.js:282:15)
    at process.processTicksAndRejections (node:internal/process/task_queues:104:5)
    at async generateTransmittal (C:\steel-project(2)\steel-project\steel-project\backend\src\services\transmittalService.js:251:24)
    at async exports.generateTransmittal (C:\steel-project(2)\steel-project\steel-project\backend\src\controllers\transmittalController.js:89:24)
2026-10-01T05:01:16.703Z: Error: No completed extractions found for this transmittal.
    at _internalGenerateTransmittal (C:\steel-project(2)\steel-project\steel-project\backend\src\services\transmittalService.js:282:15)
    at process.processTicksAndRejections (node:internal/process/task_queues:104:5)
    at async generateTransmittal (C:\steel-project(2)\steel-project\steel-project\backend\src\services\transmittalService.js:251:24)
    at async exports.generateTransmittal (C:\steel-project(2)\steel-project\steel-project\backend\src\controllers\transmittalController.js:89:24)
2026-10-01T05:01:16.804Z: Error: No completed extractions found for this transmittal.
    at _internalGenerateTransmittal (C:\steel-project(2)\steel-project\steel-project\backend\src\services\transmittalService.js:282:15)
    at process.processTicksAndRejections (node:internal/process/task_queues:104:5)
    at async generateTransmittal (C:\steel-project(2)\steel-project\steel-project\backend\src\services\transmittalService.js:251:24)
    at async exports.generateTransmittal (C:\steel-project(2)\steel-project\steel-project\backend\src\controllers\transmittalController.js:89:24)
2026-10-01T05:01:16.915Z: Error: No completed extractions found for this transmittal.
    at _internalGenerateTransmittal (C:\steel-project(2)\steel-project\steel-project\backend\src\services\transmittalService.js:282:15)
    at process.processTicksAndRejections (node:internal/process/task_queues:104:5)
    at async generateTransmittal (C:\steel-project(2)\steel-project\steel-project\backend\src\services\transmittalService.js:251:24)
    at async exports.generateTransmittal (C:\steel-project(2)\steel-project\steel-project\backend\src\controllers\transmittalController.js:89:24)
2026-10-01T05:01:17.230Z: Error: No completed extractions found for this transmittal.
    at _internalGenerateTransmittal (C:\steel-project(2)\steel-project\steel-project\backend\src\services\transmittalService.js:282:15)
    at process.processTicksAndRejections (node:internal/process/task_queues:104:5)
    at async generateTransmittal (C:\steel-project(2)\steel-project\steel-project\backend\src\services\transmittalService.js:251:24)
    at async exports.generateTransmittal (C:\steel-project(2)\steel-project\steel-project\backend\src\controllers\transmittalController.js:89:24)
2026-10-01T05:01:17.331Z: Error: No completed extractions found for this transmittal.
    at _internalGenerateTransmittal (C:\steel-project(2)\steel-project\steel-project\backend\src\services\transmittalService.js:282:15)
    at process.processTicksAndRejections (node:internal/process/task_queues:104:5)
    at async generateTransmittal (C:\steel-project(2)\steel-project\steel-project\backend\src\services\transmittalService.js:251:24)
    at async exports.generateTransmittal (C:\steel-project(2)\steel-project\steel-project\backend\src\controllers\transmittalController.js:89:24)
2026-10-01T05:01:17.698Z: Error: No completed extractions found for this transmittal.
    at _internalGenerateTransmittal (C:\steel-project(2)\steel-project\steel-project\backend\src\services\transmittalService.js:282:15)
    at process.processTicksAndRejections (node:internal/process/task_queues:104:5)
    at async generateTransmittal (C:\steel-project(2)\steel-project\steel-project\backend\src\services\transmittalService.js:251:24)
    at async exports.generateTransmittal (C:\steel-project(2)\steel-project\steel-project\backend\src\controllers\transmittalController.js:89:24)
2026-10-01T05:01:17.819Z: Error: No completed extractions found for this transmittal.
    at _internalGenerateTransmittal (C:\steel-project(2)\steel-project\steel-project\backend\src\services\transmittalService.js:282:15)
    at process.processTicksAndRejections (node:internal/process/task_queues:104:5)
    at async generateTransmittal (C:\steel-project(2)\steel-project\steel-project\backend\src\services\transmittalService.js:251:24)
    at async exports.generateTransmittal (C:\steel-project(2)\steel-project\steel-project\backend\src\controllers\transmittalController.js:89:24)
2026-10-01T05:01:17.937Z: Error: No completed extractions found for this transmittal.
    at _internalGenerateTransmittal (C:\steel-project(2)\steel-project\steel-project\backend\src\services\transmittalService.js:282:15)
    at process.processTicksAndRejections (node:internal/process/task_queues:104:5)
    at async generateTransmittal (C:\steel-project(2)\steel-project\steel-project\backend\src\services\transmittalService.js:251:24)
    at async exports.generateTransmittal (C:\steel-project(2)\steel-project\steel-project\backend\src\controllers\transmittalController.js:89:24)
2026-10-01T05:01:18.061Z: Error: No completed extractions found for this transmittal.
    at _internalGenerateTransmittal (C:\steel-project(2)\steel-project\steel-project\backend\src\services\transmittalService.js:282:15)
    at process.processTicksAndRejections (node:internal/process/task_queues:104:5)
    at async generateTransmittal (C:\steel-project(2)\steel-project\steel-project\backend\src\services\transmittalService.js:251:24)
    at async exports.generateTransmittal (C:\steel-project(2)\steel-project\steel-project\backend\src\controllers\transmittalController.js:89:24)
2026-10-01T05:01:18.180Z: Error: No completed extractions found for this transmittal.
    at _internalGenerateTransmittal (C:\steel-project(2)\steel-project\steel-project\backend\src\services\transmittalService.js:282:15)
    at process.processTicksAndRejections (node:internal/process/task_queues:104:5)
    at async generateTransmittal (C:\steel-project(2)\steel-project\steel-project\backend\src\services\transmittalService.js:251:24)
    at async exports.generateTransmittal (C:\steel-project(2)\steel-project\steel-project\backend\src\controllers\transmittalController.js:89:24)
2026-10-01T05:01:18.286Z: Error: No completed extractions found for this transmittal.
    at _internalGenerateTransmittal (C:\steel-project(2)\steel-project\steel-project\backend\src\services\transmittalService.js:282:15)
    at process.processTicksAndRejections (node:internal/process/task_queues:104:5)
    at async generateTransmittal (C:\steel-project(2)\steel-project\steel-project\backend\src\services\transmittalService.js:251:24)
    at async exports.generateTransmittal (C:\steel-project(2)\steel-project\steel-project\backend\src\controllers\transmittalController.js:89:24)
2026-10-01T05:01:18.415Z: Error: No completed extractions found for this transmittal.
    at _internalGenerateTransmittal (C:\steel-project(2)\steel-project\steel-project\backend\src\services\transmittalService.js:282:15)
    at process.processTicksAndRejections (node:internal/process/task_queues:104:5)
    at async generateTransmittal (C:\steel-project(2)\steel-project\steel-project\backend\src\services\transmittalService.js:251:24)
    at async exports.generateTransmittal (C:\steel-project(2)\steel-project\steel-project\backend\src\controllers\transmittalController.js:89:24)
2026-10-01T05:01:18.797Z: Error: No completed extractions found for this transmittal.
    at _internalGenerateTransmittal (C:\steel-project(2)\steel-project\steel-project\backend\src\services\transmittalService.js:282:15)
    at process.processTicksAndRejections (node:internal/process/task_queues:104:5)
    at async generateTransmittal (C:\steel-project(2)\steel-project\steel-project\backend\src\services\transmittalService.js:251:24)
    at async exports.generateTransmittal (C:\steel-project(2)\steel-project\steel-project\backend\src\controllers\transmittalController.js:89:24)
2026-10-01T05:01:19.086Z: Error: No completed extractions found for this transmittal.
    at _internalGenerateTransmittal (C:\steel-project(2)\steel-project\steel-project\backend\src\services\transmittalService.js:282:15)
    at process.processTicksAndRejections (node:internal/process/task_queues:104:5)
    at async generateTransmittal (C:\steel-project(2)\steel-project\steel-project\backend\src\services\transmittalService.js:251:24)
    at async exports.generateTransmittal (C:\steel-project(2)\steel-project\steel-project\backend\src\controllers\transmittalController.js:89:24)
2026-10-01T05:01:19.213Z: Error: No completed extractions found for this transmittal.
    at _internalGenerateTransmittal (C:\steel-project(2)\steel-project\steel-project\backend\src\services\transmittalService.js:282:15)
    at process.processTicksAndRejections (node:internal/process/task_queues:104:5)
    at async generateTransmittal (C:\steel-project(2)\steel-project\steel-project\backend\src\services\transmittalService.js:251:24)
    at async exports.generateTransmittal (C:\steel-project(2)\steel-project\steel-project\backend\src\controllers\transmittalController.js:89:24)
2026-10-01T05:01:19.363Z: Error: No completed extractions found for this transmittal.
    at _internalGenerateTransmittal (C:\steel-project(2)\steel-project\steel-project\backend\src\services\transmittalService.js:282:15)
    at process.processTicksAndRejections (node:internal/process/task_queues:104:5)
    at async generateTransmittal (C:\steel-project(2)\steel-project\steel-project\backend\src\services\transmittalService.js:251:24)
    at async exports.generateTransmittal (C:\steel-project(2)\steel-project\steel-project\backend\src\controllers\transmittalController.js:89:24)
2026-10-01T05:01:19.749Z: Error: No completed extractions found for this transmittal.
    at _internalGenerateTransmittal (C:\steel-project(2)\steel-project\steel-project\backend\src\services\transmittalService.js:282:15)
    at process.processTicksAndRejections (node:internal/process/task_queues:104:5)
    at async generateTransmittal (C:\steel-project(2)\steel-project\steel-project\backend\src\services\transmittalService.js:251:24)
    at async exports.generateTransmittal (C:\steel-project(2)\steel-project\steel-project\backend\src\controllers\transmittalController.js:89:24)
2026-10-01T05:01:19.996Z: Error: No completed extractions found for this transmittal.
    at _internalGenerateTransmittal (C:\steel-project(2)\steel-project\steel-project\backend\src\services\transmittalService.js:282:15)
    at process.processTicksAndRejections (node:internal/process/task_queues:104:5)
    at async generateTransmittal (C:\steel-project(2)\steel-project\steel-project\backend\src\services\transmittalService.js:251:24)
    at async exports.generateTransmittal (C:\steel-project(2)\steel-project\steel-project\backend\src\controllers\transmittalController.js:89:24)
2026-10-01T05:01:20.621Z: Error: No completed extractions found for this transmittal.
    at _internalGenerateTransmittal (C:\steel-project(2)\steel-project\steel-project\backend\src\services\transmittalService.js:282:15)
    at process.processTicksAndRejections (node:internal/process/task_queues:104:5)
    at async generateTransmittal (C:\steel-project(2)\steel-project\steel-project\backend\src\services\transmittalService.js:251:24)
    at async exports.generateTransmittal (C:\steel-project(2)\steel-project\steel-project\backend\src\controllers\transmittalController.js:89:24)
2026-10-01T05:01:21.048Z: Error: No completed extractions found for this transmittal.
    at _internalGenerateTransmittal (C:\steel-project(2)\steel-project\steel-project\backend\src\services\transmittalService.js:282:15)
    at process.processTicksAndRejections (node:internal/process/task_queues:104:5)
    at async generateTransmittal (C:\steel-project(2)\steel-project\steel-project\backend\src\services\transmittalService.js:251:24)
    at async exports.generateTransmittal (C:\steel-project(2)\steel-project\steel-project\backend\src\controllers\transmittalController.js:89:24)
2026-10-01T05:01:21.463Z: Error: No completed extractions found for this transmittal.
    at _internalGenerateTransmittal (C:\steel-project(2)\steel-project\steel-project\backend\src\services\transmittalService.js:282:15)
    at process.processTicksAndRejections (node:internal/process/task_queues:104:5)
    at async generateTransmittal (C:\steel-project(2)\steel-project\steel-project\backend\src\services\transmittalService.js:251:24)
    at async exports.generateTransmittal (C:\steel-project(2)\steel-project\steel-project\backend\src\controllers\transmittalController.js:89:24)
2026-10-01T05:01:22.044Z: Error: No completed extractions found for this transmittal.
    at _internalGenerateTransmittal (C:\steel-project(2)\steel-project\steel-project\backend\src\services\transmittalService.js:282:15)
    at process.processTicksAndRejections (node:internal/process/task_queues:104:5)
    at async generateTransmittal (C:\steel-project(2)\steel-project\steel-project\backend\src\services\transmittalService.js:251:24)
    at async exports.generateTransmittal (C:\steel-project(2)\steel-project\steel-project\backend\src\controllers\transmittalController.js:89:24)
2026-10-01T05:01:22.183Z: Error: No completed extractions found for this transmittal.
    at _internalGenerateTransmittal (C:\steel-project(2)\steel-project\steel-project\backend\src\services\transmittalService.js:282:15)
    at process.processTicksAndRejections (node:internal/process/task_queues:104:5)
    at async generateTransmittal (C:\steel-project(2)\steel-project\steel-project\backend\src\services\transmittalService.js:251:24)
    at async exports.generateTransmittal (C:\steel-project(2)\steel-project\steel-project\backend\src\controllers\transmittalController.js:89:24)
2026-10-01T05:01:22.288Z: Error: No completed extractions found for this transmittal.
    at _internalGenerateTransmittal (C:\steel-project(2)\steel-project\steel-project\backend\src\services\transmittalService.js:282:15)
    at process.processTicksAndRejections (node:internal/process/task_queues:104:5)
    at async generateTransmittal (C:\steel-project(2)\steel-project\steel-project\backend\src\services\transmittalService.js:251:24)
    at async exports.generateTransmittal (C:\steel-project(2)\steel-project\steel-project\backend\src\controllers\transmittalController.js:89:24)
2026-10-01T05:01:22.466Z: Error: No completed extractions found for this transmittal.
    at _internalGenerateTransmittal (C:\steel-project(2)\steel-project\steel-project\backend\src\services\transmittalService.js:282:15)
    at process.processTicksAndRejections (node:internal/process/task_queues:104:5)
    at async generateTransmittal (C:\steel-project(2)\steel-project\steel-project\backend\src\services\transmittalService.js:251:24)
    at async exports.generateTransmittal (C:\steel-project(2)\steel-project\steel-project\backend\src\controllers\transmittalController.js:89:24)
2026-10-01T05:01:22.973Z: Error: No completed extractions found for this transmittal.
    at _internalGenerateTransmittal (C:\steel-project(2)\steel-project\steel-project\backend\src\services\transmittalService.js:282:15)
    at process.processTicksAndRejections (node:internal/process/task_queues:104:5)
    at async generateTransmittal (C:\steel-project(2)\steel-project\steel-project\backend\src\services\transmittalService.js:251:24)
    at async exports.generateTransmittal (C:\steel-project(2)\steel-project\steel-project\backend\src\controllers\transmittalController.js:89:24)
2026-10-01T05:01:23.103Z: Error: No completed extractions found for this transmittal.
    at _internalGenerateTransmittal (C:\steel-project(2)\steel-project\steel-project\backend\src\services\transmittalService.js:282:15)
    at process.processTicksAndRejections (node:internal/process/task_queues:104:5)
    at async generateTransmittal (C:\steel-project(2)\steel-project\steel-project\backend\src\services\transmittalService.js:251:24)
    at async exports.generateTransmittal (C:\steel-project(2)\steel-project\steel-project\backend\src\controllers\transmittalController.js:89:24)
2026-10-01T05:01:23.219Z: Error: No completed extractions found for this transmittal.
    at _internalGenerateTransmittal (C:\steel-project(2)\steel-project\steel-project\backend\src\services\transmittalService.js:282:15)
    at process.processTicksAndRejections (node:internal/process/task_queues:104:5)
    at async generateTransmittal (C:\steel-project(2)\steel-project\steel-project\backend\src\services\transmittalService.js:251:24)
    at async exports.generateTransmittal (C:\steel-project(2)\steel-project\steel-project\backend\src\controllers\transmittalController.js:89:24)
2026-10-01T05:01:23.576Z: Error: No completed extractions found for this transmittal.
    at _internalGenerateTransmittal (C:\steel-project(2)\steel-project\steel-project\backend\src\services\transmittalService.js:282:15)
    at process.processTicksAndRejections (node:internal/process/task_queues:104:5)
    at async generateTransmittal (C:\steel-project(2)\steel-project\steel-project\backend\src\services\transmittalService.js:251:24)
    at async exports.generateTransmittal (C:\steel-project(2)\steel-project\steel-project\backend\src\controllers\transmittalController.js:89:24)
2026-10-01T05:01:23.708Z: Error: No completed extractions found for this transmittal.
    at _internalGenerateTransmittal (C:\steel-project(2)\steel-project\steel-project\backend\src\services\transmittalService.js:282:15)
    at process.processTicksAndRejections (node:internal/process/task_queues:104:5)
    at async generateTransmittal (C:\steel-project(2)\steel-project\steel-project\backend\src\services\transmittalService.js:251:24)
    at async exports.generateTransmittal (C:\steel-project(2)\steel-project\steel-project\backend\src\controllers\transmittalController.js:89:24)
2026-10-01T05:01:23.818Z: Error: No completed extractions found for this transmittal.
    at _internalGenerateTransmittal (C:\steel-project(2)\steel-project\steel-project\backend\src\services\transmittalService.js:282:15)
    at process.processTicksAndRejections (node:internal/process/task_queues:104:5)
    at async generateTransmittal (C:\steel-project(2)\steel-project\steel-project\backend\src\services\transmittalService.js:251:24)
    at async exports.generateTransmittal (C:\steel-project(2)\steel-project\steel-project\backend\src\controllers\transmittalController.js:89:24)
2026-10-01T05:01:24.174Z: Error: No completed extractions found for this transmittal.
    at _internalGenerateTransmittal (C:\steel-project(2)\steel-project\steel-project\backend\src\services\transmittalService.js:282:15)
    at process.processTicksAndRejections (node:internal/process/task_queues:104:5)
    at async generateTransmittal (C:\steel-project(2)\steel-project\steel-project\backend\src\services\transmittalService.js:251:24)
    at async exports.generateTransmittal (C:\steel-project(2)\steel-project\steel-project\backend\src\controllers\transmittalController.js:89:24)
2026-10-01T05:01:24.306Z: Error: No completed extractions found for this transmittal.
    at _internalGenerateTransmittal (C:\steel-project(2)\steel-project\steel-project\backend\src\services\transmittalService.js:282:15)
    at process.processTicksAndRejections (node:internal/process/task_queues:104:5)
    at async generateTransmittal (C:\steel-project(2)\steel-project\steel-project\backend\src\services\transmittalService.js:251:24)
    at async exports.generateTransmittal (C:\steel-project(2)\steel-project\steel-project\backend\src\controllers\transmittalController.js:89:24)
2026-10-01T05:01:24.412Z: Error: No completed extractions found for this transmittal.
    at _internalGenerateTransmittal (C:\steel-project(2)\steel-project\steel-project\backend\src\services\transmittalService.js:282:15)
    at process.processTicksAndRejections (node:internal/process/task_queues:104:5)
    at async generateTransmittal (C:\steel-project(2)\steel-project\steel-project\backend\src\services\transmittalService.js:251:24)
    at async exports.generateTransmittal (C:\steel-project(2)\steel-project\steel-project\backend\src\controllers\transmittalController.js:89:24)
2026-10-01T05:01:24.824Z: Error: No completed extractions found for this transmittal.
    at _internalGenerateTransmittal (C:\steel-project(2)\steel-project\steel-project\backend\src\services\transmittalService.js:282:15)
    at process.processTicksAndRejections (node:internal/process/task_queues:104:5)
    at async generateTransmittal (C:\steel-project(2)\steel-project\steel-project\backend\src\services\transmittalService.js:251:24)
    at async exports.generateTransmittal (C:\steel-project(2)\steel-project\steel-project\backend\src\controllers\transmittalController.js:89:24)
2026-10-01T05:01:24.949Z: Error: No completed extractions found for this transmittal.
    at _internalGenerateTransmittal (C:\steel-project(2)\steel-project\steel-project\backend\src\services\transmittalService.js:282:15)
    at process.processTicksAndRejections (node:internal/process/task_queues:104:5)
    at async generateTransmittal (C:\steel-project(2)\steel-project\steel-project\backend\src\services\transmittalService.js:251:24)
    at async exports.generateTransmittal (C:\steel-project(2)\steel-project\steel-project\backend\src\controllers\transmittalController.js:89:24)
2026-10-01T05:01:25.133Z: Error: No completed extractions found for this transmittal.
    at _internalGenerateTransmittal (C:\steel-project(2)\steel-project\steel-project\backend\src\services\transmittalService.js:282:15)
    at process.processTicksAndRejections (node:internal/process/task_queues:104:5)
    at async generateTransmittal (C:\steel-project(2)\steel-project\steel-project\backend\src\services\transmittalService.js:251:24)
    at async exports.generateTransmittal (C:\steel-project(2)\steel-project\steel-project\backend\src\controllers\transmittalController.js:89:24)
2026-10-01T05:01:25.263Z: Error: No completed extractions found for this transmittal.
    at _internalGenerateTransmittal (C:\steel-project(2)\steel-project\steel-project\backend\src\services\transmittalService.js:282:15)
    at process.processTicksAndRejections (node:internal/process/task_queues:104:5)
    at async generateTransmittal (C:\steel-project(2)\steel-project\steel-project\backend\src\services\transmittalService.js:251:24)
    at async exports.generateTransmittal (C:\steel-project(2)\steel-project\steel-project\backend\src\controllers\transmittalController.js:89:24)
2026-10-01T05:01:25.606Z: Error: No completed extractions found for this transmittal.
    at _internalGenerateTransmittal (C:\steel-project(2)\steel-project\steel-project\backend\src\services\transmittalService.js:282:15)
    at process.processTicksAndRejections (node:internal/process/task_queues:104:5)
    at async generateTransmittal (C:\steel-project(2)\steel-project\steel-project\backend\src\services\transmittalService.js:251:24)
    at async exports.generateTransmittal (C:\steel-project(2)\steel-project\steel-project\backend\src\controllers\transmittalController.js:89:24)
2026-10-01T05:01:25.716Z: Error: No completed extractions found for this transmittal.
    at _internalGenerateTransmittal (C:\steel-project(2)\steel-project\steel-project\backend\src\services\transmittalService.js:282:15)
    at process.processTicksAndRejections (node:internal/process/task_queues:104:5)
    at async generateTransmittal (C:\steel-project(2)\steel-project\steel-project\backend\src\services\transmittalService.js:251:24)
    at async exports.generateTransmittal (C:\steel-project(2)\steel-project\steel-project\backend\src\controllers\transmittalController.js:89:24)
2026-10-01T05:01:25.819Z: Error: No completed extractions found for this transmittal.
    at _internalGenerateTransmittal (C:\steel-project(2)\steel-project\steel-project\backend\src\services\transmittalService.js:282:15)
    at process.processTicksAndRejections (node:internal/process/task_queues:104:5)
    at async generateTransmittal (C:\steel-project(2)\steel-project\steel-project\backend\src\services\transmittalService.js:251:24)
    at async exports.generateTransmittal (C:\steel-project(2)\steel-project\steel-project\backend\src\controllers\transmittalController.js:89:24)
2026-10-01T05:01:25.922Z: Error: No completed extractions found for this transmittal.
    at _internalGenerateTransmittal (C:\steel-project(2)\steel-project\steel-project\backend\src\services\transmittalService.js:282:15)
    at process.processTicksAndRejections (node:internal/process/task_queues:104:5)
    at async generateTransmittal (C:\steel-project(2)\steel-project\steel-project\backend\src\services\transmittalService.js:251:24)
    at async exports.generateTransmittal (C:\steel-project(2)\steel-project\steel-project\backend\src\controllers\transmittalController.js:89:24)
2026-10-01T05:01:26.048Z: Error: No completed extractions found for this transmittal.
    at _internalGenerateTransmittal (C:\steel-project(2)\steel-project\steel-project\backend\src\services\transmittalService.js:282:15)
    at process.processTicksAndRejections (node:internal/process/task_queues:104:5)
    at async generateTransmittal (C:\steel-project(2)\steel-project\steel-project\backend\src\services\transmittalService.js:251:24)
    at async exports.generateTransmittal (C:\steel-project(2)\steel-project\steel-project\backend\src\controllers\transmittalController.js:89:24)
2026-10-01T05:01:26.631Z: Error: No completed extractions found for this transmittal.
    at _internalGenerateTransmittal (C:\steel-project(2)\steel-project\steel-project\backend\src\services\transmittalService.js:282:15)
    at process.processTicksAndRejections (node:internal/process/task_queues:104:5)
    at async generateTransmittal (C:\steel-project(2)\steel-project\steel-project\backend\src\services\transmittalService.js:251:24)
    at async exports.generateTransmittal (C:\steel-project(2)\steel-project\steel-project\backend\src\controllers\transmittalController.js:89:24)
2026-10-01T05:01:26.734Z: Error: No completed extractions found for this transmittal.
    at _internalGenerateTransmittal (C:\steel-project(2)\steel-project\steel-project\backend\src\services\transmittalService.js:282:15)
    at process.processTicksAndRejections (node:internal/process/task_queues:104:5)
    at async generateTransmittal (C:\steel-project(2)\steel-project\steel-project\backend\src\services\transmittalService.js:251:24)
    at async exports.generateTransmittal (C:\steel-project(2)\steel-project\steel-project\backend\src\controllers\transmittalController.js:89:24)
2026-10-01T05:01:26.845Z: Error: No completed extractions found for this transmittal.
    at _internalGenerateTransmittal (C:\steel-project(2)\steel-project\steel-project\backend\src\services\transmittalService.js:282:15)
    at process.processTicksAndRejections (node:internal/process/task_queues:104:5)
    at async generateTransmittal (C:\steel-project(2)\steel-project\steel-project\backend\src\services\transmittalService.js:251:24)
    at async exports.generateTransmittal (C:\steel-project(2)\steel-project\steel-project\backend\src\controllers\transmittalController.js:89:24)
2026-10-01T05:01:27.247Z: Error: No completed extractions found for this transmittal.
    at _internalGenerateTransmittal (C:\steel-project(2)\steel-project\steel-project\backend\src\services\transmittalService.js:282:15)
    at process.processTicksAndRejections (node:internal/process/task_queues:104:5)
    at async generateTransmittal (C:\steel-project(2)\steel-project\steel-project\backend\src\services\transmittalService.js:251:24)
    at async exports.generateTransmittal (C:\steel-project(2)\steel-project\steel-project\backend\src\controllers\transmittalController.js:89:24)
2026-10-01T05:01:27.365Z: Error: No completed extractions found for this transmittal.
    at _internalGenerateTransmittal (C:\steel-project(2)\steel-project\steel-project\backend\src\services\transmittalService.js:282:15)
    at process.processTicksAndRejections (node:internal/process/task_queues:104:5)
    at async generateTransmittal (C:\steel-project(2)\steel-project\steel-project\backend\src\services\transmittalService.js:251:24)
    at async exports.generateTransmittal (C:\steel-project(2)\steel-project\steel-project\backend\src\controllers\transmittalController.js:89:24)
2026-10-01T05:01:27.532Z: Error: No completed extractions found for this transmittal.
    at _internalGenerateTransmittal (C:\steel-project(2)\steel-project\steel-project\backend\src\services\transmittalService.js:282:15)
    at process.processTicksAndRejections (node:internal/process/task_queues:104:5)
    at async generateTransmittal (C:\steel-project(2)\steel-project\steel-project\backend\src\services\transmittalService.js:251:24)
    at async exports.generateTransmittal (C:\steel-project(2)\steel-project\steel-project\backend\src\controllers\transmittalController.js:89:24)
2026-10-01T05:01:27.665Z: Error: No completed extractions found for this transmittal.
    at _internalGenerateTransmittal (C:\steel-project(2)\steel-project\steel-project\backend\src\services\transmittalService.js:282:15)
    at process.processTicksAndRejections (node:internal/process/task_queues:104:5)
    at async generateTransmittal (C:\steel-project(2)\steel-project\steel-project\backend\src\services\transmittalService.js:251:24)
    at async exports.generateTransmittal (C:\steel-project(2)\steel-project\steel-project\backend\src\controllers\transmittalController.js:89:24)
2026-10-01T05:01:27.806Z: Error: No completed extractions found for this transmittal.
    at _internalGenerateTransmittal (C:\steel-project(2)\steel-project\steel-project\backend\src\services\transmittalService.js:282:15)
    at process.processTicksAndRejections (node:internal/process/task_queues:104:5)
    at async generateTransmittal (C:\steel-project(2)\steel-project\steel-project\backend\src\services\transmittalService.js:251:24)
    at async exports.generateTransmittal (C:\steel-project(2)\steel-project\steel-project\backend\src\controllers\transmittalController.js:89:24)
2026-10-01T05:01:27.954Z: Error: No completed extractions found for this transmittal.
    at _internalGenerateTransmittal (C:\steel-project(2)\steel-project\steel-project\backend\src\services\transmittalService.js:282:15)
    at process.processTicksAndRejections (node:internal/process/task_queues:104:5)
    at async generateTransmittal (C:\steel-project(2)\steel-project\steel-project\backend\src\services\transmittalService.js:251:24)
    at async exports.generateTransmittal (C:\steel-project(2)\steel-project\steel-project\backend\src\controllers\transmittalController.js:89:24)
2026-10-01T05:01:28.098Z: Error: No completed extractions found for this transmittal.
    at _internalGenerateTransmittal (C:\steel-project(2)\steel-project\steel-project\backend\src\services\transmittalService.js:282:15)
    at process.processTicksAndRejections (node:internal/process/task_queues:104:5)
    at async generateTransmittal (C:\steel-project(2)\steel-project\steel-project\backend\src\services\transmittalService.js:251:24)
    at async exports.generateTransmittal (C:\steel-project(2)\steel-project\steel-project\backend\src\controllers\transmittalController.js:89:24)
2026-10-01T05:01:28.234Z: Error: No completed extractions found for this transmittal.
    at _internalGenerateTransmittal (C:\steel-project(2)\steel-project\steel-project\backend\src\services\transmittalService.js:282:15)
    at process.processTicksAndRejections (node:internal/process/task_queues:104:5)
    at async generateTransmittal (C:\steel-project(2)\steel-project\steel-project\backend\src\services\transmittalService.js:251:24)
    at async exports.generateTransmittal (C:\steel-project(2)\steel-project\steel-project\backend\src\controllers\transmittalController.js:89:24)
2026-10-01T05:01:28.373Z: Error: No completed extractions found for this transmittal.
    at _internalGenerateTransmittal (C:\steel-project(2)\steel-project\steel-project\backend\src\services\transmittalService.js:282:15)
    at process.processTicksAndRejections (node:internal/process/task_queues:104:5)
    at async generateTransmittal (C:\steel-project(2)\steel-project\steel-project\backend\src\services\transmittalService.js:251:24)
    at async exports.generateTransmittal (C:\steel-project(2)\steel-project\steel-project\backend\src\controllers\transmittalController.js:89:24)
2026-10-01T05:01:28.494Z: Error: No completed extractions found for this transmittal.
    at _internalGenerateTransmittal (C:\steel-project(2)\steel-project\steel-project\backend\src\services\transmittalService.js:282:15)
    at process.processTicksAndRejections (node:internal/process/task_queues:104:5)
    at async generateTransmittal (C:\steel-project(2)\steel-project\steel-project\backend\src\services\transmittalService.js:251:24)
    at async exports.generateTransmittal (C:\steel-project(2)\steel-project\steel-project\backend\src\controllers\transmittalController.js:89:24)
2026-10-01T05:01:28.624Z: Error: No completed extractions found for this transmittal.
    at _internalGenerateTransmittal (C:\steel-project(2)\steel-project\steel-project\backend\src\services\transmittalService.js:282:15)
    at process.processTicksAndRejections (node:internal/process/task_queues:104:5)
    at async generateTransmittal (C:\steel-project(2)\steel-project\steel-project\backend\src\services\transmittalService.js:251:24)
    at async exports.generateTransmittal (C:\steel-project(2)\steel-project\steel-project\backend\src\controllers\transmittalController.js:89:24)
2026-10-01T05:01:28.716Z: Error: No completed extractions found for this transmittal.
    at _internalGenerateTransmittal (C:\steel-project(2)\steel-project\steel-project\backend\src\services\transmittalService.js:282:15)
    at process.processTicksAndRejections (node:internal/process/task_queues:104:5)
    at async generateTransmittal (C:\steel-project(2)\steel-project\steel-project\backend\src\services\transmittalService.js:251:24)
    at async exports.generateTransmittal (C:\steel-project(2)\steel-project\steel-project\backend\src\controllers\transmittalController.js:89:24)
2026-10-01T05:01:28.827Z: Error: No completed extractions found for this transmittal.
    at _internalGenerateTransmittal (C:\steel-project(2)\steel-project\steel-project\backend\src\services\transmittalService.js:282:15)
    at process.processTicksAndRejections (node:internal/process/task_queues:104:5)
    at async generateTransmittal (C:\steel-project(2)\steel-project\steel-project\backend\src\services\transmittalService.js:251:24)
    at async exports.generateTransmittal (C:\steel-project(2)\steel-project\steel-project\backend\src\controllers\transmittalController.js:89:24)
2026-10-01T05:01:28.954Z: Error: No completed extractions found for this transmittal.
    at _internalGenerateTransmittal (C:\steel-project(2)\steel-project\steel-project\backend\src\services\transmittalService.js:282:15)
    at process.processTicksAndRejections (node:internal/process/task_queues:104:5)
    at async generateTransmittal (C:\steel-project(2)\steel-project\steel-project\backend\src\services\transmittalService.js:251:24)
    at async exports.generateTransmittal (C:\steel-project(2)\steel-project\steel-project\backend\src\controllers\transmittalController.js:89:24)
2026-10-01T05:01:29.072Z: Error: No completed extractions found for this transmittal.
    at _internalGenerateTransmittal (C:\steel-project(2)\steel-project\steel-project\backend\src\services\transmittalService.js:282:15)
    at process.processTicksAndRejections (node:internal/process/task_queues:104:5)
    at async generateTransmittal (C:\steel-project(2)\steel-project\steel-project\backend\src\services\transmittalService.js:251:24)
    at async exports.generateTransmittal (C:\steel-project(2)\steel-project\steel-project\backend\src\controllers\transmittalController.js:89:24)
2026-10-01T05:01:29.174Z: Error: No completed extractions found for this transmittal.
    at _internalGenerateTransmittal (C:\steel-project(2)\steel-project\steel-project\backend\src\services\transmittalService.js:282:15)
    at process.processTicksAndRejections (node:internal/process/task_queues:104:5)
    at async generateTransmittal (C:\steel-project(2)\steel-project\steel-project\backend\src\services\transmittalService.js:251:24)
    at async exports.generateTransmittal (C:\steel-project(2)\steel-project\steel-project\backend\src\controllers\transmittalController.js:89:24)
2026-10-01T05:01:29.284Z: Error: No completed extractions found for this transmittal.
    at _internalGenerateTransmittal (C:\steel-project(2)\steel-project\steel-project\backend\src\services\transmittalService.js:282:15)
    at process.processTicksAndRejections (node:internal/process/task_queues:104:5)
    at async generateTransmittal (C:\steel-project(2)\steel-project\steel-project\backend\src\services\transmittalService.js:251:24)
    at async exports.generateTransmittal (C:\steel-project(2)\steel-project\steel-project\backend\src\controllers\transmittalController.js:89:24)
2026-10-01T05:01:29.400Z: Error: No completed extractions found for this transmittal.
    at _internalGenerateTransmittal (C:\steel-project(2)\steel-project\steel-project\backend\src\services\transmittalService.js:282:15)
    at process.processTicksAndRejections (node:internal/process/task_queues:104:5)
    at async generateTransmittal (C:\steel-project(2)\steel-project\steel-project\backend\src\services\transmittalService.js:251:24)
    at async exports.generateTransmittal (C:\steel-project(2)\steel-project\steel-project\backend\src\controllers\transmittalController.js:89:24)
2026-10-01T05:01:29.507Z: Error: No completed extractions found for this transmittal.
    at _internalGenerateTransmittal (C:\steel-project(2)\steel-project\steel-project\backend\src\services\transmittalService.js:282:15)
    at process.processTicksAndRejections (node:internal/process/task_queues:104:5)
    at async generateTransmittal (C:\steel-project(2)\steel-project\steel-project\backend\src\services\transmittalService.js:251:24)
    at async exports.generateTransmittal (C:\steel-project(2)\steel-project\steel-project\backend\src\controllers\transmittalController.js:89:24)
2026-10-01T05:01:29.608Z: Error: No completed extractions found for this transmittal.
    at _internalGenerateTransmittal (C:\steel-project(2)\steel-project\steel-project\backend\src\services\transmittalService.js:282:15)
    at process.processTicksAndRejections (node:internal/process/task_queues:104:5)
    at async generateTransmittal (C:\steel-project(2)\steel-project\steel-project\backend\src\services\transmittalService.js:251:24)
    at async exports.generateTransmittal (C:\steel-project(2)\steel-project\steel-project\backend\src\controllers\transmittalController.js:89:24)
2026-10-01T05:01:29.728Z: Error: No completed extractions found for this transmittal.
    at _internalGenerateTransmittal (C:\steel-project(2)\steel-project\steel-project\backend\src\services\transmittalService.js:282:15)
    at process.processTicksAndRejections (node:internal/process/task_queues:104:5)
    at async generateTransmittal (C:\steel-project(2)\steel-project\steel-project\backend\src\services\transmittalService.js:251:24)
    at async exports.generateTransmittal (C:\steel-project(2)\steel-project\steel-project\backend\src\controllers\transmittalController.js:89:24)
2026-10-01T05:01:29.859Z: Error: No completed extractions found for this transmittal.
    at _internalGenerateTransmittal (C:\steel-project(2)\steel-project\steel-project\backend\src\services\transmittalService.js:282:15)
    at process.processTicksAndRejections (node:internal/process/task_queues:104:5)
    at async generateTransmittal (C:\steel-project(2)\steel-project\steel-project\backend\src\services\transmittalService.js:251:24)
    at async exports.generateTransmittal (C:\steel-project(2)\steel-project\steel-project\backend\src\controllers\transmittalController.js:89:24)
2026-10-01T05:01:29.987Z: Error: No completed extractions found for this transmittal.
    at _internalGenerateTransmittal (C:\steel-project(2)\steel-project\steel-project\backend\src\services\transmittalService.js:282:15)
    at process.processTicksAndRejections (node:internal/process/task_queues:104:5)
    at async generateTransmittal (C:\steel-project(2)\steel-project\steel-project\backend\src\services\transmittalService.js:251:24)
    at async exports.generateTransmittal (C:\steel-project(2)\steel-project\steel-project\backend\src\controllers\transmittalController.js:89:24)
2026-10-01T05:01:30.126Z: Error: No completed extractions found for this transmittal.
    at _internalGenerateTransmittal (C:\steel-project(2)\steel-project\steel-project\backend\src\services\transmittalService.js:282:15)
    at process.processTicksAndRejections (node:internal/process/task_queues:104:5)
    at async generateTransmittal (C:\steel-project(2)\steel-project\steel-project\backend\src\services\transmittalService.js:251:24)
    at async exports.generateTransmittal (C:\steel-project(2)\steel-project\steel-project\backend\src\controllers\transmittalController.js:89:24)
2026-10-01T05:01:30.296Z: Error: No completed extractions found for this transmittal.
    at _internalGenerateTransmittal (C:\steel-project(2)\steel-project\steel-project\backend\src\services\transmittalService.js:282:15)
    at process.processTicksAndRejections (node:internal/process/task_queues:104:5)
    at async generateTransmittal (C:\steel-project(2)\steel-project\steel-project\backend\src\services\transmittalService.js:251:24)
    at async exports.generateTransmittal (C:\steel-project(2)\steel-project\steel-project\backend\src\controllers\transmittalController.js:89:24)
2026-10-01T05:01:30.430Z: Error: No completed extractions found for this transmittal.
    at _internalGenerateTransmittal (C:\steel-project(2)\steel-project\steel-project\backend\src\services\transmittalService.js:282:15)
    at process.processTicksAndRejections (node:internal/process/task_queues:104:5)
    at async generateTransmittal (C:\steel-project(2)\steel-project\steel-project\backend\src\services\transmittalService.js:251:24)
    at async exports.generateTransmittal (C:\steel-project(2)\steel-project\steel-project\backend\src\controllers\transmittalController.js:89:24)
2026-10-01T05:01:30.796Z: Error: No completed extractions found for this transmittal.
    at _internalGenerateTransmittal (C:\steel-project(2)\steel-project\steel-project\backend\src\services\transmittalService.js:282:15)
    at process.processTicksAndRejections (node:internal/process/task_queues:104:5)
    at async generateTransmittal (C:\steel-project(2)\steel-project\steel-project\backend\src\services\transmittalService.js:251:24)
    at async exports.generateTransmittal (C:\steel-project(2)\steel-project\steel-project\backend\src\controllers\transmittalController.js:89:24)
2026-10-01T05:01:30.905Z: Error: No completed extractions found for this transmittal.
    at _internalGenerateTransmittal (C:\steel-project(2)\steel-project\steel-project\backend\src\services\transmittalService.js:282:15)
    at process.processTicksAndRejections (node:internal/process/task_queues:104:5)
    at async generateTransmittal (C:\steel-project(2)\steel-project\steel-project\backend\src\services\transmittalService.js:251:24)
    at async exports.generateTransmittal (C:\steel-project(2)\steel-project\steel-project\backend\src\controllers\transmittalController.js:89:24)
2026-10-01T05:01:31.060Z: Error: No completed extractions found for this transmittal.
    at _internalGenerateTransmittal (C:\steel-project(2)\steel-project\steel-project\backend\src\services\transmittalService.js:282:15)
    at process.processTicksAndRejections (node:internal/process/task_queues:104:5)
    at async generateTransmittal (C:\steel-project(2)\steel-project\steel-project\backend\src\services\transmittalService.js:251:24)
    at async exports.generateTransmittal (C:\steel-project(2)\steel-project\steel-project\backend\src\controllers\transmittalController.js:89:24)
2026-10-01T05:01:31.158Z: Error: No completed extractions found for this transmittal.
    at _internalGenerateTransmittal (C:\steel-project(2)\steel-project\steel-project\backend\src\services\transmittalService.js:282:15)
    at process.processTicksAndRejections (node:internal/process/task_queues:104:5)
    at async generateTransmittal (C:\steel-project(2)\steel-project\steel-project\backend\src\services\transmittalService.js:251:24)
    at async exports.generateTransmittal (C:\steel-project(2)\steel-project\steel-project\backend\src\controllers\transmittalController.js:89:24)
2026-10-01T05:01:31.302Z: Error: No completed extractions found for this transmittal.
    at _internalGenerateTransmittal (C:\steel-project(2)\steel-project\steel-project\backend\src\services\transmittalService.js:282:15)
    at process.processTicksAndRejections (node:internal/process/task_queues:104:5)
    at async generateTransmittal (C:\steel-project(2)\steel-project\steel-project\backend\src\services\transmittalService.js:251:24)
    at async exports.generateTransmittal (C:\steel-project(2)\steel-project\steel-project\backend\src\controllers\transmittalController.js:89:24)
2026-10-01T05:01:31.394Z: Error: No completed extractions found for this transmittal.
    at _internalGenerateTransmittal (C:\steel-project(2)\steel-project\steel-project\backend\src\services\transmittalService.js:282:15)
    at process.processTicksAndRejections (node:internal/process/task_queues:104:5)
    at async generateTransmittal (C:\steel-project(2)\steel-project\steel-project\backend\src\services\transmittalService.js:251:24)
    at async exports.generateTransmittal (C:\steel-project(2)\steel-project\steel-project\backend\src\controllers\transmittalController.js:89:24)
2026-10-01T05:01:31.490Z: Error: No completed extractions found for this transmittal.
    at _internalGenerateTransmittal (C:\steel-project(2)\steel-project\steel-project\backend\src\services\transmittalService.js:282:15)
    at process.processTicksAndRejections (node:internal/process/task_queues:104:5)
    at async generateTransmittal (C:\steel-project(2)\steel-project\steel-project\backend\src\services\transmittalService.js:251:24)
    at async exports.generateTransmittal (C:\steel-project(2)\steel-project\steel-project\backend\src\controllers\transmittalController.js:89:24)
2026-10-01T05:01:31.593Z: Error: No completed extractions found for this transmittal.
    at _internalGenerateTransmittal (C:\steel-project(2)\steel-project\steel-project\backend\src\services\transmittalService.js:282:15)
    at process.processTicksAndRejections (node:internal/process/task_queues:104:5)
    at async generateTransmittal (C:\steel-project(2)\steel-project\steel-project\backend\src\services\transmittalService.js:251:24)
    at async exports.generateTransmittal (C:\steel-project(2)\steel-project\steel-project\backend\src\controllers\transmittalController.js:89:24)
2026-10-01T05:01:31.686Z: Error: No completed extractions found for this transmittal.
    at _internalGenerateTransmittal (C:\steel-project(2)\steel-project\steel-project\backend\src\services\transmittalService.js:282:15)
    at process.processTicksAndRejections (node:internal/process/task_queues:104:5)
    at async generateTransmittal (C:\steel-project(2)\steel-project\steel-project\backend\src\services\transmittalService.js:251:24)
    at async exports.generateTransmittal (C:\steel-project(2)\steel-project\steel-project\backend\src\controllers\transmittalController.js:89:24)
2026-10-01T05:01:31.781Z: Error: No completed extractions found for this transmittal.
    at _internalGenerateTransmittal (C:\steel-project(2)\steel-project\steel-project\backend\src\services\transmittalService.js:282:15)
    at process.processTicksAndRejections (node:internal/process/task_queues:104:5)
    at async generateTransmittal (C:\steel-project(2)\steel-project\steel-project\backend\src\services\transmittalService.js:251:24)
    at async exports.generateTransmittal (C:\steel-project(2)\steel-project\steel-project\backend\src\controllers\transmittalController.js:89:24)
2026-10-01T05:01:31.896Z: Error: No completed extractions found for this transmittal.
    at _internalGenerateTransmittal (C:\steel-project(2)\steel-project\steel-project\backend\src\services\transmittalService.js:282:15)
    at process.processTicksAndRejections (node:internal/process/task_queues:104:5)
    at async generateTransmittal (C:\steel-project(2)\steel-project\steel-project\backend\src\services\transmittalService.js:251:24)
    at async exports.generateTransmittal (C:\steel-project(2)\steel-project\steel-project\backend\src\controllers\transmittalController.js:89:24)
2026-10-01T05:01:32.008Z: Error: No completed extractions found for this transmittal.
    at _internalGenerateTransmittal (C:\steel-project(2)\steel-project\steel-project\backend\src\services\transmittalService.js:282:15)
    at process.processTicksAndRejections (node:internal/process/task_queues:104:5)
    at async generateTransmittal (C:\steel-project(2)\steel-project\steel-project\backend\src\services\transmittalService.js:251:24)
    at async exports.generateTransmittal (C:\steel-project(2)\steel-project\steel-project\backend\src\controllers\transmittalController.js:89:24)
2026-10-01T05:01:32.122Z: Error: No completed extractions found for this transmittal.
    at _internalGenerateTransmittal (C:\steel-project(2)\steel-project\steel-project\backend\src\services\transmittalService.js:282:15)
    at process.processTicksAndRejections (node:internal/process/task_queues:104:5)
    at async generateTransmittal (C:\steel-project(2)\steel-project\steel-project\backend\src\services\transmittalService.js:251:24)
    at async exports.generateTransmittal (C:\steel-project(2)\steel-project\steel-project\backend\src\controllers\transmittalController.js:89:24)
2026-10-01T05:01:32.477Z: Error: No completed extractions found for this transmittal.
    at _internalGenerateTransmittal (C:\steel-project(2)\steel-project\steel-project\backend\src\services\transmittalService.js:282:15)
    at process.processTicksAndRejections (node:internal/process/task_queues:104:5)
    at async generateTransmittal (C:\steel-project(2)\steel-project\steel-project\backend\src\services\transmittalService.js:251:24)
    at async exports.generateTransmittal (C:\steel-project(2)\steel-project\steel-project\backend\src\controllers\transmittalController.js:89:24)
2026-10-01T05:01:32.599Z: Error: No completed extractions found for this transmittal.
    at _internalGenerateTransmittal (C:\steel-project(2)\steel-project\steel-project\backend\src\services\transmittalService.js:282:15)
    at process.processTicksAndRejections (node:internal/process/task_queues:104:5)
    at async generateTransmittal (C:\steel-project(2)\steel-project\steel-project\backend\src\services\transmittalService.js:251:24)
    at async exports.generateTransmittal (C:\steel-project(2)\steel-project\steel-project\backend\src\controllers\transmittalController.js:89:24)
2026-10-01T05:01:32.707Z: Error: No completed extractions found for this transmittal.
    at _internalGenerateTransmittal (C:\steel-project(2)\steel-project\steel-project\backend\src\services\transmittalService.js:282:15)
    at process.processTicksAndRejections (node:internal/process/task_queues:104:5)
    at async generateTransmittal (C:\steel-project(2)\steel-project\steel-project\backend\src\services\transmittalService.js:251:24)
    at async exports.generateTransmittal (C:\steel-project(2)\steel-project\steel-project\backend\src\controllers\transmittalController.js:89:24)
2026-10-01T05:01:32.810Z: Error: No completed extractions found for this transmittal.
    at _internalGenerateTransmittal (C:\steel-project(2)\steel-project\steel-project\backend\src\services\transmittalService.js:282:15)
    at process.processTicksAndRejections (node:internal/process/task_queues:104:5)
    at async generateTransmittal (C:\steel-project(2)\steel-project\steel-project\backend\src\services\transmittalService.js:251:24)
    at async exports.generateTransmittal (C:\steel-project(2)\steel-project\steel-project\backend\src\controllers\transmittalController.js:89:24)
2026-10-01T05:01:32.914Z: Error: No completed extractions found for this transmittal.
    at _internalGenerateTransmittal (C:\steel-project(2)\steel-project\steel-project\backend\src\services\transmittalService.js:282:15)
    at process.processTicksAndRejections (node:internal/process/task_queues:104:5)
    at async generateTransmittal (C:\steel-project(2)\steel-project\steel-project\backend\src\services\transmittalService.js:251:24)
    at async exports.generateTransmittal (C:\steel-project(2)\steel-project\steel-project\backend\src\controllers\transmittalController.js:89:24)
2026-10-01T05:01:33.016Z: Error: No completed extractions found for this transmittal.
    at _internalGenerateTransmittal (C:\steel-project(2)\steel-project\steel-project\backend\src\services\transmittalService.js:282:15)
    at process.processTicksAndRejections (node:internal/process/task_queues:104:5)
    at async generateTransmittal (C:\steel-project(2)\steel-project\steel-project\backend\src\services\transmittalService.js:251:24)
    at async exports.generateTransmittal (C:\steel-project(2)\steel-project\steel-project\backend\src\controllers\transmittalController.js:89:24)
2026-10-01T05:01:33.135Z: Error: No completed extractions found for this transmittal.
    at _internalGenerateTransmittal (C:\steel-project(2)\steel-project\steel-project\backend\src\services\transmittalService.js:282:15)
    at process.processTicksAndRejections (node:internal/process/task_queues:104:5)
    at async generateTransmittal (C:\steel-project(2)\steel-project\steel-project\backend\src\services\transmittalService.js:251:24)
    at async exports.generateTransmittal (C:\steel-project(2)\steel-project\steel-project\backend\src\controllers\transmittalController.js:89:24)
2026-10-01T05:01:33.255Z: Error: No completed extractions found for this transmittal.
    at _internalGenerateTransmittal (C:\steel-project(2)\steel-project\steel-project\backend\src\services\transmittalService.js:282:15)
    at process.processTicksAndRejections (node:internal/process/task_queues:104:5)
    at async generateTransmittal (C:\steel-project(2)\steel-project\steel-project\backend\src\services\transmittalService.js:251:24)
    at async exports.generateTransmittal (C:\steel-project(2)\steel-project\steel-project\backend\src\controllers\transmittalController.js:89:24)
2026-10-01T05:01:33.373Z: Error: No completed extractions found for this transmittal.
    at _internalGenerateTransmittal (C:\steel-project(2)\steel-project\steel-project\backend\src\services\transmittalService.js:282:15)
    at process.processTicksAndRejections (node:internal/process/task_queues:104:5)
    at async generateTransmittal (C:\steel-project(2)\steel-project\steel-project\backend\src\services\transmittalService.js:251:24)
    at async exports.generateTransmittal (C:\steel-project(2)\steel-project\steel-project\backend\src\controllers\transmittalController.js:89:24)
2026-10-01T05:01:33.807Z: Error: No completed extractions found for this transmittal.
    at _internalGenerateTransmittal (C:\steel-project(2)\steel-project\steel-project\backend\src\services\transmittalService.js:282:15)
    at process.processTicksAndRejections (node:internal/process/task_queues:104:5)
    at async generateTransmittal (C:\steel-project(2)\steel-project\steel-project\backend\src\services\transmittalService.js:251:24)
    at async exports.generateTransmittal (C:\steel-project(2)\steel-project\steel-project\backend\src\controllers\transmittalController.js:89:24)
2026-10-01T05:01:33.935Z: Error: No completed extractions found for this transmittal.
    at _internalGenerateTransmittal (C:\steel-project(2)\steel-project\steel-project\backend\src\services\transmittalService.js:282:15)
    at process.processTicksAndRejections (node:internal/process/task_queues:104:5)
    at async generateTransmittal (C:\steel-project(2)\steel-project\steel-project\backend\src\services\transmittalService.js:251:24)
    at async exports.generateTransmittal (C:\steel-project(2)\steel-project\steel-project\backend\src\controllers\transmittalController.js:89:24)
2026-10-01T05:01:34.057Z: Error: No completed extractions found for this transmittal.
    at _internalGenerateTransmittal (C:\steel-project(2)\steel-project\steel-project\backend\src\services\transmittalService.js:282:15)
    at process.processTicksAndRejections (node:internal/process/task_queues:104:5)
    at async generateTransmittal (C:\steel-project(2)\steel-project\steel-project\backend\src\services\transmittalService.js:251:24)
    at async exports.generateTransmittal (C:\steel-project(2)\steel-project\steel-project\backend\src\controllers\transmittalController.js:89:24)
2026-10-01T05:01:34.186Z: Error: No completed extractions found for this transmittal.
    at _internalGenerateTransmittal (C:\steel-project(2)\steel-project\steel-project\backend\src\services\transmittalService.js:282:15)
    at process.processTicksAndRejections (node:internal/process/task_queues:104:5)
    at async generateTransmittal (C:\steel-project(2)\steel-project\steel-project\backend\src\services\transmittalService.js:251:24)
    at async exports.generateTransmittal (C:\steel-project(2)\steel-project\steel-project\backend\src\controllers\transmittalController.js:89:24)
2026-10-01T05:01:34.317Z: Error: No completed extractions found for this transmittal.
    at _internalGenerateTransmittal (C:\steel-project(2)\steel-project\steel-project\backend\src\services\transmittalService.js:282:15)
    at process.processTicksAndRejections (node:internal/process/task_queues:104:5)
    at async generateTransmittal (C:\steel-project(2)\steel-project\steel-project\backend\src\services\transmittalService.js:251:24)
    at async exports.generateTransmittal (C:\steel-project(2)\steel-project\steel-project\backend\src\controllers\transmittalController.js:89:24)
2026-10-01T05:01:34.419Z: Error: No completed extractions found for this transmittal.
    at _internalGenerateTransmittal (C:\steel-project(2)\steel-project\steel-project\backend\src\services\transmittalService.js:282:15)
    at process.processTicksAndRejections (node:internal/process/task_queues:104:5)
    at async generateTransmittal (C:\steel-project(2)\steel-project\steel-project\backend\src\services\transmittalService.js:251:24)
    at async exports.generateTransmittal (C:\steel-project(2)\steel-project\steel-project\backend\src\controllers\transmittalController.js:89:24)
2026-10-01T05:01:34.544Z: Error: No completed extractions found for this transmittal.
    at _internalGenerateTransmittal (C:\steel-project(2)\steel-project\steel-project\backend\src\services\transmittalService.js:282:15)
    at process.processTicksAndRejections (node:internal/process/task_queues:104:5)
    at async generateTransmittal (C:\steel-project(2)\steel-project\steel-project\backend\src\services\transmittalService.js:251:24)
    at async exports.generateTransmittal (C:\steel-project(2)\steel-project\steel-project\backend\src\controllers\transmittalController.js:89:24)
2026-10-01T05:01:34.666Z: Error: No completed extractions found for this transmittal.
    at _internalGenerateTransmittal (C:\steel-project(2)\steel-project\steel-project\backend\src\services\transmittalService.js:282:15)
    at process.processTicksAndRejections (node:internal/process/task_queues:104:5)
    at async generateTransmittal (C:\steel-project(2)\steel-project\steel-project\backend\src\services\transmittalService.js:251:24)
    at async exports.generateTransmittal (C:\steel-project(2)\steel-project\steel-project\backend\src\controllers\transmittalController.js:89:24)
2026-10-01T05:01:34.793Z: Error: No completed extractions found for this transmittal.
    at _internalGenerateTransmittal (C:\steel-project(2)\steel-project\steel-project\backend\src\services\transmittalService.js:282:15)
    at process.processTicksAndRejections (node:internal/process/task_queues:104:5)
    at async generateTransmittal (C:\steel-project(2)\steel-project\steel-project\backend\src\services\transmittalService.js:251:24)
    at async exports.generateTransmittal (C:\steel-project(2)\steel-project\steel-project\backend\src\controllers\transmittalController.js:89:24)
2026-10-01T05:01:34.897Z: Error: No completed extractions found for this transmittal.
    at _internalGenerateTransmittal (C:\steel-project(2)\steel-project\steel-project\backend\src\services\transmittalService.js:282:15)
    at process.processTicksAndRejections (node:internal/process/task_queues:104:5)
    at async generateTransmittal (C:\steel-project(2)\steel-project\steel-project\backend\src\services\transmittalService.js:251:24)
    at async exports.generateTransmittal (C:\steel-project(2)\steel-project\steel-project\backend\src\controllers\transmittalController.js:89:24)
2026-10-01T05:01:35.001Z: Error: No completed extractions found for this transmittal.
    at _internalGenerateTransmittal (C:\steel-project(2)\steel-project\steel-project\backend\src\services\transmittalService.js:282:15)
    at process.processTicksAndRejections (node:internal/process/task_queues:104:5)
    at async generateTransmittal (C:\steel-project(2)\steel-project\steel-project\backend\src\services\transmittalService.js:251:24)
    at async exports.generateTransmittal (C:\steel-project(2)\steel-project\steel-project\backend\src\controllers\transmittalController.js:89:24)
2026-10-01T05:01:35.141Z: Error: No completed extractions found for this transmittal.
    at _internalGenerateTransmittal (C:\steel-project(2)\steel-project\steel-project\backend\src\services\transmittalService.js:282:15)
    at process.processTicksAndRejections (node:internal/process/task_queues:104:5)
    at async generateTransmittal (C:\steel-project(2)\steel-project\steel-project\backend\src\services\transmittalService.js:251:24)
    at async exports.generateTransmittal (C:\steel-project(2)\steel-project\steel-project\backend\src\controllers\transmittalController.js:89:24)
2026-10-01T05:01:35.239Z: Error: No completed extractions found for this transmittal.
    at _internalGenerateTransmittal (C:\steel-project(2)\steel-project\steel-project\backend\src\services\transmittalService.js:282:15)
    at process.processTicksAndRejections (node:internal/process/task_queues:104:5)
    at async generateTransmittal (C:\steel-project(2)\steel-project\steel-project\backend\src\services\transmittalService.js:251:24)
    at async exports.generateTransmittal (C:\steel-project(2)\steel-project\steel-project\backend\src\controllers\transmittalController.js:89:24)
2026-10-01T05:01:35.357Z: Error: No completed extractions found for this transmittal.
    at _internalGenerateTransmittal (C:\steel-project(2)\steel-project\steel-project\backend\src\services\transmittalService.js:282:15)
    at process.processTicksAndRejections (node:internal/process/task_queues:104:5)
    at async generateTransmittal (C:\steel-project(2)\steel-project\steel-project\backend\src\services\transmittalService.js:251:24)
    at async exports.generateTransmittal (C:\steel-project(2)\steel-project\steel-project\backend\src\controllers\transmittalController.js:89:24)
2026-10-01T05:01:35.455Z: Error: No completed extractions found for this transmittal.
    at _internalGenerateTransmittal (C:\steel-project(2)\steel-project\steel-project\backend\src\services\transmittalService.js:282:15)
    at process.processTicksAndRejections (node:internal/process/task_queues:104:5)
    at async generateTransmittal (C:\steel-project(2)\steel-project\steel-project\backend\src\services\transmittalService.js:251:24)
    at async exports.generateTransmittal (C:\steel-project(2)\steel-project\steel-project\backend\src\controllers\transmittalController.js:89:24)
2026-10-01T05:01:35.574Z: Error: No completed extractions found for this transmittal.
    at _internalGenerateTransmittal (C:\steel-project(2)\steel-project\steel-project\backend\src\services\transmittalService.js:282:15)
    at process.processTicksAndRejections (node:internal/process/task_queues:104:5)
    at async generateTransmittal (C:\steel-project(2)\steel-project\steel-project\backend\src\services\transmittalService.js:251:24)
    at async exports.generateTransmittal (C:\steel-project(2)\steel-project\steel-project\backend\src\controllers\transmittalController.js:89:24)
2026-10-01T05:01:35.695Z: Error: No completed extractions found for this transmittal.
    at _internalGenerateTransmittal (C:\steel-project(2)\steel-project\steel-project\backend\src\services\transmittalService.js:282:15)
    at process.processTicksAndRejections (node:internal/process/task_queues:104:5)
    at async generateTransmittal (C:\steel-project(2)\steel-project\steel-project\backend\src\services\transmittalService.js:251:24)
    at async exports.generateTransmittal (C:\steel-project(2)\steel-project\steel-project\backend\src\controllers\transmittalController.js:89:24)
2026-10-01T05:01:36.060Z: Error: No completed extractions found for this transmittal.
    at _internalGenerateTransmittal (C:\steel-project(2)\steel-project\steel-project\backend\src\services\transmittalService.js:282:15)
    at process.processTicksAndRejections (node:internal/process/task_queues:104:5)
    at async generateTransmittal (C:\steel-project(2)\steel-project\steel-project\backend\src\services\transmittalService.js:251:24)
    at async exports.generateTransmittal (C:\steel-project(2)\steel-project\steel-project\backend\src\controllers\transmittalController.js:89:24)
2026-10-01T05:01:36.185Z: Error: No completed extractions found for this transmittal.
    at _internalGenerateTransmittal (C:\steel-project(2)\steel-project\steel-project\backend\src\services\transmittalService.js:282:15)
    at process.processTicksAndRejections (node:internal/process/task_queues:104:5)
    at async generateTransmittal (C:\steel-project(2)\steel-project\steel-project\backend\src\services\transmittalService.js:251:24)
    at async exports.generateTransmittal (C:\steel-project(2)\steel-project\steel-project\backend\src\controllers\transmittalController.js:89:24)
2026-10-01T05:01:36.281Z: Error: No completed extractions found for this transmittal.
    at _internalGenerateTransmittal (C:\steel-project(2)\steel-project\steel-project\backend\src\services\transmittalService.js:282:15)
    at process.processTicksAndRejections (node:internal/process/task_queues:104:5)
    at async generateTransmittal (C:\steel-project(2)\steel-project\steel-project\backend\src\services\transmittalService.js:251:24)
    at async exports.generateTransmittal (C:\steel-project(2)\steel-project\steel-project\backend\src\controllers\transmittalController.js:89:24)
2026-10-01T05:01:36.380Z: Error: No completed extractions found for this transmittal.
    at _internalGenerateTransmittal (C:\steel-project(2)\steel-project\steel-project\backend\src\services\transmittalService.js:282:15)
    at process.processTicksAndRejections (node:internal/process/task_queues:104:5)
    at async generateTransmittal (C:\steel-project(2)\steel-project\steel-project\backend\src\services\transmittalService.js:251:24)
    at async exports.generateTransmittal (C:\steel-project(2)\steel-project\steel-project\backend\src\controllers\transmittalController.js:89:24)
2026-10-01T05:01:36.480Z: Error: No completed extractions found for this transmittal.
    at _internalGenerateTransmittal (C:\steel-project(2)\steel-project\steel-project\backend\src\services\transmittalService.js:282:15)
    at process.processTicksAndRejections (node:internal/process/task_queues:104:5)
    at async generateTransmittal (C:\steel-project(2)\steel-project\steel-project\backend\src\services\transmittalService.js:251:24)
    at async exports.generateTransmittal (C:\steel-project(2)\steel-project\steel-project\backend\src\controllers\transmittalController.js:89:24)
2026-10-01T05:01:36.577Z: Error: No completed extractions found for this transmittal.
    at _internalGenerateTransmittal (C:\steel-project(2)\steel-project\steel-project\backend\src\services\transmittalService.js:282:15)
    at process.processTicksAndRejections (node:internal/process/task_queues:104:5)
    at async generateTransmittal (C:\steel-project(2)\steel-project\steel-project\backend\src\services\transmittalService.js:251:24)
    at async exports.generateTransmittal (C:\steel-project(2)\steel-project\steel-project\backend\src\controllers\transmittalController.js:89:24)
2026-10-01T05:01:36.718Z: Error: No completed extractions found for this transmittal.
    at _internalGenerateTransmittal (C:\steel-project(2)\steel-project\steel-project\backend\src\services\transmittalService.js:282:15)
    at process.processTicksAndRejections (node:internal/process/task_queues:104:5)
    at async generateTransmittal (C:\steel-project(2)\steel-project\steel-project\backend\src\services\transmittalService.js:251:24)
    at async exports.generateTransmittal (C:\steel-project(2)\steel-project\steel-project\backend\src\controllers\transmittalController.js:89:24)
2026-10-01T05:01:36.839Z: Error: No completed extractions found for this transmittal.
    at _internalGenerateTransmittal (C:\steel-project(2)\steel-project\steel-project\backend\src\services\transmittalService.js:282:15)
    at process.processTicksAndRejections (node:internal/process/task_queues:104:5)
    at async generateTransmittal (C:\steel-project(2)\steel-project\steel-project\backend\src\services\transmittalService.js:251:24)
    at async exports.generateTransmittal (C:\steel-project(2)\steel-project\steel-project\backend\src\controllers\transmittalController.js:89:24)
2026-10-01T05:01:36.965Z: Error: No completed extractions found for this transmittal.
    at _internalGenerateTransmittal (C:\steel-project(2)\steel-project\steel-project\backend\src\services\transmittalService.js:282:15)
    at process.processTicksAndRejections (node:internal/process/task_queues:104:5)
    at async generateTransmittal (C:\steel-project(2)\steel-project\steel-project\backend\src\services\transmittalService.js:251:24)
    at async exports.generateTransmittal (C:\steel-project(2)\steel-project\steel-project\backend\src\controllers\transmittalController.js:89:24)
2026-10-01T05:01:37.086Z: Error: No completed extractions found for this transmittal.
    at _internalGenerateTransmittal (C:\steel-project(2)\steel-project\steel-project\backend\src\services\transmittalService.js:282:15)
    at process.processTicksAndRejections (node:internal/process/task_queues:104:5)
    at async generateTransmittal (C:\steel-project(2)\steel-project\steel-project\backend\src\services\transmittalService.js:251:24)
    at async exports.generateTransmittal (C:\steel-project(2)\steel-project\steel-project\backend\src\controllers\transmittalController.js:89:24)
2026-10-01T05:01:37.230Z: Error: No completed extractions found for this transmittal.
    at _internalGenerateTransmittal (C:\steel-project(2)\steel-project\steel-project\backend\src\services\transmittalService.js:282:15)
    at process.processTicksAndRejections (node:internal/process/task_queues:104:5)
    at async generateTransmittal (C:\steel-project(2)\steel-project\steel-project\backend\src\services\transmittalService.js:251:24)
    at async exports.generateTransmittal (C:\steel-project(2)\steel-project\steel-project\backend\src\controllers\transmittalController.js:89:24)
2026-10-01T05:01:37.339Z: Error: No completed extractions found for this transmittal.
    at _internalGenerateTransmittal (C:\steel-project(2)\steel-project\steel-project\backend\src\services\transmittalService.js:282:15)
    at process.processTicksAndRejections (node:internal/process/task_queues:104:5)
    at async generateTransmittal (C:\steel-project(2)\steel-project\steel-project\backend\src\services\transmittalService.js:251:24)
    at async exports.generateTransmittal (C:\steel-project(2)\steel-project\steel-project\backend\src\controllers\transmittalController.js:89:24)
2026-10-01T05:01:37.479Z: Error: No completed extractions found for this transmittal.
    at _internalGenerateTransmittal (C:\steel-project(2)\steel-project\steel-project\backend\src\services\transmittalService.js:282:15)
    at process.processTicksAndRejections (node:internal/process/task_queues:104:5)
    at async generateTransmittal (C:\steel-project(2)\steel-project\steel-project\backend\src\services\transmittalService.js:251:24)
    at async exports.generateTransmittal (C:\steel-project(2)\steel-project\steel-project\backend\src\controllers\transmittalController.js:89:24)
2026-10-01T05:01:37.614Z: Error: No completed extractions found for this transmittal.
    at _internalGenerateTransmittal (C:\steel-project(2)\steel-project\steel-project\backend\src\services\transmittalService.js:282:15)
    at process.processTicksAndRejections (node:internal/process/task_queues:104:5)
    at async generateTransmittal (C:\steel-project(2)\steel-project\steel-project\backend\src\services\transmittalService.js:251:24)
    at async exports.generateTransmittal (C:\steel-project(2)\steel-project\steel-project\backend\src\controllers\transmittalController.js:89:24)
2026-10-01T05:01:37.746Z: Error: No completed extractions found for this transmittal.
    at _internalGenerateTransmittal (C:\steel-project(2)\steel-project\steel-project\backend\src\services\transmittalService.js:282:15)
    at process.processTicksAndRejections (node:internal/process/task_queues:104:5)
    at async generateTransmittal (C:\steel-project(2)\steel-project\steel-project\backend\src\services\transmittalService.js:251:24)
    at async exports.generateTransmittal (C:\steel-project(2)\steel-project\steel-project\backend\src\controllers\transmittalController.js:89:24)
2026-10-01T05:01:37.856Z: Error: No completed extractions found for this transmittal.
    at _internalGenerateTransmittal (C:\steel-project(2)\steel-project\steel-project\backend\src\services\transmittalService.js:282:15)
    at process.processTicksAndRejections (node:internal/process/task_queues:104:5)
    at async generateTransmittal (C:\steel-project(2)\steel-project\steel-project\backend\src\services\transmittalService.js:251:24)
    at async exports.generateTransmittal (C:\steel-project(2)\steel-project\steel-project\backend\src\controllers\transmittalController.js:89:24)
2026-10-01T05:01:37.953Z: Error: No completed extractions found for this transmittal.
    at _internalGenerateTransmittal (C:\steel-project(2)\steel-project\steel-project\backend\src\services\transmittalService.js:282:15)
    at process.processTicksAndRejections (node:internal/process/task_queues:104:5)
    at async generateTransmittal (C:\steel-project(2)\steel-project\steel-project\backend\src\services\transmittalService.js:251:24)
    at async exports.generateTransmittal (C:\steel-project(2)\steel-project\steel-project\backend\src\controllers\transmittalController.js:89:24)
2026-10-01T05:01:38.466Z: Error: No completed extractions found for this transmittal.
    at _internalGenerateTransmittal (C:\steel-project(2)\steel-project\steel-project\backend\src\services\transmittalService.js:282:15)
    at process.processTicksAndRejections (node:internal/process/task_queues:104:5)
    at async generateTransmittal (C:\steel-project(2)\steel-project\steel-project\backend\src\services\transmittalService.js:251:24)
    at async exports.generateTransmittal (C:\steel-project(2)\steel-project\steel-project\backend\src\controllers\transmittalController.js:89:24)
2026-10-01T05:01:38.837Z: Error: No completed extractions found for this transmittal.
    at _internalGenerateTransmittal (C:\steel-project(2)\steel-project\steel-project\backend\src\services\transmittalService.js:282:15)
    at process.processTicksAndRejections (node:internal/process/task_queues:104:5)
    at async generateTransmittal (C:\steel-project(2)\steel-project\steel-project\backend\src\services\transmittalService.js:251:24)
    at async exports.generateTransmittal (C:\steel-project(2)\steel-project\steel-project\backend\src\controllers\transmittalController.js:89:24)
2026-10-01T05:01:38.943Z: Error: No completed extractions found for this transmittal.
    at _internalGenerateTransmittal (C:\steel-project(2)\steel-project\steel-project\backend\src\services\transmittalService.js:282:15)
    at process.processTicksAndRejections (node:internal/process/task_queues:104:5)
    at async generateTransmittal (C:\steel-project(2)\steel-project\steel-project\backend\src\services\transmittalService.js:251:24)
    at async exports.generateTransmittal (C:\steel-project(2)\steel-project\steel-project\backend\src\controllers\transmittalController.js:89:24)
2026-10-01T05:01:39.050Z: Error: No completed extractions found for this transmittal.
    at _internalGenerateTransmittal (C:\steel-project(2)\steel-project\steel-project\backend\src\services\transmittalService.js:282:15)
    at process.processTicksAndRejections (node:internal/process/task_queues:104:5)
    at async generateTransmittal (C:\steel-project(2)\steel-project\steel-project\backend\src\services\transmittalService.js:251:24)
    at async exports.generateTransmittal (C:\steel-project(2)\steel-project\steel-project\backend\src\controllers\transmittalController.js:89:24)
2026-10-01T05:01:39.163Z: Error: No completed extractions found for this transmittal.
    at _internalGenerateTransmittal (C:\steel-project(2)\steel-project\steel-project\backend\src\services\transmittalService.js:282:15)
    at process.processTicksAndRejections (node:internal/process/task_queues:104:5)
    at async generateTransmittal (C:\steel-project(2)\steel-project\steel-project\backend\src\services\transmittalService.js:251:24)
    at async exports.generateTransmittal (C:\steel-project(2)\steel-project\steel-project\backend\src\controllers\transmittalController.js:89:24)
2026-10-01T05:01:39.276Z: Error: No completed extractions found for this transmittal.
    at _internalGenerateTransmittal (C:\steel-project(2)\steel-project\steel-project\backend\src\services\transmittalService.js:282:15)
    at process.processTicksAndRejections (node:internal/process/task_queues:104:5)
    at async generateTransmittal (C:\steel-project(2)\steel-project\steel-project\backend\src\services\transmittalService.js:251:24)
    at async exports.generateTransmittal (C:\steel-project(2)\steel-project\steel-project\backend\src\controllers\transmittalController.js:89:24)
2026-10-01T05:01:39.385Z: Error: No completed extractions found for this transmittal.
    at _internalGenerateTransmittal (C:\steel-project(2)\steel-project\steel-project\backend\src\services\transmittalService.js:282:15)
    at process.processTicksAndRejections (node:internal/process/task_queues:104:5)
    at async generateTransmittal (C:\steel-project(2)\steel-project\steel-project\backend\src\services\transmittalService.js:251:24)
    at async exports.generateTransmittal (C:\steel-project(2)\steel-project\steel-project\backend\src\controllers\transmittalController.js:89:24)
2026-10-01T05:01:39.758Z: Error: No completed extractions found for this transmittal.
    at _internalGenerateTransmittal (C:\steel-project(2)\steel-project\steel-project\backend\src\services\transmittalService.js:282:15)
    at process.processTicksAndRejections (node:internal/process/task_queues:104:5)
    at async generateTransmittal (C:\steel-project(2)\steel-project\steel-project\backend\src\services\transmittalService.js:251:24)
    at async exports.generateTransmittal (C:\steel-project(2)\steel-project\steel-project\backend\src\controllers\transmittalController.js:89:24)
2026-10-01T05:01:39.887Z: Error: No completed extractions found for this transmittal.
    at _internalGenerateTransmittal (C:\steel-project(2)\steel-project\steel-project\backend\src\services\transmittalService.js:282:15)
    at process.processTicksAndRejections (node:internal/process/task_queues:104:5)
    at async generateTransmittal (C:\steel-project(2)\steel-project\steel-project\backend\src\services\transmittalService.js:251:24)
    at async exports.generateTransmittal (C:\steel-project(2)\steel-project\steel-project\backend\src\controllers\transmittalController.js:89:24)
2026-10-01T05:01:40.223Z: Error: No completed extractions found for this transmittal.
    at _internalGenerateTransmittal (C:\steel-project(2)\steel-project\steel-project\backend\src\services\transmittalService.js:282:15)
    at process.processTicksAndRejections (node:internal/process/task_queues:104:5)
    at async generateTransmittal (C:\steel-project(2)\steel-project\steel-project\backend\src\services\transmittalService.js:251:24)
    at async exports.generateTransmittal (C:\steel-project(2)\steel-project\steel-project\backend\src\controllers\transmittalController.js:89:24)
2026-10-01T05:01:40.324Z: Error: No completed extractions found for this transmittal.
    at _internalGenerateTransmittal (C:\steel-project(2)\steel-project\steel-project\backend\src\services\transmittalService.js:282:15)
    at process.processTicksAndRejections (node:internal/process/task_queues:104:5)
    at async generateTransmittal (C:\steel-project(2)\steel-project\steel-project\backend\src\services\transmittalService.js:251:24)
    at async exports.generateTransmittal (C:\steel-project(2)\steel-project\steel-project\backend\src\controllers\transmittalController.js:89:24)
2026-10-01T05:01:40.430Z: Error: No completed extractions found for this transmittal.
    at _internalGenerateTransmittal (C:\steel-project(2)\steel-project\steel-project\backend\src\services\transmittalService.js:282:15)
    at process.processTicksAndRejections (node:internal/process/task_queues:104:5)
    at async generateTransmittal (C:\steel-project(2)\steel-project\steel-project\backend\src\services\transmittalService.js:251:24)
    at async exports.generateTransmittal (C:\steel-project(2)\steel-project\steel-project\backend\src\controllers\transmittalController.js:89:24)
2026-10-01T05:01:40.547Z: Error: No completed extractions found for this transmittal.
    at _internalGenerateTransmittal (C:\steel-project(2)\steel-project\steel-project\backend\src\services\transmittalService.js:282:15)
    at process.processTicksAndRejections (node:internal/process/task_queues:104:5)
    at async generateTransmittal (C:\steel-project(2)\steel-project\steel-project\backend\src\services\transmittalService.js:251:24)
    at async exports.generateTransmittal (C:\steel-project(2)\steel-project\steel-project\backend\src\controllers\transmittalController.js:89:24)
2026-10-01T05:01:40.664Z: Error: No completed extractions found for this transmittal.
    at _internalGenerateTransmittal (C:\steel-project(2)\steel-project\steel-project\backend\src\services\transmittalService.js:282:15)
    at process.processTicksAndRejections (node:internal/process/task_queues:104:5)
    at async generateTransmittal (C:\steel-project(2)\steel-project\steel-project\backend\src\services\transmittalService.js:251:24)
    at async exports.generateTransmittal (C:\steel-project(2)\steel-project\steel-project\backend\src\controllers\transmittalController.js:89:24)
2026-10-01T05:01:40.789Z: Error: No completed extractions found for this transmittal.
    at _internalGenerateTransmittal (C:\steel-project(2)\steel-project\steel-project\backend\src\services\transmittalService.js:282:15)
    at process.processTicksAndRejections (node:internal/process/task_queues:104:5)
    at async generateTransmittal (C:\steel-project(2)\steel-project\steel-project\backend\src\services\transmittalService.js:251:24)
    at async exports.generateTransmittal (C:\steel-project(2)\steel-project\steel-project\backend\src\controllers\transmittalController.js:89:24)
2026-10-01T05:01:40.892Z: Error: No completed extractions found for this transmittal.
    at _internalGenerateTransmittal (C:\steel-project(2)\steel-project\steel-project\backend\src\services\transmittalService.js:282:15)
    at process.processTicksAndRejections (node:internal/process/task_queues:104:5)
    at async generateTransmittal (C:\steel-project(2)\steel-project\steel-project\backend\src\services\transmittalService.js:251:24)
    at async exports.generateTransmittal (C:\steel-project(2)\steel-project\steel-project\backend\src\controllers\transmittalController.js:89:24)
2026-10-01T05:01:40.991Z: Error: No completed extractions found for this transmittal.
    at _internalGenerateTransmittal (C:\steel-project(2)\steel-project\steel-project\backend\src\services\transmittalService.js:282:15)
    at process.processTicksAndRejections (node:internal/process/task_queues:104:5)
    at async generateTransmittal (C:\steel-project(2)\steel-project\steel-project\backend\src\services\transmittalService.js:251:24)
    at async exports.generateTransmittal (C:\steel-project(2)\steel-project\steel-project\backend\src\controllers\transmittalController.js:89:24)
2026-10-01T05:01:41.095Z: Error: No completed extractions found for this transmittal.
    at _internalGenerateTransmittal (C:\steel-project(2)\steel-project\steel-project\backend\src\services\transmittalService.js:282:15)
    at process.processTicksAndRejections (node:internal/process/task_queues:104:5)
    at async generateTransmittal (C:\steel-project(2)\steel-project\steel-project\backend\src\services\transmittalService.js:251:24)
    at async exports.generateTransmittal (C:\steel-project(2)\steel-project\steel-project\backend\src\controllers\transmittalController.js:89:24)
2026-10-01T05:01:41.209Z: Error: No completed extractions found for this transmittal.
    at _internalGenerateTransmittal (C:\steel-project(2)\steel-project\steel-project\backend\src\services\transmittalService.js:282:15)
    at process.processTicksAndRejections (node:internal/process/task_queues:104:5)
    at async generateTransmittal (C:\steel-project(2)\steel-project\steel-project\backend\src\services\transmittalService.js:251:24)
    at async exports.generateTransmittal (C:\steel-project(2)\steel-project\steel-project\backend\src\controllers\transmittalController.js:89:24)
2026-10-01T05:01:41.322Z: Error: No completed extractions found for this transmittal.
    at _internalGenerateTransmittal (C:\steel-project(2)\steel-project\steel-project\backend\src\services\transmittalService.js:282:15)
    at process.processTicksAndRejections (node:internal/process/task_queues:104:5)
    at async generateTransmittal (C:\steel-project(2)\steel-project\steel-project\backend\src\services\transmittalService.js:251:24)
    at async exports.generateTransmittal (C:\steel-project(2)\steel-project\steel-project\backend\src\controllers\transmittalController.js:89:24)
2026-10-01T05:01:41.459Z: Error: No completed extractions found for this transmittal.
    at _internalGenerateTransmittal (C:\steel-project(2)\steel-project\steel-project\backend\src\services\transmittalService.js:282:15)
    at process.processTicksAndRejections (node:internal/process/task_queues:104:5)
    at async generateTransmittal (C:\steel-project(2)\steel-project\steel-project\backend\src\services\transmittalService.js:251:24)
    at async exports.generateTransmittal (C:\steel-project(2)\steel-project\steel-project\backend\src\controllers\transmittalController.js:89:24)
2026-10-01T05:01:41.588Z: Error: No completed extractions found for this transmittal.
    at _internalGenerateTransmittal (C:\steel-project(2)\steel-project\steel-project\backend\src\services\transmittalService.js:282:15)
    at process.processTicksAndRejections (node:internal/process/task_queues:104:5)
    at async generateTransmittal (C:\steel-project(2)\steel-project\steel-project\backend\src\services\transmittalService.js:251:24)
    at async exports.generateTransmittal (C:\steel-project(2)\steel-project\steel-project\backend\src\controllers\transmittalController.js:89:24)
2026-10-01T05:01:41.939Z: Error: No completed extractions found for this transmittal.
    at _internalGenerateTransmittal (C:\steel-project(2)\steel-project\steel-project\backend\src\services\transmittalService.js:282:15)
    at process.processTicksAndRejections (node:internal/process/task_queues:104:5)
    at async generateTransmittal (C:\steel-project(2)\steel-project\steel-project\backend\src\services\transmittalService.js:251:24)
    at async exports.generateTransmittal (C:\steel-project(2)\steel-project\steel-project\backend\src\controllers\transmittalController.js:89:24)
2026-10-01T05:01:42.059Z: Error: No completed extractions found for this transmittal.
    at _internalGenerateTransmittal (C:\steel-project(2)\steel-project\steel-project\backend\src\services\transmittalService.js:282:15)
    at process.processTicksAndRejections (node:internal/process/task_queues:104:5)
    at async generateTransmittal (C:\steel-project(2)\steel-project\steel-project\backend\src\services\transmittalService.js:251:24)
    at async exports.generateTransmittal (C:\steel-project(2)\steel-project\steel-project\backend\src\controllers\transmittalController.js:89:24)
2026-10-01T05:01:42.190Z: Error: No completed extractions found for this transmittal.
    at _internalGenerateTransmittal (C:\steel-project(2)\steel-project\steel-project\backend\src\services\transmittalService.js:282:15)
    at process.processTicksAndRejections (node:internal/process/task_queues:104:5)
    at async generateTransmittal (C:\steel-project(2)\steel-project\steel-project\backend\src\services\transmittalService.js:251:24)
    at async exports.generateTransmittal (C:\steel-project(2)\steel-project\steel-project\backend\src\controllers\transmittalController.js:89:24)
2026-10-01T05:01:42.289Z: Error: No completed extractions found for this transmittal.
    at _internalGenerateTransmittal (C:\steel-project(2)\steel-project\steel-project\backend\src\services\transmittalService.js:282:15)
    at process.processTicksAndRejections (node:internal/process/task_queues:104:5)
    at async generateTransmittal (C:\steel-project(2)\steel-project\steel-project\backend\src\services\transmittalService.js:251:24)
    at async exports.generateTransmittal (C:\steel-project(2)\steel-project\steel-project\backend\src\controllers\transmittalController.js:89:24)
2026-10-01T05:01:42.409Z: Error: No completed extractions found for this transmittal.
    at _internalGenerateTransmittal (C:\steel-project(2)\steel-project\steel-project\backend\src\services\transmittalService.js:282:15)
    at process.processTicksAndRejections (node:internal/process/task_queues:104:5)
    at async generateTransmittal (C:\steel-project(2)\steel-project\steel-project\backend\src\services\transmittalService.js:251:24)
    at async exports.generateTransmittal (C:\steel-project(2)\steel-project\steel-project\backend\src\controllers\transmittalController.js:89:24)
2026-10-01T05:01:42.532Z: Error: No completed extractions found for this transmittal.
    at _internalGenerateTransmittal (C:\steel-project(2)\steel-project\steel-project\backend\src\services\transmittalService.js:282:15)
    at process.processTicksAndRejections (node:internal/process/task_queues:104:5)
    at async generateTransmittal (C:\steel-project(2)\steel-project\steel-project\backend\src\services\transmittalService.js:251:24)
    at async exports.generateTransmittal (C:\steel-project(2)\steel-project\steel-project\backend\src\controllers\transmittalController.js:89:24)
2026-10-01T05:01:42.648Z: Error: No completed extractions found for this transmittal.
    at _internalGenerateTransmittal (C:\steel-project(2)\steel-project\steel-project\backend\src\services\transmittalService.js:282:15)
    at process.processTicksAndRejections (node:internal/process/task_queues:104:5)
    at async generateTransmittal (C:\steel-project(2)\steel-project\steel-project\backend\src\services\transmittalService.js:251:24)
    at async exports.generateTransmittal (C:\steel-project(2)\steel-project\steel-project\backend\src\controllers\transmittalController.js:89:24)
2026-10-01T05:01:42.778Z: Error: No completed extractions found for this transmittal.
    at _internalGenerateTransmittal (C:\steel-project(2)\steel-project\steel-project\backend\src\services\transmittalService.js:282:15)
    at process.processTicksAndRejections (node:internal/process/task_queues:104:5)
    at async generateTransmittal (C:\steel-project(2)\steel-project\steel-project\backend\src\services\transmittalService.js:251:24)
    at async exports.generateTransmittal (C:\steel-project(2)\steel-project\steel-project\backend\src\controllers\transmittalController.js:89:24)
2026-10-01T05:01:42.892Z: Error: No completed extractions found for this transmittal.
    at _internalGenerateTransmittal (C:\steel-project(2)\steel-project\steel-project\backend\src\services\transmittalService.js:282:15)
    at process.processTicksAndRejections (node:internal/process/task_queues:104:5)
    at async generateTransmittal (C:\steel-project(2)\steel-project\steel-project\backend\src\services\transmittalService.js:251:24)
    at async exports.generateTransmittal (C:\steel-project(2)\steel-project\steel-project\backend\src\controllers\transmittalController.js:89:24)
2026-10-01T05:01:43.021Z: Error: No completed extractions found for this transmittal.
    at _internalGenerateTransmittal (C:\steel-project(2)\steel-project\steel-project\backend\src\services\transmittalService.js:282:15)
    at process.processTicksAndRejections (node:internal/process/task_queues:104:5)
    at async generateTransmittal (C:\steel-project(2)\steel-project\steel-project\backend\src\services\transmittalService.js:251:24)
    at async exports.generateTransmittal (C:\steel-project(2)\steel-project\steel-project\backend\src\controllers\transmittalController.js:89:24)
2026-10-01T05:01:43.153Z: Error: No completed extractions found for this transmittal.
    at _internalGenerateTransmittal (C:\steel-project(2)\steel-project\steel-project\backend\src\services\transmittalService.js:282:15)
    at process.processTicksAndRejections (node:internal/process/task_queues:104:5)
    at async generateTransmittal (C:\steel-project(2)\steel-project\steel-project\backend\src\services\transmittalService.js:251:24)
    at async exports.generateTransmittal (C:\steel-project(2)\steel-project\steel-project\backend\src\controllers\transmittalController.js:89:24)
2026-10-01T05:01:43.292Z: Error: No completed extractions found for this transmittal.
    at _internalGenerateTransmittal (C:\steel-project(2)\steel-project\steel-project\backend\src\services\transmittalService.js:282:15)
    at process.processTicksAndRejections (node:internal/process/task_queues:104:5)
    at async generateTransmittal (C:\steel-project(2)\steel-project\steel-project\backend\src\services\transmittalService.js:251:24)
    at async exports.generateTransmittal (C:\steel-project(2)\steel-project\steel-project\backend\src\controllers\transmittalController.js:89:24)
2026-10-01T05:01:43.415Z: Error: No completed extractions found for this transmittal.
    at _internalGenerateTransmittal (C:\steel-project(2)\steel-project\steel-project\backend\src\services\transmittalService.js:282:15)
    at process.processTicksAndRejections (node:internal/process/task_queues:104:5)
    at async generateTransmittal (C:\steel-project(2)\steel-project\steel-project\backend\src\services\transmittalService.js:251:24)
    at async exports.generateTransmittal (C:\steel-project(2)\steel-project\steel-project\backend\src\controllers\transmittalController.js:89:24)
2026-10-01T05:01:43.534Z: Error: No completed extractions found for this transmittal.
    at _internalGenerateTransmittal (C:\steel-project(2)\steel-project\steel-project\backend\src\services\transmittalService.js:282:15)
    at process.processTicksAndRejections (node:internal/process/task_queues:104:5)
    at async generateTransmittal (C:\steel-project(2)\steel-project\steel-project\backend\src\services\transmittalService.js:251:24)
    at async exports.generateTransmittal (C:\steel-project(2)\steel-project\steel-project\backend\src\controllers\transmittalController.js:89:24)
2026-10-01T05:01:43.671Z: Error: No completed extractions found for this transmittal.
    at _internalGenerateTransmittal (C:\steel-project(2)\steel-project\steel-project\backend\src\services\transmittalService.js:282:15)
    at process.processTicksAndRejections (node:internal/process/task_queues:104:5)
    at async generateTransmittal (C:\steel-project(2)\steel-project\steel-project\backend\src\services\transmittalService.js:251:24)
    at async exports.generateTransmittal (C:\steel-project(2)\steel-project\steel-project\backend\src\controllers\transmittalController.js:89:24)
2026-10-01T05:01:43.790Z: Error: No completed extractions found for this transmittal.
    at _internalGenerateTransmittal (C:\steel-project(2)\steel-project\steel-project\backend\src\services\transmittalService.js:282:15)
    at process.processTicksAndRejections (node:internal/process/task_queues:104:5)
    at async generateTransmittal (C:\steel-project(2)\steel-project\steel-project\backend\src\services\transmittalService.js:251:24)
    at async exports.generateTransmittal (C:\steel-project(2)\steel-project\steel-project\backend\src\controllers\transmittalController.js:89:24)
2026-10-01T05:01:43.933Z: Error: No completed extractions found for this transmittal.
    at _internalGenerateTransmittal (C:\steel-project(2)\steel-project\steel-project\backend\src\services\transmittalService.js:282:15)
    at process.processTicksAndRejections (node:internal/process/task_queues:104:5)
    at async generateTransmittal (C:\steel-project(2)\steel-project\steel-project\backend\src\services\transmittalService.js:251:24)
    at async exports.generateTransmittal (C:\steel-project(2)\steel-project\steel-project\backend\src\controllers\transmittalController.js:89:24)
2026-10-01T05:01:44.058Z: Error: No completed extractions found for this transmittal.
    at _internalGenerateTransmittal (C:\steel-project(2)\steel-project\steel-project\backend\src\services\transmittalService.js:282:15)
    at process.processTicksAndRejections (node:internal/process/task_queues:104:5)
    at async generateTransmittal (C:\steel-project(2)\steel-project\steel-project\backend\src\services\transmittalService.js:251:24)
    at async exports.generateTransmittal (C:\steel-project(2)\steel-project\steel-project\backend\src\controllers\transmittalController.js:89:24)
2026-10-01T05:01:44.182Z: Error: No completed extractions found for this transmittal.
    at _internalGenerateTransmittal (C:\steel-project(2)\steel-project\steel-project\backend\src\services\transmittalService.js:282:15)
    at process.processTicksAndRejections (node:internal/process/task_queues:104:5)
    at async generateTransmittal (C:\steel-project(2)\steel-project\steel-project\backend\src\services\transmittalService.js:251:24)
    at async exports.generateTransmittal (C:\steel-project(2)\steel-project\steel-project\backend\src\controllers\transmittalController.js:89:24)
2026-10-01T05:01:44.298Z: Error: No completed extractions found for this transmittal.
    at _internalGenerateTransmittal (C:\steel-project(2)\steel-project\steel-project\backend\src\services\transmittalService.js:282:15)
    at process.processTicksAndRejections (node:internal/process/task_queues:104:5)
    at async generateTransmittal (C:\steel-project(2)\steel-project\steel-project\backend\src\services\transmittalService.js:251:24)
    at async exports.generateTransmittal (C:\steel-project(2)\steel-project\steel-project\backend\src\controllers\transmittalController.js:89:24)
2026-10-01T05:01:44.411Z: Error: No completed extractions found for this transmittal.
    at _internalGenerateTransmittal (C:\steel-project(2)\steel-project\steel-project\backend\src\services\transmittalService.js:282:15)
    at process.processTicksAndRejections (node:internal/process/task_queues:104:5)
    at async generateTransmittal (C:\steel-project(2)\steel-project\steel-project\backend\src\services\transmittalService.js:251:24)
    at async exports.generateTransmittal (C:\steel-project(2)\steel-project\steel-project\backend\src\controllers\transmittalController.js:89:24)
2026-10-01T05:01:44.755Z: Error: No completed extractions found for this transmittal.
    at _internalGenerateTransmittal (C:\steel-project(2)\steel-project\steel-project\backend\src\services\transmittalService.js:282:15)
    at process.processTicksAndRejections (node:internal/process/task_queues:104:5)
    at async generateTransmittal (C:\steel-project(2)\steel-project\steel-project\backend\src\services\transmittalService.js:251:24)
    at async exports.generateTransmittal (C:\steel-project(2)\steel-project\steel-project\backend\src\controllers\transmittalController.js:89:24)
2026-10-01T05:01:44.855Z: Error: No completed extractions found for this transmittal.
    at _internalGenerateTransmittal (C:\steel-project(2)\steel-project\steel-project\backend\src\services\transmittalService.js:282:15)
    at process.processTicksAndRejections (node:internal/process/task_queues:104:5)
    at async generateTransmittal (C:\steel-project(2)\steel-project\steel-project\backend\src\services\transmittalService.js:251:24)
    at async exports.generateTransmittal (C:\steel-project(2)\steel-project\steel-project\backend\src\controllers\transmittalController.js:89:24)
2026-10-01T05:01:44.954Z: Error: No completed extractions found for this transmittal.
    at _internalGenerateTransmittal (C:\steel-project(2)\steel-project\steel-project\backend\src\services\transmittalService.js:282:15)
    at process.processTicksAndRejections (node:internal/process/task_queues:104:5)
    at async generateTransmittal (C:\steel-project(2)\steel-project\steel-project\backend\src\services\transmittalService.js:251:24)
    at async exports.generateTransmittal (C:\steel-project(2)\steel-project\steel-project\backend\src\controllers\transmittalController.js:89:24)
2026-10-01T05:01:45.058Z: Error: No completed extractions found for this transmittal.
    at _internalGenerateTransmittal (C:\steel-project(2)\steel-project\steel-project\backend\src\services\transmittalService.js:282:15)
    at process.processTicksAndRejections (node:internal/process/task_queues:104:5)
    at async generateTransmittal (C:\steel-project(2)\steel-project\steel-project\backend\src\services\transmittalService.js:251:24)
    at async exports.generateTransmittal (C:\steel-project(2)\steel-project\steel-project\backend\src\controllers\transmittalController.js:89:24)
2026-10-01T05:01:45.183Z: Error: No completed extractions found for this transmittal.
    at _internalGenerateTransmittal (C:\steel-project(2)\steel-project\steel-project\backend\src\services\transmittalService.js:282:15)
    at process.processTicksAndRejections (node:internal/process/task_queues:104:5)
    at async generateTransmittal (C:\steel-project(2)\steel-project\steel-project\backend\src\services\transmittalService.js:251:24)
    at async exports.generateTransmittal (C:\steel-project(2)\steel-project\steel-project\backend\src\controllers\transmittalController.js:89:24)
2026-10-01T05:01:45.557Z: Error: No completed extractions found for this transmittal.
    at _internalGenerateTransmittal (C:\steel-project(2)\steel-project\steel-project\backend\src\services\transmittalService.js:282:15)
    at process.processTicksAndRejections (node:internal/process/task_queues:104:5)
    at async generateTransmittal (C:\steel-project(2)\steel-project\steel-project\backend\src\services\transmittalService.js:251:24)
    at async exports.generateTransmittal (C:\steel-project(2)\steel-project\steel-project\backend\src\controllers\transmittalController.js:89:24)
2026-10-01T05:01:45.944Z: Error: No completed extractions found for this transmittal.
    at _internalGenerateTransmittal (C:\steel-project(2)\steel-project\steel-project\backend\src\services\transmittalService.js:282:15)
    at process.processTicksAndRejections (node:internal/process/task_queues:104:5)
    at async generateTransmittal (C:\steel-project(2)\steel-project\steel-project\backend\src\services\transmittalService.js:251:24)
    at async exports.generateTransmittal (C:\steel-project(2)\steel-project\steel-project\backend\src\controllers\transmittalController.js:89:24)
2026-10-01T05:01:46.051Z: Error: No completed extractions found for this transmittal.
    at _internalGenerateTransmittal (C:\steel-project(2)\steel-project\steel-project\backend\src\services\transmittalService.js:282:15)
    at process.processTicksAndRejections (node:internal/process/task_queues:104:5)
    at async generateTransmittal (C:\steel-project(2)\steel-project\steel-project\backend\src\services\transmittalService.js:251:24)
    at async exports.generateTransmittal (C:\steel-project(2)\steel-project\steel-project\backend\src\controllers\transmittalController.js:89:24)
2026-10-01T05:01:46.153Z: Error: No completed extractions found for this transmittal.
    at _internalGenerateTransmittal (C:\steel-project(2)\steel-project\steel-project\backend\src\services\transmittalService.js:282:15)
    at process.processTicksAndRejections (node:internal/process/task_queues:104:5)
    at async generateTransmittal (C:\steel-project(2)\steel-project\steel-project\backend\src\services\transmittalService.js:251:24)
    at async exports.generateTransmittal (C:\steel-project(2)\steel-project\steel-project\backend\src\controllers\transmittalController.js:89:24)
2026-10-01T05:01:46.264Z: Error: No completed extractions found for this transmittal.
    at _internalGenerateTransmittal (C:\steel-project(2)\steel-project\steel-project\backend\src\services\transmittalService.js:282:15)
    at process.processTicksAndRejections (node:internal/process/task_queues:104:5)
    at async generateTransmittal (C:\steel-project(2)\steel-project\steel-project\backend\src\services\transmittalService.js:251:24)
    at async exports.generateTransmittal (C:\steel-project(2)\steel-project\steel-project\backend\src\controllers\transmittalController.js:89:24)
2026-10-01T05:01:46.397Z: Error: No completed extractions found for this transmittal.
    at _internalGenerateTransmittal (C:\steel-project(2)\steel-project\steel-project\backend\src\services\transmittalService.js:282:15)
    at process.processTicksAndRejections (node:internal/process/task_queues:104:5)
    at async generateTransmittal (C:\steel-project(2)\steel-project\steel-project\backend\src\services\transmittalService.js:251:24)
    at async exports.generateTransmittal (C:\steel-project(2)\steel-project\steel-project\backend\src\controllers\transmittalController.js:89:24)
2026-10-01T05:01:46.530Z: Error: No completed extractions found for this transmittal.
    at _internalGenerateTransmittal (C:\steel-project(2)\steel-project\steel-project\backend\src\services\transmittalService.js:282:15)
    at process.processTicksAndRejections (node:internal/process/task_queues:104:5)
    at async generateTransmittal (C:\steel-project(2)\steel-project\steel-project\backend\src\services\transmittalService.js:251:24)
    at async exports.generateTransmittal (C:\steel-project(2)\steel-project\steel-project\backend\src\controllers\transmittalController.js:89:24)
2026-10-01T05:01:46.663Z: Error: No completed extractions found for this transmittal.
    at _internalGenerateTransmittal (C:\steel-project(2)\steel-project\steel-project\backend\src\services\transmittalService.js:282:15)
    at process.processTicksAndRejections (node:internal/process/task_queues:104:5)
    at async generateTransmittal (C:\steel-project(2)\steel-project\steel-project\backend\src\services\transmittalService.js:251:24)
    at async exports.generateTransmittal (C:\steel-project(2)\steel-project\steel-project\backend\src\controllers\transmittalController.js:89:24)
2026-10-01T05:01:46.795Z: Error: No completed extractions found for this transmittal.
    at _internalGenerateTransmittal (C:\steel-project(2)\steel-project\steel-project\backend\src\services\transmittalService.js:282:15)
    at process.processTicksAndRejections (node:internal/process/task_queues:104:5)
    at async generateTransmittal (C:\steel-project(2)\steel-project\steel-project\backend\src\services\transmittalService.js:251:24)
    at async exports.generateTransmittal (C:\steel-project(2)\steel-project\steel-project\backend\src\controllers\transmittalController.js:89:24)
2026-10-01T05:01:46.914Z: Error: No completed extractions found for this transmittal.
    at _internalGenerateTransmittal (C:\steel-project(2)\steel-project\steel-project\backend\src\services\transmittalService.js:282:15)
    at process.processTicksAndRejections (node:internal/process/task_queues:104:5)
    at async generateTransmittal (C:\steel-project(2)\steel-project\steel-project\backend\src\services\transmittalService.js:251:24)
    at async exports.generateTransmittal (C:\steel-project(2)\steel-project\steel-project\backend\src\controllers\transmittalController.js:89:24)
2026-10-01T05:01:47.032Z: Error: No completed extractions found for this transmittal.
    at _internalGenerateTransmittal (C:\steel-project(2)\steel-project\steel-project\backend\src\services\transmittalService.js:282:15)
    at process.processTicksAndRejections (node:internal/process/task_queues:104:5)
    at async generateTransmittal (C:\steel-project(2)\steel-project\steel-project\backend\src\services\transmittalService.js:251:24)
    at async exports.generateTransmittal (C:\steel-project(2)\steel-project\steel-project\backend\src\controllers\transmittalController.js:89:24)
2026-10-01T05:01:47.162Z: Error: No completed extractions found for this transmittal.
    at _internalGenerateTransmittal (C:\steel-project(2)\steel-project\steel-project\backend\src\services\transmittalService.js:282:15)
    at process.processTicksAndRejections (node:internal/process/task_queues:104:5)
    at async generateTransmittal (C:\steel-project(2)\steel-project\steel-project\backend\src\services\transmittalService.js:251:24)
    at async exports.generateTransmittal (C:\steel-project(2)\steel-project\steel-project\backend\src\controllers\transmittalController.js:89:24)
2026-10-01T05:01:47.271Z: Error: No completed extractions found for this transmittal.
    at _internalGenerateTransmittal (C:\steel-project(2)\steel-project\steel-project\backend\src\services\transmittalService.js:282:15)
    at process.processTicksAndRejections (node:internal/process/task_queues:104:5)
    at async generateTransmittal (C:\steel-project(2)\steel-project\steel-project\backend\src\services\transmittalService.js:251:24)
    at async exports.generateTransmittal (C:\steel-project(2)\steel-project\steel-project\backend\src\controllers\transmittalController.js:89:24)
2026-10-01T05:01:47.372Z: Error: No completed extractions found for this transmittal.
    at _internalGenerateTransmittal (C:\steel-project(2)\steel-project\steel-project\backend\src\services\transmittalService.js:282:15)
    at process.processTicksAndRejections (node:internal/process/task_queues:104:5)
    at async generateTransmittal (C:\steel-project(2)\steel-project\steel-project\backend\src\services\transmittalService.js:251:24)
    at async exports.generateTransmittal (C:\steel-project(2)\steel-project\steel-project\backend\src\controllers\transmittalController.js:89:24)
2026-10-01T05:01:47.504Z: Error: No completed extractions found for this transmittal.
    at _internalGenerateTransmittal (C:\steel-project(2)\steel-project\steel-project\backend\src\services\transmittalService.js:282:15)
    at process.processTicksAndRejections (node:internal/process/task_queues:104:5)
    at async generateTransmittal (C:\steel-project(2)\steel-project\steel-project\backend\src\services\transmittalService.js:251:24)
    at async exports.generateTransmittal (C:\steel-project(2)\steel-project\steel-project\backend\src\controllers\transmittalController.js:89:24)
2026-10-01T05:01:47.607Z: Error: No completed extractions found for this transmittal.
    at _internalGenerateTransmittal (C:\steel-project(2)\steel-project\steel-project\backend\src\services\transmittalService.js:282:15)
    at process.processTicksAndRejections (node:internal/process/task_queues:104:5)
    at async generateTransmittal (C:\steel-project(2)\steel-project\steel-project\backend\src\services\transmittalService.js:251:24)
    at async exports.generateTransmittal (C:\steel-project(2)\steel-project\steel-project\backend\src\controllers\transmittalController.js:89:24)
2026-10-01T05:01:47.716Z: Error: No completed extractions found for this transmittal.
    at _internalGenerateTransmittal (C:\steel-project(2)\steel-project\steel-project\backend\src\services\transmittalService.js:282:15)
    at process.processTicksAndRejections (node:internal/process/task_queues:104:5)
    at async generateTransmittal (C:\steel-project(2)\steel-project\steel-project\backend\src\services\transmittalService.js:251:24)
    at async exports.generateTransmittal (C:\steel-project(2)\steel-project\steel-project\backend\src\controllers\transmittalController.js:89:24)
2026-10-01T05:01:47.852Z: Error: No completed extractions found for this transmittal.
    at _internalGenerateTransmittal (C:\steel-project(2)\steel-project\steel-project\backend\src\services\transmittalService.js:282:15)
    at process.processTicksAndRejections (node:internal/process/task_queues:104:5)
    at async generateTransmittal (C:\steel-project(2)\steel-project\steel-project\backend\src\services\transmittalService.js:251:24)
    at async exports.generateTransmittal (C:\steel-project(2)\steel-project\steel-project\backend\src\controllers\transmittalController.js:89:24)
2026-10-01T05:01:47.964Z: Error: No completed extractions found for this transmittal.
    at _internalGenerateTransmittal (C:\steel-project(2)\steel-project\steel-project\backend\src\services\transmittalService.js:282:15)
    at process.processTicksAndRejections (node:internal/process/task_queues:104:5)
    at async generateTransmittal (C:\steel-project(2)\steel-project\steel-project\backend\src\services\transmittalService.js:251:24)
    at async exports.generateTransmittal (C:\steel-project(2)\steel-project\steel-project\backend\src\controllers\transmittalController.js:89:24)
2026-10-01T05:01:48.297Z: Error: No completed extractions found for this transmittal.
    at _internalGenerateTransmittal (C:\steel-project(2)\steel-project\steel-project\backend\src\services\transmittalService.js:282:15)
    at process.processTicksAndRejections (node:internal/process/task_queues:104:5)
    at async generateTransmittal (C:\steel-project(2)\steel-project\steel-project\backend\src\services\transmittalService.js:251:24)
    at async exports.generateTransmittal (C:\steel-project(2)\steel-project\steel-project\backend\src\controllers\transmittalController.js:89:24)
2026-10-01T05:01:48.426Z: Error: No completed extractions found for this transmittal.
    at _internalGenerateTransmittal (C:\steel-project(2)\steel-project\steel-project\backend\src\services\transmittalService.js:282:15)
    at process.processTicksAndRejections (node:internal/process/task_queues:104:5)
    at async generateTransmittal (C:\steel-project(2)\steel-project\steel-project\backend\src\services\transmittalService.js:251:24)
    at async exports.generateTransmittal (C:\steel-project(2)\steel-project\steel-project\backend\src\controllers\transmittalController.js:89:24)
2026-10-01T05:01:48.534Z: Error: No completed extractions found for this transmittal.
    at _internalGenerateTransmittal (C:\steel-project(2)\steel-project\steel-project\backend\src\services\transmittalService.js:282:15)
    at process.processTicksAndRejections (node:internal/process/task_queues:104:5)
    at async generateTransmittal (C:\steel-project(2)\steel-project\steel-project\backend\src\services\transmittalService.js:251:24)
    at async exports.generateTransmittal (C:\steel-project(2)\steel-project\steel-project\backend\src\controllers\transmittalController.js:89:24)
2026-10-01T05:01:48.642Z: Error: No completed extractions found for this transmittal.
    at _internalGenerateTransmittal (C:\steel-project(2)\steel-project\steel-project\backend\src\services\transmittalService.js:282:15)
    at process.processTicksAndRejections (node:internal/process/task_queues:104:5)
    at async generateTransmittal (C:\steel-project(2)\steel-project\steel-project\backend\src\services\transmittalService.js:251:24)
    at async exports.generateTransmittal (C:\steel-project(2)\steel-project\steel-project\backend\src\controllers\transmittalController.js:89:24)
2026-10-01T05:01:48.743Z: Error: No completed extractions found for this transmittal.
    at _internalGenerateTransmittal (C:\steel-project(2)\steel-project\steel-project\backend\src\services\transmittalService.js:282:15)
    at process.processTicksAndRejections (node:internal/process/task_queues:104:5)
    at async generateTransmittal (C:\steel-project(2)\steel-project\steel-project\backend\src\services\transmittalService.js:251:24)
    at async exports.generateTransmittal (C:\steel-project(2)\steel-project\steel-project\backend\src\controllers\transmittalController.js:89:24)
2026-10-01T05:01:48.835Z: Error: No completed extractions found for this transmittal.
    at _internalGenerateTransmittal (C:\steel-project(2)\steel-project\steel-project\backend\src\services\transmittalService.js:282:15)
    at process.processTicksAndRejections (node:internal/process/task_queues:104:5)
    at async generateTransmittal (C:\steel-project(2)\steel-project\steel-project\backend\src\services\transmittalService.js:251:24)
    at async exports.generateTransmittal (C:\steel-project(2)\steel-project\steel-project\backend\src\controllers\transmittalController.js:89:24)
2026-10-01T05:01:48.927Z: Error: No completed extractions found for this transmittal.
    at _internalGenerateTransmittal (C:\steel-project(2)\steel-project\steel-project\backend\src\services\transmittalService.js:282:15)
    at process.processTicksAndRejections (node:internal/process/task_queues:104:5)
    at async generateTransmittal (C:\steel-project(2)\steel-project\steel-project\backend\src\services\transmittalService.js:251:24)
    at async exports.generateTransmittal (C:\steel-project(2)\steel-project\steel-project\backend\src\controllers\transmittalController.js:89:24)
2026-10-01T05:01:49.028Z: Error: No completed extractions found for this transmittal.
    at _internalGenerateTransmittal (C:\steel-project(2)\steel-project\steel-project\backend\src\services\transmittalService.js:282:15)
    at process.processTicksAndRejections (node:internal/process/task_queues:104:5)
    at async generateTransmittal (C:\steel-project(2)\steel-project\steel-project\backend\src\services\transmittalService.js:251:24)
    at async exports.generateTransmittal (C:\steel-project(2)\steel-project\steel-project\backend\src\controllers\transmittalController.js:89:24)
2026-10-01T05:01:49.136Z: Error: No completed extractions found for this transmittal.
    at _internalGenerateTransmittal (C:\steel-project(2)\steel-project\steel-project\backend\src\services\transmittalService.js:282:15)
    at process.processTicksAndRejections (node:internal/process/task_queues:104:5)
    at async generateTransmittal (C:\steel-project(2)\steel-project\steel-project\backend\src\services\transmittalService.js:251:24)
    at async exports.generateTransmittal (C:\steel-project(2)\steel-project\steel-project\backend\src\controllers\transmittalController.js:89:24)
2026-10-01T05:01:49.241Z: Error: No completed extractions found for this transmittal.
    at _internalGenerateTransmittal (C:\steel-project(2)\steel-project\steel-project\backend\src\services\transmittalService.js:282:15)
    at process.processTicksAndRejections (node:internal/process/task_queues:104:5)
    at async generateTransmittal (C:\steel-project(2)\steel-project\steel-project\backend\src\services\transmittalService.js:251:24)
    at async exports.generateTransmittal (C:\steel-project(2)\steel-project\steel-project\backend\src\controllers\transmittalController.js:89:24)
2026-10-01T05:01:49.344Z: Error: No completed extractions found for this transmittal.
    at _internalGenerateTransmittal (C:\steel-project(2)\steel-project\steel-project\backend\src\services\transmittalService.js:282:15)
    at process.processTicksAndRejections (node:internal/process/task_queues:104:5)
    at async generateTransmittal (C:\steel-project(2)\steel-project\steel-project\backend\src\services\transmittalService.js:251:24)
    at async exports.generateTransmittal (C:\steel-project(2)\steel-project\steel-project\backend\src\controllers\transmittalController.js:89:24)
2026-10-01T05:01:49.498Z: Error: No completed extractions found for this transmittal.
    at _internalGenerateTransmittal (C:\steel-project(2)\steel-project\steel-project\backend\src\services\transmittalService.js:282:15)
    at process.processTicksAndRejections (node:internal/process/task_queues:104:5)
    at async generateTransmittal (C:\steel-project(2)\steel-project\steel-project\backend\src\services\transmittalService.js:251:24)
    at async exports.generateTransmittal (C:\steel-project(2)\steel-project\steel-project\backend\src\controllers\transmittalController.js:89:24)
2026-10-01T05:01:49.648Z: Error: No completed extractions found for this transmittal.
    at _internalGenerateTransmittal (C:\steel-project(2)\steel-project\steel-project\backend\src\services\transmittalService.js:282:15)
    at process.processTicksAndRejections (node:internal/process/task_queues:104:5)
    at async generateTransmittal (C:\steel-project(2)\steel-project\steel-project\backend\src\services\transmittalService.js:251:24)
    at async exports.generateTransmittal (C:\steel-project(2)\steel-project\steel-project\backend\src\controllers\transmittalController.js:89:24)
2026-10-01T05:01:49.817Z: Error: No completed extractions found for this transmittal.
    at _internalGenerateTransmittal (C:\steel-project(2)\steel-project\steel-project\backend\src\services\transmittalService.js:282:15)
    at process.processTicksAndRejections (node:internal/process/task_queues:104:5)
    at async generateTransmittal (C:\steel-project(2)\steel-project\steel-project\backend\src\services\transmittalService.js:251:24)
    at async exports.generateTransmittal (C:\steel-project(2)\steel-project\steel-project\backend\src\controllers\transmittalController.js:89:24)
2026-10-01T05:01:49.995Z: Error: No completed extractions found for this transmittal.
    at _internalGenerateTransmittal (C:\steel-project(2)\steel-project\steel-project\backend\src\services\transmittalService.js:282:15)
    at process.processTicksAndRejections (node:internal/process/task_queues:104:5)
    at async generateTransmittal (C:\steel-project(2)\steel-project\steel-project\backend\src\services\transmittalService.js:251:24)
    at async exports.generateTransmittal (C:\steel-project(2)\steel-project\steel-project\backend\src\controllers\transmittalController.js:89:24)
2026-10-01T05:01:50.113Z: Error: No completed extractions found for this transmittal.
    at _internalGenerateTransmittal (C:\steel-project(2)\steel-project\steel-project\backend\src\services\transmittalService.js:282:15)
    at process.processTicksAndRejections (node:internal/process/task_queues:104:5)
    at async generateTransmittal (C:\steel-project(2)\steel-project\steel-project\backend\src\services\transmittalService.js:251:24)
    at async exports.generateTransmittal (C:\steel-project(2)\steel-project\steel-project\backend\src\controllers\transmittalController.js:89:24)
2026-10-01T05:01:50.307Z: Error: No completed extractions found for this transmittal.
    at _internalGenerateTransmittal (C:\steel-project(2)\steel-project\steel-project\backend\src\services\transmittalService.js:282:15)
    at process.processTicksAndRejections (node:internal/process/task_queues:104:5)
    at async generateTransmittal (C:\steel-project(2)\steel-project\steel-project\backend\src\services\transmittalService.js:251:24)
    at async exports.generateTransmittal (C:\steel-project(2)\steel-project\steel-project\backend\src\controllers\transmittalController.js:89:24)
2026-10-01T05:01:50.470Z: Error: No completed extractions found for this transmittal.
    at _internalGenerateTransmittal (C:\steel-project(2)\steel-project\steel-project\backend\src\services\transmittalService.js:282:15)
    at process.processTicksAndRejections (node:internal/process/task_queues:104:5)
    at async generateTransmittal (C:\steel-project(2)\steel-project\steel-project\backend\src\services\transmittalService.js:251:24)
    at async exports.generateTransmittal (C:\steel-project(2)\steel-project\steel-project\backend\src\controllers\transmittalController.js:89:24)
2026-10-01T05:01:50.825Z: Error: No completed extractions found for this transmittal.
    at _internalGenerateTransmittal (C:\steel-project(2)\steel-project\steel-project\backend\src\services\transmittalService.js:282:15)
    at process.processTicksAndRejections (node:internal/process/task_queues:104:5)
    at async generateTransmittal (C:\steel-project(2)\steel-project\steel-project\backend\src\services\transmittalService.js:251:24)
    at async exports.generateTransmittal (C:\steel-project(2)\steel-project\steel-project\backend\src\controllers\transmittalController.js:89:24)
2026-10-01T05:01:51.134Z: Error: No completed extractions found for this transmittal.
    at _internalGenerateTransmittal (C:\steel-project(2)\steel-project\steel-project\backend\src\services\transmittalService.js:282:15)
    at process.processTicksAndRejections (node:internal/process/task_queues:104:5)
    at async generateTransmittal (C:\steel-project(2)\steel-project\steel-project\backend\src\services\transmittalService.js:251:24)
    at async exports.generateTransmittal (C:\steel-project(2)\steel-project\steel-project\backend\src\controllers\transmittalController.js:89:24)
2026-10-01T05:01:51.260Z: Error: No completed extractions found for this transmittal.
    at _internalGenerateTransmittal (C:\steel-project(2)\steel-project\steel-project\backend\src\services\transmittalService.js:282:15)
    at process.processTicksAndRejections (node:internal/process/task_queues:104:5)
    at async generateTransmittal (C:\steel-project(2)\steel-project\steel-project\backend\src\services\transmittalService.js:251:24)
    at async exports.generateTransmittal (C:\steel-project(2)\steel-project\steel-project\backend\src\controllers\transmittalController.js:89:24)
2026-10-01T05:01:51.378Z: Error: No completed extractions found for this transmittal.
    at _internalGenerateTransmittal (C:\steel-project(2)\steel-project\steel-project\backend\src\services\transmittalService.js:282:15)
    at process.processTicksAndRejections (node:internal/process/task_queues:104:5)
    at async generateTransmittal (C:\steel-project(2)\steel-project\steel-project\backend\src\services\transmittalService.js:251:24)
    at async exports.generateTransmittal (C:\steel-project(2)\steel-project\steel-project\backend\src\controllers\transmittalController.js:89:24)
2026-10-01T05:01:51.560Z: Error: No completed extractions found for this transmittal.
    at _internalGenerateTransmittal (C:\steel-project(2)\steel-project\steel-project\backend\src\services\transmittalService.js:282:15)
    at process.processTicksAndRejections (node:internal/process/task_queues:104:5)
    at async generateTransmittal (C:\steel-project(2)\steel-project\steel-project\backend\src\services\transmittalService.js:251:24)
    at async exports.generateTransmittal (C:\steel-project(2)\steel-project\steel-project\backend\src\controllers\transmittalController.js:89:24)
2026-10-01T05:01:51.715Z: Error: No completed extractions found for this transmittal.
    at _internalGenerateTransmittal (C:\steel-project(2)\steel-project\steel-project\backend\src\services\transmittalService.js:282:15)
    at process.processTicksAndRejections (node:internal/process/task_queues:104:5)
    at async generateTransmittal (C:\steel-project(2)\steel-project\steel-project\backend\src\services\transmittalService.js:251:24)
    at async exports.generateTransmittal (C:\steel-project(2)\steel-project\steel-project\backend\src\controllers\transmittalController.js:89:24)
2026-10-01T05:01:51.882Z: Error: No completed extractions found for this transmittal.
    at _internalGenerateTransmittal (C:\steel-project(2)\steel-project\steel-project\backend\src\services\transmittalService.js:282:15)
    at process.processTicksAndRejections (node:internal/process/task_queues:104:5)
    at async generateTransmittal (C:\steel-project(2)\steel-project\steel-project\backend\src\services\transmittalService.js:251:24)
    at async exports.generateTransmittal (C:\steel-project(2)\steel-project\steel-project\backend\src\controllers\transmittalController.js:89:24)
2026-10-01T05:01:52.128Z: Error: No completed extractions found for this transmittal.
    at _internalGenerateTransmittal (C:\steel-project(2)\steel-project\steel-project\backend\src\services\transmittalService.js:282:15)
    at process.processTicksAndRejections (node:internal/process/task_queues:104:5)
    at async generateTransmittal (C:\steel-project(2)\steel-project\steel-project\backend\src\services\transmittalService.js:251:24)
    at async exports.generateTransmittal (C:\steel-project(2)\steel-project\steel-project\backend\src\controllers\transmittalController.js:89:24)
2026-10-01T05:01:52.279Z: Error: No completed extractions found for this transmittal.
    at _internalGenerateTransmittal (C:\steel-project(2)\steel-project\steel-project\backend\src\services\transmittalService.js:282:15)
    at process.processTicksAndRejections (node:internal/process/task_queues:104:5)
    at async generateTransmittal (C:\steel-project(2)\steel-project\steel-project\backend\src\services\transmittalService.js:251:24)
    at async exports.generateTransmittal (C:\steel-project(2)\steel-project\steel-project\backend\src\controllers\transmittalController.js:89:24)
2026-10-01T05:01:52.466Z: Error: No completed extractions found for this transmittal.
    at _internalGenerateTransmittal (C:\steel-project(2)\steel-project\steel-project\backend\src\services\transmittalService.js:282:15)
    at process.processTicksAndRejections (node:internal/process/task_queues:104:5)
    at async generateTransmittal (C:\steel-project(2)\steel-project\steel-project\backend\src\services\transmittalService.js:251:24)
    at async exports.generateTransmittal (C:\steel-project(2)\steel-project\steel-project\backend\src\controllers\transmittalController.js:89:24)
2026-10-01T05:01:52.752Z: Error: No completed extractions found for this transmittal.
    at _internalGenerateTransmittal (C:\steel-project(2)\steel-project\steel-project\backend\src\services\transmittalService.js:282:15)
    at process.processTicksAndRejections (node:internal/process/task_queues:104:5)
    at async generateTransmittal (C:\steel-project(2)\steel-project\steel-project\backend\src\services\transmittalService.js:251:24)
    at async exports.generateTransmittal (C:\steel-project(2)\steel-project\steel-project\backend\src\controllers\transmittalController.js:89:24)
2026-10-01T05:01:52.927Z: Error: No completed extractions found for this transmittal.
    at _internalGenerateTransmittal (C:\steel-project(2)\steel-project\steel-project\backend\src\services\transmittalService.js:282:15)
    at process.processTicksAndRejections (node:internal/process/task_queues:104:5)
    at async generateTransmittal (C:\steel-project(2)\steel-project\steel-project\backend\src\services\transmittalService.js:251:24)
    at async exports.generateTransmittal (C:\steel-project(2)\steel-project\steel-project\backend\src\controllers\transmittalController.js:89:24)
2026-10-01T05:01:53.060Z: Error: No completed extractions found for this transmittal.
    at _internalGenerateTransmittal (C:\steel-project(2)\steel-project\steel-project\backend\src\services\transmittalService.js:282:15)
    at process.processTicksAndRejections (node:internal/process/task_queues:104:5)
    at async generateTransmittal (C:\steel-project(2)\steel-project\steel-project\backend\src\services\transmittalService.js:251:24)
    at async exports.generateTransmittal (C:\steel-project(2)\steel-project\steel-project\backend\src\controllers\transmittalController.js:89:24)
2026-10-01T05:01:53.209Z: Error: No completed extractions found for this transmittal.
    at _internalGenerateTransmittal (C:\steel-project(2)\steel-project\steel-project\backend\src\services\transmittalService.js:282:15)
    at process.processTicksAndRejections (node:internal/process/task_queues:104:5)
    at async generateTransmittal (C:\steel-project(2)\steel-project\steel-project\backend\src\services\transmittalService.js:251:24)
    at async exports.generateTransmittal (C:\steel-project(2)\steel-project\steel-project\backend\src\controllers\transmittalController.js:89:24)
2026-10-01T05:01:53.411Z: Error: No completed extractions found for this transmittal.
    at _internalGenerateTransmittal (C:\steel-project(2)\steel-project\steel-project\backend\src\services\transmittalService.js:282:15)
    at process.processTicksAndRejections (node:internal/process/task_queues:104:5)
    at async generateTransmittal (C:\steel-project(2)\steel-project\steel-project\backend\src\services\transmittalService.js:251:24)
    at async exports.generateTransmittal (C:\steel-project(2)\steel-project\steel-project\backend\src\controllers\transmittalController.js:89:24)
2026-10-01T05:01:53.547Z: Error: No completed extractions found for this transmittal.
    at _internalGenerateTransmittal (C:\steel-project(2)\steel-project\steel-project\backend\src\services\transmittalService.js:282:15)
    at process.processTicksAndRejections (node:internal/process/task_queues:104:5)
    at async generateTransmittal (C:\steel-project(2)\steel-project\steel-project\backend\src\services\transmittalService.js:251:24)
    at async exports.generateTransmittal (C:\steel-project(2)\steel-project\steel-project\backend\src\controllers\transmittalController.js:89:24)
2026-10-01T05:01:53.769Z: Error: No completed extractions found for this transmittal.
    at _internalGenerateTransmittal (C:\steel-project(2)\steel-project\steel-project\backend\src\services\transmittalService.js:282:15)
    at process.processTicksAndRejections (node:internal/process/task_queues:104:5)
    at async generateTransmittal (C:\steel-project(2)\steel-project\steel-project\backend\src\services\transmittalService.js:251:24)
    at async exports.generateTransmittal (C:\steel-project(2)\steel-project\steel-project\backend\src\controllers\transmittalController.js:89:24)
2026-10-01T05:01:53.886Z: Error: No completed extractions found for this transmittal.
    at _internalGenerateTransmittal (C:\steel-project(2)\steel-project\steel-project\backend\src\services\transmittalService.js:282:15)
    at process.processTicksAndRejections (node:internal/process/task_queues:104:5)
    at async generateTransmittal (C:\steel-project(2)\steel-project\steel-project\backend\src\services\transmittalService.js:251:24)
    at async exports.generateTransmittal (C:\steel-project(2)\steel-project\steel-project\backend\src\controllers\transmittalController.js:89:24)
2026-10-01T05:01:54.173Z: Error: No completed extractions found for this transmittal.
    at _internalGenerateTransmittal (C:\steel-project(2)\steel-project\steel-project\backend\src\services\transmittalService.js:282:15)
    at process.processTicksAndRejections (node:internal/process/task_queues:104:5)
    at async generateTransmittal (C:\steel-project(2)\steel-project\steel-project\backend\src\services\transmittalService.js:251:24)
    at async exports.generateTransmittal (C:\steel-project(2)\steel-project\steel-project\backend\src\controllers\transmittalController.js:89:24)
2026-10-01T05:01:54.334Z: Error: No completed extractions found for this transmittal.
    at _internalGenerateTransmittal (C:\steel-project(2)\steel-project\steel-project\backend\src\services\transmittalService.js:282:15)
    at process.processTicksAndRejections (node:internal/process/task_queues:104:5)
    at async generateTransmittal (C:\steel-project(2)\steel-project\steel-project\backend\src\services\transmittalService.js:251:24)
    at async exports.generateTransmittal (C:\steel-project(2)\steel-project\steel-project\backend\src\controllers\transmittalController.js:89:24)
2026-10-01T05:01:54.648Z: Error: No completed extractions found for this transmittal.
    at _internalGenerateTransmittal (C:\steel-project(2)\steel-project\steel-project\backend\src\services\transmittalService.js:282:15)
    at process.processTicksAndRejections (node:internal/process/task_queues:104:5)
    at async generateTransmittal (C:\steel-project(2)\steel-project\steel-project\backend\src\services\transmittalService.js:251:24)
    at async exports.generateTransmittal (C:\steel-project(2)\steel-project\steel-project\backend\src\controllers\transmittalController.js:89:24)
2026-10-01T05:01:54.801Z: Error: No completed extractions found for this transmittal.
    at _internalGenerateTransmittal (C:\steel-project(2)\steel-project\steel-project\backend\src\services\transmittalService.js:282:15)
    at process.processTicksAndRejections (node:internal/process/task_queues:104:5)
    at async generateTransmittal (C:\steel-project(2)\steel-project\steel-project\backend\src\services\transmittalService.js:251:24)
    at async exports.generateTransmittal (C:\steel-project(2)\steel-project\steel-project\backend\src\controllers\transmittalController.js:89:24)
2026-10-01T05:01:54.986Z: Error: No completed extractions found for this transmittal.
    at _internalGenerateTransmittal (C:\steel-project(2)\steel-project\steel-project\backend\src\services\transmittalService.js:282:15)
    at process.processTicksAndRejections (node:internal/process/task_queues:104:5)
    at async generateTransmittal (C:\steel-project(2)\steel-project\steel-project\backend\src\services\transmittalService.js:251:24)
    at async exports.generateTransmittal (C:\steel-project(2)\steel-project\steel-project\backend\src\controllers\transmittalController.js:89:24)
2026-10-01T05:01:55.150Z: Error: No completed extractions found for this transmittal.
    at _internalGenerateTransmittal (C:\steel-project(2)\steel-project\steel-project\backend\src\services\transmittalService.js:282:15)
    at process.processTicksAndRejections (node:internal/process/task_queues:104:5)
    at async generateTransmittal (C:\steel-project(2)\steel-project\steel-project\backend\src\services\transmittalService.js:251:24)
    at async exports.generateTransmittal (C:\steel-project(2)\steel-project\steel-project\backend\src\controllers\transmittalController.js:89:24)
2026-10-01T05:01:55.279Z: Error: No completed extractions found for this transmittal.
    at _internalGenerateTransmittal (C:\steel-project(2)\steel-project\steel-project\backend\src\services\transmittalService.js:282:15)
    at process.processTicksAndRejections (node:internal/process/task_queues:104:5)
    at async generateTransmittal (C:\steel-project(2)\steel-project\steel-project\backend\src\services\transmittalService.js:251:24)
    at async exports.generateTransmittal (C:\steel-project(2)\steel-project\steel-project\backend\src\controllers\transmittalController.js:89:24)
2026-10-01T05:01:55.422Z: Error: No completed extractions found for this transmittal.
    at _internalGenerateTransmittal (C:\steel-project(2)\steel-project\steel-project\backend\src\services\transmittalService.js:282:15)
    at process.processTicksAndRejections (node:internal/process/task_queues:104:5)
    at async generateTransmittal (C:\steel-project(2)\steel-project\steel-project\backend\src\services\transmittalService.js:251:24)
    at async exports.generateTransmittal (C:\steel-project(2)\steel-project\steel-project\backend\src\controllers\transmittalController.js:89:24)
2026-10-01T05:01:55.668Z: Error: No completed extractions found for this transmittal.
    at _internalGenerateTransmittal (C:\steel-project(2)\steel-project\steel-project\backend\src\services\transmittalService.js:282:15)
    at process.processTicksAndRejections (node:internal/process/task_queues:104:5)
    at async generateTransmittal (C:\steel-project(2)\steel-project\steel-project\backend\src\services\transmittalService.js:251:24)
    at async exports.generateTransmittal (C:\steel-project(2)\steel-project\steel-project\backend\src\controllers\transmittalController.js:89:24)
2026-10-01T05:01:55.980Z: Error: No completed extractions found for this transmittal.
    at _internalGenerateTransmittal (C:\steel-project(2)\steel-project\steel-project\backend\src\services\transmittalService.js:282:15)
    at process.processTicksAndRejections (node:internal/process/task_queues:104:5)
    at async generateTransmittal (C:\steel-project(2)\steel-project\steel-project\backend\src\services\transmittalService.js:251:24)
    at async exports.generateTransmittal (C:\steel-project(2)\steel-project\steel-project\backend\src\controllers\transmittalController.js:89:24)
2026-10-01T05:01:56.197Z: Error: No completed extractions found for this transmittal.
    at _internalGenerateTransmittal (C:\steel-project(2)\steel-project\steel-project\backend\src\services\transmittalService.js:282:15)
    at process.processTicksAndRejections (node:internal/process/task_queues:104:5)
    at async generateTransmittal (C:\steel-project(2)\steel-project\steel-project\backend\src\services\transmittalService.js:251:24)
    at async exports.generateTransmittal (C:\steel-project(2)\steel-project\steel-project\backend\src\controllers\transmittalController.js:89:24)
2026-10-01T05:01:56.725Z: Error: No completed extractions found for this transmittal.
    at _internalGenerateTransmittal (C:\steel-project(2)\steel-project\steel-project\backend\src\services\transmittalService.js:282:15)
    at process.processTicksAndRejections (node:internal/process/task_queues:104:5)
    at async generateTransmittal (C:\steel-project(2)\steel-project\steel-project\backend\src\services\transmittalService.js:251:24)
    at async exports.generateTransmittal (C:\steel-project(2)\steel-project\steel-project\backend\src\controllers\transmittalController.js:89:24)
2026-10-01T05:01:56.950Z: Error: No completed extractions found for this transmittal.
    at _internalGenerateTransmittal (C:\steel-project(2)\steel-project\steel-project\backend\src\services\transmittalService.js:282:15)
    at process.processTicksAndRejections (node:internal/process/task_queues:104:5)
    at async generateTransmittal (C:\steel-project(2)\steel-project\steel-project\backend\src\services\transmittalService.js:251:24)
    at async exports.generateTransmittal (C:\steel-project(2)\steel-project\steel-project\backend\src\controllers\transmittalController.js:89:24)
2026-10-01T05:01:57.180Z: Error: No completed extractions found for this transmittal.
    at _internalGenerateTransmittal (C:\steel-project(2)\steel-project\steel-project\backend\src\services\transmittalService.js:282:15)
    at process.processTicksAndRejections (node:internal/process/task_queues:104:5)
    at async generateTransmittal (C:\steel-project(2)\steel-project\steel-project\backend\src\services\transmittalService.js:251:24)
    at async exports.generateTransmittal (C:\steel-project(2)\steel-project\steel-project\backend\src\controllers\transmittalController.js:89:24)
2026-10-01T05:01:57.419Z: Error: No completed extractions found for this transmittal.
    at _internalGenerateTransmittal (C:\steel-project(2)\steel-project\steel-project\backend\src\services\transmittalService.js:282:15)
    at process.processTicksAndRejections (node:internal/process/task_queues:104:5)
    at async generateTransmittal (C:\steel-project(2)\steel-project\steel-project\backend\src\services\transmittalService.js:251:24)
    at async exports.generateTransmittal (C:\steel-project(2)\steel-project\steel-project\backend\src\controllers\transmittalController.js:89:24)
2026-10-01T05:01:58.198Z: Error: No completed extractions found for this transmittal.
    at _internalGenerateTransmittal (C:\steel-project(2)\steel-project\steel-project\backend\src\services\transmittalService.js:282:15)
    at process.processTicksAndRejections (node:internal/process/task_queues:104:5)
    at async generateTransmittal (C:\steel-project(2)\steel-project\steel-project\backend\src\services\transmittalService.js:251:24)
    at async exports.generateTransmittal (C:\steel-project(2)\steel-project\steel-project\backend\src\controllers\transmittalController.js:89:24)
2026-10-01T05:01:58.499Z: Error: No completed extractions found for this transmittal.
    at _internalGenerateTransmittal (C:\steel-project(2)\steel-project\steel-project\backend\src\services\transmittalService.js:282:15)
    at process.processTicksAndRejections (node:internal/process/task_queues:104:5)
    at async generateTransmittal (C:\steel-project(2)\steel-project\steel-project\backend\src\services\transmittalService.js:251:24)
    at async exports.generateTransmittal (C:\steel-project(2)\steel-project\steel-project\backend\src\controllers\transmittalController.js:89:24)
2026-10-01T05:01:58.680Z: Error: No completed extractions found for this transmittal.
    at _internalGenerateTransmittal (C:\steel-project(2)\steel-project\steel-project\backend\src\services\transmittalService.js:282:15)
    at process.processTicksAndRejections (node:internal/process/task_queues:104:5)
    at async generateTransmittal (C:\steel-project(2)\steel-project\steel-project\backend\src\services\transmittalService.js:251:24)
    at async exports.generateTransmittal (C:\steel-project(2)\steel-project\steel-project\backend\src\controllers\transmittalController.js:89:24)
2026-10-01T05:01:58.820Z: Error: No completed extractions found for this transmittal.
    at _internalGenerateTransmittal (C:\steel-project(2)\steel-project\steel-project\backend\src\services\transmittalService.js:282:15)
    at process.processTicksAndRejections (node:internal/process/task_queues:104:5)
    at async generateTransmittal (C:\steel-project(2)\steel-project\steel-project\backend\src\services\transmittalService.js:251:24)
    at async exports.generateTransmittal (C:\steel-project(2)\steel-project\steel-project\backend\src\controllers\transmittalController.js:89:24)
2026-10-01T05:01:58.950Z: Error: No completed extractions found for this transmittal.
    at _internalGenerateTransmittal (C:\steel-project(2)\steel-project\steel-project\backend\src\services\transmittalService.js:282:15)
    at process.processTicksAndRejections (node:internal/process/task_queues:104:5)
    at async generateTransmittal (C:\steel-project(2)\steel-project\steel-project\backend\src\services\transmittalService.js:251:24)
    at async exports.generateTransmittal (C:\steel-project(2)\steel-project\steel-project\backend\src\controllers\transmittalController.js:89:24)
2026-10-01T05:01:59.099Z: Error: No completed extractions found for this transmittal.
    at _internalGenerateTransmittal (C:\steel-project(2)\steel-project\steel-project\backend\src\services\transmittalService.js:282:15)
    at process.processTicksAndRejections (node:internal/process/task_queues:104:5)
    at async generateTransmittal (C:\steel-project(2)\steel-project\steel-project\backend\src\services\transmittalService.js:251:24)
    at async exports.generateTransmittal (C:\steel-project(2)\steel-project\steel-project\backend\src\controllers\transmittalController.js:89:24)
2026-10-01T05:01:59.281Z: Error: No completed extractions found for this transmittal.
    at _internalGenerateTransmittal (C:\steel-project(2)\steel-project\steel-project\backend\src\services\transmittalService.js:282:15)
    at process.processTicksAndRejections (node:internal/process/task_queues:104:5)
    at async generateTransmittal (C:\steel-project(2)\steel-project\steel-project\backend\src\services\transmittalService.js:251:24)
    at async exports.generateTransmittal (C:\steel-project(2)\steel-project\steel-project\backend\src\controllers\transmittalController.js:89:24)
2026-10-01T05:01:59.456Z: Error: No completed extractions found for this transmittal.
    at _internalGenerateTransmittal (C:\steel-project(2)\steel-project\steel-project\backend\src\services\transmittalService.js:282:15)
    at process.processTicksAndRejections (node:internal/process/task_queues:104:5)
    at async generateTransmittal (C:\steel-project(2)\steel-project\steel-project\backend\src\services\transmittalService.js:251:24)
    at async exports.generateTransmittal (C:\steel-project(2)\steel-project\steel-project\backend\src\controllers\transmittalController.js:89:24)
2026-10-01T05:02:00.075Z: Error: No completed extractions found for this transmittal.
    at _internalGenerateTransmittal (C:\steel-project(2)\steel-project\steel-project\backend\src\services\transmittalService.js:282:15)
    at process.processTicksAndRejections (node:internal/process/task_queues:104:5)
    at async generateTransmittal (C:\steel-project(2)\steel-project\steel-project\backend\src\services\transmittalService.js:251:24)
    at async exports.generateTransmittal (C:\steel-project(2)\steel-project\steel-project\backend\src\controllers\transmittalController.js:89:24)
2026-10-01T05:02:00.400Z: Error: No completed extractions found for this transmittal.
    at _internalGenerateTransmittal (C:\steel-project(2)\steel-project\steel-project\backend\src\services\transmittalService.js:282:15)
    at process.processTicksAndRejections (node:internal/process/task_queues:104:5)
    at async generateTransmittal (C:\steel-project(2)\steel-project\steel-project\backend\src\services\transmittalService.js:251:24)
    at async exports.generateTransmittal (C:\steel-project(2)\steel-project\steel-project\backend\src\controllers\transmittalController.js:89:24)
2026-10-01T05:02:00.562Z: Error: No completed extractions found for this transmittal.
    at _internalGenerateTransmittal (C:\steel-project(2)\steel-project\steel-project\backend\src\services\transmittalService.js:282:15)
    at process.processTicksAndRejections (node:internal/process/task_queues:104:5)
    at async generateTransmittal (C:\steel-project(2)\steel-project\steel-project\backend\src\services\transmittalService.js:251:24)
    at async exports.generateTransmittal (C:\steel-project(2)\steel-project\steel-project\backend\src\controllers\transmittalController.js:89:24)
2026-10-01T05:02:00.702Z: Error: No completed extractions found for this transmittal.
    at _internalGenerateTransmittal (C:\steel-project(2)\steel-project\steel-project\backend\src\services\transmittalService.js:282:15)
    at process.processTicksAndRejections (node:internal/process/task_queues:104:5)
    at async generateTransmittal (C:\steel-project(2)\steel-project\steel-project\backend\src\services\transmittalService.js:251:24)
    at async exports.generateTransmittal (C:\steel-project(2)\steel-project\steel-project\backend\src\controllers\transmittalController.js:89:24)
2026-10-01T05:02:00.854Z: Error: No completed extractions found for this transmittal.
    at _internalGenerateTransmittal (C:\steel-project(2)\steel-project\steel-project\backend\src\services\transmittalService.js:282:15)
    at process.processTicksAndRejections (node:internal/process/task_queues:104:5)
    at async generateTransmittal (C:\steel-project(2)\steel-project\steel-project\backend\src\services\transmittalService.js:251:24)
    at async exports.generateTransmittal (C:\steel-project(2)\steel-project\steel-project\backend\src\controllers\transmittalController.js:89:24)
2026-10-01T05:02:00.972Z: Error: No completed extractions found for this transmittal.
    at _internalGenerateTransmittal (C:\steel-project(2)\steel-project\steel-project\backend\src\services\transmittalService.js:282:15)
    at process.processTicksAndRejections (node:internal/process/task_queues:104:5)
    at async generateTransmittal (C:\steel-project(2)\steel-project\steel-project\backend\src\services\transmittalService.js:251:24)
    at async exports.generateTransmittal (C:\steel-project(2)\steel-project\steel-project\backend\src\controllers\transmittalController.js:89:24)
2026-10-01T05:02:01.100Z: Error: No completed extractions found for this transmittal.
    at _internalGenerateTransmittal (C:\steel-project(2)\steel-project\steel-project\backend\src\services\transmittalService.js:282:15)
    at process.processTicksAndRejections (node:internal/process/task_queues:104:5)
    at async generateTransmittal (C:\steel-project(2)\steel-project\steel-project\backend\src\services\transmittalService.js:251:24)
    at async exports.generateTransmittal (C:\steel-project(2)\steel-project\steel-project\backend\src\controllers\transmittalController.js:89:24)
2026-10-01T05:02:01.492Z: Error: No completed extractions found for this transmittal.
    at _internalGenerateTransmittal (C:\steel-project(2)\steel-project\steel-project\backend\src\services\transmittalService.js:282:15)
    at process.processTicksAndRejections (node:internal/process/task_queues:104:5)
    at async generateTransmittal (C:\steel-project(2)\steel-project\steel-project\backend\src\services\transmittalService.js:251:24)
    at async exports.generateTransmittal (C:\steel-project(2)\steel-project\steel-project\backend\src\controllers\transmittalController.js:89:24)
2026-10-01T05:02:01.629Z: Error: No completed extractions found for this transmittal.
    at _internalGenerateTransmittal (C:\steel-project(2)\steel-project\steel-project\backend\src\services\transmittalService.js:282:15)
    at process.processTicksAndRejections (node:internal/process/task_queues:104:5)
    at async generateTransmittal (C:\steel-project(2)\steel-project\steel-project\backend\src\services\transmittalService.js:251:24)
    at async exports.generateTransmittal (C:\steel-project(2)\steel-project\steel-project\backend\src\controllers\transmittalController.js:89:24)
2026-10-01T05:02:02.065Z: Error: No completed extractions found for this transmittal.
    at _internalGenerateTransmittal (C:\steel-project(2)\steel-project\steel-project\backend\src\services\transmittalService.js:282:15)
    at process.processTicksAndRejections (node:internal/process/task_queues:104:5)
    at async generateTransmittal (C:\steel-project(2)\steel-project\steel-project\backend\src\services\transmittalService.js:251:24)
    at async exports.generateTransmittal (C:\steel-project(2)\steel-project\steel-project\backend\src\controllers\transmittalController.js:89:24)
2026-10-01T05:02:02.266Z: Error: No completed extractions found for this transmittal.
    at _internalGenerateTransmittal (C:\steel-project(2)\steel-project\steel-project\backend\src\services\transmittalService.js:282:15)
    at process.processTicksAndRejections (node:internal/process/task_queues:104:5)
    at async generateTransmittal (C:\steel-project(2)\steel-project\steel-project\backend\src\services\transmittalService.js:251:24)
    at async exports.generateTransmittal (C:\steel-project(2)\steel-project\steel-project\backend\src\controllers\transmittalController.js:89:24)
2026-10-01T05:02:02.390Z: Error: No completed extractions found for this transmittal.
    at _internalGenerateTransmittal (C:\steel-project(2)\steel-project\steel-project\backend\src\services\transmittalService.js:282:15)
    at process.processTicksAndRejections (node:internal/process/task_queues:104:5)
    at async generateTransmittal (C:\steel-project(2)\steel-project\steel-project\backend\src\services\transmittalService.js:251:24)
    at async exports.generateTransmittal (C:\steel-project(2)\steel-project\steel-project\backend\src\controllers\transmittalController.js:89:24)
2026-10-01T05:02:02.514Z: Error: No completed extractions found for this transmittal.
    at _internalGenerateTransmittal (C:\steel-project(2)\steel-project\steel-project\backend\src\services\transmittalService.js:282:15)
    at process.processTicksAndRejections (node:internal/process/task_queues:104:5)
    at async generateTransmittal (C:\steel-project(2)\steel-project\steel-project\backend\src\services\transmittalService.js:251:24)
    at async exports.generateTransmittal (C:\steel-project(2)\steel-project\steel-project\backend\src\controllers\transmittalController.js:89:24)
2026-10-01T05:02:02.700Z: Error: No completed extractions found for this transmittal.
    at _internalGenerateTransmittal (C:\steel-project(2)\steel-project\steel-project\backend\src\services\transmittalService.js:282:15)
    at process.processTicksAndRejections (node:internal/process/task_queues:104:5)
    at async generateTransmittal (C:\steel-project(2)\steel-project\steel-project\backend\src\services\transmittalService.js:251:24)
    at async exports.generateTransmittal (C:\steel-project(2)\steel-project\steel-project\backend\src\controllers\transmittalController.js:89:24)
2026-10-01T05:02:02.815Z: Error: No completed extractions found for this transmittal.
    at _internalGenerateTransmittal (C:\steel-project(2)\steel-project\steel-project\backend\src\services\transmittalService.js:282:15)
    at process.processTicksAndRejections (node:internal/process/task_queues:104:5)
    at async generateTransmittal (C:\steel-project(2)\steel-project\steel-project\backend\src\services\transmittalService.js:251:24)
    at async exports.generateTransmittal (C:\steel-project(2)\steel-project\steel-project\backend\src\controllers\transmittalController.js:89:24)
2026-10-01T05:02:03.014Z: Error: No completed extractions found for this transmittal.
    at _internalGenerateTransmittal (C:\steel-project(2)\steel-project\steel-project\backend\src\services\transmittalService.js:282:15)
    at process.processTicksAndRejections (node:internal/process/task_queues:104:5)
    at async generateTransmittal (C:\steel-project(2)\steel-project\steel-project\backend\src\services\transmittalService.js:251:24)
    at async exports.generateTransmittal (C:\steel-project(2)\steel-project\steel-project\backend\src\controllers\transmittalController.js:89:24)
2026-10-01T05:02:03.131Z: Error: No completed extractions found for this transmittal.
    at _internalGenerateTransmittal (C:\steel-project(2)\steel-project\steel-project\backend\src\services\transmittalService.js:282:15)
    at process.processTicksAndRejections (node:internal/process/task_queues:104:5)
    at async generateTransmittal (C:\steel-project(2)\steel-project\steel-project\backend\src\services\transmittalService.js:251:24)
    at async exports.generateTransmittal (C:\steel-project(2)\steel-project\steel-project\backend\src\controllers\transmittalController.js:89:24)
2026-10-01T05:02:03.252Z: Error: No completed extractions found for this transmittal.
    at _internalGenerateTransmittal (C:\steel-project(2)\steel-project\steel-project\backend\src\services\transmittalService.js:282:15)
    at process.processTicksAndRejections (node:internal/process/task_queues:104:5)
    at async generateTransmittal (C:\steel-project(2)\steel-project\steel-project\backend\src\services\transmittalService.js:251:24)
    at async exports.generateTransmittal (C:\steel-project(2)\steel-project\steel-project\backend\src\controllers\transmittalController.js:89:24)
2026-10-01T05:02:03.370Z: Error: No completed extractions found for this transmittal.
    at _internalGenerateTransmittal (C:\steel-project(2)\steel-project\steel-project\backend\src\services\transmittalService.js:282:15)
    at process.processTicksAndRejections (node:internal/process/task_queues:104:5)
    at async generateTransmittal (C:\steel-project(2)\steel-project\steel-project\backend\src\services\transmittalService.js:251:24)
    at async exports.generateTransmittal (C:\steel-project(2)\steel-project\steel-project\backend\src\controllers\transmittalController.js:89:24)
2026-10-01T05:02:03.491Z: Error: No completed extractions found for this transmittal.
    at _internalGenerateTransmittal (C:\steel-project(2)\steel-project\steel-project\backend\src\services\transmittalService.js:282:15)
    at process.processTicksAndRejections (node:internal/process/task_queues:104:5)
    at async generateTransmittal (C:\steel-project(2)\steel-project\steel-project\backend\src\services\transmittalService.js:251:24)
    at async exports.generateTransmittal (C:\steel-project(2)\steel-project\steel-project\backend\src\controllers\transmittalController.js:89:24)
2026-10-01T05:02:03.620Z: Error: No completed extractions found for this transmittal.
    at _internalGenerateTransmittal (C:\steel-project(2)\steel-project\steel-project\backend\src\services\transmittalService.js:282:15)
    at process.processTicksAndRejections (node:internal/process/task_queues:104:5)
    at async generateTransmittal (C:\steel-project(2)\steel-project\steel-project\backend\src\services\transmittalService.js:251:24)
    at async exports.generateTransmittal (C:\steel-project(2)\steel-project\steel-project\backend\src\controllers\transmittalController.js:89:24)
2026-10-01T05:02:03.743Z: Error: No completed extractions found for this transmittal.
    at _internalGenerateTransmittal (C:\steel-project(2)\steel-project\steel-project\backend\src\services\transmittalService.js:282:15)
    at process.processTicksAndRejections (node:internal/process/task_queues:104:5)
    at async generateTransmittal (C:\steel-project(2)\steel-project\steel-project\backend\src\services\transmittalService.js:251:24)
    at async exports.generateTransmittal (C:\steel-project(2)\steel-project\steel-project\backend\src\controllers\transmittalController.js:89:24)
2026-10-01T05:02:03.880Z: Error: No completed extractions found for this transmittal.
    at _internalGenerateTransmittal (C:\steel-project(2)\steel-project\steel-project\backend\src\services\transmittalService.js:282:15)
    at process.processTicksAndRejections (node:internal/process/task_queues:104:5)
    at async generateTransmittal (C:\steel-project(2)\steel-project\steel-project\backend\src\services\transmittalService.js:251:24)
    at async exports.generateTransmittal (C:\steel-project(2)\steel-project\steel-project\backend\src\controllers\transmittalController.js:89:24)
2026-10-01T05:02:04.051Z: Error: No completed extractions found for this transmittal.
    at _internalGenerateTransmittal (C:\steel-project(2)\steel-project\steel-project\backend\src\services\transmittalService.js:282:15)
    at process.processTicksAndRejections (node:internal/process/task_queues:104:5)
    at async generateTransmittal (C:\steel-project(2)\steel-project\steel-project\backend\src\services\transmittalService.js:251:24)
    at async exports.generateTransmittal (C:\steel-project(2)\steel-project\steel-project\backend\src\controllers\transmittalController.js:89:24)
2026-10-01T05:02:04.173Z: Error: No completed extractions found for this transmittal.
    at _internalGenerateTransmittal (C:\steel-project(2)\steel-project\steel-project\backend\src\services\transmittalService.js:282:15)
    at process.processTicksAndRejections (node:internal/process/task_queues:104:5)
    at async generateTransmittal (C:\steel-project(2)\steel-project\steel-project\backend\src\services\transmittalService.js:251:24)
    at async exports.generateTransmittal (C:\steel-project(2)\steel-project\steel-project\backend\src\controllers\transmittalController.js:89:24)
2026-10-01T05:02:04.335Z: Error: No completed extractions found for this transmittal.
    at _internalGenerateTransmittal (C:\steel-project(2)\steel-project\steel-project\backend\src\services\transmittalService.js:282:15)
    at process.processTicksAndRejections (node:internal/process/task_queues:104:5)
    at async generateTransmittal (C:\steel-project(2)\steel-project\steel-project\backend\src\services\transmittalService.js:251:24)
    at async exports.generateTransmittal (C:\steel-project(2)\steel-project\steel-project\backend\src\controllers\transmittalController.js:89:24)
2026-10-01T05:02:04.451Z: Error: No completed extractions found for this transmittal.
    at _internalGenerateTransmittal (C:\steel-project(2)\steel-project\steel-project\backend\src\services\transmittalService.js:282:15)
    at process.processTicksAndRejections (node:internal/process/task_queues:104:5)
    at async generateTransmittal (C:\steel-project(2)\steel-project\steel-project\backend\src\services\transmittalService.js:251:24)
    at async exports.generateTransmittal (C:\steel-project(2)\steel-project\steel-project\backend\src\controllers\transmittalController.js:89:24)
2026-10-01T05:02:04.555Z: Error: No completed extractions found for this transmittal.
    at _internalGenerateTransmittal (C:\steel-project(2)\steel-project\steel-project\backend\src\services\transmittalService.js:282:15)
    at process.processTicksAndRejections (node:internal/process/task_queues:104:5)
    at async generateTransmittal (C:\steel-project(2)\steel-project\steel-project\backend\src\services\transmittalService.js:251:24)
    at async exports.generateTransmittal (C:\steel-project(2)\steel-project\steel-project\backend\src\controllers\transmittalController.js:89:24)
2026-10-01T05:02:05.169Z: Error: No completed extractions found for this transmittal.
    at _internalGenerateTransmittal (C:\steel-project(2)\steel-project\steel-project\backend\src\services\transmittalService.js:282:15)
    at process.processTicksAndRejections (node:internal/process/task_queues:104:5)
    at async generateTransmittal (C:\steel-project(2)\steel-project\steel-project\backend\src\services\transmittalService.js:251:24)
    at async exports.generateTransmittal (C:\steel-project(2)\steel-project\steel-project\backend\src\controllers\transmittalController.js:89:24)
2026-10-01T05:02:05.306Z: Error: No completed extractions found for this transmittal.
    at _internalGenerateTransmittal (C:\steel-project(2)\steel-project\steel-project\backend\src\services\transmittalService.js:282:15)
    at process.processTicksAndRejections (node:internal/process/task_queues:104:5)
    at async generateTransmittal (C:\steel-project(2)\steel-project\steel-project\backend\src\services\transmittalService.js:251:24)
    at async exports.generateTransmittal (C:\steel-project(2)\steel-project\steel-project\backend\src\controllers\transmittalController.js:89:24)
2026-10-01T05:02:05.695Z: Error: No completed extractions found for this transmittal.
    at _internalGenerateTransmittal (C:\steel-project(2)\steel-project\steel-project\backend\src\services\transmittalService.js:282:15)
    at process.processTicksAndRejections (node:internal/process/task_queues:104:5)
    at async generateTransmittal (C:\steel-project(2)\steel-project\steel-project\backend\src\services\transmittalService.js:251:24)
    at async exports.generateTransmittal (C:\steel-project(2)\steel-project\steel-project\backend\src\controllers\transmittalController.js:89:24)
2026-10-01T05:02:05.823Z: Error: No completed extractions found for this transmittal.
    at _internalGenerateTransmittal (C:\steel-project(2)\steel-project\steel-project\backend\src\services\transmittalService.js:282:15)
    at process.processTicksAndRejections (node:internal/process/task_queues:104:5)
    at async generateTransmittal (C:\steel-project(2)\steel-project\steel-project\backend\src\services\transmittalService.js:251:24)
    at async exports.generateTransmittal (C:\steel-project(2)\steel-project\steel-project\backend\src\controllers\transmittalController.js:89:24)
2026-10-01T05:02:05.950Z: Error: No completed extractions found for this transmittal.
    at _internalGenerateTransmittal (C:\steel-project(2)\steel-project\steel-project\backend\src\services\transmittalService.js:282:15)
    at process.processTicksAndRejections (node:internal/process/task_queues:104:5)
    at async generateTransmittal (C:\steel-project(2)\steel-project\steel-project\backend\src\services\transmittalService.js:251:24)
    at async exports.generateTransmittal (C:\steel-project(2)\steel-project\steel-project\backend\src\controllers\transmittalController.js:89:24)
2026-10-01T05:02:06.081Z: Error: No completed extractions found for this transmittal.
    at _internalGenerateTransmittal (C:\steel-project(2)\steel-project\steel-project\backend\src\services\transmittalService.js:282:15)
    at process.processTicksAndRejections (node:internal/process/task_queues:104:5)
    at async generateTransmittal (C:\steel-project(2)\steel-project\steel-project\backend\src\services\transmittalService.js:251:24)
    at async exports.generateTransmittal (C:\steel-project(2)\steel-project\steel-project\backend\src\controllers\transmittalController.js:89:24)
2026-10-01T05:02:06.246Z: Error: No completed extractions found for this transmittal.
    at _internalGenerateTransmittal (C:\steel-project(2)\steel-project\steel-project\backend\src\services\transmittalService.js:282:15)
    at process.processTicksAndRejections (node:internal/process/task_queues:104:5)
    at async generateTransmittal (C:\steel-project(2)\steel-project\steel-project\backend\src\services\transmittalService.js:251:24)
    at async exports.generateTransmittal (C:\steel-project(2)\steel-project\steel-project\backend\src\controllers\transmittalController.js:89:24)
2026-10-01T05:02:06.479Z: Error: No completed extractions found for this transmittal.
    at _internalGenerateTransmittal (C:\steel-project(2)\steel-project\steel-project\backend\src\services\transmittalService.js:282:15)
    at process.processTicksAndRejections (node:internal/process/task_queues:104:5)
    at async generateTransmittal (C:\steel-project(2)\steel-project\steel-project\backend\src\services\transmittalService.js:251:24)
    at async exports.generateTransmittal (C:\steel-project(2)\steel-project\steel-project\backend\src\controllers\transmittalController.js:89:24)
2026-10-01T05:02:06.669Z: Error: No completed extractions found for this transmittal.
    at _internalGenerateTransmittal (C:\steel-project(2)\steel-project\steel-project\backend\src\services\transmittalService.js:282:15)
    at process.processTicksAndRejections (node:internal/process/task_queues:104:5)
    at async generateTransmittal (C:\steel-project(2)\steel-project\steel-project\backend\src\services\transmittalService.js:251:24)
    at async exports.generateTransmittal (C:\steel-project(2)\steel-project\steel-project\backend\src\controllers\transmittalController.js:89:24)
2026-10-01T05:02:06.794Z: Error: No completed extractions found for this transmittal.
    at _internalGenerateTransmittal (C:\steel-project(2)\steel-project\steel-project\backend\src\services\transmittalService.js:282:15)
    at process.processTicksAndRejections (node:internal/process/task_queues:104:5)
    at async generateTransmittal (C:\steel-project(2)\steel-project\steel-project\backend\src\services\transmittalService.js:251:24)
    at async exports.generateTransmittal (C:\steel-project(2)\steel-project\steel-project\backend\src\controllers\transmittalController.js:89:24)
2026-10-01T05:02:06.924Z: Error: No completed extractions found for this transmittal.
    at _internalGenerateTransmittal (C:\steel-project(2)\steel-project\steel-project\backend\src\services\transmittalService.js:282:15)
    at process.processTicksAndRejections (node:internal/process/task_queues:104:5)
    at async generateTransmittal (C:\steel-project(2)\steel-project\steel-project\backend\src\services\transmittalService.js:251:24)
    at async exports.generateTransmittal (C:\steel-project(2)\steel-project\steel-project\backend\src\controllers\transmittalController.js:89:24)
2026-10-01T05:02:07.203Z: Error: No completed extractions found for this transmittal.
    at _internalGenerateTransmittal (C:\steel-project(2)\steel-project\steel-project\backend\src\services\transmittalService.js:282:15)
    at process.processTicksAndRejections (node:internal/process/task_queues:104:5)
    at async generateTransmittal (C:\steel-project(2)\steel-project\steel-project\backend\src\services\transmittalService.js:251:24)
    at async exports.generateTransmittal (C:\steel-project(2)\steel-project\steel-project\backend\src\controllers\transmittalController.js:89:24)
2026-10-01T05:02:07.328Z: Error: No completed extractions found for this transmittal.
    at _internalGenerateTransmittal (C:\steel-project(2)\steel-project\steel-project\backend\src\services\transmittalService.js:282:15)
    at process.processTicksAndRejections (node:internal/process/task_queues:104:5)
    at async generateTransmittal (C:\steel-project(2)\steel-project\steel-project\backend\src\services\transmittalService.js:251:24)
    at async exports.generateTransmittal (C:\steel-project(2)\steel-project\steel-project\backend\src\controllers\transmittalController.js:89:24)
2026-10-01T05:02:07.460Z: Error: No completed extractions found for this transmittal.
    at _internalGenerateTransmittal (C:\steel-project(2)\steel-project\steel-project\backend\src\services\transmittalService.js:282:15)
    at process.processTicksAndRejections (node:internal/process/task_queues:104:5)
    at async generateTransmittal (C:\steel-project(2)\steel-project\steel-project\backend\src\services\transmittalService.js:251:24)
    at async exports.generateTransmittal (C:\steel-project(2)\steel-project\steel-project\backend\src\controllers\transmittalController.js:89:24)
2026-10-01T05:02:07.591Z: Error: No completed extractions found for this transmittal.
    at _internalGenerateTransmittal (C:\steel-project(2)\steel-project\steel-project\backend\src\services\transmittalService.js:282:15)
    at process.processTicksAndRejections (node:internal/process/task_queues:104:5)
    at async generateTransmittal (C:\steel-project(2)\steel-project\steel-project\backend\src\services\transmittalService.js:251:24)
    at async exports.generateTransmittal (C:\steel-project(2)\steel-project\steel-project\backend\src\controllers\transmittalController.js:89:24)
2026-10-01T05:02:07.742Z: Error: No completed extractions found for this transmittal.
    at _internalGenerateTransmittal (C:\steel-project(2)\steel-project\steel-project\backend\src\services\transmittalService.js:282:15)
    at process.processTicksAndRejections (node:internal/process/task_queues:104:5)
    at async generateTransmittal (C:\steel-project(2)\steel-project\steel-project\backend\src\services\transmittalService.js:251:24)
    at async exports.generateTransmittal (C:\steel-project(2)\steel-project\steel-project\backend\src\controllers\transmittalController.js:89:24)
2026-10-01T05:02:07.965Z: Error: No completed extractions found for this transmittal.
    at _internalGenerateTransmittal (C:\steel-project(2)\steel-project\steel-project\backend\src\services\transmittalService.js:282:15)
    at process.processTicksAndRejections (node:internal/process/task_queues:104:5)
    at async generateTransmittal (C:\steel-project(2)\steel-project\steel-project\backend\src\services\transmittalService.js:251:24)
    at async exports.generateTransmittal (C:\steel-project(2)\steel-project\steel-project\backend\src\controllers\transmittalController.js:89:24)
2026-10-01T05:02:08.250Z: Error: No completed extractions found for this transmittal.
    at _internalGenerateTransmittal (C:\steel-project(2)\steel-project\steel-project\backend\src\services\transmittalService.js:282:15)
    at process.processTicksAndRejections (node:internal/process/task_queues:104:5)
    at async generateTransmittal (C:\steel-project(2)\steel-project\steel-project\backend\src\services\transmittalService.js:251:24)
    at async exports.generateTransmittal (C:\steel-project(2)\steel-project\steel-project\backend\src\controllers\transmittalController.js:89:24)
2026-10-01T05:02:08.551Z: Error: No completed extractions found for this transmittal.
    at _internalGenerateTransmittal (C:\steel-project(2)\steel-project\steel-project\backend\src\services\transmittalService.js:282:15)
    at process.processTicksAndRejections (node:internal/process/task_queues:104:5)
    at async generateTransmittal (C:\steel-project(2)\steel-project\steel-project\backend\src\services\transmittalService.js:251:24)
    at async exports.generateTransmittal (C:\steel-project(2)\steel-project\steel-project\backend\src\controllers\transmittalController.js:89:24)
2026-10-01T05:02:08.887Z: Error: No completed extractions found for this transmittal.
    at _internalGenerateTransmittal (C:\steel-project(2)\steel-project\steel-project\backend\src\services\transmittalService.js:282:15)
    at process.processTicksAndRejections (node:internal/process/task_queues:104:5)
    at async generateTransmittal (C:\steel-project(2)\steel-project\steel-project\backend\src\services\transmittalService.js:251:24)
    at async exports.generateTransmittal (C:\steel-project(2)\steel-project\steel-project\backend\src\controllers\transmittalController.js:89:24)
2026-10-01T05:02:09.027Z: Error: No completed extractions found for this transmittal.
    at _internalGenerateTransmittal (C:\steel-project(2)\steel-project\steel-project\backend\src\services\transmittalService.js:282:15)
    at process.processTicksAndRejections (node:internal/process/task_queues:104:5)
    at async generateTransmittal (C:\steel-project(2)\steel-project\steel-project\backend\src\services\transmittalService.js:251:24)
    at async exports.generateTransmittal (C:\steel-project(2)\steel-project\steel-project\backend\src\controllers\transmittalController.js:89:24)
2026-10-01T05:02:09.424Z: Error: No completed extractions found for this transmittal.
    at _internalGenerateTransmittal (C:\steel-project(2)\steel-project\steel-project\backend\src\services\transmittalService.js:282:15)
    at process.processTicksAndRejections (node:internal/process/task_queues:104:5)
    at async generateTransmittal (C:\steel-project(2)\steel-project\steel-project\backend\src\services\transmittalService.js:251:24)
    at async exports.generateTransmittal (C:\steel-project(2)\steel-project\steel-project\backend\src\controllers\transmittalController.js:89:24)
2026-10-01T05:02:09.591Z: Error: No completed extractions found for this transmittal.
    at _internalGenerateTransmittal (C:\steel-project(2)\steel-project\steel-project\backend\src\services\transmittalService.js:282:15)
    at process.processTicksAndRejections (node:internal/process/task_queues:104:5)
    at async generateTransmittal (C:\steel-project(2)\steel-project\steel-project\backend\src\services\transmittalService.js:251:24)
    at async exports.generateTransmittal (C:\steel-project(2)\steel-project\steel-project\backend\src\controllers\transmittalController.js:89:24)
2026-10-01T05:02:09.752Z: Error: No completed extractions found for this transmittal.
    at _internalGenerateTransmittal (C:\steel-project(2)\steel-project\steel-project\backend\src\services\transmittalService.js:282:15)
    at process.processTicksAndRejections (node:internal/process/task_queues:104:5)
    at async generateTransmittal (C:\steel-project(2)\steel-project\steel-project\backend\src\services\transmittalService.js:251:24)
    at async exports.generateTransmittal (C:\steel-project(2)\steel-project\steel-project\backend\src\controllers\transmittalController.js:89:24)
2026-10-01T05:02:09.921Z: Error: No completed extractions found for this transmittal.
    at _internalGenerateTransmittal (C:\steel-project(2)\steel-project\steel-project\backend\src\services\transmittalService.js:282:15)
    at process.processTicksAndRejections (node:internal/process/task_queues:104:5)
    at async generateTransmittal (C:\steel-project(2)\steel-project\steel-project\backend\src\services\transmittalService.js:251:24)
    at async exports.generateTransmittal (C:\steel-project(2)\steel-project\steel-project\backend\src\controllers\transmittalController.js:89:24)
2026-10-01T05:02:10.059Z: Error: No completed extractions found for this transmittal.
    at _internalGenerateTransmittal (C:\steel-project(2)\steel-project\steel-project\backend\src\services\transmittalService.js:282:15)
    at process.processTicksAndRejections (node:internal/process/task_queues:104:5)
    at async generateTransmittal (C:\steel-project(2)\steel-project\steel-project\backend\src\services\transmittalService.js:251:24)
    at async exports.generateTransmittal (C:\steel-project(2)\steel-project\steel-project\backend\src\controllers\transmittalController.js:89:24)
2026-10-01T05:02:10.197Z: Error: No completed extractions found for this transmittal.
    at _internalGenerateTransmittal (C:\steel-project(2)\steel-project\steel-project\backend\src\services\transmittalService.js:282:15)
    at process.processTicksAndRejections (node:internal/process/task_queues:104:5)
    at async generateTransmittal (C:\steel-project(2)\steel-project\steel-project\backend\src\services\transmittalService.js:251:24)
    at async exports.generateTransmittal (C:\steel-project(2)\steel-project\steel-project\backend\src\controllers\transmittalController.js:89:24)
2026-10-01T05:02:10.645Z: Error: No completed extractions found for this transmittal.
    at _internalGenerateTransmittal (C:\steel-project(2)\steel-project\steel-project\backend\src\services\transmittalService.js:282:15)
    at process.processTicksAndRejections (node:internal/process/task_queues:104:5)
    at async generateTransmittal (C:\steel-project(2)\steel-project\steel-project\backend\src\services\transmittalService.js:251:24)
    at async exports.generateTransmittal (C:\steel-project(2)\steel-project\steel-project\backend\src\controllers\transmittalController.js:89:24)
2026-10-01T05:02:10.785Z: Error: No completed extractions found for this transmittal.
    at _internalGenerateTransmittal (C:\steel-project(2)\steel-project\steel-project\backend\src\services\transmittalService.js:282:15)
    at process.processTicksAndRejections (node:internal/process/task_queues:104:5)
    at async generateTransmittal (C:\steel-project(2)\steel-project\steel-project\backend\src\services\transmittalService.js:251:24)
    at async exports.generateTransmittal (C:\steel-project(2)\steel-project\steel-project\backend\src\controllers\transmittalController.js:89:24)
2026-10-01T05:02:10.929Z: Error: No completed extractions found for this transmittal.
    at _internalGenerateTransmittal (C:\steel-project(2)\steel-project\steel-project\backend\src\services\transmittalService.js:282:15)
    at process.processTicksAndRejections (node:internal/process/task_queues:104:5)
    at async generateTransmittal (C:\steel-project(2)\steel-project\steel-project\backend\src\services\transmittalService.js:251:24)
    at async exports.generateTransmittal (C:\steel-project(2)\steel-project\steel-project\backend\src\controllers\transmittalController.js:89:24)
2026-10-01T05:02:11.055Z: Error: No completed extractions found for this transmittal.
    at _internalGenerateTransmittal (C:\steel-project(2)\steel-project\steel-project\backend\src\services\transmittalService.js:282:15)
    at process.processTicksAndRejections (node:internal/process/task_queues:104:5)
    at async generateTransmittal (C:\steel-project(2)\steel-project\steel-project\backend\src\services\transmittalService.js:251:24)
    at async exports.generateTransmittal (C:\steel-project(2)\steel-project\steel-project\backend\src\controllers\transmittalController.js:89:24)
2026-10-01T05:02:11.192Z: Error: No completed extractions found for this transmittal.
    at _internalGenerateTransmittal (C:\steel-project(2)\steel-project\steel-project\backend\src\services\transmittalService.js:282:15)
    at process.processTicksAndRejections (node:internal/process/task_queues:104:5)
    at async generateTransmittal (C:\steel-project(2)\steel-project\steel-project\backend\src\services\transmittalService.js:251:24)
    at async exports.generateTransmittal (C:\steel-project(2)\steel-project\steel-project\backend\src\controllers\transmittalController.js:89:24)
2026-10-01T05:02:11.310Z: Error: No completed extractions found for this transmittal.
    at _internalGenerateTransmittal (C:\steel-project(2)\steel-project\steel-project\backend\src\services\transmittalService.js:282:15)
    at process.processTicksAndRejections (node:internal/process/task_queues:104:5)
    at async generateTransmittal (C:\steel-project(2)\steel-project\steel-project\backend\src\services\transmittalService.js:251:24)
    at async exports.generateTransmittal (C:\steel-project(2)\steel-project\steel-project\backend\src\controllers\transmittalController.js:89:24)
2026-10-01T05:02:11.438Z: Error: No completed extractions found for this transmittal.
    at _internalGenerateTransmittal (C:\steel-project(2)\steel-project\steel-project\backend\src\services\transmittalService.js:282:15)
    at process.processTicksAndRejections (node:internal/process/task_queues:104:5)
    at async generateTransmittal (C:\steel-project(2)\steel-project\steel-project\backend\src\services\transmittalService.js:251:24)
    at async exports.generateTransmittal (C:\steel-project(2)\steel-project\steel-project\backend\src\controllers\transmittalController.js:89:24)
2026-10-01T05:02:11.556Z: Error: No completed extractions found for this transmittal.
    at _internalGenerateTransmittal (C:\steel-project(2)\steel-project\steel-project\backend\src\services\transmittalService.js:282:15)
    at process.processTicksAndRejections (node:internal/process/task_queues:104:5)
    at async generateTransmittal (C:\steel-project(2)\steel-project\steel-project\backend\src\services\transmittalService.js:251:24)
    at async exports.generateTransmittal (C:\steel-project(2)\steel-project\steel-project\backend\src\controllers\transmittalController.js:89:24)
2026-10-01T05:02:11.681Z: Error: No completed extractions found for this transmittal.
    at _internalGenerateTransmittal (C:\steel-project(2)\steel-project\steel-project\backend\src\services\transmittalService.js:282:15)
    at process.processTicksAndRejections (node:internal/process/task_queues:104:5)
    at async generateTransmittal (C:\steel-project(2)\steel-project\steel-project\backend\src\services\transmittalService.js:251:24)
    at async exports.generateTransmittal (C:\steel-project(2)\steel-project\steel-project\backend\src\controllers\transmittalController.js:89:24)
2026-10-01T05:02:11.807Z: Error: No completed extractions found for this transmittal.
    at _internalGenerateTransmittal (C:\steel-project(2)\steel-project\steel-project\backend\src\services\transmittalService.js:282:15)
    at process.processTicksAndRejections (node:internal/process/task_queues:104:5)
    at async generateTransmittal (C:\steel-project(2)\steel-project\steel-project\backend\src\services\transmittalService.js:251:24)
    at async exports.generateTransmittal (C:\steel-project(2)\steel-project\steel-project\backend\src\controllers\transmittalController.js:89:24)
2026-10-01T05:02:11.919Z: Error: No completed extractions found for this transmittal.
    at _internalGenerateTransmittal (C:\steel-project(2)\steel-project\steel-project\backend\src\services\transmittalService.js:282:15)
    at process.processTicksAndRejections (node:internal/process/task_queues:104:5)
    at async generateTransmittal (C:\steel-project(2)\steel-project\steel-project\backend\src\services\transmittalService.js:251:24)
    at async exports.generateTransmittal (C:\steel-project(2)\steel-project\steel-project\backend\src\controllers\transmittalController.js:89:24)
2026-10-01T05:02:12.255Z: Error: No completed extractions found for this transmittal.
    at _internalGenerateTransmittal (C:\steel-project(2)\steel-project\steel-project\backend\src\services\transmittalService.js:282:15)
    at process.processTicksAndRejections (node:internal/process/task_queues:104:5)
    at async generateTransmittal (C:\steel-project(2)\steel-project\steel-project\backend\src\services\transmittalService.js:251:24)
    at async exports.generateTransmittal (C:\steel-project(2)\steel-project\steel-project\backend\src\controllers\transmittalController.js:89:24)
2026-10-01T05:02:12.370Z: Error: No completed extractions found for this transmittal.
    at _internalGenerateTransmittal (C:\steel-project(2)\steel-project\steel-project\backend\src\services\transmittalService.js:282:15)
    at process.processTicksAndRejections (node:internal/process/task_queues:104:5)
    at async generateTransmittal (C:\steel-project(2)\steel-project\steel-project\backend\src\services\transmittalService.js:251:24)
    at async exports.generateTransmittal (C:\steel-project(2)\steel-project\steel-project\backend\src\controllers\transmittalController.js:89:24)
2026-10-01T05:02:12.494Z: Error: No completed extractions found for this transmittal.
    at _internalGenerateTransmittal (C:\steel-project(2)\steel-project\steel-project\backend\src\services\transmittalService.js:282:15)
    at process.processTicksAndRejections (node:internal/process/task_queues:104:5)
    at async generateTransmittal (C:\steel-project(2)\steel-project\steel-project\backend\src\services\transmittalService.js:251:24)
    at async exports.generateTransmittal (C:\steel-project(2)\steel-project\steel-project\backend\src\controllers\transmittalController.js:89:24)
2026-10-01T05:02:12.671Z: Error: No completed extractions found for this transmittal.
    at _internalGenerateTransmittal (C:\steel-project(2)\steel-project\steel-project\backend\src\services\transmittalService.js:282:15)
    at process.processTicksAndRejections (node:internal/process/task_queues:104:5)
    at async generateTransmittal (C:\steel-project(2)\steel-project\steel-project\backend\src\services\transmittalService.js:251:24)
    at async exports.generateTransmittal (C:\steel-project(2)\steel-project\steel-project\backend\src\controllers\transmittalController.js:89:24)
2026-10-01T05:02:12.790Z: Error: No completed extractions found for this transmittal.
    at _internalGenerateTransmittal (C:\steel-project(2)\steel-project\steel-project\backend\src\services\transmittalService.js:282:15)
    at process.processTicksAndRejections (node:internal/process/task_queues:104:5)
    at async generateTransmittal (C:\steel-project(2)\steel-project\steel-project\backend\src\services\transmittalService.js:251:24)
    at async exports.generateTransmittal (C:\steel-project(2)\steel-project\steel-project\backend\src\controllers\transmittalController.js:89:24)
2026-10-01T05:02:12.937Z: Error: No completed extractions found for this transmittal.
    at _internalGenerateTransmittal (C:\steel-project(2)\steel-project\steel-project\backend\src\services\transmittalService.js:282:15)
    at process.processTicksAndRejections (node:internal/process/task_queues:104:5)
    at async generateTransmittal (C:\steel-project(2)\steel-project\steel-project\backend\src\services\transmittalService.js:251:24)
    at async exports.generateTransmittal (C:\steel-project(2)\steel-project\steel-project\backend\src\controllers\transmittalController.js:89:24)
2026-10-01T05:02:13.236Z: Error: No completed extractions found for this transmittal.
    at _internalGenerateTransmittal (C:\steel-project(2)\steel-project\steel-project\backend\src\services\transmittalService.js:282:15)
    at process.processTicksAndRejections (node:internal/process/task_queues:104:5)
    at async generateTransmittal (C:\steel-project(2)\steel-project\steel-project\backend\src\services\transmittalService.js:251:24)
    at async exports.generateTransmittal (C:\steel-project(2)\steel-project\steel-project\backend\src\controllers\transmittalController.js:89:24)
2026-10-01T05:02:13.383Z: Error: No completed extractions found for this transmittal.
    at _internalGenerateTransmittal (C:\steel-project(2)\steel-project\steel-project\backend\src\services\transmittalService.js:282:15)
    at process.processTicksAndRejections (node:internal/process/task_queues:104:5)
    at async generateTransmittal (C:\steel-project(2)\steel-project\steel-project\backend\src\services\transmittalService.js:251:24)
    at async exports.generateTransmittal (C:\steel-project(2)\steel-project\steel-project\backend\src\controllers\transmittalController.js:89:24)
2026-10-01T05:02:13.821Z: Error: No completed extractions found for this transmittal.
    at _internalGenerateTransmittal (C:\steel-project(2)\steel-project\steel-project\backend\src\services\transmittalService.js:282:15)
    at process.processTicksAndRejections (node:internal/process/task_queues:104:5)
    at async generateTransmittal (C:\steel-project(2)\steel-project\steel-project\backend\src\services\transmittalService.js:251:24)
    at async exports.generateTransmittal (C:\steel-project(2)\steel-project\steel-project\backend\src\controllers\transmittalController.js:89:24)
2026-10-01T05:02:14.022Z: Error: No completed extractions found for this transmittal.
    at _internalGenerateTransmittal (C:\steel-project(2)\steel-project\steel-project\backend\src\services\transmittalService.js:282:15)
    at process.processTicksAndRejections (node:internal/process/task_queues:104:5)
    at async generateTransmittal (C:\steel-project(2)\steel-project\steel-project\backend\src\services\transmittalService.js:251:24)
    at async exports.generateTransmittal (C:\steel-project(2)\steel-project\steel-project\backend\src\controllers\transmittalController.js:89:24)
2026-10-01T05:02:14.156Z: Error: No completed extractions found for this transmittal.
    at _internalGenerateTransmittal (C:\steel-project(2)\steel-project\steel-project\backend\src\services\transmittalService.js:282:15)
    at process.processTicksAndRejections (node:internal/process/task_queues:104:5)
    at async generateTransmittal (C:\steel-project(2)\steel-project\steel-project\backend\src\services\transmittalService.js:251:24)
    at async exports.generateTransmittal (C:\steel-project(2)\steel-project\steel-project\backend\src\controllers\transmittalController.js:89:24)
2026-10-01T05:02:14.300Z: Error: No completed extractions found for this transmittal.
    at _internalGenerateTransmittal (C:\steel-project(2)\steel-project\steel-project\backend\src\services\transmittalService.js:282:15)
    at process.processTicksAndRejections (node:internal/process/task_queues:104:5)
    at async generateTransmittal (C:\steel-project(2)\steel-project\steel-project\backend\src\services\transmittalService.js:251:24)
    at async exports.generateTransmittal (C:\steel-project(2)\steel-project\steel-project\backend\src\controllers\transmittalController.js:89:24)
2026-10-01T05:02:14.499Z: Error: No completed extractions found for this transmittal.
    at _internalGenerateTransmittal (C:\steel-project(2)\steel-project\steel-project\backend\src\services\transmittalService.js:282:15)
    at process.processTicksAndRejections (node:internal/process/task_queues:104:5)
    at async generateTransmittal (C:\steel-project(2)\steel-project\steel-project\backend\src\services\transmittalService.js:251:24)
    at async exports.generateTransmittal (C:\steel-project(2)\steel-project\steel-project\backend\src\controllers\transmittalController.js:89:24)
2026-10-01T05:02:14.880Z: Error: No completed extractions found for this transmittal.
    at _internalGenerateTransmittal (C:\steel-project(2)\steel-project\steel-project\backend\src\services\transmittalService.js:282:15)
    at process.processTicksAndRejections (node:internal/process/task_queues:104:5)
    at async generateTransmittal (C:\steel-project(2)\steel-project\steel-project\backend\src\services\transmittalService.js:251:24)
    at async exports.generateTransmittal (C:\steel-project(2)\steel-project\steel-project\backend\src\controllers\transmittalController.js:89:24)
2026-10-01T05:02:15.026Z: Error: No completed extractions found for this transmittal.
    at _internalGenerateTransmittal (C:\steel-project(2)\steel-project\steel-project\backend\src\services\transmittalService.js:282:15)
    at process.processTicksAndRejections (node:internal/process/task_queues:104:5)
    at async generateTransmittal (C:\steel-project(2)\steel-project\steel-project\backend\src\services\transmittalService.js:251:24)
    at async exports.generateTransmittal (C:\steel-project(2)\steel-project\steel-project\backend\src\controllers\transmittalController.js:89:24)
2026-10-01T05:02:15.188Z: Error: No completed extractions found for this transmittal.
    at _internalGenerateTransmittal (C:\steel-project(2)\steel-project\steel-project\backend\src\services\transmittalService.js:282:15)
    at process.processTicksAndRejections (node:internal/process/task_queues:104:5)
    at async generateTransmittal (C:\steel-project(2)\steel-project\steel-project\backend\src\services\transmittalService.js:251:24)
    at async exports.generateTransmittal (C:\steel-project(2)\steel-project\steel-project\backend\src\controllers\transmittalController.js:89:24)
2026-10-01T05:02:15.321Z: Error: No completed extractions found for this transmittal.
    at _internalGenerateTransmittal (C:\steel-project(2)\steel-project\steel-project\backend\src\services\transmittalService.js:282:15)
    at process.processTicksAndRejections (node:internal/process/task_queues:104:5)
    at async generateTransmittal (C:\steel-project(2)\steel-project\steel-project\backend\src\services\transmittalService.js:251:24)
    at async exports.generateTransmittal (C:\steel-project(2)\steel-project\steel-project\backend\src\controllers\transmittalController.js:89:24)
2026-10-01T05:02:15.680Z: Error: No completed extractions found for this transmittal.
    at _internalGenerateTransmittal (C:\steel-project(2)\steel-project\steel-project\backend\src\services\transmittalService.js:282:15)
    at process.processTicksAndRejections (node:internal/process/task_queues:104:5)
    at async generateTransmittal (C:\steel-project(2)\steel-project\steel-project\backend\src\services\transmittalService.js:251:24)
    at async exports.generateTransmittal (C:\steel-project(2)\steel-project\steel-project\backend\src\controllers\transmittalController.js:89:24)
2026-10-01T05:02:16.107Z: Error: No completed extractions found for this transmittal.
    at _internalGenerateTransmittal (C:\steel-project(2)\steel-project\steel-project\backend\src\services\transmittalService.js:282:15)
    at process.processTicksAndRejections (node:internal/process/task_queues:104:5)
    at async generateTransmittal (C:\steel-project(2)\steel-project\steel-project\backend\src\services\transmittalService.js:251:24)
    at async exports.generateTransmittal (C:\steel-project(2)\steel-project\steel-project\backend\src\controllers\transmittalController.js:89:24)
2026-10-01T05:02:16.212Z: Error: No completed extractions found for this transmittal.
    at _internalGenerateTransmittal (C:\steel-project(2)\steel-project\steel-project\backend\src\services\transmittalService.js:282:15)
    at process.processTicksAndRejections (node:internal/process/task_queues:104:5)
    at async generateTransmittal (C:\steel-project(2)\steel-project\steel-project\backend\src\services\transmittalService.js:251:24)
    at async exports.generateTransmittal (C:\steel-project(2)\steel-project\steel-project\backend\src\controllers\transmittalController.js:89:24)
2026-10-01T05:02:16.736Z: Error: No completed extractions found for this transmittal.
    at _internalGenerateTransmittal (C:\steel-project(2)\steel-project\steel-project\backend\src\services\transmittalService.js:282:15)
    at process.processTicksAndRejections (node:internal/process/task_queues:104:5)
    at async generateTransmittal (C:\steel-project(2)\steel-project\steel-project\backend\src\services\transmittalService.js:251:24)
    at async exports.generateTransmittal (C:\steel-project(2)\steel-project\steel-project\backend\src\controllers\transmittalController.js:89:24)
2026-10-01T05:02:16.846Z: Error: No completed extractions found for this transmittal.
    at _internalGenerateTransmittal (C:\steel-project(2)\steel-project\steel-project\backend\src\services\transmittalService.js:282:15)
    at process.processTicksAndRejections (node:internal/process/task_queues:104:5)
    at async generateTransmittal (C:\steel-project(2)\steel-project\steel-project\backend\src\services\transmittalService.js:251:24)
    at async exports.generateTransmittal (C:\steel-project(2)\steel-project\steel-project\backend\src\controllers\transmittalController.js:89:24)
